05-31 15:41:20.318  2381  2381 I ServiceManager: service 'media.sound_trigger_hw' died
05-31 15:41:20.318  2381  2381 I ServiceManager: service 'media.audio_policy' died
05-31 15:41:20.322  3002  3606 I ServiceManager: Waiting for service media.player...
05-31 15:41:20.339  2918  2934 E KernelUidCpuTimeReader: Failed to read uid_cputime: /proc/uid_cputime/show_uid_stat: open failed: ENOENT (No such file or directory)
05-31 15:41:21.322  3002  3606 I ServiceManager: Waiting for service media.player...
05-31 15:41:22.323  3002  3606 I ServiceManager: Waiting for service media.player...
05-31 15:41:23.323  3002  3606 I ServiceManager: Waiting for service media.player...
05-31 15:41:23.659  4837  4837 I chatty  : uid=1013(media) /system/bin/mediaserver expire 90 lines
05-31 15:41:23.863  4837  4840 I chatty  : uid=1013(media) /system/bin/mediaserver expire 1 line
05-31 15:41:23.949  4837  4843 I chatty  : uid=1013(media) /system/bin/mediaserver expire 2 lines
05-31 15:41:23.952  4837  4837 I chatty  : uid=1013(media) /system/bin/mediaserver expire 162 lines
05-31 15:41:23.985  4837  4840 I chatty  : uid=1013(media) /system/bin/mediaserver expire 1 line
05-31 15:41:24.029  4837  4844 I chatty  : uid=1013(media) /system/bin/mediaserver expire 2 lines
05-31 15:41:24.147  4837  4846 I chatty  : uid=1013(media) /system/bin/mediaserver expire 2 lines
05-31 15:41:24.192  4837  4850 I chatty  : uid=1013(media) /system/bin/mediaserver expire 3 lines
05-31 15:41:24.337  4837  4852 F libc    : Fatal signal 11 (SIGSEGV), code 1, fault addr 0x0 in tid 4852 (Binder_2)
05-31 15:41:24.389  2396  2396 F DEBUG   : *** *** *** *** *** *** *** *** *** *** *** *** *** *** *** ***
05-31 15:41:24.389  2396  2396 F DEBUG   : Build fingerprint: 'Huawei/aosp_alice/alice:6.0.1/MOB31T/haky8605311527:userdebug/test-keys'
05-31 15:41:24.389  2396  2396 F DEBUG   : Revision: '0'
05-31 15:41:24.389  2396  2396 F DEBUG   : ABI: 'arm'
05-31 15:41:24.389  2396  2396 F DEBUG   : pid: 4837, tid: 4852, name: Binder_2  >>> /system/bin/mediaserver <<<
05-31 15:41:24.389  2396  2396 F DEBUG   : signal 11 (SIGSEGV), code 1 (SEGV_MAPERR), fault addr 0x0
05-31 15:41:24.389  2918  3001 W NativeCrashListener: Couldn't find ProcessRecord for pid 4837
05-31 15:41:24.396  2396  2396 F DEBUG   :     r0 f46805c8  r1 f68c96c0  r2 00000000  r3 f7104498
05-31 15:41:24.396  2396  2396 E DEBUG   : AM write failed: Broken pipe
05-31 15:41:24.396  2396  2396 F DEBUG   :     r4 f4680614  r5 f46805c8  r6 f46805cc  r7 f468060c
05-31 15:41:24.396  2396  2396 F DEBUG   :     r8 000039ec  r9 f68de6a0  sl f710d604  fp f4680610
05-31 15:41:24.396  2396  2396 F DEBUG   :     ip 000012f4  sp f46805c0  lr f496c86d  pc 00000000  cpsr 400d0010
05-31 15:41:24.399  2396  2396 F DEBUG   : 
05-31 15:41:24.399  2396  2396 F DEBUG   : backtrace:
05-31 15:41:24.400  2396  2396 F DEBUG   :     #00 pc 00000000  <unknown>
05-31 15:41:24.400  2396  2396 F DEBUG   :     #01 pc 0000586b  /system/vendor/lib/libwvm.so (_ZN7android15IsWidevineMediaERKNS_2spINS_10DataSourceEEE+18)
05-31 15:41:24.400  2396  2396 F DEBUG   :     #02 pc 000ccaa9  /system/lib/libstagefright.so (_ZN7android8SniffWVMERKNS_2spINS_10DataSourceEEEPNS_7String8EPfPNS0_INS_8AMessageEEE+64)
05-31 15:41:24.400  2396  2396 F DEBUG   :     #03 pc 000889b3  /system/lib/libstagefright.so (_ZN7android10DataSource5sniffEPNS_7String8EPfPNS_2spINS_8AMessageEEE+150)
05-31 15:41:24.400  2396  2396 F DEBUG   :     #04 pc 000ae0b9  /system/lib/libstagefright.so (_ZN7android14MediaExtractor6CreateERKNS_2spINS_10DataSourceEEEPKc+32)
05-31 15:41:24.400  2396  2396 F DEBUG   :     #05 pc 000c39bb  /system/lib/libstagefright.so (_ZN7android28StagefrightMetadataRetriever13setDataSourceEixx+102)
05-31 15:41:24.400  2396  2396 F DEBUG   :     #06 pc 000485cf  /system/lib/libmediaplayerservice.so (_ZN7android23MetadataRetrieverClient13setDataSourceEixx+230)
05-31 15:41:24.400  2396  2396 F DEBUG   :     #07 pc 0008401f  /system/lib/libmedia.so (_ZN7android24BnMediaMetadataRetriever10onTransactEjRKNS_6ParcelEPS1_j+398)
05-31 15:41:24.400  2396  2396 F DEBUG   :     #08 pc 000199c9  /system/lib/libbinder.so (_ZN7android7BBinder8transactEjRKNS_6ParcelEPS1_j+60)
05-31 15:41:24.400  2396  2396 F DEBUG   :     #09 pc 0001ed5b  /system/lib/libbinder.so (_ZN7android14IPCThreadState14executeCommandEi+550)
05-31 15:41:24.400  2396  2396 F DEBUG   :     #10 pc 0001eec5  /system/lib/libbinder.so (_ZN7android14IPCThreadState20getAndExecuteCommandEv+64)
05-31 15:41:24.400  2396  2396 F DEBUG   :     #11 pc 0001ef29  /system/lib/libbinder.so (_ZN7android14IPCThreadState14joinThreadPoolEb+48)
05-31 15:41:24.400  2396  2396 F DEBUG   :     #12 pc 000239d5  /system/lib/libbinder.so
05-31 15:41:24.400  2396  2396 F DEBUG   :     #13 pc 00010075  /system/lib/libutils.so (_ZN7android6Thread11_threadLoopEPv+112)
05-31 15:41:24.400  2396  2396 F DEBUG   :     #14 pc 0003f8a7  /system/lib/libc.so (_ZL15__pthread_startPv+30)
05-31 15:41:24.400  2396  2396 F DEBUG   :     #15 pc 00019f73  /system/lib/libc.so (__start_thread+6)
05-31 15:41:24.503  2396  2396 F DEBUG   : 
05-31 15:41:24.503  2396  2396 F DEBUG   : Tombstone written to: /data/tombstones/tombstone_07
05-31 15:41:24.504  2918  2935 I BootReceiver: Copying /data/tombstones/tombstone_07 to DropBox (SYSTEM_TOMBSTONE)
05-31 15:41:24.516  2381  2381 I ServiceManager: service 'media.audio_flinger' died
05-31 15:41:24.516  2381  2381 I ServiceManager: service 'media.player' died
05-31 15:41:24.516  2381  2381 I ServiceManager: service 'media.resource_manager' died
05-31 15:41:24.516  3002  3013 W MediaMetadataRetriever: MediaMetadataRetriever server died!
05-31 15:41:24.516  2381  2381 I ServiceManager: service 'media.camera' died
05-31 15:41:24.516  2381  2381 I ServiceManager: service 'media.radio' died
05-31 15:41:24.516  2381  2381 I ServiceManager: service 'media.sound_trigger_hw' died
05-31 15:41:24.516  2381  2381 I ServiceManager: service 'media.audio_policy' died
05-31 15:41:24.533  3002  3606 I ServiceManager: Waiting for service media.player...
05-31 15:41:25.534  3002  3606 I ServiceManager: Waiting for service media.player...
05-31 15:41:26.535  3002  3606 I ServiceManager: Waiting for service media.player...
05-31 15:41:26.628  2918  2957 I ServiceManager: Waiting for service media.audio_policy...
05-31 15:41:27.535  3002  3606 I ServiceManager: Waiting for service media.player...
05-31 15:41:27.628  2918  2957 I ServiceManager: Waiting for service media.audio_policy...
05-31 15:41:28.536  3002  3606 I ServiceManager: Waiting for service media.player...
05-31 15:41:28.629  2918  2957 I ServiceManager: Waiting for service media.audio_policy...
05-31 15:41:28.857  4858  4858 I chatty  : uid=1013(media) /system/bin/mediaserver expire 82 lines
05-31 15:41:29.060  4858  4861 I chatty  : uid=1013(media) /system/bin/mediaserver expire 1 line
05-31 15:41:29.149  4858  4864 I chatty  : uid=1013(media) /system/bin/mediaserver expire 2 lines
05-31 15:41:29.152  4858  4858 I chatty  : uid=1013(media) /system/bin/mediaserver expire 170 lines
05-31 15:41:29.185  4858  4861 I chatty  : uid=1013(media) /system/bin/mediaserver expire 1 line
05-31 15:41:29.229  4858  4865 I chatty  : uid=1013(media) /system/bin/mediaserver expire 2 lines
05-31 15:41:29.347  4858  4867 I chatty  : uid=1013(media) /system/bin/mediaserver expire 2 lines
05-31 15:41:29.393  4858  4871 I chatty  : uid=1013(media) /system/bin/mediaserver expire 3 lines
05-31 15:41:29.536  3002  3606 W MediaMetadataRetriever: MediaPlayerService not published, waiting...
05-31 15:41:29.633  2918  2957 I PowerManagerService: Waking up from sleep (uid 1000)...
05-31 15:41:29.634  2918  2918 V KeyguardServiceDelegate: onStartedWakingUp()
05-31 15:41:29.638  2918  2932 E KernelUidCpuTimeReader: Failed to read uid_cputime: /proc/uid_cputime/show_uid_stat: open failed: ENOENT (No such file or directory)
05-31 15:41:29.639  2918  2939 I DisplayPowerController: Blocking screen on until initial contents have been drawn.
05-31 15:41:29.639  2918  2939 V KeyguardServiceDelegate: onScreenTurnedOn(showListener = com.android.server.policy.PhoneWindowManager$2@f8b13a8)
05-31 15:41:29.640  2918  2939 D Sensors : sensors_poll_context_t->activate(handle: 3, enabled: 1)
05-31 15:41:29.640  2918  2939 D Sensors : virtual int LightSensor::enable(int32_t, int): fd (132 ),flags(1), mEnabled(0),input_sys_path (/sys/class/sensors/als_sensor/enable)
05-31 15:41:29.642  2918  2939 D Sensors : sensors_poll_context_t->setDelay(handle: 3, ns: 250000000)
05-31 15:41:29.642  2918  2939 D Sensors : LightSensor: setDelay,fd (131 ),input_sys_path (/sys/class/sensors/als_sensor/set_delay)
05-31 15:41:29.643  2918  2937 I DisplayManagerService: Display device changed state: "Built-in Screen", ON
05-31 15:41:29.644  2382  2382 D SurfaceFlinger: Set power mode=2, type=0 flinger=0x7fb77c3c00
05-31 15:41:29.654  2918  2967 D WifiConfigStore: Retrieve network priorities after PNO.
05-31 15:41:29.655  2918  2967 E WifiStateMachine:  Fail to set up pno, want false now false
05-31 15:41:29.656  4858  4872 I chatty  : uid=1013(media) /system/bin/mediaserver expire 1 line
05-31 15:41:29.657  2918  2930 V KeyguardServiceDelegate: **** SHOWN CALLED ****
05-31 15:41:29.665  2382  2959 I [Gralloc]: alloc w[720] h[1280] format[1] usage[3842]
05-31 15:41:29.667  2382  2959 I [Gralloc]: alloc succ handle[0x7fb729e460] stride[720]
05-31 15:41:29.683  2382  2533 I [Gralloc]: alloc w[720] h[1280] format[1] usage[3842]
05-31 15:41:29.685  2382  2533 I [Gralloc]: alloc succ handle[0x7fb7304760] stride[720]
05-31 15:41:29.694  2918  2933 D Sensors : sensors_poll_context_t->activate(handle: 0, enabled: 1)
05-31 15:41:29.694  2918  2933 D Sensors : AccelerometerSensor:virtual int AccelerometerSensor::enable(int32_t, int): fd (173 ),en (1),flags(1), mEnabled(0),input_sys_path (/sys/class/sensors/acc_sensor/enable)
05-31 15:41:29.709  2918  2933 D Sensors : sensors_poll_context_t->setDelay(handle: 0, ns: 66667000)
05-31 15:41:29.709  2918  2933 D Sensors : AccelerometerSensor:set delay,input_sysfs_path (/sys/class/sensors/acc_sensor/set_delay)
05-31 15:41:29.709  2918  2933 D Sensors : AccelerometerSensor:virtual int AccelerometerSensor::setDelay(int32_t, int64_t): fd (173 ),input_sys_path (/sys/class/sensors/acc_sensor/set_delay)
05-31 15:41:29.715  2918  2939 I DisplayPowerController: Unblocked screen on after 77 ms
05-31 15:41:29.716  2918  2939 V KeyguardServiceDelegate: onScreenTurnedOn()
05-31 15:41:29.716  2918  2989 D         : file:device/hisi/common/liblights/lights.c, func:set_light_backlight, brightness=12
05-31 15:41:29.718  2918  2989 D         : file:device/hisi/common/liblights/lights.c, func:set_light_backlight, brightness=15
05-31 15:41:29.735  2918  2989 D         : file:device/hisi/common/liblights/lights.c, func:set_light_backlight, brightness=18
05-31 15:41:29.751  2918  2989 D         : file:device/hisi/common/liblights/lights.c, func:set_light_backlight, brightness=22
05-31 15:41:29.767  2918  2989 D         : file:device/hisi/common/liblights/lights.c, func:set_light_backlight, brightness=25
05-31 15:41:29.785  2918  2989 D         : file:device/hisi/common/liblights/lights.c, func:set_light_backlight, brightness=28
05-31 15:41:29.801  2918  2989 D         : file:device/hisi/common/liblights/lights.c, func:set_light_backlight, brightness=32
05-31 15:41:29.818  2918  2989 D         : file:device/hisi/common/liblights/lights.c, func:set_light_backlight, brightness=35
05-31 15:41:29.835  2918  2989 D         : file:device/hisi/common/liblights/lights.c, func:set_light_backlight, brightness=38
05-31 15:41:29.851  2918  2989 D         : file:device/hisi/common/liblights/lights.c, func:set_light_backlight, brightness=42
05-31 15:41:29.868  2918  2989 D         : file:device/hisi/common/liblights/lights.c, func:set_light_backlight, brightness=45
05-31 15:41:29.884  2918  2989 D         : file:device/hisi/common/liblights/lights.c, func:set_light_backlight, brightness=48
05-31 15:41:29.901  2918  2989 D         : file:device/hisi/common/liblights/lights.c, func:set_light_backlight, brightness=52
05-31 15:41:29.917  2918  2989 D         : file:device/hisi/common/liblights/lights.c, func:set_light_backlight, brightness=55
05-31 15:41:29.935  2918  2989 D         : file:device/hisi/common/liblights/lights.c, func:set_light_backlight, brightness=58
05-31 15:41:29.951  2918  2989 D         : file:device/hisi/common/liblights/lights.c, func:set_light_backlight, brightness=62
05-31 15:41:29.968  2918  2989 D         : file:device/hisi/common/liblights/lights.c, func:set_light_backlight, brightness=65
05-31 15:41:29.976  2918  2957 I PowerManagerService: Going to sleep due to power button (uid 1000)...
05-31 15:41:29.977  2918  2939 I PowerManagerService: Sleeping (uid 1000)...
05-31 15:41:29.988  2382  2533 I [Gralloc]: alloc w[720] h[1280] format[1] usage[3842]
05-31 15:41:29.992  2382  2533 I [Gralloc]: alloc succ handle[0x7fb7303880] stride[720]
05-31 15:41:30.003  2382  3298 I [Gralloc]: alloc w[720] h[1280] format[1] usage[819]
05-31 15:41:30.005  2382  3298 I [Gralloc]: alloc succ handle[0x7fb7303ea0] stride[720]
05-31 15:41:30.019  2382  3298 I [Gralloc]: alloc w[720] h[1280] format[1] usage[3842]
05-31 15:41:30.021  2382  3298 I [Gralloc]: alloc succ handle[0x7fb7305480] stride[720]
05-31 15:41:30.031  2382  3311 I [Gralloc]: alloc w[720] h[1280] format[1] usage[3842]
05-31 15:41:30.033  2382  3311 I [Gralloc]: alloc succ handle[0x7fb7304220] stride[720]
05-31 15:41:30.046  2382  3311 I [Gralloc]: alloc w[720] h[1280] format[1] usage[3842]
05-31 15:41:30.048  2382  3311 I [Gralloc]: alloc succ handle[0x7fb7304060] stride[720]
05-31 15:41:30.050  4858  4858 F libc    : Fatal signal 11 (SIGSEGV), code 1, fault addr 0x0 in tid 4858 (mediaserver)
05-31 15:41:30.059  2918  2989 D         : file:device/hisi/common/liblights/lights.c, func:set_light_backlight, brightness=77
05-31 15:41:30.101  2396  2396 F DEBUG   : *** *** *** *** *** *** *** *** *** *** *** *** *** *** *** ***
05-31 15:41:30.101  2396  2396 F DEBUG   : Build fingerprint: 'Huawei/aosp_alice/alice:6.0.1/MOB31T/haky8605311527:userdebug/test-keys'
05-31 15:41:30.101  2396  2396 F DEBUG   : Revision: '0'
05-31 15:41:30.101  2396  2396 F DEBUG   : ABI: 'arm'
05-31 15:41:30.102  2918  3001 W NativeCrashListener: Couldn't find ProcessRecord for pid 4858
05-31 15:41:30.102  2396  2396 F DEBUG   : pid: 4858, tid: 4858, name: mediaserver  >>> /system/bin/mediaserver <<<
05-31 15:41:30.102  2396  2396 E DEBUG   : AM write failed: Broken pipe
05-31 15:41:30.102  2396  2396 F DEBUG   : signal 11 (SIGSEGV), code 1 (SEGV_MAPERR), fault addr 0x0
05-31 15:41:30.110  2396  2396 F DEBUG   :     r0 fffef678  r1 f68c94c0  r2 00000000  r3 f7104498
05-31 15:41:30.110  2396  2396 F DEBUG   :     r4 fffef6c4  r5 fffef678  r6 fffef67c  r7 fffef6bc
05-31 15:41:30.110  2396  2396 F DEBUG   :     r8 000039ec  r9 f68de6d0  sl f710d604  fp fffef6c0
05-31 15:41:30.110  2396  2396 F DEBUG   :     ip 000012fa  sp fffef670  lr f49ad86d  pc 00000000  cpsr 400d0010
05-31 15:41:30.113  2396  2396 F DEBUG   : 
05-31 15:41:30.113  2396  2396 F DEBUG   : backtrace:
05-31 15:41:30.113  2396  2396 F DEBUG   :     #00 pc 00000000  <unknown>
05-31 15:41:30.113  2396  2396 F DEBUG   :     #01 pc 0000586b  /system/vendor/lib/libwvm.so (_ZN7android15IsWidevineMediaERKNS_2spINS_10DataSourceEEE+18)
05-31 15:41:30.113  2396  2396 F DEBUG   :     #02 pc 000ccaa9  /system/lib/libstagefright.so (_ZN7android8SniffWVMERKNS_2spINS_10DataSourceEEEPNS_7String8EPfPNS0_INS_8AMessageEEE+64)
05-31 15:41:30.113  2396  2396 F DEBUG   :     #03 pc 000889b3  /system/lib/libstagefright.so (_ZN7android10DataSource5sniffEPNS_7String8EPfPNS_2spINS_8AMessageEEE+150)
05-31 15:41:30.113  2396  2396 F DEBUG   :     #04 pc 000ae0b9  /system/lib/libstagefright.so (_ZN7android14MediaExtractor6CreateERKNS_2spINS_10DataSourceEEEPKc+32)
05-31 15:41:30.114  2396  2396 F DEBUG   :     #05 pc 000c39bb  /system/lib/libstagefright.so (_ZN7android28StagefrightMetadataRetriever13setDataSourceEixx+102)
05-31 15:41:30.114  2396  2396 F DEBUG   :     #06 pc 000485cf  /system/lib/libmediaplayerservice.so (_ZN7android23MetadataRetrieverClient13setDataSourceEixx+230)
05-31 15:41:30.114  2396  2396 F DEBUG   :     #07 pc 0008401f  /system/lib/libmedia.so (_ZN7android24BnMediaMetadataRetriever10onTransactEjRKNS_6ParcelEPS1_j+398)
05-31 15:41:30.114  2396  2396 F DEBUG   :     #08 pc 000199c9  /system/lib/libbinder.so (_ZN7android7BBinder8transactEjRKNS_6ParcelEPS1_j+60)
05-31 15:41:30.114  2396  2396 F DEBUG   :     #09 pc 0001ed5b  /system/lib/libbinder.so (_ZN7android14IPCThreadState14executeCommandEi+550)
05-31 15:41:30.114  2396  2396 F DEBUG   :     #10 pc 0001eec5  /system/lib/libbinder.so (_ZN7android14IPCThreadState20getAndExecuteCommandEv+64)
05-31 15:41:30.114  2396  2396 F DEBUG   :     #11 pc 0001ef29  /system/lib/libbinder.so (_ZN7android14IPCThreadState14joinThreadPoolEb+48)
05-31 15:41:30.114  2396  2396 F DEBUG   :     #12 pc 00001c15  /system/bin/mediaserver
05-31 15:41:30.114  2396  2396 F DEBUG   :     #13 pc 00017359  /system/lib/libc.so (__libc_init+44)
05-31 15:41:30.114  2396  2396 F DEBUG   :     #14 pc 00001e68  /system/bin/mediaserver
05-31 15:41:30.226  2396  2396 F DEBUG   : 
05-31 15:41:30.226  2396  2396 F DEBUG   : Tombstone written to: /data/tombstones/tombstone_08
05-31 15:41:30.226  2918  2935 I BootReceiver: Copying /data/tombstones/tombstone_08 to DropBox (SYSTEM_TOMBSTONE)
05-31 15:41:30.243  2381  2381 I ServiceManager: service 'media.audio_flinger' died
05-31 15:41:30.243  2918  3502 W AudioSystem: AudioFlinger server died!
05-31 15:41:30.244  2918  3372 W AudioSystem: AudioPolicyService server died!
05-31 15:41:30.244  3002  3013 W MediaMetadataRetriever: MediaMetadataRetriever server died!
05-31 15:41:30.244  2381  2381 I ServiceManager: service 'media.player' died
05-31 15:41:30.244  2381  2381 I ServiceManager: service 'media.resource_manager' died
05-31 15:41:30.244  2381  2381 I ServiceManager: service 'media.camera' died
05-31 15:41:30.244  2381  2381 I ServiceManager: service 'media.radio' died
05-31 15:41:30.244  2381  2381 I ServiceManager: service 'media.sound_trigger_hw' died
05-31 15:41:30.244  2381  2381 I ServiceManager: service 'media.audio_policy' died
05-31 15:41:30.248  3002  3606 I ServiceManager: Waiting for service media.player...
05-31 15:41:30.437  2918  2989 D         : file:device/hisi/common/liblights/lights.c, func:set_light_backlight, brightness=0
05-31 15:41:30.437  2918  2939 D Sensors : sensors_poll_context_t->activate(handle: 0, enabled: 0)
05-31 15:41:30.437  2918  2939 D Sensors : AccelerometerSensor:virtual int AccelerometerSensor::enable(int32_t, int): fd (184 ),en (0),flags(0), mEnabled(1),input_sys_path (/sys/class/sensors/acc_sensor/enable)
05-31 15:41:30.438  2918  2939 V KeyguardServiceDelegate: onScreenTurnedOff()
05-31 15:41:30.454  2918  2939 D Sensors : sensors_poll_context_t->activate(handle: 3, enabled: 0)
05-31 15:41:30.455  2918  2939 D Sensors : virtual int LightSensor::enable(int32_t, int): fd (131 ),flags(0), mEnabled(1),input_sys_path (/sys/class/sensors/als_sensor/enable)
05-31 15:41:30.456  2918  2937 I DisplayManagerService: Display device changed state: "Built-in Screen", OFF
05-31 15:41:30.467  2382  2382 D SurfaceFlinger: Set power mode=0, type=0 flinger=0x7fb77c3c00
05-31 15:41:30.469  2918  2918 I ServiceManager: Waiting for service media.audio_flinger...
05-31 15:41:30.470  2918  2967 D WifiConfigStore: Retrieve network priorities after PNO.
05-31 15:41:30.470  2918  2967 E WifiStateMachine:  Fail to set up pno, want false now false
05-31 15:41:30.472  3026  3026 D PhoneStatusBar: disable: < expand ICONS alerts SYSTEM_INFO back HOME RECENT clock SEARCH quick_settings >
05-31 15:41:31.119  2918  2957 I PowerManagerService: Waking up from sleep (uid 1000)...
05-31 15:41:31.120  2918  2939 I DisplayPowerController: Blocking screen on until initial contents have been drawn.
05-31 15:41:31.120  2918  2939 V KeyguardServiceDelegate: onScreenTurnedOn(showListener = com.android.server.policy.PhoneWindowManager$2@f8b13a8)
05-31 15:41:31.121  2918  2939 D Sensors : sensors_poll_context_t->activate(handle: 3, enabled: 1)
05-31 15:41:31.121  2918  2939 D Sensors : virtual int LightSensor::enable(int32_t, int): fd (131 ),flags(1), mEnabled(0),input_sys_path (/sys/class/sensors/als_sensor/enable)
05-31 15:41:31.122  2918  2939 D Sensors : sensors_poll_context_t->setDelay(handle: 3, ns: 250000000)
05-31 15:41:31.122  2918  2939 D Sensors : LightSensor: setDelay,fd (131 ),input_sys_path (/sys/class/sensors/als_sensor/set_delay)
05-31 15:41:31.123  2918  2937 I DisplayManagerService: Display device changed state: "Built-in Screen", ON
05-31 15:41:31.123  2918  3092 V KeyguardServiceDelegate: **** SHOWN CALLED ****
05-31 15:41:31.123  2382  2382 D SurfaceFlinger: Set power mode=2, type=0 flinger=0x7fb77c3c00
05-31 15:41:31.168  2918  2939 I DisplayPowerController: Unblocked screen on after 48 ms
05-31 15:41:31.170  2918  2939 V KeyguardServiceDelegate: onScreenTurnedOn()
05-31 15:41:31.170  2918  2989 D         : file:device/hisi/common/liblights/lights.c, func:set_light_backlight, brightness=9
05-31 15:41:31.185  2918  2989 D         : file:device/hisi/common/liblights/lights.c, func:set_light_backlight, brightness=12
05-31 15:41:31.201  2918  2989 D         : file:device/hisi/common/liblights/lights.c, func:set_light_backlight, brightness=16
05-31 15:41:31.218  2918  2989 D         : file:device/hisi/common/liblights/lights.c, func:set_light_backlight, brightness=19
05-31 15:41:31.235  2918  2989 D         : file:device/hisi/common/liblights/lights.c, func:set_light_backlight, brightness=22
05-31 15:41:31.248  3002  3606 I ServiceManager: Waiting for service media.player...
05-31 15:41:31.251  2918  2989 D         : file:device/hisi/common/liblights/lights.c, func:set_light_backlight, brightness=26
05-31 15:41:31.268  2918  2989 D         : file:device/hisi/common/liblights/lights.c, func:set_light_backlight, brightness=29
05-31 15:41:31.285  2918  2989 D         : file:device/hisi/common/liblights/lights.c, func:set_light_backlight, brightness=32
05-31 15:41:31.301  2918  2989 D         : file:device/hisi/common/liblights/lights.c, func:set_light_backlight, brightness=36
05-31 15:41:31.318  2918  2989 D         : file:device/hisi/common/liblights/lights.c, func:set_light_backlight, brightness=39
05-31 15:41:31.335  2918  2989 D         : file:device/hisi/common/liblights/lights.c, func:set_light_backlight, brightness=42
05-31 15:41:31.351  2918  2989 D         : file:device/hisi/common/liblights/lights.c, func:set_light_backlight, brightness=46
05-31 15:41:31.368  2918  2989 D         : file:device/hisi/common/liblights/lights.c, func:set_light_backlight, brightness=49
05-31 15:41:31.385  2918  2989 D         : file:device/hisi/common/liblights/lights.c, func:set_light_backlight, brightness=52
05-31 15:41:31.401  2918  2989 D         : file:device/hisi/common/liblights/lights.c, func:set_light_backlight, brightness=56
05-31 15:41:31.417  2918  2989 D         : file:device/hisi/common/liblights/lights.c, func:set_light_backlight, brightness=59
05-31 15:41:31.434  2918  2989 D         : file:device/hisi/common/liblights/lights.c, func:set_light_backlight, brightness=62
05-31 15:41:31.451  2918  2989 D         : file:device/hisi/common/liblights/lights.c, func:set_light_backlight, brightness=66
05-31 15:41:31.468  2918  2989 D         : file:device/hisi/common/liblights/lights.c, func:set_light_backlight, brightness=69
05-31 15:41:31.470  2918  2918 I ServiceManager: Waiting for service media.audio_flinger...
05-31 15:41:31.485  2918  2989 D         : file:device/hisi/common/liblights/lights.c, func:set_light_backlight, brightness=72
05-31 15:41:31.501  2918  2989 D         : file:device/hisi/common/liblights/lights.c, func:set_light_backlight, brightness=76
05-31 15:41:31.517  2918  2989 D         : file:device/hisi/common/liblights/lights.c, func:set_light_backlight, brightness=77
05-31 15:41:32.249  3002  3606 I ServiceManager: Waiting for service media.player...
05-31 15:41:32.470  2918  2918 I ServiceManager: Waiting for service media.audio_flinger...
05-31 15:41:32.984  2918  2933 W WindowManager: performLayoutAndPlaceSurfacesLocked called while in layout. Callers=com.android.server.wm.WindowManagerService.performLayoutAndPlaceSurfacesLocked:8937 com.android.server.wm.WindowManagerService.reevaluateStatusBarVisibility:11059 com.android.server.policy.PhoneWindowManager.clearClearableFlagsLw:6760 
05-31 15:41:33.250  3002  3606 I ServiceManager: Waiting for service media.player...
05-31 15:41:33.471  2918  2918 I ServiceManager: Waiting for service media.audio_flinger...
05-31 15:41:33.581  4879  4879 I chatty  : uid=1013(media) /system/bin/mediaserver expire 73 lines
05-31 15:41:33.789  4879  4882 I chatty  : uid=1013(media) /system/bin/mediaserver expire 1 line
05-31 15:41:33.880  4879  4885 I chatty  : uid=1013(media) /system/bin/mediaserver expire 2 lines
05-31 15:41:33.883  4879  4879 I chatty  : uid=1013(media) /system/bin/mediaserver expire 179 lines
05-31 15:41:33.916  4879  4882 I chatty  : uid=1013(media) /system/bin/mediaserver expire 1 line
05-31 15:41:33.959  4879  4886 I chatty  : uid=1013(media) /system/bin/mediaserver expire 2 lines
05-31 15:41:34.077  4879  4888 I chatty  : uid=1013(media) /system/bin/mediaserver expire 2 lines
05-31 15:41:34.124  4879  4892 I chatty  : uid=1013(media) /system/bin/mediaserver expire 3 lines
05-31 15:41:34.264  4879  4894 F libc    : Fatal signal 11 (SIGSEGV), code 1, fault addr 0x0 in tid 4894 (Binder_2)
05-31 15:41:34.316  2396  2396 F DEBUG   : *** *** *** *** *** *** *** *** *** *** *** *** *** *** *** ***
05-31 15:41:34.316  2396  2396 F DEBUG   : Build fingerprint: 'Huawei/aosp_alice/alice:6.0.1/MOB31T/haky8605311527:userdebug/test-keys'
05-31 15:41:34.316  2396  2396 F DEBUG   : Revision: '0'
05-31 15:41:34.316  2396  2396 F DEBUG   : ABI: 'arm'
05-31 15:41:34.316  2396  2396 F DEBUG   : pid: 4879, tid: 4894, name: Binder_2  >>> /system/bin/mediaserver <<<
05-31 15:41:34.316  2396  2396 F DEBUG   : signal 11 (SIGSEGV), code 1 (SEGV_MAPERR), fault addr 0x0
05-31 15:41:34.316  2918  3001 W NativeCrashListener: Couldn't find ProcessRecord for pid 4879
05-31 15:41:34.322  2396  2396 F DEBUG   :     r0 f46805c8  r1 f68c96c0  r2 00000000  r3 f7104498
05-31 15:41:34.322  2396  2396 E DEBUG   : AM write failed: Broken pipe
05-31 15:41:34.322  2396  2396 F DEBUG   :     r4 f4680614  r5 f46805c8  r6 f46805cc  r7 f468060c
05-31 15:41:34.322  2396  2396 F DEBUG   :     r8 000039ec  r9 f68de6a0  sl f710d604  fp f4680610
05-31 15:41:34.323  2396  2396 F DEBUG   :     ip 0000131e  sp f46805c0  lr f496c86d  pc 00000000  cpsr 400d0010
05-31 15:41:34.326  2396  2396 F DEBUG   : 
05-31 15:41:34.326  2396  2396 F DEBUG   : backtrace:
05-31 15:41:34.326  2396  2396 F DEBUG   :     #00 pc 00000000  <unknown>
05-31 15:41:34.326  2396  2396 F DEBUG   :     #01 pc 0000586b  /system/vendor/lib/libwvm.so (_ZN7android15IsWidevineMediaERKNS_2spINS_10DataSourceEEE+18)
05-31 15:41:34.326  2396  2396 F DEBUG   :     #02 pc 000ccaa9  /system/lib/libstagefright.so (_ZN7android8SniffWVMERKNS_2spINS_10DataSourceEEEPNS_7String8EPfPNS0_INS_8AMessageEEE+64)
05-31 15:41:34.326  2396  2396 F DEBUG   :     #03 pc 000889b3  /system/lib/libstagefright.so (_ZN7android10DataSource5sniffEPNS_7String8EPfPNS_2spINS_8AMessageEEE+150)
05-31 15:41:34.326  2396  2396 F DEBUG   :     #04 pc 000ae0b9  /system/lib/libstagefright.so (_ZN7android14MediaExtractor6CreateERKNS_2spINS_10DataSourceEEEPKc+32)
05-31 15:41:34.326  2396  2396 F DEBUG   :     #05 pc 000c39bb  /system/lib/libstagefright.so (_ZN7android28StagefrightMetadataRetriever13setDataSourceEixx+102)
05-31 15:41:34.326  2396  2396 F DEBUG   :     #06 pc 000485cf  /system/lib/libmediaplayerservice.so (_ZN7android23MetadataRetrieverClient13setDataSourceEixx+230)
05-31 15:41:34.326  2396  2396 F DEBUG   :     #07 pc 0008401f  /system/lib/libmedia.so (_ZN7android24BnMediaMetadataRetriever10onTransactEjRKNS_6ParcelEPS1_j+398)
05-31 15:41:34.326  2396  2396 F DEBUG   :     #08 pc 000199c9  /system/lib/libbinder.so (_ZN7android7BBinder8transactEjRKNS_6ParcelEPS1_j+60)
05-31 15:41:34.326  2396  2396 F DEBUG   :     #09 pc 0001ed5b  /system/lib/libbinder.so (_ZN7android14IPCThreadState14executeCommandEi+550)
05-31 15:41:34.327  2396  2396 F DEBUG   :     #10 pc 0001eec5  /system/lib/libbinder.so (_ZN7android14IPCThreadState20getAndExecuteCommandEv+64)
05-31 15:41:34.327  2396  2396 F DEBUG   :     #11 pc 0001ef29  /system/lib/libbinder.so (_ZN7android14IPCThreadState14joinThreadPoolEb+48)
05-31 15:41:34.327  2396  2396 F DEBUG   :     #12 pc 000239d5  /system/lib/libbinder.so
05-31 15:41:34.327  2396  2396 F DEBUG   :     #13 pc 00010075  /system/lib/libutils.so (_ZN7android6Thread11_threadLoopEPv+112)
05-31 15:41:34.327  2396  2396 F DEBUG   :     #14 pc 0003f8a7  /system/lib/libc.so (_ZL15__pthread_startPv+30)
05-31 15:41:34.327  2396  2396 F DEBUG   :     #15 pc 00019f73  /system/lib/libc.so (__start_thread+6)
05-31 15:41:34.404  2918  2933 W WindowManager: performLayoutAndPlaceSurfacesLocked called while in layout. Callers=com.android.server.wm.WindowManagerService.performLayoutAndPlaceSurfacesLocked:8937 com.android.server.wm.WindowManagerService.reevaluateStatusBarVisibility:11059 com.android.server.policy.PhoneWindowManager.clearClearableFlagsLw:6760 
05-31 15:41:34.431  2396  2396 F DEBUG   : 
05-31 15:41:34.431  2396  2396 F DEBUG   : Tombstone written to: /data/tombstones/tombstone_09
05-31 15:41:34.431  2918  2935 I BootReceiver: Copying /data/tombstones/tombstone_09 to DropBox (SYSTEM_TOMBSTONE)
05-31 15:41:34.448  2381  2381 I ServiceManager: service 'media.audio_flinger' died
05-31 15:41:34.448  3002  3014 W MediaMetadataRetriever: MediaMetadataRetriever server died!
05-31 15:41:34.448  2381  2381 I ServiceManager: service 'media.player' died
05-31 15:41:34.449  2381  2381 I ServiceManager: service 'media.resource_manager' died
05-31 15:41:34.449  2381  2381 I ServiceManager: service 'media.camera' died
05-31 15:41:34.449  2381  2381 I ServiceManager: service 'media.radio' died
05-31 15:41:34.449  2381  2381 I ServiceManager: service 'media.sound_trigger_hw' died
05-31 15:41:34.449  2381  2381 I ServiceManager: service 'media.audio_policy' died
05-31 15:41:34.454  3002  3606 I ServiceManager: Waiting for service media.player...
05-31 15:41:34.471  2918  2918 I ServiceManager: Waiting for service media.audio_flinger...
05-31 15:41:35.454  3002  3606 I ServiceManager: Waiting for service media.player...
05-31 15:41:35.471  2918  2918 W AudioSystem: AudioFlinger not published, waiting...
05-31 15:41:35.972  2918  2918 I ServiceManager: Waiting for service media.audio_flinger...
05-31 15:41:36.455  3002  3606 I ServiceManager: Waiting for service media.player...
05-31 15:41:36.972  2918  2918 I ServiceManager: Waiting for service media.audio_flinger...
05-31 15:41:37.455  3002  3606 I ServiceManager: Waiting for service media.player...
05-31 15:41:37.973  2918  2918 I ServiceManager: Waiting for service media.audio_flinger...
05-31 15:41:38.456  3002  3606 I ServiceManager: Waiting for service media.player...
05-31 15:41:38.788  4900  4900 I chatty  : uid=1013(media) /system/bin/mediaserver expire 65 lines
05-31 15:41:38.991  4900  4903 I chatty  : uid=1013(media) /system/bin/mediaserver expire 1 line
05-31 15:41:39.079  4900  4906 I chatty  : uid=1013(media) /system/bin/mediaserver expire 2 lines
05-31 15:41:39.080  4900  4900 I chatty  : uid=1013(media) /system/bin/mediaserver expire 188 lines
05-31 15:41:39.116  4900  4903 I chatty  : uid=1013(media) /system/bin/mediaserver expire 1 line
05-31 15:41:39.159  4900  4907 I chatty  : uid=1013(media) /system/bin/mediaserver expire 2 lines
05-31 15:41:39.277  4900  4909 I chatty  : uid=1013(media) /system/bin/mediaserver expire 2 lines
05-31 15:41:39.322  4900  4913 I chatty  : uid=1013(media) /system/bin/mediaserver expire 3 lines
05-31 15:41:39.327  2918  2918 D Sensors : sensors_poll_context_t->activate(handle: 0, enabled: 1)
05-31 15:41:39.327  2918  2918 D Sensors : AccelerometerSensor:virtual int AccelerometerSensor::enable(int32_t, int): fd (173 ),en (1),flags(1), mEnabled(0),input_sys_path (/sys/class/sensors/acc_sensor/enable)
05-31 15:41:39.343  2918  2918 D Sensors : sensors_poll_context_t->setDelay(handle: 0, ns: 66667000)
05-31 15:41:39.343  2918  2918 D Sensors : AccelerometerSensor:set delay,input_sysfs_path (/sys/class/sensors/acc_sensor/set_delay)
05-31 15:41:39.343  2918  2918 D Sensors : AccelerometerSensor:virtual int AccelerometerSensor::setDelay(int32_t, int64_t): fd (173 ),input_sys_path (/sys/class/sensors/acc_sensor/set_delay)
05-31 15:41:39.349  2918  2918 V KeyguardServiceDelegate: onStartedWakingUp()
05-31 15:41:39.391  2918  2967 D WifiConfigStore: Retrieve network priorities after PNO.
05-31 15:41:39.392  2918  2967 E WifiStateMachine:  Fail to set up pno, want false now false
05-31 15:41:39.456  3002  3606 W MediaMetadataRetriever: MediaPlayerService not published, waiting...
05-31 15:41:39.585  2918  2989 D         : file:device/hisi/common/liblights/lights.c, func:set_light_backlight, brightness=76
05-31 15:41:39.617  2918  2989 D         : file:device/hisi/common/liblights/lights.c, func:set_light_backlight, brightness=75
05-31 15:41:39.635  2918  2989 D         : file:device/hisi/common/liblights/lights.c, func:set_light_backlight, brightness=74
05-31 15:41:39.969  4900  4900 F libc    : Fatal signal 11 (SIGSEGV), code 1, fault addr 0x0 in tid 4900 (mediaserver)
05-31 15:41:40.020  2396  2396 F DEBUG   : *** *** *** *** *** *** *** *** *** *** *** *** *** *** *** ***
05-31 15:41:40.020  2396  2396 F DEBUG   : Build fingerprint: 'Huawei/aosp_alice/alice:6.0.1/MOB31T/haky8605311527:userdebug/test-keys'
05-31 15:41:40.020  2396  2396 F DEBUG   : Revision: '0'
05-31 15:41:40.020  2396  2396 F DEBUG   : ABI: 'arm'
05-31 15:41:40.021  2918  3001 W NativeCrashListener: Couldn't find ProcessRecord for pid 4900
05-31 15:41:40.021  2396  2396 F DEBUG   : pid: 4900, tid: 4900, name: mediaserver  >>> /system/bin/mediaserver <<<
05-31 15:41:40.021  2396  2396 E DEBUG   : AM write failed: Broken pipe
05-31 15:41:40.021  2396  2396 F DEBUG   : signal 11 (SIGSEGV), code 1 (SEGV_MAPERR), fault addr 0x0
05-31 15:41:40.027  2396  2396 F DEBUG   :     r0 fffef678  r1 f68c94c0  r2 00000000  r3 f7104498
05-31 15:41:40.027  2396  2396 F DEBUG   :     r4 fffef6c4  r5 fffef678  r6 fffef67c  r7 fffef6bc
05-31 15:41:40.027  2396  2396 F DEBUG   :     r8 000039ec  r9 f68de690  sl f710d604  fp fffef6c0
05-31 15:41:40.027  2396  2396 F DEBUG   :     ip 00001324  sp fffef670  lr f49aa86d  pc 00000000  cpsr 400d0010
05-31 15:41:40.030  2396  2396 F DEBUG   : 
05-31 15:41:40.030  2396  2396 F DEBUG   : backtrace:
05-31 15:41:40.030  2396  2396 F DEBUG   :     #00 pc 00000000  <unknown>
05-31 15:41:40.030  2396  2396 F DEBUG   :     #01 pc 0000586b  /system/vendor/lib/libwvm.so (_ZN7android15IsWidevineMediaERKNS_2spINS_10DataSourceEEE+18)
05-31 15:41:40.030  2396  2396 F DEBUG   :     #02 pc 000ccaa9  /system/lib/libstagefright.so (_ZN7android8SniffWVMERKNS_2spINS_10DataSourceEEEPNS_7String8EPfPNS0_INS_8AMessageEEE+64)
05-31 15:41:40.030  2396  2396 F DEBUG   :     #03 pc 000889b3  /system/lib/libstagefright.so (_ZN7android10DataSource5sniffEPNS_7String8EPfPNS_2spINS_8AMessageEEE+150)
05-31 15:41:40.030  2396  2396 F DEBUG   :     #04 pc 000ae0b9  /system/lib/libstagefright.so (_ZN7android14MediaExtractor6CreateERKNS_2spINS_10DataSourceEEEPKc+32)
05-31 15:41:40.030  2396  2396 F DEBUG   :     #05 pc 000c39bb  /system/lib/libstagefright.so (_ZN7android28StagefrightMetadataRetriever13setDataSourceEixx+102)
05-31 15:41:40.030  2396  2396 F DEBUG   :     #06 pc 000485cf  /system/lib/libmediaplayerservice.so (_ZN7android23MetadataRetrieverClient13setDataSourceEixx+230)
05-31 15:41:40.030  2396  2396 F DEBUG   :     #07 pc 0008401f  /system/lib/libmedia.so (_ZN7android24BnMediaMetadataRetriever10onTransactEjRKNS_6ParcelEPS1_j+398)
05-31 15:41:40.030  2396  2396 F DEBUG   :     #08 pc 000199c9  /system/lib/libbinder.so (_ZN7android7BBinder8transactEjRKNS_6ParcelEPS1_j+60)
05-31 15:41:40.030  2396  2396 F DEBUG   :     #09 pc 0001ed5b  /system/lib/libbinder.so (_ZN7android14IPCThreadState14executeCommandEi+550)
05-31 15:41:40.031  2396  2396 F DEBUG   :     #10 pc 0001eec5  /system/lib/libbinder.so (_ZN7android14IPCThreadState20getAndExecuteCommandEv+64)
05-31 15:41:40.031  2396  2396 F DEBUG   :     #11 pc 0001ef29  /system/lib/libbinder.so (_ZN7android14IPCThreadState14joinThreadPoolEb+48)
05-31 15:41:40.031  2396  2396 F DEBUG   :     #12 pc 00001c15  /system/bin/mediaserver
05-31 15:41:40.031  2396  2396 F DEBUG   :     #13 pc 00017359  /system/lib/libc.so (__libc_init+44)
05-31 15:41:40.031  2396  2396 F DEBUG   :     #14 pc 00001e68  /system/bin/mediaserver
05-31 15:41:40.142  2396  2396 F DEBUG   : 
05-31 15:41:40.142  2396  2396 F DEBUG   : Tombstone written to: /data/tombstones/tombstone_00
05-31 15:41:40.143  2918  2935 I BootReceiver: Copying /data/tombstones/tombstone_00 to DropBox (SYSTEM_TOMBSTONE)
05-31 15:41:40.158  2381  2381 I ServiceManager: service 'media.audio_flinger' died
05-31 15:41:40.158  2918  3372 W AudioSystem: AudioFlinger server died!
05-31 15:41:40.158  3002  3013 W MediaMetadataRetriever: MediaMetadataRetriever server died!
05-31 15:41:40.158  2381  2381 I ServiceManager: service 'media.player' died
05-31 15:41:40.159  2381  2381 I ServiceManager: service 'media.resource_manager' died
05-31 15:41:40.159  2381  2381 I ServiceManager: service 'media.camera' died
05-31 15:41:40.159  2381  2381 I ServiceManager: service 'media.radio' died
05-31 15:41:40.159  2381  2381 I ServiceManager: service 'media.sound_trigger_hw' died
05-31 15:41:40.159  2381  2381 I ServiceManager: service 'media.audio_policy' died
05-31 15:41:40.162  3002  3606 I ServiceManager: Waiting for service media.player...
05-31 15:41:41.163  3002  3606 I ServiceManager: Waiting for service media.player...
05-31 15:41:42.164  3002  3606 I ServiceManager: Waiting for service media.player...
05-31 15:41:42.351  2918  2989 D         : file:device/hisi/common/liblights/lights.c, func:set_light_backlight, brightness=73
05-31 15:41:42.368  2918  2989 D         : file:device/hisi/common/liblights/lights.c, func:set_light_backlight, brightness=72
05-31 15:41:42.401  2918  2989 D         : file:device/hisi/common/liblights/lights.c, func:set_light_backlight, brightness=71
05-31 15:41:42.418  2918  2989 D         : file:device/hisi/common/liblights/lights.c, func:set_light_backlight, brightness=70
05-31 15:41:42.451  2918  2989 D         : file:device/hisi/common/liblights/lights.c, func:set_light_backlight, brightness=69
05-31 15:41:42.468  2918  2989 D         : file:device/hisi/common/liblights/lights.c, func:set_light_backlight, brightness=68
05-31 15:41:42.501  2918  2989 D         : file:device/hisi/common/liblights/lights.c, func:set_light_backlight, brightness=67
05-31 15:41:42.518  2918  2989 D         : file:device/hisi/common/liblights/lights.c, func:set_light_backlight, brightness=66
05-31 15:41:42.551  2918  2989 D         : file:device/hisi/common/liblights/lights.c, func:set_light_backlight, brightness=65
05-31 15:41:42.568  2918  2989 D         : file:device/hisi/common/liblights/lights.c, func:set_light_backlight, brightness=64
05-31 15:41:42.601  2918  2989 D         : file:device/hisi/common/liblights/lights.c, func:set_light_backlight, brightness=63
05-31 15:41:42.618  2918  2989 D         : file:device/hisi/common/liblights/lights.c, func:set_light_backlight, brightness=62
05-31 15:41:42.651  2918  2989 D         : file:device/hisi/common/liblights/lights.c, func:set_light_backlight, brightness=61
05-31 15:41:42.667  2918  2989 D         : file:device/hisi/common/liblights/lights.c, func:set_light_backlight, brightness=60
05-31 15:41:42.701  2918  2989 D         : file:device/hisi/common/liblights/lights.c, func:set_light_backlight, brightness=59
05-31 15:41:42.718  2918  2989 D         : file:device/hisi/common/liblights/lights.c, func:set_light_backlight, brightness=58
05-31 15:41:42.751  2918  2989 D         : file:device/hisi/common/liblights/lights.c, func:set_light_backlight, brightness=57
05-31 15:41:42.767  2918  2989 D         : file:device/hisi/common/liblights/lights.c, func:set_light_backlight, brightness=56
05-31 15:41:42.801  2918  2989 D         : file:device/hisi/common/liblights/lights.c, func:set_light_backlight, brightness=55
05-31 15:41:42.817  2918  2989 D         : file:device/hisi/common/liblights/lights.c, func:set_light_backlight, brightness=54
05-31 15:41:42.851  2918  2989 D         : file:device/hisi/common/liblights/lights.c, func:set_light_backlight, brightness=53
05-31 15:41:42.868  2918  2989 D         : file:device/hisi/common/liblights/lights.c, func:set_light_backlight, brightness=52
05-31 15:41:42.901  2918  2989 D         : file:device/hisi/common/liblights/lights.c, func:set_light_backlight, brightness=51
05-31 15:41:42.918  2918  2989 D         : file:device/hisi/common/liblights/lights.c, func:set_light_backlight, brightness=50
05-31 15:41:42.951  2918  2989 D         : file:device/hisi/common/liblights/lights.c, func:set_light_backlight, brightness=49
05-31 15:41:42.968  2918  2989 D         : file:device/hisi/common/liblights/lights.c, func:set_light_backlight, brightness=48
05-31 15:41:43.001  2918  2989 D         : file:device/hisi/common/liblights/lights.c, func:set_light_backlight, brightness=47
05-31 15:41:43.017  2918  2989 D         : file:device/hisi/common/liblights/lights.c, func:set_light_backlight, brightness=46
05-31 15:41:43.051  2918  2989 D         : file:device/hisi/common/liblights/lights.c, func:set_light_backlight, brightness=45
05-31 15:41:43.068  2918  2989 D         : file:device/hisi/common/liblights/lights.c, func:set_light_backlight, brightness=44
05-31 15:41:43.101  2918  2989 D         : file:device/hisi/common/liblights/lights.c, func:set_light_backlight, brightness=43
05-31 15:41:43.118  2918  2989 D         : file:device/hisi/common/liblights/lights.c, func:set_light_backlight, brightness=42
05-31 15:41:43.151  2918  2989 D         : file:device/hisi/common/liblights/lights.c, func:set_light_backlight, brightness=41
05-31 15:41:43.164  3002  3606 I ServiceManager: Waiting for service media.player...
05-31 15:41:43.168  2918  2989 D         : file:device/hisi/common/liblights/lights.c, func:set_light_backlight, brightness=40
05-31 15:41:43.201  2918  2989 D         : file:device/hisi/common/liblights/lights.c, func:set_light_backlight, brightness=39
05-31 15:41:43.218  2918  2989 D         : file:device/hisi/common/liblights/lights.c, func:set_light_backlight, brightness=38
05-31 15:41:43.251  2918  2989 D         : file:device/hisi/common/liblights/lights.c, func:set_light_backlight, brightness=37
05-31 15:41:43.268  2918  2989 D         : file:device/hisi/common/liblights/lights.c, func:set_light_backlight, brightness=36
05-31 15:41:43.301  2918  2989 D         : file:device/hisi/common/liblights/lights.c, func:set_light_backlight, brightness=35
05-31 15:41:43.318  2918  2989 D         : file:device/hisi/common/liblights/lights.c, func:set_light_backlight, brightness=34
05-31 15:41:43.351  2918  2989 D         : file:device/hisi/common/liblights/lights.c, func:set_light_backlight, brightness=33
05-31 15:41:43.368  2918  2989 D         : file:device/hisi/common/liblights/lights.c, func:set_light_backlight, brightness=32
05-31 15:41:43.401  2918  2989 D         : file:device/hisi/common/liblights/lights.c, func:set_light_backlight, brightness=31
05-31 15:41:43.418  2918  2989 D         : file:device/hisi/common/liblights/lights.c, func:set_light_backlight, brightness=30
05-31 15:41:43.451  2918  2989 D         : file:device/hisi/common/liblights/lights.c, func:set_light_backlight, brightness=29
05-31 15:41:43.468  2918  2989 D         : file:device/hisi/common/liblights/lights.c, func:set_light_backlight, brightness=28
05-31 15:41:43.501  2918  2989 D         : file:device/hisi/common/liblights/lights.c, func:set_light_backlight, brightness=27
05-31 15:41:43.509  4922  4922 I chatty  : uid=1013(media) /system/bin/mediaserver expire 56 lines
05-31 15:41:43.534  2918  2989 D         : file:device/hisi/common/liblights/lights.c, func:set_light_backlight, brightness=26
05-31 15:41:43.551  2918  2989 D         : file:device/hisi/common/liblights/lights.c, func:set_light_backlight, brightness=25
05-31 15:41:43.568  2918  2989 D         : file:device/hisi/common/liblights/lights.c, func:set_light_backlight, brightness=24
05-31 15:41:43.601  2918  2989 D         : file:device/hisi/common/liblights/lights.c, func:set_light_backlight, brightness=23
05-31 15:41:43.618  2918  2989 D         : file:device/hisi/common/liblights/lights.c, func:set_light_backlight, brightness=22
05-31 15:41:43.651  2918  2989 D         : file:device/hisi/common/liblights/lights.c, func:set_light_backlight, brightness=21
05-31 15:41:43.668  2918  2989 D         : file:device/hisi/common/liblights/lights.c, func:set_light_backlight, brightness=20
05-31 15:41:43.701  2918  2989 D         : file:device/hisi/common/liblights/lights.c, func:set_light_backlight, brightness=19
05-31 15:41:43.716  4922  4925 I chatty  : uid=1013(media) /system/bin/mediaserver expire 1 line
05-31 15:41:43.718  2918  2989 D         : file:device/hisi/common/liblights/lights.c, func:set_light_backlight, brightness=18
05-31 15:41:43.751  2918  2989 D         : file:device/hisi/common/liblights/lights.c, func:set_light_backlight, brightness=17
05-31 15:41:43.768  2918  2989 D         : file:device/hisi/common/liblights/lights.c, func:set_light_backlight, brightness=16
05-31 15:41:43.799  4922  4928 I chatty  : uid=1013(media) /system/bin/mediaserver expire 2 lines
05-31 15:41:43.801  4922  4922 I chatty  : uid=1013(media) /system/bin/mediaserver expire 196 lines
05-31 15:41:43.801  2918  2989 D         : file:device/hisi/common/liblights/lights.c, func:set_light_backlight, brightness=15
05-31 15:41:43.818  2918  2989 D         : file:device/hisi/common/liblights/lights.c, func:set_light_backlight, brightness=14
05-31 15:41:43.837  4922  4925 I chatty  : uid=1013(media) /system/bin/mediaserver expire 1 line
05-31 15:41:43.851  2918  2989 D         : file:device/hisi/common/liblights/lights.c, func:set_light_backlight, brightness=13
05-31 15:41:43.867  2918  2989 D         : file:device/hisi/common/liblights/lights.c, func:set_light_backlight, brightness=12
05-31 15:41:43.879  4922  4929 I chatty  : uid=1013(media) /system/bin/mediaserver expire 2 lines
05-31 15:41:43.901  2918  2989 D         : file:device/hisi/common/liblights/lights.c, func:set_light_backlight, brightness=11
05-31 15:41:43.917  2918  2989 D         : file:device/hisi/common/liblights/lights.c, func:set_light_backlight, brightness=10
05-31 15:41:43.997  4922  4931 I chatty  : uid=1013(media) /system/bin/mediaserver expire 2 lines
05-31 15:41:44.042  4922  4935 I chatty  : uid=1013(media) /system/bin/mediaserver expire 3 lines
05-31 15:41:44.179  4922  4937 F libc    : Fatal signal 11 (SIGSEGV), code 1, fault addr 0x0 in tid 4937 (Binder_2)
05-31 15:41:44.231  2396  2396 F DEBUG   : *** *** *** *** *** *** *** *** *** *** *** *** *** *** *** ***
05-31 15:41:44.231  2396  2396 F DEBUG   : Build fingerprint: 'Huawei/aosp_alice/alice:6.0.1/MOB31T/haky8605311527:userdebug/test-keys'
05-31 15:41:44.231  2396  2396 F DEBUG   : Revision: '0'
05-31 15:41:44.231  2396  2396 F DEBUG   : ABI: 'arm'
05-31 15:41:44.231  2918  3001 W NativeCrashListener: Couldn't find ProcessRecord for pid 4922
05-31 15:41:44.231  2396  2396 F DEBUG   : pid: 4922, tid: 4937, name: Binder_2  >>> /system/bin/mediaserver <<<
05-31 15:41:44.231  2396  2396 F DEBUG   : signal 11 (SIGSEGV), code 1 (SEGV_MAPERR), fault addr 0x0
05-31 15:41:44.231  2396  2396 E DEBUG   : AM write failed: Broken pipe
05-31 15:41:44.238  2396  2396 F DEBUG   :     r0 f46805c8  r1 f68c96c0  r2 00000000  r3 f7104498
05-31 15:41:44.238  2396  2396 F DEBUG   :     r4 f4680614  r5 f46805c8  r6 f46805cc  r7 f468060c
05-31 15:41:44.238  2396  2396 F DEBUG   :     r8 000039ec  r9 f68de6a0  sl f710d604  fp f4680610
05-31 15:41:44.238  2396  2396 F DEBUG   :     ip 00001349  sp f46805c0  lr f496c86d  pc 00000000  cpsr 400d0010
05-31 15:41:44.241  2396  2396 F DEBUG   : 
05-31 15:41:44.241  2396  2396 F DEBUG   : backtrace:
05-31 15:41:44.241  2396  2396 F DEBUG   :     #00 pc 00000000  <unknown>
05-31 15:41:44.241  2396  2396 F DEBUG   :     #01 pc 0000586b  /system/vendor/lib/libwvm.so (_ZN7android15IsWidevineMediaERKNS_2spINS_10DataSourceEEE+18)
05-31 15:41:44.241  2396  2396 F DEBUG   :     #02 pc 000ccaa9  /system/lib/libstagefright.so (_ZN7android8SniffWVMERKNS_2spINS_10DataSourceEEEPNS_7String8EPfPNS0_INS_8AMessageEEE+64)
05-31 15:41:44.241  2396  2396 F DEBUG   :     #03 pc 000889b3  /system/lib/libstagefright.so (_ZN7android10DataSource5sniffEPNS_7String8EPfPNS_2spINS_8AMessageEEE+150)
05-31 15:41:44.241  2396  2396 F DEBUG   :     #04 pc 000ae0b9  /system/lib/libstagefright.so (_ZN7android14MediaExtractor6CreateERKNS_2spINS_10DataSourceEEEPKc+32)
05-31 15:41:44.241  2396  2396 F DEBUG   :     #05 pc 000c39bb  /system/lib/libstagefright.so (_ZN7android28StagefrightMetadataRetriever13setDataSourceEixx+102)
05-31 15:41:44.241  2396  2396 F DEBUG   :     #06 pc 000485cf  /system/lib/libmediaplayerservice.so (_ZN7android23MetadataRetrieverClient13setDataSourceEixx+230)
05-31 15:41:44.241  2396  2396 F DEBUG   :     #07 pc 0008401f  /system/lib/libmedia.so (_ZN7android24BnMediaMetadataRetriever10onTransactEjRKNS_6ParcelEPS1_j+398)
