05-31 15:42:15.502  5079  5094 F libc    : Fatal signal 11 (SIGSEGV), code 1, fault addr 0x0 in tid 5094 (Binder_2)
05-31 15:42:15.554  2396  2396 F DEBUG   : *** *** *** *** *** *** *** *** *** *** *** *** *** *** *** ***
05-31 15:42:15.554  2396  2396 F DEBUG   : Build fingerprint: 'Huawei/aosp_alice/alice:6.0.1/MOB31T/haky8605311527:userdebug/test-keys'
05-31 15:42:15.554  2396  2396 F DEBUG   : Revision: '0'
05-31 15:42:15.554  2396  2396 F DEBUG   : ABI: 'arm'
05-31 15:42:15.554  2396  2396 F DEBUG   : pid: 5079, tid: 5094, name: Binder_2  >>> /system/bin/mediaserver <<<
05-31 15:42:15.554  2396  2396 F DEBUG   : signal 11 (SIGSEGV), code 1 (SEGV_MAPERR), fault addr 0x0
05-31 15:42:15.554  2918  3001 W NativeCrashListener: Couldn't find ProcessRecord for pid 5079
05-31 15:42:15.561  2396  2396 F DEBUG   :     r0 f46c05c8  r1 f68c96c0  r2 00000000  r3 f7104498
05-31 15:42:15.561  2396  2396 E DEBUG   : AM write failed: Broken pipe
05-31 15:42:15.561  2396  2396 F DEBUG   :     r4 f46c0614  r5 f46c05c8  r6 f46c05cc  r7 f46c060c
05-31 15:42:15.561  2396  2396 F DEBUG   :     r8 000039ec  r9 f68de6a0  sl f710d604  fp f46c0610
05-31 15:42:15.561  2396  2396 F DEBUG   :     ip 000013e6  sp f46c05c0  lr f49ad86d  pc 00000000  cpsr 400d0010
05-31 15:42:15.564  2396  2396 F DEBUG   : 
05-31 15:42:15.564  2396  2396 F DEBUG   : backtrace:
05-31 15:42:15.564  2396  2396 F DEBUG   :     #00 pc 00000000  <unknown>
05-31 15:42:15.564  2396  2396 F DEBUG   :     #01 pc 0000586b  /system/vendor/lib/libwvm.so (_ZN7android15IsWidevineMediaERKNS_2spINS_10DataSourceEEE+18)
05-31 15:42:15.564  2396  2396 F DEBUG   :     #02 pc 000ccaa9  /system/lib/libstagefright.so (_ZN7android8SniffWVMERKNS_2spINS_10DataSourceEEEPNS_7String8EPfPNS0_INS_8AMessageEEE+64)
05-31 15:42:15.564  2396  2396 F DEBUG   :     #03 pc 000889b3  /system/lib/libstagefright.so (_ZN7android10DataSource5sniffEPNS_7String8EPfPNS_2spINS_8AMessageEEE+150)
05-31 15:42:15.565  2396  2396 F DEBUG   :     #04 pc 000ae0b9  /system/lib/libstagefright.so (_ZN7android14MediaExtractor6CreateERKNS_2spINS_10DataSourceEEEPKc+32)
05-31 15:42:15.565  2396  2396 F DEBUG   :     #05 pc 000c39bb  /system/lib/libstagefright.so (_ZN7android28StagefrightMetadataRetriever13setDataSourceEixx+102)
05-31 15:42:15.565  2396  2396 F DEBUG   :     #06 pc 000485cf  /system/lib/libmediaplayerservice.so (_ZN7android23MetadataRetrieverClient13setDataSourceEixx+230)
05-31 15:42:15.565  2396  2396 F DEBUG   :     #07 pc 0008401f  /system/lib/libmedia.so (_ZN7android24BnMediaMetadataRetriever10onTransactEjRKNS_6ParcelEPS1_j+398)
05-31 15:42:15.565  2396  2396 F DEBUG   :     #08 pc 000199c9  /system/lib/libbinder.so (_ZN7android7BBinder8transactEjRKNS_6ParcelEPS1_j+60)
05-31 15:42:15.565  2396  2396 F DEBUG   :     #09 pc 0001ed5b  /system/lib/libbinder.so (_ZN7android14IPCThreadState14executeCommandEi+550)
05-31 15:42:15.565  2396  2396 F DEBUG   :     #10 pc 0001eec5  /system/lib/libbinder.so (_ZN7android14IPCThreadState20getAndExecuteCommandEv+64)
05-31 15:42:15.565  2396  2396 F DEBUG   :     #11 pc 0001ef29  /system/lib/libbinder.so (_ZN7android14IPCThreadState14joinThreadPoolEb+48)
05-31 15:42:15.565  2396  2396 F DEBUG   :     #12 pc 000239d5  /system/lib/libbinder.so
05-31 15:42:15.565  2396  2396 F DEBUG   :     #13 pc 00010075  /system/lib/libutils.so (_ZN7android6Thread11_threadLoopEPv+112)
05-31 15:42:15.565  2396  2396 F DEBUG   :     #14 pc 0003f8a7  /system/lib/libc.so (_ZL15__pthread_startPv+30)
05-31 15:42:15.565  2396  2396 F DEBUG   :     #15 pc 00019f73  /system/lib/libc.so (__start_thread+6)
05-31 15:42:15.670  2396  2396 F DEBUG   : 
05-31 15:42:15.670  2396  2396 F DEBUG   : Tombstone written to: /data/tombstones/tombstone_08
05-31 15:42:15.671  2918  2935 I BootReceiver: Copying /data/tombstones/tombstone_08 to DropBox (SYSTEM_TOMBSTONE)
05-31 15:42:15.679  2381  2381 I ServiceManager: service 'media.audio_flinger' died
05-31 15:42:15.679  3002  3014 W MediaMetadataRetriever: MediaMetadataRetriever server died!
05-31 15:42:15.680  2381  2381 I ServiceManager: service 'media.player' died
05-31 15:42:15.680  2381  2381 I ServiceManager: service 'media.resource_manager' died
05-31 15:42:15.680  2381  2381 I ServiceManager: service 'media.camera' died
05-31 15:42:15.680  2381  2381 I ServiceManager: service 'media.radio' died
05-31 15:42:15.680  2381  2381 I ServiceManager: service 'media.sound_trigger_hw' died
05-31 15:42:15.680  2381  2381 I ServiceManager: service 'media.audio_policy' died
05-31 15:42:15.684  3002  3606 I ServiceManager: Waiting for service media.player...
05-31 15:42:16.684  3002  3606 I ServiceManager: Waiting for service media.player...
05-31 15:42:17.685  3002  3606 I ServiceManager: Waiting for service media.player...
05-31 15:42:18.685  3002  3606 I ServiceManager: Waiting for service media.player...
05-31 15:42:19.019  5100  5100 I chatty  : uid=1013(media) /system/bin/mediaserver expire 247 lines
05-31 15:42:19.222  5100  5103 I chatty  : uid=1013(media) /system/bin/mediaserver expire 2 lines
05-31 15:42:19.309  5100  5106 I chatty  : uid=1013(media) /system/bin/mediaserver expire 2 lines
05-31 15:42:19.389  5100  5107 I chatty  : uid=1013(media) /system/bin/mediaserver expire 2 lines
05-31 15:42:19.508  5100  5109 I chatty  : uid=1013(media) /system/bin/mediaserver expire 2 lines
05-31 15:42:19.553  5100  5113 I chatty  : uid=1013(media) /system/bin/mediaserver expire 3 lines
05-31 15:42:19.554  5100  5100 I chatty  : uid=1013(media) /system/bin/mediaserver expire 5 lines
05-31 15:42:19.698  5100  5115 F libc    : Fatal signal 11 (SIGSEGV), code 1, fault addr 0x0 in tid 5115 (Binder_2)
05-31 15:42:19.749  2396  2396 F DEBUG   : *** *** *** *** *** *** *** *** *** *** *** *** *** *** *** ***
05-31 15:42:19.749  2396  2396 F DEBUG   : Build fingerprint: 'Huawei/aosp_alice/alice:6.0.1/MOB31T/haky8605311527:userdebug/test-keys'
05-31 15:42:19.749  2396  2396 F DEBUG   : Revision: '0'
05-31 15:42:19.749  2396  2396 F DEBUG   : ABI: 'arm'
05-31 15:42:19.750  2396  2396 F DEBUG   : pid: 5100, tid: 5115, name: Binder_2  >>> /system/bin/mediaserver <<<
05-31 15:42:19.750  2918  3001 W NativeCrashListener: Couldn't find ProcessRecord for pid 5100
05-31 15:42:19.750  2396  2396 F DEBUG   : signal 11 (SIGSEGV), code 1 (SEGV_MAPERR), fault addr 0x0
05-31 15:42:19.756  2396  2396 F DEBUG   :     r0 f46c05c8  r1 f68c96c0  r2 00000000  r3 f7104498
05-31 15:42:19.756  2396  2396 E DEBUG   : AM write failed: Broken pipe
05-31 15:42:19.756  2396  2396 F DEBUG   :     r4 f46c0614  r5 f46c05c8  r6 f46c05cc  r7 f46c060c
05-31 15:42:19.756  2396  2396 F DEBUG   :     r8 000039ec  r9 f68de6a0  sl f710d604  fp f46c0610
05-31 15:42:19.756  2396  2396 F DEBUG   :     ip 000013fb  sp f46c05c0  lr f49ad86d  pc 00000000  cpsr 400d0010
05-31 15:42:19.760  2396  2396 F DEBUG   : 
05-31 15:42:19.760  2396  2396 F DEBUG   : backtrace:
05-31 15:42:19.760  2396  2396 F DEBUG   :     #00 pc 00000000  <unknown>
05-31 15:42:19.760  2396  2396 F DEBUG   :     #01 pc 0000586b  /system/vendor/lib/libwvm.so (_ZN7android15IsWidevineMediaERKNS_2spINS_10DataSourceEEE+18)
05-31 15:42:19.760  2396  2396 F DEBUG   :     #02 pc 000ccaa9  /system/lib/libstagefright.so (_ZN7android8SniffWVMERKNS_2spINS_10DataSourceEEEPNS_7String8EPfPNS0_INS_8AMessageEEE+64)
05-31 15:42:19.760  2396  2396 F DEBUG   :     #03 pc 000889b3  /system/lib/libstagefright.so (_ZN7android10DataSource5sniffEPNS_7String8EPfPNS_2spINS_8AMessageEEE+150)
05-31 15:42:19.760  2396  2396 F DEBUG   :     #04 pc 000ae0b9  /system/lib/libstagefright.so (_ZN7android14MediaExtractor6CreateERKNS_2spINS_10DataSourceEEEPKc+32)
05-31 15:42:19.760  2396  2396 F DEBUG   :     #05 pc 000c39bb  /system/lib/libstagefright.so (_ZN7android28StagefrightMetadataRetriever13setDataSourceEixx+102)
05-31 15:42:19.760  2396  2396 F DEBUG   :     #06 pc 000485cf  /system/lib/libmediaplayerservice.so (_ZN7android23MetadataRetrieverClient13setDataSourceEixx+230)
05-31 15:42:19.760  2396  2396 F DEBUG   :     #07 pc 0008401f  /system/lib/libmedia.so (_ZN7android24BnMediaMetadataRetriever10onTransactEjRKNS_6ParcelEPS1_j+398)
05-31 15:42:19.760  2396  2396 F DEBUG   :     #08 pc 000199c9  /system/lib/libbinder.so (_ZN7android7BBinder8transactEjRKNS_6ParcelEPS1_j+60)
05-31 15:42:19.760  2396  2396 F DEBUG   :     #09 pc 0001ed5b  /system/lib/libbinder.so (_ZN7android14IPCThreadState14executeCommandEi+550)
05-31 15:42:19.760  2396  2396 F DEBUG   :     #10 pc 0001eec5  /system/lib/libbinder.so (_ZN7android14IPCThreadState20getAndExecuteCommandEv+64)
05-31 15:42:19.760  2396  2396 F DEBUG   :     #11 pc 0001ef29  /system/lib/libbinder.so (_ZN7android14IPCThreadState14joinThreadPoolEb+48)
05-31 15:42:19.760  2396  2396 F DEBUG   :     #12 pc 000239d5  /system/lib/libbinder.so
05-31 15:42:19.760  2396  2396 F DEBUG   :     #13 pc 00010075  /system/lib/libutils.so (_ZN7android6Thread11_threadLoopEPv+112)
05-31 15:42:19.760  2396  2396 F DEBUG   :     #14 pc 0003f8a7  /system/lib/libc.so (_ZL15__pthread_startPv+30)
05-31 15:42:19.760  2396  2396 F DEBUG   :     #15 pc 00019f73  /system/lib/libc.so (__start_thread+6)
05-31 15:42:19.865  2396  2396 F DEBUG   : 
05-31 15:42:19.865  2396  2396 F DEBUG   : Tombstone written to: /data/tombstones/tombstone_09
05-31 15:42:19.865  2918  2935 I BootReceiver: Copying /data/tombstones/tombstone_09 to DropBox (SYSTEM_TOMBSTONE)
05-31 15:42:19.876  2381  2381 I ServiceManager: service 'media.audio_flinger' died
05-31 15:42:19.877  3002  3013 W MediaMetadataRetriever: MediaMetadataRetriever server died!
05-31 15:42:19.877  2381  2381 I ServiceManager: service 'media.player' died
05-31 15:42:19.877  2381  2381 I ServiceManager: service 'media.resource_manager' died
05-31 15:42:19.877  2381  2381 I ServiceManager: service 'media.camera' died
05-31 15:42:19.877  2381  2381 I ServiceManager: service 'media.radio' died
05-31 15:42:19.877  2381  2381 I ServiceManager: service 'media.sound_trigger_hw' died
05-31 15:42:19.877  2381  2381 I ServiceManager: service 'media.audio_policy' died
05-31 15:42:19.881  3002  3606 I ServiceManager: Waiting for service media.player...
05-31 15:42:20.882  3002  3606 I ServiceManager: Waiting for service media.player...
05-31 15:42:21.882  3002  3606 I ServiceManager: Waiting for service media.player...
05-31 15:42:22.883  3002  3606 I ServiceManager: Waiting for service media.player...
05-31 15:42:23.884  3002  3606 I ServiceManager: Waiting for service media.player...
05-31 15:42:24.216  5124  5124 I chatty  : uid=1013(media) /system/bin/mediaserver expire 239 lines
05-31 15:42:24.420  5124  5127 I chatty  : uid=1013(media) /system/bin/mediaserver expire 2 lines
05-31 15:42:24.509  5124  5130 I chatty  : uid=1013(media) /system/bin/mediaserver expire 2 lines
05-31 15:42:24.589  5124  5131 I chatty  : uid=1013(media) /system/bin/mediaserver expire 2 lines
05-31 15:42:24.707  5124  5133 I chatty  : uid=1013(media) /system/bin/mediaserver expire 2 lines
05-31 15:42:24.753  5124  5137 I chatty  : uid=1013(media) /system/bin/mediaserver expire 3 lines
05-31 15:42:24.755  5124  5124 I chatty  : uid=1013(media) /system/bin/mediaserver expire 13 lines
05-31 15:42:24.884  3002  3606 W MediaMetadataRetriever: MediaPlayerService not published, waiting...
05-31 15:42:25.397  5124  5139 F libc    : Fatal signal 11 (SIGSEGV), code 1, fault addr 0x0 in tid 5139 (Binder_2)
05-31 15:42:25.449  2396  2396 F DEBUG   : *** *** *** *** *** *** *** *** *** *** *** *** *** *** *** ***
05-31 15:42:25.449  2396  2396 F DEBUG   : Build fingerprint: 'Huawei/aosp_alice/alice:6.0.1/MOB31T/haky8605311527:userdebug/test-keys'
05-31 15:42:25.449  2396  2396 F DEBUG   : Revision: '0'
05-31 15:42:25.449  2396  2396 F DEBUG   : ABI: 'arm'
05-31 15:42:25.449  2396  2396 F DEBUG   : pid: 5124, tid: 5139, name: Binder_2  >>> /system/bin/mediaserver <<<
05-31 15:42:25.449  2918  3001 W NativeCrashListener: Couldn't find ProcessRecord for pid 5124
05-31 15:42:25.449  2396  2396 F DEBUG   : signal 11 (SIGSEGV), code 1 (SEGV_MAPERR), fault addr 0x0
05-31 15:42:25.456  2396  2396 F DEBUG   :     r0 f46c05c8  r1 f68c96c0  r2 00000000  r3 f7104498
05-31 15:42:25.456  2396  2396 E DEBUG   : AM write failed: Broken pipe
05-31 15:42:25.456  2396  2396 F DEBUG   :     r4 f46c0614  r5 f46c05c8  r6 f46c05cc  r7 f46c060c
05-31 15:42:25.456  2396  2396 F DEBUG   :     r8 000039ec  r9 f68de6a0  sl f710d604  fp f46c0610
05-31 15:42:25.456  2396  2396 F DEBUG   :     ip 00001413  sp f46c05c0  lr f49ad86d  pc 00000000  cpsr 400d0010
05-31 15:42:25.459  2396  2396 F DEBUG   : 
05-31 15:42:25.459  2396  2396 F DEBUG   : backtrace:
05-31 15:42:25.459  2396  2396 F DEBUG   :     #00 pc 00000000  <unknown>
05-31 15:42:25.460  2396  2396 F DEBUG   :     #01 pc 0000586b  /system/vendor/lib/libwvm.so (_ZN7android15IsWidevineMediaERKNS_2spINS_10DataSourceEEE+18)
05-31 15:42:25.460  2396  2396 F DEBUG   :     #02 pc 000ccaa9  /system/lib/libstagefright.so (_ZN7android8SniffWVMERKNS_2spINS_10DataSourceEEEPNS_7String8EPfPNS0_INS_8AMessageEEE+64)
05-31 15:42:25.460  2396  2396 F DEBUG   :     #03 pc 000889b3  /system/lib/libstagefright.so (_ZN7android10DataSource5sniffEPNS_7String8EPfPNS_2spINS_8AMessageEEE+150)
05-31 15:42:25.460  2396  2396 F DEBUG   :     #04 pc 000ae0b9  /system/lib/libstagefright.so (_ZN7android14MediaExtractor6CreateERKNS_2spINS_10DataSourceEEEPKc+32)
05-31 15:42:25.460  2396  2396 F DEBUG   :     #05 pc 000c39bb  /system/lib/libstagefright.so (_ZN7android28StagefrightMetadataRetriever13setDataSourceEixx+102)
05-31 15:42:25.460  2396  2396 F DEBUG   :     #06 pc 000485cf  /system/lib/libmediaplayerservice.so (_ZN7android23MetadataRetrieverClient13setDataSourceEixx+230)
05-31 15:42:25.460  2396  2396 F DEBUG   :     #07 pc 0008401f  /system/lib/libmedia.so (_ZN7android24BnMediaMetadataRetriever10onTransactEjRKNS_6ParcelEPS1_j+398)
05-31 15:42:25.460  2396  2396 F DEBUG   :     #08 pc 000199c9  /system/lib/libbinder.so (_ZN7android7BBinder8transactEjRKNS_6ParcelEPS1_j+60)
05-31 15:42:25.460  2396  2396 F DEBUG   :     #09 pc 0001ed5b  /system/lib/libbinder.so (_ZN7android14IPCThreadState14executeCommandEi+550)
05-31 15:42:25.460  2396  2396 F DEBUG   :     #10 pc 0001eec5  /system/lib/libbinder.so (_ZN7android14IPCThreadState20getAndExecuteCommandEv+64)
05-31 15:42:25.460  2396  2396 F DEBUG   :     #11 pc 0001ef29  /system/lib/libbinder.so (_ZN7android14IPCThreadState14joinThreadPoolEb+48)
05-31 15:42:25.460  2396  2396 F DEBUG   :     #12 pc 000239d5  /system/lib/libbinder.so
05-31 15:42:25.460  2396  2396 F DEBUG   :     #13 pc 00010075  /system/lib/libutils.so (_ZN7android6Thread11_threadLoopEPv+112)
05-31 15:42:25.460  2396  2396 F DEBUG   :     #14 pc 0003f8a7  /system/lib/libc.so (_ZL15__pthread_startPv+30)
05-31 15:42:25.460  2396  2396 F DEBUG   :     #15 pc 00019f73  /system/lib/libc.so (__start_thread+6)
05-31 15:42:25.564  2396  2396 F DEBUG   : 
05-31 15:42:25.564  2396  2396 F DEBUG   : Tombstone written to: /data/tombstones/tombstone_00
05-31 15:42:25.565  2918  2935 I BootReceiver: Copying /data/tombstones/tombstone_00 to DropBox (SYSTEM_TOMBSTONE)
05-31 15:42:25.578  2381  2381 I ServiceManager: service 'media.audio_flinger' died
05-31 15:42:25.578  2381  2381 I ServiceManager: service 'media.player' died
05-31 15:42:25.578  2381  2381 I ServiceManager: service 'media.resource_manager' died
05-31 15:42:25.578  2381  2381 I ServiceManager: service 'media.camera' died
05-31 15:42:25.578  2381  2381 I ServiceManager: service 'media.radio' died
05-31 15:42:25.578  2381  2381 I ServiceManager: service 'media.sound_trigger_hw' died
05-31 15:42:25.578  2381  2381 I ServiceManager: service 'media.audio_policy' died
05-31 15:42:25.579  3002  3013 W MediaMetadataRetriever: MediaMetadataRetriever server died!
05-31 15:42:25.582  3002  3606 I ServiceManager: Waiting for service media.player...
05-31 15:42:26.583  3002  3606 I ServiceManager: Waiting for service media.player...
05-31 15:42:27.583  3002  3606 I ServiceManager: Waiting for service media.player...
05-31 15:42:28.584  3002  3606 I ServiceManager: Waiting for service media.player...
05-31 15:42:28.916  5145  5145 I chatty  : uid=1013(media) /system/bin/mediaserver expire 234 lines
05-31 15:42:29.121  5145  5148 I chatty  : uid=1013(media) /system/bin/mediaserver expire 2 lines
05-31 15:42:29.209  5145  5151 I chatty  : uid=1013(media) /system/bin/mediaserver expire 2 lines
05-31 15:42:29.289  5145  5152 I chatty  : uid=1013(media) /system/bin/mediaserver expire 2 lines
05-31 15:42:29.407  5145  5154 I chatty  : uid=1013(media) /system/bin/mediaserver expire 2 lines
05-31 15:42:29.453  5145  5145 I chatty  : uid=1013(media) /system/bin/mediaserver expire 18 lines
05-31 15:42:29.454  5145  5158 I chatty  : uid=1013(media) /system/bin/mediaserver expire 1 line
05-31 15:42:29.598  5145  5160 F libc    : Fatal signal 11 (SIGSEGV), code 1, fault addr 0x0 in tid 5160 (Binder_2)
05-31 15:42:29.649  2396  2396 F DEBUG   : *** *** *** *** *** *** *** *** *** *** *** *** *** *** *** ***
05-31 15:42:29.649  2396  2396 F DEBUG   : Build fingerprint: 'Huawei/aosp_alice/alice:6.0.1/MOB31T/haky8605311527:userdebug/test-keys'
05-31 15:42:29.649  2396  2396 F DEBUG   : Revision: '0'
05-31 15:42:29.649  2396  2396 F DEBUG   : ABI: 'arm'
05-31 15:42:29.649  2396  2396 F DEBUG   : pid: 5145, tid: 5160, name: Binder_2  >>> /system/bin/mediaserver <<<
05-31 15:42:29.649  2396  2396 F DEBUG   : signal 11 (SIGSEGV), code 1 (SEGV_MAPERR), fault addr 0x0
05-31 15:42:29.649  2918  3001 W NativeCrashListener: Couldn't find ProcessRecord for pid 5145
05-31 15:42:29.656  2396  2396 F DEBUG   :     r0 f46c05c8  r1 f68c96c0  r2 00000000  r3 f7104498
05-31 15:42:29.656  2396  2396 E DEBUG   : AM write failed: Broken pipe
05-31 15:42:29.656  2396  2396 F DEBUG   :     r4 f46c0614  r5 f46c05c8  r6 f46c05cc  r7 f46c060c
05-31 15:42:29.656  2396  2396 F DEBUG   :     r8 000039ec  r9 f68de6a0  sl f710d604  fp f46c0610
05-31 15:42:29.656  2396  2396 F DEBUG   :     ip 00001428  sp f46c05c0  lr f49ad86d  pc 00000000  cpsr 400d0010
05-31 15:42:29.659  2396  2396 F DEBUG   : 
05-31 15:42:29.659  2396  2396 F DEBUG   : backtrace:
05-31 15:42:29.659  2396  2396 F DEBUG   :     #00 pc 00000000  <unknown>
05-31 15:42:29.660  2396  2396 F DEBUG   :     #01 pc 0000586b  /system/vendor/lib/libwvm.so (_ZN7android15IsWidevineMediaERKNS_2spINS_10DataSourceEEE+18)
05-31 15:42:29.660  2396  2396 F DEBUG   :     #02 pc 000ccaa9  /system/lib/libstagefright.so (_ZN7android8SniffWVMERKNS_2spINS_10DataSourceEEEPNS_7String8EPfPNS0_INS_8AMessageEEE+64)
05-31 15:42:29.660  2396  2396 F DEBUG   :     #03 pc 000889b3  /system/lib/libstagefright.so (_ZN7android10DataSource5sniffEPNS_7String8EPfPNS_2spINS_8AMessageEEE+150)
05-31 15:42:29.660  2396  2396 F DEBUG   :     #04 pc 000ae0b9  /system/lib/libstagefright.so (_ZN7android14MediaExtractor6CreateERKNS_2spINS_10DataSourceEEEPKc+32)
05-31 15:42:29.660  2396  2396 F DEBUG   :     #05 pc 000c39bb  /system/lib/libstagefright.so (_ZN7android28StagefrightMetadataRetriever13setDataSourceEixx+102)
05-31 15:42:29.660  2396  2396 F DEBUG   :     #06 pc 000485cf  /system/lib/libmediaplayerservice.so (_ZN7android23MetadataRetrieverClient13setDataSourceEixx+230)
05-31 15:42:29.660  2396  2396 F DEBUG   :     #07 pc 0008401f  /system/lib/libmedia.so (_ZN7android24BnMediaMetadataRetriever10onTransactEjRKNS_6ParcelEPS1_j+398)
05-31 15:42:29.660  2396  2396 F DEBUG   :     #08 pc 000199c9  /system/lib/libbinder.so (_ZN7android7BBinder8transactEjRKNS_6ParcelEPS1_j+60)
05-31 15:42:29.660  2396  2396 F DEBUG   :     #09 pc 0001ed5b  /system/lib/libbinder.so (_ZN7android14IPCThreadState14executeCommandEi+550)
05-31 15:42:29.660  2396  2396 F DEBUG   :     #10 pc 0001eec5  /system/lib/libbinder.so (_ZN7android14IPCThreadState20getAndExecuteCommandEv+64)
05-31 15:42:29.660  2396  2396 F DEBUG   :     #11 pc 0001ef29  /system/lib/libbinder.so (_ZN7android14IPCThreadState14joinThreadPoolEb+48)
05-31 15:42:29.660  2396  2396 F DEBUG   :     #12 pc 000239d5  /system/lib/libbinder.so
05-31 15:42:29.660  2396  2396 F DEBUG   :     #13 pc 00010075  /system/lib/libutils.so (_ZN7android6Thread11_threadLoopEPv+112)
05-31 15:42:29.660  2396  2396 F DEBUG   :     #14 pc 0003f8a7  /system/lib/libc.so (_ZL15__pthread_startPv+30)
05-31 15:42:29.660  2396  2396 F DEBUG   :     #15 pc 00019f73  /system/lib/libc.so (__start_thread+6)
05-31 15:42:29.764  2396  2396 F DEBUG   : 
05-31 15:42:29.764  2396  2396 F DEBUG   : Tombstone written to: /data/tombstones/tombstone_01
05-31 15:42:29.765  2918  2935 I BootReceiver: Copying /data/tombstones/tombstone_01 to DropBox (SYSTEM_TOMBSTONE)
05-31 15:42:29.785  2381  2381 I ServiceManager: service 'media.audio_flinger' died
05-31 15:42:29.785  3002  3014 W MediaMetadataRetriever: MediaMetadataRetriever server died!
05-31 15:42:29.785  2381  2381 I ServiceManager: service 'media.player' died
05-31 15:42:29.785  2381  2381 I ServiceManager: service 'media.resource_manager' died
05-31 15:42:29.785  2381  2381 I ServiceManager: service 'media.camera' died
05-31 15:42:29.785  2381  2381 I ServiceManager: service 'media.radio' died
05-31 15:42:29.786  2381  2381 I ServiceManager: service 'media.sound_trigger_hw' died
05-31 15:42:29.786  2381  2381 I ServiceManager: service 'media.audio_policy' died
05-31 15:42:29.789  3002  3606 I ServiceManager: Waiting for service media.player...
05-31 15:42:30.790  3002  3606 I ServiceManager: Waiting for service media.player...
05-31 15:42:31.790  3002  3606 I ServiceManager: Waiting for service media.player...
05-31 15:42:32.791  3002  3606 I ServiceManager: Waiting for service media.player...
05-31 15:42:33.792  3002  3606 I ServiceManager: Waiting for service media.player...
05-31 15:42:34.124  5166  5166 I chatty  : uid=1013(media) /system/bin/mediaserver expire 228 lines
05-31 15:42:34.329  5166  5169 I chatty  : uid=1013(media) /system/bin/mediaserver expire 2 lines
05-31 15:42:34.419  5166  5172 I chatty  : uid=1013(media) /system/bin/mediaserver expire 2 lines
05-31 15:42:34.499  5166  5173 I chatty  : uid=1013(media) /system/bin/mediaserver expire 2 lines
05-31 15:42:34.617  5166  5175 I chatty  : uid=1013(media) /system/bin/mediaserver expire 2 lines
05-31 15:42:34.662  5166  5166 I chatty  : uid=1013(media) /system/bin/mediaserver expire 24 lines
05-31 15:42:34.663  5166  5179 I chatty  : uid=1013(media) /system/bin/mediaserver expire 1 line
05-31 15:42:34.792  3002  3606 W MediaMetadataRetriever: MediaPlayerService not published, waiting...
05-31 15:42:35.306  5166  5181 F libc    : Fatal signal 11 (SIGSEGV), code 1, fault addr 0x0 in tid 5181 (Binder_2)
05-31 15:42:35.357  2396  2396 F DEBUG   : *** *** *** *** *** *** *** *** *** *** *** *** *** *** *** ***
05-31 15:42:35.357  2396  2396 F DEBUG   : Build fingerprint: 'Huawei/aosp_alice/alice:6.0.1/MOB31T/haky8605311527:userdebug/test-keys'
05-31 15:42:35.357  2396  2396 F DEBUG   : Revision: '0'
05-31 15:42:35.357  2396  2396 F DEBUG   : ABI: 'arm'
05-31 15:42:35.357  2918  3001 W NativeCrashListener: Couldn't find ProcessRecord for pid 5166
05-31 15:42:35.357  2396  2396 F DEBUG   : pid: 5166, tid: 5181, name: Binder_2  >>> /system/bin/mediaserver <<<
05-31 15:42:35.357  2396  2396 F DEBUG   : signal 11 (SIGSEGV), code 1 (SEGV_MAPERR), fault addr 0x0
05-31 15:42:35.364  2396  2396 F DEBUG   :     r0 f46c05c8  r1 f68c96c0  r2 00000000  r3 f7104498
05-31 15:42:35.364  2396  2396 E DEBUG   : AM write failed: Broken pipe
05-31 15:42:35.364  2396  2396 F DEBUG   :     r4 f46c0614  r5 f46c05c8  r6 f46c05cc  r7 f46c060c
05-31 15:42:35.364  2396  2396 F DEBUG   :     r8 000039ec  r9 f68de6a0  sl f710d604  fp f46c0610
05-31 15:42:35.364  2396  2396 F DEBUG   :     ip 0000143d  sp f46c05c0  lr f49ad86d  pc 00000000  cpsr 400d0010
05-31 15:42:35.368  2396  2396 F DEBUG   : 
05-31 15:42:35.368  2396  2396 F DEBUG   : backtrace:
05-31 15:42:35.368  2396  2396 F DEBUG   :     #00 pc 00000000  <unknown>
05-31 15:42:35.368  2396  2396 F DEBUG   :     #01 pc 0000586b  /system/vendor/lib/libwvm.so (_ZN7android15IsWidevineMediaERKNS_2spINS_10DataSourceEEE+18)
05-31 15:42:35.368  2396  2396 F DEBUG   :     #02 pc 000ccaa9  /system/lib/libstagefright.so (_ZN7android8SniffWVMERKNS_2spINS_10DataSourceEEEPNS_7String8EPfPNS0_INS_8AMessageEEE+64)
05-31 15:42:35.368  2396  2396 F DEBUG   :     #03 pc 000889b3  /system/lib/libstagefright.so (_ZN7android10DataSource5sniffEPNS_7String8EPfPNS_2spINS_8AMessageEEE+150)
05-31 15:42:35.368  2396  2396 F DEBUG   :     #04 pc 000ae0b9  /system/lib/libstagefright.so (_ZN7android14MediaExtractor6CreateERKNS_2spINS_10DataSourceEEEPKc+32)
05-31 15:42:35.368  2396  2396 F DEBUG   :     #05 pc 000c39bb  /system/lib/libstagefright.so (_ZN7android28StagefrightMetadataRetriever13setDataSourceEixx+102)
05-31 15:42:35.368  2396  2396 F DEBUG   :     #06 pc 000485cf  /system/lib/libmediaplayerservice.so (_ZN7android23MetadataRetrieverClient13setDataSourceEixx+230)
05-31 15:42:35.368  2396  2396 F DEBUG   :     #07 pc 0008401f  /system/lib/libmedia.so (_ZN7android24BnMediaMetadataRetriever10onTransactEjRKNS_6ParcelEPS1_j+398)
05-31 15:42:35.368  2396  2396 F DEBUG   :     #08 pc 000199c9  /system/lib/libbinder.so (_ZN7android7BBinder8transactEjRKNS_6ParcelEPS1_j+60)
05-31 15:42:35.368  2396  2396 F DEBUG   :     #09 pc 0001ed5b  /system/lib/libbinder.so (_ZN7android14IPCThreadState14executeCommandEi+550)
05-31 15:42:35.368  2396  2396 F DEBUG   :     #10 pc 0001eec5  /system/lib/libbinder.so (_ZN7android14IPCThreadState20getAndExecuteCommandEv+64)
05-31 15:42:35.368  2396  2396 F DEBUG   :     #11 pc 0001ef29  /system/lib/libbinder.so (_ZN7android14IPCThreadState14joinThreadPoolEb+48)
05-31 15:42:35.368  2396  2396 F DEBUG   :     #12 pc 000239d5  /system/lib/libbinder.so
05-31 15:42:35.368  2396  2396 F DEBUG   :     #13 pc 00010075  /system/lib/libutils.so (_ZN7android6Thread11_threadLoopEPv+112)
05-31 15:42:35.368  2396  2396 F DEBUG   :     #14 pc 0003f8a7  /system/lib/libc.so (_ZL15__pthread_startPv+30)
05-31 15:42:35.368  2396  2396 F DEBUG   :     #15 pc 00019f73  /system/lib/libc.so (__start_thread+6)
05-31 15:42:35.473  2396  2396 F DEBUG   : 
05-31 15:42:35.473  2396  2396 F DEBUG   : Tombstone written to: /data/tombstones/tombstone_02
05-31 15:42:35.473  2918  2935 I BootReceiver: Copying /data/tombstones/tombstone_02 to DropBox (SYSTEM_TOMBSTONE)
05-31 15:42:35.488  2381  2381 I ServiceManager: service 'media.audio_flinger' died
05-31 15:42:35.488  2381  2381 I ServiceManager: service 'media.player' died
05-31 15:42:35.488  3002  3013 W MediaMetadataRetriever: MediaMetadataRetriever server died!
05-31 15:42:35.488  2381  2381 I ServiceManager: service 'media.resource_manager' died
05-31 15:42:35.488  2381  2381 I ServiceManager: service 'media.camera' died
05-31 15:42:35.488  2381  2381 I ServiceManager: service 'media.radio' died
05-31 15:42:35.489  2381  2381 I ServiceManager: service 'media.sound_trigger_hw' died
05-31 15:42:35.489  2381  2381 I ServiceManager: service 'media.audio_policy' died
05-31 15:42:35.493  3002  3606 I ServiceManager: Waiting for service media.player...
05-31 15:42:36.494  3002  3606 I ServiceManager: Waiting for service media.player...
05-31 15:42:37.494  3002  3606 I ServiceManager: Waiting for service media.player...
05-31 15:42:38.495  3002  3606 I ServiceManager: Waiting for service media.player...
05-31 15:42:38.827  5187  5187 I chatty  : uid=1013(media) /system/bin/mediaserver expire 222 lines
05-31 15:42:39.031  5187  5190 I chatty  : uid=1013(media) /system/bin/mediaserver expire 2 lines
05-31 15:42:39.119  5187  5193 I chatty  : uid=1013(media) /system/bin/mediaserver expire 2 lines
05-31 15:42:39.199  5187  5194 I chatty  : uid=1013(media) /system/bin/mediaserver expire 2 lines
05-31 15:42:39.317  5187  5196 I chatty  : uid=1013(media) /system/bin/mediaserver expire 2 lines
05-31 15:42:39.359  5187  5187 I chatty  : uid=1013(media) /system/bin/mediaserver expire 30 lines
05-31 15:42:39.363  5187  5200 I chatty  : uid=1013(media) /system/bin/mediaserver expire 1 line
05-31 15:42:39.508  5187  5202 F libc    : Fatal signal 11 (SIGSEGV), code 1, fault addr 0x0 in tid 5202 (Binder_2)
05-31 15:42:39.560  2396  2396 F DEBUG   : *** *** *** *** *** *** *** *** *** *** *** *** *** *** *** ***
05-31 15:42:39.560  2396  2396 F DEBUG   : Build fingerprint: 'Huawei/aosp_alice/alice:6.0.1/MOB31T/haky8605311527:userdebug/test-keys'
05-31 15:42:39.560  2396  2396 F DEBUG   : Revision: '0'
05-31 15:42:39.560  2396  2396 F DEBUG   : ABI: 'arm'
05-31 15:42:39.560  2396  2396 F DEBUG   : pid: 5187, tid: 5202, name: Binder_2  >>> /system/bin/mediaserver <<<
05-31 15:42:39.560  2396  2396 F DEBUG   : signal 11 (SIGSEGV), code 1 (SEGV_MAPERR), fault addr 0x0
05-31 15:42:39.560  2918  3001 W NativeCrashListener: Couldn't find ProcessRecord for pid 5187
05-31 15:42:39.566  2396  2396 F DEBUG   :     r0 f46805c8  r1 f68c96c0  r2 00000000  r3 f7104498
05-31 15:42:39.566  2396  2396 E DEBUG   : AM write failed: Broken pipe
05-31 15:42:39.566  2396  2396 F DEBUG   :     r4 f4680614  r5 f46805c8  r6 f46805cc  r7 f468060c
05-31 15:42:39.566  2396  2396 F DEBUG   :     r8 000039ec  r9 f68de6a0  sl f710d604  fp f4680610
05-31 15:42:39.566  2396  2396 F DEBUG   :     ip 00001452  sp f46805c0  lr f496c86d  pc 00000000  cpsr 400d0010
05-31 15:42:39.570  2396  2396 F DEBUG   : 
05-31 15:42:39.570  2396  2396 F DEBUG   : backtrace:
05-31 15:42:39.570  2396  2396 F DEBUG   :     #00 pc 00000000  <unknown>
05-31 15:42:39.570  2396  2396 F DEBUG   :     #01 pc 0000586b  /system/vendor/lib/libwvm.so (_ZN7android15IsWidevineMediaERKNS_2spINS_10DataSourceEEE+18)
05-31 15:42:39.570  2396  2396 F DEBUG   :     #02 pc 000ccaa9  /system/lib/libstagefright.so (_ZN7android8SniffWVMERKNS_2spINS_10DataSourceEEEPNS_7String8EPfPNS0_INS_8AMessageEEE+64)
05-31 15:42:39.570  2396  2396 F DEBUG   :     #03 pc 000889b3  /system/lib/libstagefright.so (_ZN7android10DataSource5sniffEPNS_7String8EPfPNS_2spINS_8AMessageEEE+150)
05-31 15:42:39.570  2396  2396 F DEBUG   :     #04 pc 000ae0b9  /system/lib/libstagefright.so (_ZN7android14MediaExtractor6CreateERKNS_2spINS_10DataSourceEEEPKc+32)
05-31 15:42:39.570  2396  2396 F DEBUG   :     #05 pc 000c39bb  /system/lib/libstagefright.so (_ZN7android28StagefrightMetadataRetriever13setDataSourceEixx+102)
05-31 15:42:39.570  2396  2396 F DEBUG   :     #06 pc 000485cf  /system/lib/libmediaplayerservice.so (_ZN7android23MetadataRetrieverClient13setDataSourceEixx+230)
05-31 15:42:39.570  2396  2396 F DEBUG   :     #07 pc 0008401f  /system/lib/libmedia.so (_ZN7android24BnMediaMetadataRetriever10onTransactEjRKNS_6ParcelEPS1_j+398)
05-31 15:42:39.570  2396  2396 F DEBUG   :     #08 pc 000199c9  /system/lib/libbinder.so (_ZN7android7BBinder8transactEjRKNS_6ParcelEPS1_j+60)
05-31 15:42:39.570  2396  2396 F DEBUG   :     #09 pc 0001ed5b  /system/lib/libbinder.so (_ZN7android14IPCThreadState14executeCommandEi+550)
05-31 15:42:39.570  2396  2396 F DEBUG   :     #10 pc 0001eec5  /system/lib/libbinder.so (_ZN7android14IPCThreadState20getAndExecuteCommandEv+64)
05-31 15:42:39.570  2396  2396 F DEBUG   :     #11 pc 0001ef29  /system/lib/libbinder.so (_ZN7android14IPCThreadState14joinThreadPoolEb+48)
05-31 15:42:39.570  2396  2396 F DEBUG   :     #12 pc 000239d5  /system/lib/libbinder.so
05-31 15:42:39.570  2396  2396 F DEBUG   :     #13 pc 00010075  /system/lib/libutils.so (_ZN7android6Thread11_threadLoopEPv+112)
05-31 15:42:39.571  2396  2396 F DEBUG   :     #14 pc 0003f8a7  /system/lib/libc.so (_ZL15__pthread_startPv+30)
05-31 15:42:39.571  2396  2396 F DEBUG   :     #15 pc 00019f73  /system/lib/libc.so (__start_thread+6)
05-31 15:42:39.674  2396  2396 F DEBUG   : 
05-31 15:42:39.674  2396  2396 F DEBUG   : Tombstone written to: /data/tombstones/tombstone_03
05-31 15:42:39.675  2918  2935 I BootReceiver: Copying /data/tombstones/tombstone_03 to DropBox (SYSTEM_TOMBSTONE)
05-31 15:42:39.688  2381  2381 I ServiceManager: service 'media.audio_flinger' died
05-31 15:42:39.688  3002  3014 W MediaMetadataRetriever: MediaMetadataRetriever server died!
05-31 15:42:39.688  2381  2381 I ServiceManager: service 'media.player' died
05-31 15:42:39.688  2381  2381 I ServiceManager: service 'media.resource_manager' died
05-31 15:42:39.688  2381  2381 I ServiceManager: service 'media.camera' died
05-31 15:42:39.688  2381  2381 I ServiceManager: service 'media.radio' died
05-31 15:42:39.688  2381  2381 I ServiceManager: service 'media.sound_trigger_hw' died
05-31 15:42:39.688  2381  2381 I ServiceManager: service 'media.audio_policy' died
05-31 15:42:39.693  3002  3606 I ServiceManager: Waiting for service media.player...
05-31 15:42:40.693  3002  3606 I ServiceManager: Waiting for service media.player...
05-31 15:42:41.039  2918  2957 I PowerManagerService: Waking up from sleep (uid 1000)...
05-31 15:42:41.039  2918  2918 V KeyguardServiceDelegate: onStartedWakingUp()
05-31 15:42:41.039  2918  2939 I DisplayPowerController: Blocking screen on until initial contents have been drawn.
05-31 15:42:41.039  2918  2939 V KeyguardServiceDelegate: onScreenTurnedOn(showListener = com.android.server.policy.PhoneWindowManager$2@f8b13a8)
05-31 15:42:41.041  2918  2939 D Sensors : sensors_poll_context_t->activate(handle: 3, enabled: 1)
05-31 15:42:41.041  2918  2939 D Sensors : virtual int LightSensor::enable(int32_t, int): fd (131 ),flags(1), mEnabled(0),input_sys_path (/sys/class/sensors/als_sensor/enable)
05-31 15:42:41.042  2918  2967 D WifiConfigStore: Retrieve network priorities after PNO.
05-31 15:42:41.042  2918  2939 D Sensors : sensors_poll_context_t->setDelay(handle: 3, ns: 250000000)
05-31 15:42:41.042  2918  2939 D Sensors : LightSensor: setDelay,fd (131 ),input_sys_path (/sys/class/sensors/als_sensor/set_delay)
05-31 15:42:41.042  2918  2967 E WifiStateMachine:  Fail to set up pno, want false now false
05-31 15:42:41.043  2918  2937 I DisplayManagerService: Display device changed state: "Built-in Screen", ON
05-31 15:42:41.049  2382  2382 D SurfaceFlinger: Set power mode=2, type=0 flinger=0x7fb77c3c00
05-31 15:42:41.054  2918  2918 I ServiceManager: Waiting for service media.audio_flinger...
05-31 15:42:41.064  2918  3092 V KeyguardServiceDelegate: **** SHOWN CALLED ****
05-31 15:42:41.104  2918  2933 D Sensors : sensors_poll_context_t->activate(handle: 0, enabled: 1)
05-31 15:42:41.104  2918  2933 D Sensors : AccelerometerSensor:virtual int AccelerometerSensor::enable(int32_t, int): fd (173 ),en (1),flags(1), mEnabled(0),input_sys_path (/sys/class/sensors/acc_sensor/enable)
05-31 15:42:41.120  2918  2933 D Sensors : sensors_poll_context_t->setDelay(handle: 0, ns: 66667000)
05-31 15:42:41.120  2918  2933 D Sensors : AccelerometerSensor:set delay,input_sysfs_path (/sys/class/sensors/acc_sensor/set_delay)
05-31 15:42:41.120  2918  2933 D Sensors : AccelerometerSensor:virtual int AccelerometerSensor::setDelay(int32_t, int64_t): fd (173 ),input_sys_path (/sys/class/sensors/acc_sensor/set_delay)
05-31 15:42:41.126  2918  2939 I DisplayPowerController: Unblocked screen on after 87 ms
05-31 15:42:41.127  2918  2939 V KeyguardServiceDelegate: onScreenTurnedOn()
05-31 15:42:41.127  2918  2989 D         : file:device/hisi/common/liblights/lights.c, func:set_light_backlight, brightness=15
05-31 15:42:41.134  2918  2989 D         : file:device/hisi/common/liblights/lights.c, func:set_light_backlight, brightness=18
05-31 15:42:41.151  2918  2989 D         : file:device/hisi/common/liblights/lights.c, func:set_light_backlight, brightness=22
05-31 15:42:41.168  2918  2989 D         : file:device/hisi/common/liblights/lights.c, func:set_light_backlight, brightness=25
05-31 15:42:41.184  2918  2989 D         : file:device/hisi/common/liblights/lights.c, func:set_light_backlight, brightness=28
05-31 15:42:41.201  2918  2989 D         : file:device/hisi/common/liblights/lights.c, func:set_light_backlight, brightness=32
05-31 15:42:41.218  2918  2989 D         : file:device/hisi/common/liblights/lights.c, func:set_light_backlight, brightness=35
05-31 15:42:41.235  2918  2989 D         : file:device/hisi/common/liblights/lights.c, func:set_light_backlight, brightness=38
05-31 15:42:41.251  2918  2989 D         : file:device/hisi/common/liblights/lights.c, func:set_light_backlight, brightness=42
05-31 15:42:41.268  2918  2989 D         : file:device/hisi/common/liblights/lights.c, func:set_light_backlight, brightness=45
05-31 15:42:41.285  2918  2989 D         : file:device/hisi/common/liblights/lights.c, func:set_light_backlight, brightness=48
05-31 15:42:41.301  2918  2989 D         : file:device/hisi/common/liblights/lights.c, func:set_light_backlight, brightness=52
05-31 15:42:41.318  2918  2989 D         : file:device/hisi/common/liblights/lights.c, func:set_light_backlight, brightness=55
05-31 15:42:41.335  2918  2989 D         : file:device/hisi/common/liblights/lights.c, func:set_light_backlight, brightness=58
05-31 15:42:41.351  2918  2989 D         : file:device/hisi/common/liblights/lights.c, func:set_light_backlight, brightness=62
05-31 15:42:41.368  2918  2989 D         : file:device/hisi/common/liblights/lights.c, func:set_light_backlight, brightness=65
05-31 15:42:41.385  2918  2989 D         : file:device/hisi/common/liblights/lights.c, func:set_light_backlight, brightness=68
05-31 15:42:41.401  2918  2989 D         : file:device/hisi/common/liblights/lights.c, func:set_light_backlight, brightness=72
05-31 15:42:41.418  2918  2989 D         : file:device/hisi/common/liblights/lights.c, func:set_light_backlight, brightness=75
05-31 15:42:41.435  2918  2989 D         : file:device/hisi/common/liblights/lights.c, func:set_light_backlight, brightness=77
05-31 15:42:41.694  3002  3606 I ServiceManager: Waiting for service media.player...
05-31 15:42:41.906  3026  3026 D PhoneStatusBar: disable: < expand ICONS alerts SYSTEM_INFO back HOME RECENT clock SEARCH quick_settings >
05-31 15:42:41.924  3026  3026 I ServiceManager: Waiting for service media.audio_policy...
05-31 15:42:42.054  2918  2918 I ServiceManager: Waiting for service media.audio_flinger...
05-31 15:42:42.695  3002  3606 I ServiceManager: Waiting for service media.player...
05-31 15:42:42.925  3026  3026 I ServiceManager: Waiting for service media.audio_policy...
05-31 15:42:43.055  2918  2918 I ServiceManager: Waiting for service media.audio_flinger...
05-31 15:42:43.696  3002  3606 I ServiceManager: Waiting for service media.player...
05-31 15:42:43.925  3026  3026 I ServiceManager: Waiting for service media.audio_policy...
05-31 15:42:44.030  5208  5208 I chatty  : uid=1013(media) /system/bin/mediaserver expire 216 lines
05-31 15:42:44.233  5208  5211 I chatty  : uid=1013(media) /system/bin/mediaserver expire 2 lines
05-31 15:42:44.319  5208  5214 I chatty  : uid=1013(media) /system/bin/mediaserver expire 2 lines
05-31 15:42:44.399  5208  5215 I chatty  : uid=1013(media) /system/bin/mediaserver expire 2 lines
05-31 15:42:44.517  5208  5217 I chatty  : uid=1013(media) /system/bin/mediaserver expire 2 lines
05-31 15:42:44.552  5208  5208 I chatty  : uid=1013(media) /system/bin/mediaserver expire 36 lines
05-31 15:42:44.562  5208  5221 I chatty  : uid=1013(media) /system/bin/mediaserver expire 3 lines
05-31 15:42:44.565  5208  5223 I chatty  : uid=1013(media) /system/bin/mediaserver expire 2 lines
05-31 15:42:44.565  2918  2918 I Choreographer: Skipped 209 frames!  The application may be doing too much work on its main thread.
05-31 15:42:44.696  3002  3606 W MediaMetadataRetriever: MediaPlayerService not published, waiting...
05-31 15:42:44.927  5208  5222 I chatty  : uid=1013(media) /system/bin/mediaserver expire 2 lines
05-31 15:42:44.929  3026  3026 E AudioTrack: Could not get audio output for session 5, stream type -1, usage 13, sample rate 44100, format 0x1, channel mask 0x3, flags 0x4
05-31 15:42:44.929  3026  3026 E SoundPool: Error creating AudioTrack
05-31 15:42:44.930  3026  3026 D PhoneStatusBar: disable: < expand icons* alerts system_info* back HOME RECENT clock SEARCH quick_settings >
05-31 15:42:44.940  3026  3026 I Choreographer: Skipped 180 frames!  The application may be doing too much work on its main thread.
05-31 15:42:44.957  2918  3300 W InputMethodManagerService: Window already focused, ignoring focus gain of: com.android.internal.view.IInputMethodClient$Stub$Proxy@4b0f3d9 attribute=android.view.inputmethod.EditorInfo@c7a219e, token = android.os.BinderProxy@e3d517e
05-31 15:42:44.959  2382  3298 I [Gralloc]: alloc w[720] h[96] format[1] usage[3842]
05-31 15:42:44.960  2382  3298 I [Gralloc]: alloc succ handle[0x7fb7303f80] stride[720]
05-31 15:42:44.960  2382  2959 I [Gralloc]: alloc w[720] h[96] format[1] usage[3842]
05-31 15:42:44.961  2382  2959 I [Gralloc]: alloc succ handle[0x7fb7303ce0] stride[720]
05-31 15:42:44.961  2382  2959 I [Gralloc]: alloc w[720] h[96] format[1] usage[3842]
05-31 15:42:44.961  2382  2959 I [Gralloc]: alloc succ handle[0x7fb7304220] stride[720]
05-31 15:42:44.962  2382  2959 I [Gralloc]: alloc w[720] h[96] format[1] usage[3842]
05-31 15:42:44.962  2382  2959 I [Gralloc]: alloc succ handle[0x7fb73045a0] stride[720]
05-31 15:42:44.963  3026  3026 D PhoneStatusBar: disable: < expand icons alerts system_info back home* recent* clock search* quick_settings >
05-31 15:42:45.209  5208  5223 F libc    : Fatal signal 11 (SIGSEGV), code 1, fault addr 0x0 in tid 5223 (Binder_2)
05-31 15:42:45.257  2382  2531 I [Gralloc]: alloc w[720] h[48] format[1] usage[3842]
05-31 15:42:45.257  2382  2531 I [Gralloc]: alloc succ handle[0x7fb729e460] stride[720]
05-31 15:42:45.260  2396  2396 F DEBUG   : *** *** *** *** *** *** *** *** *** *** *** *** *** *** *** ***
05-31 15:42:45.260  2396  2396 F DEBUG   : Build fingerprint: 'Huawei/aosp_alice/alice:6.0.1/MOB31T/haky8605311527:userdebug/test-keys'
05-31 15:42:45.260  2396  2396 F DEBUG   : Revision: '0'
05-31 15:42:45.260  2396  2396 F DEBUG   : ABI: 'arm'
05-31 15:42:45.260  2918  3001 W NativeCrashListener: Couldn't find ProcessRecord for pid 5208
05-31 15:42:45.260  2396  2396 F DEBUG   : pid: 5208, tid: 5223, name: Binder_2  >>> /system/bin/mediaserver <<<
05-31 15:42:45.260  2396  2396 F DEBUG   : signal 11 (SIGSEGV), code 1 (SEGV_MAPERR), fault addr 0x0
05-31 15:42:45.260  2396  2396 E DEBUG   : AM write failed: Broken pipe
05-31 15:42:45.267  2396  2396 F DEBUG   :     r0 f46c05c8  r1 f68c9700  r2 00000000  r3 f7104498
05-31 15:42:45.267  2396  2396 F DEBUG   :     r4 f46c0614  r5 f46c05c8  r6 f46c05cc  r7 f46c060c
05-31 15:42:45.267  2396  2396 F DEBUG   :     r8 000039ec  r9 f68de700  sl f710d604  fp f46c0610
05-31 15:42:45.267  2396  2396 F DEBUG   :     ip 00001467  sp f46c05c0  lr f49ad86d  pc 00000000  cpsr 400d0010
05-31 15:42:45.268  2382  3298 I [Gralloc]: alloc w[720] h[48] format[1] usage[3842]
05-31 15:42:45.268  2382  3298 I [Gralloc]: alloc succ handle[0x7fb73043e0] stride[720]
05-31 15:42:45.271  2396  2396 F DEBUG   : 
05-31 15:42:45.271  2396  2396 F DEBUG   : backtrace:
05-31 15:42:45.271  2396  2396 F DEBUG   :     #00 pc 00000000  <unknown>
05-31 15:42:45.271  2396  2396 F DEBUG   :     #01 pc 0000586b  /system/vendor/lib/libwvm.so (_ZN7android15IsWidevineMediaERKNS_2spINS_10DataSourceEEE+18)
05-31 15:42:45.271  2396  2396 F DEBUG   :     #02 pc 000ccaa9  /system/lib/libstagefright.so (_ZN7android8SniffWVMERKNS_2spINS_10DataSourceEEEPNS_7String8EPfPNS0_INS_8AMessageEEE+64)
05-31 15:42:45.271  2396  2396 F DEBUG   :     #03 pc 000889b3  /system/lib/libstagefright.so (_ZN7android10DataSource5sniffEPNS_7String8EPfPNS_2spINS_8AMessageEEE+150)
05-31 15:42:45.271  2396  2396 F DEBUG   :     #04 pc 000ae0b9  /system/lib/libstagefright.so (_ZN7android14MediaExtractor6CreateERKNS_2spINS_10DataSourceEEEPKc+32)
05-31 15:42:45.271  2396  2396 F DEBUG   :     #05 pc 000c39bb  /system/lib/libstagefright.so (_ZN7android28StagefrightMetadataRetriever13setDataSourceEixx+102)
05-31 15:42:45.271  2396  2396 F DEBUG   :     #06 pc 000485cf  /system/lib/libmediaplayerservice.so (_ZN7android23MetadataRetrieverClient13setDataSourceEixx+230)
05-31 15:42:45.271  2396  2396 F DEBUG   :     #07 pc 0008401f  /system/lib/libmedia.so (_ZN7android24BnMediaMetadataRetriever10onTransactEjRKNS_6ParcelEPS1_j+398)
05-31 15:42:45.271  2396  2396 F DEBUG   :     #08 pc 000199c9  /system/lib/libbinder.so (_ZN7android7BBinder8transactEjRKNS_6ParcelEPS1_j+60)
05-31 15:42:45.271  2396  2396 F DEBUG   :     #09 pc 0001ed5b  /system/lib/libbinder.so (_ZN7android14IPCThreadState14executeCommandEi+550)
05-31 15:42:45.271  2396  2396 F DEBUG   :     #10 pc 0001eec5  /system/lib/libbinder.so (_ZN7android14IPCThreadState20getAndExecuteCommandEv+64)
05-31 15:42:45.271  2396  2396 F DEBUG   :     #11 pc 0001ef29  /system/lib/libbinder.so (_ZN7android14IPCThreadState14joinThreadPoolEb+48)
05-31 15:42:45.271  2396  2396 F DEBUG   :     #12 pc 000239d5  /system/lib/libbinder.so
05-31 15:42:45.271  2396  2396 F DEBUG   :     #13 pc 00010075  /system/lib/libutils.so (_ZN7android6Thread11_threadLoopEPv+112)
05-31 15:42:45.272  2396  2396 F DEBUG   :     #14 pc 0003f8a7  /system/lib/libc.so (_ZL15__pthread_startPv+30)
05-31 15:42:45.272  2396  2396 F DEBUG   :     #15 pc 00019f73  /system/lib/libc.so (__start_thread+6)
05-31 15:42:45.378  2396  2396 F DEBUG   : 
05-31 15:42:45.378  2396  2396 F DEBUG   : Tombstone written to: /data/tombstones/tombstone_04
05-31 15:42:45.379  2918  2935 I BootReceiver: Copying /data/tombstones/tombstone_04 to DropBox (SYSTEM_TOMBSTONE)
05-31 15:42:45.383  2381  2381 I ServiceManager: service 'media.audio_flinger' died
05-31 15:42:45.383  3026  3196 W AudioSystem: AudioFlinger server died!
05-31 15:42:45.384  3002  3014 W MediaMetadataRetriever: MediaMetadataRetriever server died!
05-31 15:42:45.384  3026  3075 W AudioSystem: AudioPolicyService server died!
05-31 15:42:45.385  2381  2381 I ServiceManager: service 'media.player' died
05-31 15:42:45.385  2918  2930 W AudioSystem: AudioFlinger server died!
05-31 15:42:45.385  2381  2381 I ServiceManager: service 'media.resource_manager' died
05-31 15:42:45.386  2381  2381 I ServiceManager: service 'media.camera' died
05-31 15:42:45.386  2381  2381 I ServiceManager: service 'media.radio' died
05-31 15:42:45.386  2381  2381 I ServiceManager: service 'media.sound_trigger_hw' died
05-31 15:42:45.386  2381  2381 I ServiceManager: service 'media.audio_policy' died
05-31 15:42:45.390  3002  3606 I ServiceManager: Waiting for service media.player...
05-31 15:42:46.391  3002  3606 I ServiceManager: Waiting for service media.player...
05-31 15:42:47.391  3002  3606 I ServiceManager: Waiting for service media.player...
05-31 15:42:48.392  3002  3606 I ServiceManager: Waiting for service media.player...
05-31 15:42:48.722  5230  5230 I chatty  : uid=1013(media) /system/bin/mediaserver expire 205 lines
05-31 15:42:48.926  5230  5233 I chatty  : uid=1013(media) /system/bin/mediaserver expire 2 lines
05-31 15:42:49.009  5230  5236 I chatty  : uid=1013(media) /system/bin/mediaserver expire 2 lines
05-31 15:42:49.089  5230  5237 I chatty  : uid=1013(media) /system/bin/mediaserver expire 1 line
05-31 15:42:49.207  5230  5239 I chatty  : uid=1013(media) /system/bin/mediaserver expire 2 lines
05-31 15:42:49.239  5230  5230 I chatty  : uid=1013(media) /system/bin/mediaserver expire 47 lines
05-31 15:42:49.239  5230  5237 I chatty  : uid=1013(media) /system/bin/mediaserver expire 1 line
05-31 15:42:49.253  5230  5243 I chatty  : uid=1013(media) /system/bin/mediaserver expire 1 line
05-31 15:42:49.406  5230  5245 F libc    : Fatal signal 11 (SIGSEGV), code 1, fault addr 0x0 in tid 5245 (Binder_2)
05-31 15:42:49.457  2396  2396 F DEBUG   : *** *** *** *** *** *** *** *** *** *** *** *** *** *** *** ***
05-31 15:42:49.457  2396  2396 F DEBUG   : Build fingerprint: 'Huawei/aosp_alice/alice:6.0.1/MOB31T/haky8605311527:userdebug/test-keys'
05-31 15:42:49.457  2396  2396 F DEBUG   : Revision: '0'
05-31 15:42:49.457  2396  2396 F DEBUG   : ABI: 'arm'
05-31 15:42:49.457  2918  3001 W NativeCrashListener: Couldn't find ProcessRecord for pid 5230
05-31 15:42:49.457  2396  2396 F DEBUG   : pid: 5230, tid: 5245, name: Binder_2  >>> /system/bin/mediaserver <<<
05-31 15:42:49.457  2396  2396 F DEBUG   : signal 11 (SIGSEGV), code 1 (SEGV_MAPERR), fault addr 0x0
05-31 15:42:49.464  2396  2396 F DEBUG   :     r0 f46c05c8  r1 f68c96c0  r2 00000000  r3 f7104498
05-31 15:42:49.464  2396  2396 E DEBUG   : AM write failed: Broken pipe
05-31 15:42:49.464  2396  2396 F DEBUG   :     r4 f46c0614  r5 f46c05c8  r6 f46c05cc  r7 f46c060c
05-31 15:42:49.464  2396  2396 F DEBUG   :     r8 000039ec  r9 f68de6a0  sl f710d604  fp f46c0610
05-31 15:42:49.464  2396  2396 F DEBUG   :     ip 0000147d  sp f46c05c0  lr f49ad86d  pc 00000000  cpsr 400d0010
05-31 15:42:49.468  2396  2396 F DEBUG   : 
05-31 15:42:49.468  2396  2396 F DEBUG   : backtrace:
05-31 15:42:49.468  2396  2396 F DEBUG   :     #00 pc 00000000  <unknown>
05-31 15:42:49.468  2396  2396 F DEBUG   :     #01 pc 0000586b  /system/vendor/lib/libwvm.so (_ZN7android15IsWidevineMediaERKNS_2spINS_10DataSourceEEE+18)
05-31 15:42:49.468  2396  2396 F DEBUG   :     #02 pc 000ccaa9  /system/lib/libstagefright.so (_ZN7android8SniffWVMERKNS_2spINS_10DataSourceEEEPNS_7String8EPfPNS0_INS_8AMessageEEE+64)
05-31 15:42:49.468  2396  2396 F DEBUG   :     #03 pc 000889b3  /system/lib/libstagefright.so (_ZN7android10DataSource5sniffEPNS_7String8EPfPNS_2spINS_8AMessageEEE+150)
05-31 15:42:49.468  2396  2396 F DEBUG   :     #04 pc 000ae0b9  /system/lib/libstagefright.so (_ZN7android14MediaExtractor6CreateERKNS_2spINS_10DataSourceEEEPKc+32)
05-31 15:42:49.468  2396  2396 F DEBUG   :     #05 pc 000c39bb  /system/lib/libstagefright.so (_ZN7android28StagefrightMetadataRetriever13setDataSourceEixx+102)
05-31 15:42:49.468  2396  2396 F DEBUG   :     #06 pc 000485cf  /system/lib/libmediaplayerservice.so (_ZN7android23MetadataRetrieverClient13setDataSourceEixx+230)
