05-31 15:42:49.468  2396  2396 F DEBUG   :     #07 pc 0008401f  /system/lib/libmedia.so (_ZN7android24BnMediaMetadataRetriever10onTransactEjRKNS_6ParcelEPS1_j+398)
05-31 15:42:49.468  2396  2396 F DEBUG   :     #08 pc 000199c9  /system/lib/libbinder.so (_ZN7android7BBinder8transactEjRKNS_6ParcelEPS1_j+60)
05-31 15:42:49.468  2396  2396 F DEBUG   :     #09 pc 0001ed5b  /system/lib/libbinder.so (_ZN7android14IPCThreadState14executeCommandEi+550)
05-31 15:42:49.468  2396  2396 F DEBUG   :     #10 pc 0001eec5  /system/lib/libbinder.so (_ZN7android14IPCThreadState20getAndExecuteCommandEv+64)
05-31 15:42:49.468  2396  2396 F DEBUG   :     #11 pc 0001ef29  /system/lib/libbinder.so (_ZN7android14IPCThreadState14joinThreadPoolEb+48)
05-31 15:42:49.468  2396  2396 F DEBUG   :     #12 pc 000239d5  /system/lib/libbinder.so
05-31 15:42:49.468  2396  2396 F DEBUG   :     #13 pc 00010075  /system/lib/libutils.so (_ZN7android6Thread11_threadLoopEPv+112)
05-31 15:42:49.468  2396  2396 F DEBUG   :     #14 pc 0003f8a7  /system/lib/libc.so (_ZL15__pthread_startPv+30)
05-31 15:42:49.468  2396  2396 F DEBUG   :     #15 pc 00019f73  /system/lib/libc.so (__start_thread+6)
05-31 15:42:49.518  2918  2989 D         : file:device/hisi/common/liblights/lights.c, func:set_light_backlight, brightness=76
05-31 15:42:49.535  2918  2989 D         : file:device/hisi/common/liblights/lights.c, func:set_light_backlight, brightness=75
05-31 15:42:49.568  2918  2989 D         : file:device/hisi/common/liblights/lights.c, func:set_light_backlight, brightness=74
05-31 15:42:49.572  2396  2396 F DEBUG   : 
05-31 15:42:49.572  2396  2396 F DEBUG   : Tombstone written to: /data/tombstones/tombstone_05
05-31 15:42:49.572  2918  2935 I BootReceiver: Copying /data/tombstones/tombstone_05 to DropBox (SYSTEM_TOMBSTONE)
05-31 15:42:49.590  2381  2381 I ServiceManager: service 'media.audio_flinger' died
05-31 15:42:49.591  3002  3013 W MediaMetadataRetriever: MediaMetadataRetriever server died!
05-31 15:42:49.591  2381  2381 I ServiceManager: service 'media.player' died
05-31 15:42:49.591  2381  2381 I ServiceManager: service 'media.resource_manager' died
05-31 15:42:49.591  2381  2381 I ServiceManager: service 'media.camera' died
05-31 15:42:49.591  2381  2381 I ServiceManager: service 'media.radio' died
05-31 15:42:49.591  2381  2381 I ServiceManager: service 'media.sound_trigger_hw' died
05-31 15:42:49.591  2381  2381 I ServiceManager: service 'media.audio_policy' died
05-31 15:42:49.595  3002  3606 I ServiceManager: Waiting for service media.player...
05-31 15:42:50.596  3002  3606 I ServiceManager: Waiting for service media.player...
05-31 15:42:51.596  3002  3606 I ServiceManager: Waiting for service media.player...
05-31 15:42:52.597  3002  3606 I ServiceManager: Waiting for service media.player...
05-31 15:42:53.598  3002  3606 I ServiceManager: Waiting for service media.player...
05-31 15:42:53.931  5252  5252 I chatty  : uid=1013(media) /system/bin/mediaserver expire 200 lines
05-31 15:42:54.134  5252  5255 I chatty  : uid=1013(media) /system/bin/mediaserver expire 2 lines
05-31 15:42:54.219  5252  5258 I chatty  : uid=1013(media) /system/bin/mediaserver expire 2 lines
05-31 15:42:54.299  5252  5259 I chatty  : uid=1013(media) /system/bin/mediaserver expire 1 line
05-31 15:42:54.417  5252  5261 I chatty  : uid=1013(media) /system/bin/mediaserver expire 2 lines
05-31 15:42:54.447  5252  5252 I chatty  : uid=1013(media) /system/bin/mediaserver expire 52 lines
05-31 15:42:54.449  5252  5259 I chatty  : uid=1013(media) /system/bin/mediaserver expire 1 line
05-31 15:42:54.462  5252  5265 I chatty  : uid=1013(media) /system/bin/mediaserver expire 3 lines
05-31 15:42:54.598  3002  3606 W MediaMetadataRetriever: MediaPlayerService not published, waiting...
05-31 15:42:55.112  5252  5267 F libc    : Fatal signal 11 (SIGSEGV), code 1, fault addr 0x0 in tid 5267 (Binder_2)
05-31 15:42:55.164  2396  2396 F DEBUG   : *** *** *** *** *** *** *** *** *** *** *** *** *** *** *** ***
05-31 15:42:55.164  2396  2396 F DEBUG   : Build fingerprint: 'Huawei/aosp_alice/alice:6.0.1/MOB31T/haky8605311527:userdebug/test-keys'
05-31 15:42:55.164  2396  2396 F DEBUG   : Revision: '0'
05-31 15:42:55.164  2396  2396 F DEBUG   : ABI: 'arm'
05-31 15:42:55.164  2918  3001 W NativeCrashListener: Couldn't find ProcessRecord for pid 5252
05-31 15:42:55.164  2396  2396 F DEBUG   : pid: 5252, tid: 5267, name: Binder_2  >>> /system/bin/mediaserver <<<
05-31 15:42:55.164  2396  2396 F DEBUG   : signal 11 (SIGSEGV), code 1 (SEGV_MAPERR), fault addr 0x0
05-31 15:42:55.164  2396  2396 E DEBUG   : AM write failed: Broken pipe
05-31 15:42:55.171  2396  2396 F DEBUG   :     r0 f46805c8  r1 f68c96c0  r2 00000000  r3 f7104498
05-31 15:42:55.171  2396  2396 F DEBUG   :     r4 f4680614  r5 f46805c8  r6 f46805cc  r7 f468060c
05-31 15:42:55.171  2396  2396 F DEBUG   :     r8 000039ec  r9 f68de6a0  sl f710d604  fp f4680610
05-31 15:42:55.171  2396  2396 F DEBUG   :     ip 00001493  sp f46805c0  lr f496c86d  pc 00000000  cpsr 400d0010
05-31 15:42:55.174  2396  2396 F DEBUG   : 
05-31 15:42:55.174  2396  2396 F DEBUG   : backtrace:
05-31 15:42:55.174  2396  2396 F DEBUG   :     #00 pc 00000000  <unknown>
05-31 15:42:55.174  2396  2396 F DEBUG   :     #01 pc 0000586b  /system/vendor/lib/libwvm.so (_ZN7android15IsWidevineMediaERKNS_2spINS_10DataSourceEEE+18)
05-31 15:42:55.174  2396  2396 F DEBUG   :     #02 pc 000ccaa9  /system/lib/libstagefright.so (_ZN7android8SniffWVMERKNS_2spINS_10DataSourceEEEPNS_7String8EPfPNS0_INS_8AMessageEEE+64)
05-31 15:42:55.175  2396  2396 F DEBUG   :     #03 pc 000889b3  /system/lib/libstagefright.so (_ZN7android10DataSource5sniffEPNS_7String8EPfPNS_2spINS_8AMessageEEE+150)
05-31 15:42:55.175  2396  2396 F DEBUG   :     #04 pc 000ae0b9  /system/lib/libstagefright.so (_ZN7android14MediaExtractor6CreateERKNS_2spINS_10DataSourceEEEPKc+32)
05-31 15:42:55.175  2396  2396 F DEBUG   :     #05 pc 000c39bb  /system/lib/libstagefright.so (_ZN7android28StagefrightMetadataRetriever13setDataSourceEixx+102)
05-31 15:42:55.175  2396  2396 F DEBUG   :     #06 pc 000485cf  /system/lib/libmediaplayerservice.so (_ZN7android23MetadataRetrieverClient13setDataSourceEixx+230)
05-31 15:42:55.175  2396  2396 F DEBUG   :     #07 pc 0008401f  /system/lib/libmedia.so (_ZN7android24BnMediaMetadataRetriever10onTransactEjRKNS_6ParcelEPS1_j+398)
05-31 15:42:55.175  2396  2396 F DEBUG   :     #08 pc 000199c9  /system/lib/libbinder.so (_ZN7android7BBinder8transactEjRKNS_6ParcelEPS1_j+60)
05-31 15:42:55.175  2396  2396 F DEBUG   :     #09 pc 0001ed5b  /system/lib/libbinder.so (_ZN7android14IPCThreadState14executeCommandEi+550)
05-31 15:42:55.175  2396  2396 F DEBUG   :     #10 pc 0001eec5  /system/lib/libbinder.so (_ZN7android14IPCThreadState20getAndExecuteCommandEv+64)
05-31 15:42:55.175  2396  2396 F DEBUG   :     #11 pc 0001ef29  /system/lib/libbinder.so (_ZN7android14IPCThreadState14joinThreadPoolEb+48)
05-31 15:42:55.175  2396  2396 F DEBUG   :     #12 pc 000239d5  /system/lib/libbinder.so
05-31 15:42:55.175  2396  2396 F DEBUG   :     #13 pc 00010075  /system/lib/libutils.so (_ZN7android6Thread11_threadLoopEPv+112)
05-31 15:42:55.175  2396  2396 F DEBUG   :     #14 pc 0003f8a7  /system/lib/libc.so (_ZL15__pthread_startPv+30)
05-31 15:42:55.175  2396  2396 F DEBUG   :     #15 pc 00019f73  /system/lib/libc.so (__start_thread+6)
05-31 15:42:55.279  2396  2396 F DEBUG   : 
05-31 15:42:55.279  2396  2396 F DEBUG   : Tombstone written to: /data/tombstones/tombstone_06
05-31 15:42:55.280  2918  2935 I BootReceiver: Copying /data/tombstones/tombstone_06 to DropBox (SYSTEM_TOMBSTONE)
05-31 15:42:55.289  2381  2381 I ServiceManager: service 'media.audio_flinger' died
05-31 15:42:55.289  3002  3013 W MediaMetadataRetriever: MediaMetadataRetriever server died!
05-31 15:42:55.289  2381  2381 I ServiceManager: service 'media.player' died
05-31 15:42:55.290  2381  2381 I ServiceManager: service 'media.resource_manager' died
05-31 15:42:55.290  2381  2381 I ServiceManager: service 'media.camera' died
05-31 15:42:55.290  2381  2381 I ServiceManager: service 'media.radio' died
05-31 15:42:55.290  2381  2381 I ServiceManager: service 'media.sound_trigger_hw' died
05-31 15:42:55.290  2381  2381 I ServiceManager: service 'media.audio_policy' died
05-31 15:42:55.293  3002  3606 I ServiceManager: Waiting for service media.player...
05-31 15:42:56.294  3002  3606 I ServiceManager: Waiting for service media.player...
05-31 15:42:57.295  3002  3606 I ServiceManager: Waiting for service media.player...
05-31 15:42:58.295  3002  3606 I ServiceManager: Waiting for service media.player...
05-31 15:42:58.631  5273  5273 I chatty  : uid=1013(media) /system/bin/mediaserver expire 192 lines
05-31 15:42:58.834  5273  5278 I chatty  : uid=1013(media) /system/bin/mediaserver expire 2 lines
05-31 15:42:58.919  5273  5281 I chatty  : uid=1013(media) /system/bin/mediaserver expire 2 lines
05-31 15:42:58.999  5273  5282 I chatty  : uid=1013(media) /system/bin/mediaserver expire 1 line
05-31 15:42:59.117  5273  5284 I chatty  : uid=1013(media) /system/bin/mediaserver expire 2 lines
05-31 15:42:59.146  5273  5273 I chatty  : uid=1013(media) /system/bin/mediaserver expire 60 lines
05-31 15:42:59.148  5273  5282 I chatty  : uid=1013(media) /system/bin/mediaserver expire 1 line
05-31 15:42:59.163  5273  5288 I chatty  : uid=1013(media) /system/bin/mediaserver expire 3 lines
05-31 15:42:59.309  5273  5290 F libc    : Fatal signal 11 (SIGSEGV), code 1, fault addr 0x0 in tid 5290 (Binder_2)
05-31 15:42:59.361  2396  2396 F DEBUG   : *** *** *** *** *** *** *** *** *** *** *** *** *** *** *** ***
05-31 15:42:59.361  2396  2396 F DEBUG   : Build fingerprint: 'Huawei/aosp_alice/alice:6.0.1/MOB31T/haky8605311527:userdebug/test-keys'
05-31 15:42:59.361  2396  2396 F DEBUG   : Revision: '0'
05-31 15:42:59.361  2396  2396 F DEBUG   : ABI: 'arm'
05-31 15:42:59.361  2918  3001 W NativeCrashListener: Couldn't find ProcessRecord for pid 5273
05-31 15:42:59.361  2396  2396 F DEBUG   : pid: 5273, tid: 5290, name: Binder_2  >>> /system/bin/mediaserver <<<
05-31 15:42:59.361  2396  2396 F DEBUG   : signal 11 (SIGSEGV), code 1 (SEGV_MAPERR), fault addr 0x0
05-31 15:42:59.361  2396  2396 E DEBUG   : AM write failed: Broken pipe
05-31 15:42:59.368  2396  2396 F DEBUG   :     r0 f46805c8  r1 f68c96c0  r2 00000000  r3 f7104498
05-31 15:42:59.368  2396  2396 F DEBUG   :     r4 f4680614  r5 f46805c8  r6 f46805cc  r7 f468060c
05-31 15:42:59.368  2396  2396 F DEBUG   :     r8 000039ec  r9 f68de6a0  sl f710d604  fp f4680610
05-31 15:42:59.368  2396  2396 F DEBUG   :     ip 000014aa  sp f46805c0  lr f496c86d  pc 00000000  cpsr 400d0010
05-31 15:42:59.371  2396  2396 F DEBUG   : 
05-31 15:42:59.371  2396  2396 F DEBUG   : backtrace:
05-31 15:42:59.371  2396  2396 F DEBUG   :     #00 pc 00000000  <unknown>
05-31 15:42:59.371  2396  2396 F DEBUG   :     #01 pc 0000586b  /system/vendor/lib/libwvm.so (_ZN7android15IsWidevineMediaERKNS_2spINS_10DataSourceEEE+18)
05-31 15:42:59.371  2396  2396 F DEBUG   :     #02 pc 000ccaa9  /system/lib/libstagefright.so (_ZN7android8SniffWVMERKNS_2spINS_10DataSourceEEEPNS_7String8EPfPNS0_INS_8AMessageEEE+64)
05-31 15:42:59.371  2396  2396 F DEBUG   :     #03 pc 000889b3  /system/lib/libstagefright.so (_ZN7android10DataSource5sniffEPNS_7String8EPfPNS_2spINS_8AMessageEEE+150)
05-31 15:42:59.371  2396  2396 F DEBUG   :     #04 pc 000ae0b9  /system/lib/libstagefright.so (_ZN7android14MediaExtractor6CreateERKNS_2spINS_10DataSourceEEEPKc+32)
05-31 15:42:59.371  2396  2396 F DEBUG   :     #05 pc 000c39bb  /system/lib/libstagefright.so (_ZN7android28StagefrightMetadataRetriever13setDataSourceEixx+102)
05-31 15:42:59.371  2396  2396 F DEBUG   :     #06 pc 000485cf  /system/lib/libmediaplayerservice.so (_ZN7android23MetadataRetrieverClient13setDataSourceEixx+230)
05-31 15:42:59.371  2396  2396 F DEBUG   :     #07 pc 0008401f  /system/lib/libmedia.so (_ZN7android24BnMediaMetadataRetriever10onTransactEjRKNS_6ParcelEPS1_j+398)
05-31 15:42:59.372  2396  2396 F DEBUG   :     #08 pc 000199c9  /system/lib/libbinder.so (_ZN7android7BBinder8transactEjRKNS_6ParcelEPS1_j+60)
05-31 15:42:59.372  2396  2396 F DEBUG   :     #09 pc 0001ed5b  /system/lib/libbinder.so (_ZN7android14IPCThreadState14executeCommandEi+550)
05-31 15:42:59.372  2396  2396 F DEBUG   :     #10 pc 0001eec5  /system/lib/libbinder.so (_ZN7android14IPCThreadState20getAndExecuteCommandEv+64)
05-31 15:42:59.372  2396  2396 F DEBUG   :     #11 pc 0001ef29  /system/lib/libbinder.so (_ZN7android14IPCThreadState14joinThreadPoolEb+48)
05-31 15:42:59.372  2396  2396 F DEBUG   :     #12 pc 000239d5  /system/lib/libbinder.so
05-31 15:42:59.372  2396  2396 F DEBUG   :     #13 pc 00010075  /system/lib/libutils.so (_ZN7android6Thread11_threadLoopEPv+112)
05-31 15:42:59.372  2396  2396 F DEBUG   :     #14 pc 0003f8a7  /system/lib/libc.so (_ZL15__pthread_startPv+30)
05-31 15:42:59.372  2396  2396 F DEBUG   :     #15 pc 00019f73  /system/lib/libc.so (__start_thread+6)
05-31 15:42:59.476  2396  2396 F DEBUG   : 
05-31 15:42:59.476  2396  2396 F DEBUG   : Tombstone written to: /data/tombstones/tombstone_07
05-31 15:42:59.476  2918  2935 I BootReceiver: Copying /data/tombstones/tombstone_07 to DropBox (SYSTEM_TOMBSTONE)
05-31 15:42:59.487  2381  2381 I ServiceManager: service 'media.audio_flinger' died
05-31 15:42:59.487  2381  2381 I ServiceManager: service 'media.player' died
05-31 15:42:59.487  3002  3014 W MediaMetadataRetriever: MediaMetadataRetriever server died!
05-31 15:42:59.487  2381  2381 I ServiceManager: service 'media.resource_manager' died
05-31 15:42:59.487  2381  2381 I ServiceManager: service 'media.camera' died
05-31 15:42:59.487  2381  2381 I ServiceManager: service 'media.radio' died
05-31 15:42:59.487  2381  2381 I ServiceManager: service 'media.sound_trigger_hw' died
05-31 15:42:59.487  2381  2381 I ServiceManager: service 'media.audio_policy' died
05-31 15:42:59.506  3002  3606 I ServiceManager: Waiting for service media.player...
05-31 15:43:00.053  2382  2959 I [Gralloc]: alloc w[720] h[48] format[1] usage[3842]
05-31 15:43:00.053  2382  2959 I [Gralloc]: alloc succ handle[0x7fb7304060] stride[720]
05-31 15:43:00.507  3002  3606 I ServiceManager: Waiting for service media.player...
05-31 15:43:01.507  3002  3606 I ServiceManager: Waiting for service media.player...
05-31 15:43:02.508  3002  3606 I ServiceManager: Waiting for service media.player...
05-31 15:43:03.508  3002  3606 I ServiceManager: Waiting for service media.player...
05-31 15:43:03.624  5299  5299 E Lss     : Unable to open info file /data/gnss/pgps/cell_info.dat
05-31 15:43:03.624  5299  5299 W Lss     : Unable to open file /data/gnss/pgps/data_provider00 for reading
05-31 15:43:03.626  5299  5299 E Lss     : Unable to open file /data/gnss/pgps/gnss_response.dat
05-31 15:43:03.627  5299  5299 W Lss     : Response does not contain status bytes. Len is only : 0
05-31 15:43:03.627  5299  5299 E Lss     : Empty response
05-31 15:43:03.629  5299  5299 W Lss     : Unable to open file /data/gnss/pgps/adgt_data00 for reading
05-31 15:43:03.629  5299  5299 W Lss     : Unable to open file /data/gnss/pgps/adgt_data01 for reading
05-31 15:43:03.629  5299  5299 W Lss     : Unable to open file /data/gnss/pgps/adgt_data02 for reading
05-31 15:43:03.630  5299  5299 W Lss     : Unable to open file /data/gnss/pgps/ephem00 for reading
05-31 15:43:03.630  5299  5299 W Lss     : Unable to open file /data/gnss/pgps/ephem01 for reading
05-31 15:43:03.630  5299  5299 W Lss     : Unable to open file /data/gnss/pgps/ephem02 for reading
05-31 15:43:03.630  5299  5299 W Lss     : Unable to open file /data/gnss/pgps/ephem03 for reading
05-31 15:43:03.630  5299  5299 W Lss     : Unable to open file /data/gnss/pgps/ephem04 for reading
05-31 15:43:03.631  5299  5299 W Lss     : Unable to open file /data/gnss/pgps/ephem05 for reading
05-31 15:43:03.631  5299  5299 W Lss     : Unable to open file /data/gnss/pgps/ephem06 for reading
05-31 15:43:03.631  5299  5299 W Lss     : Unable to open file /data/gnss/pgps/ephem07 for reading
05-31 15:43:03.631  5299  5299 W Lss     : Unable to open file /data/gnss/pgps/ephem08 for reading
05-31 15:43:03.631  5299  5299 W Lss     : Unable to open file /data/gnss/pgps/ephem09 for reading
05-31 15:43:03.631  5299  5299 W Lss     : Unable to open file /data/gnss/pgps/ephem10 for reading
05-31 15:43:03.631  5299  5299 W Lss     : Unable to open file /data/gnss/pgps/ephem11 for reading
05-31 15:43:03.631  5299  5299 W Lss     : Unable to open file /data/gnss/pgps/ephem12 for reading
05-31 15:43:03.631  5299  5299 W Lss     : Unable to open file /data/gnss/pgps/ephem13 for reading
05-31 15:43:03.631  5299  5299 W Lss     : Unable to open file /data/gnss/pgps/ephem14 for reading
05-31 15:43:03.631  5299  5299 W Lss     : Unable to open file /data/gnss/pgps/ephem15 for reading
05-31 15:43:03.631  5299  5299 W Lss     : Unable to open file /data/gnss/pgps/ephem16 for reading
05-31 15:43:03.631  5299  5299 W Lss     : Unable to open file /data/gnss/pgps/ephem17 for reading
05-31 15:43:03.631  5299  5299 W Lss     : Unable to open file /data/gnss/pgps/ephem18 for reading
05-31 15:43:03.631  5299  5299 W Lss     : Unable to open file /data/gnss/pgps/ephem19 for reading
05-31 15:43:03.631  5299  5299 W Lss     : Unable to open file /data/gnss/pgps/ephem20 for reading
05-31 15:43:03.631  5299  5299 W Lss     : Unable to open file /data/gnss/pgps/ephem21 for reading
05-31 15:43:03.632  5299  5299 W Lss     : Unable to open file /data/gnss/pgps/ephem22 for reading
05-31 15:43:03.632  5299  5299 W Lss     : Unable to open file /data/gnss/pgps/ephem23 for reading
05-31 15:43:03.632  5299  5299 W Lss     : Unable to open file /data/gnss/pgps/ephem24 for reading
05-31 15:43:03.632  5299  5299 W Lss     : Unable to open file /data/gnss/pgps/ephem25 for reading
05-31 15:43:03.632  5299  5299 W Lss     : Unable to open file /data/gnss/pgps/ephem26 for reading
05-31 15:43:03.632  5299  5299 W Lss     : Unable to open file /data/gnss/pgps/ephem27 for reading
05-31 15:43:03.632  5299  5299 W Lss     : Unable to open file /data/gnss/pgps/ephem28 for reading
05-31 15:43:03.632  5299  5299 W Lss     : Unable to open file /data/gnss/pgps/ephem29 for reading
05-31 15:43:03.632  5299  5299 W Lss     : Unable to open file /data/gnss/pgps/ephem30 for reading
05-31 15:43:03.632  5299  5299 W Lss     : Unable to open file /data/gnss/pgps/ephem31 for reading
05-31 15:43:03.632  5299  5299 E Lss     : Unable to open info file /data/gnss/pgps/cell_info.dat
05-31 15:43:03.632  5299  5299 W Lss     : No navigation model sequences available
05-31 15:43:03.632  5299  5299 W Lss     : No almanac model sequences available
05-31 15:43:03.632  5299  5299 W Lss     : No Glonass almanacs available
05-31 15:43:03.632  5299  5299 W Lss     : No Beidou almanacs available
05-31 15:43:03.826  5296  5296 I chatty  : uid=1013(media) /system/bin/mediaserver expire 184 lines
05-31 15:43:04.031  5296  5302 I chatty  : uid=1013(media) /system/bin/mediaserver expire 2 lines
05-31 15:43:04.118  5296  5305 I chatty  : uid=1013(media) /system/bin/mediaserver expire 2 lines
05-31 15:43:04.199  5296  5306 I chatty  : uid=1013(media) /system/bin/mediaserver expire 1 line
05-31 15:43:04.317  5296  5308 I chatty  : uid=1013(media) /system/bin/mediaserver expire 2 lines
05-31 15:43:04.321  5296  5296 I chatty  : uid=1013(media) /system/bin/mediaserver expire 68 lines
05-31 15:43:04.348  5296  5306 I chatty  : uid=1013(media) /system/bin/mediaserver expire 1 line
05-31 15:43:04.362  5296  5312 I chatty  : uid=1013(media) /system/bin/mediaserver expire 3 lines
05-31 15:43:04.508  3002  3606 W MediaMetadataRetriever: MediaPlayerService not published, waiting...
05-31 15:43:05.021  5296  5314 F libc    : Fatal signal 11 (SIGSEGV), code 1, fault addr 0x0 in tid 5314 (Binder_2)
05-31 15:43:05.073  2396  2396 F DEBUG   : *** *** *** *** *** *** *** *** *** *** *** *** *** *** *** ***
05-31 15:43:05.073  2396  2396 F DEBUG   : Build fingerprint: 'Huawei/aosp_alice/alice:6.0.1/MOB31T/haky8605311527:userdebug/test-keys'
05-31 15:43:05.073  2396  2396 F DEBUG   : Revision: '0'
05-31 15:43:05.073  2396  2396 F DEBUG   : ABI: 'arm'
05-31 15:43:05.073  2918  3001 W NativeCrashListener: Couldn't find ProcessRecord for pid 5296
05-31 15:43:05.073  2396  2396 F DEBUG   : pid: 5296, tid: 5314, name: Binder_2  >>> /system/bin/mediaserver <<<
05-31 15:43:05.073  2396  2396 F DEBUG   : signal 11 (SIGSEGV), code 1 (SEGV_MAPERR), fault addr 0x0
05-31 15:43:05.080  2396  2396 F DEBUG   :     r0 f46c05c8  r1 f68c96c0  r2 00000000  r3 f7104498
05-31 15:43:05.080  2396  2396 E DEBUG   : AM write failed: Broken pipe
05-31 15:43:05.080  2396  2396 F DEBUG   :     r4 f46c0614  r5 f46c05c8  r6 f46c05cc  r7 f46c060c
05-31 15:43:05.080  2396  2396 F DEBUG   :     r8 000039ec  r9 f68de6a0  sl f710d604  fp f46c0610
05-31 15:43:05.080  2396  2396 F DEBUG   :     ip 000014c2  sp f46c05c0  lr f49ad86d  pc 00000000  cpsr 400d0010
05-31 15:43:05.083  2396  2396 F DEBUG   : 
05-31 15:43:05.083  2396  2396 F DEBUG   : backtrace:
05-31 15:43:05.084  2396  2396 F DEBUG   :     #00 pc 00000000  <unknown>
05-31 15:43:05.084  2396  2396 F DEBUG   :     #01 pc 0000586b  /system/vendor/lib/libwvm.so (_ZN7android15IsWidevineMediaERKNS_2spINS_10DataSourceEEE+18)
05-31 15:43:05.084  2396  2396 F DEBUG   :     #02 pc 000ccaa9  /system/lib/libstagefright.so (_ZN7android8SniffWVMERKNS_2spINS_10DataSourceEEEPNS_7String8EPfPNS0_INS_8AMessageEEE+64)
05-31 15:43:05.084  2396  2396 F DEBUG   :     #03 pc 000889b3  /system/lib/libstagefright.so (_ZN7android10DataSource5sniffEPNS_7String8EPfPNS_2spINS_8AMessageEEE+150)
05-31 15:43:05.084  2396  2396 F DEBUG   :     #04 pc 000ae0b9  /system/lib/libstagefright.so (_ZN7android14MediaExtractor6CreateERKNS_2spINS_10DataSourceEEEPKc+32)
05-31 15:43:05.084  2396  2396 F DEBUG   :     #05 pc 000c39bb  /system/lib/libstagefright.so (_ZN7android28StagefrightMetadataRetriever13setDataSourceEixx+102)
05-31 15:43:05.084  2396  2396 F DEBUG   :     #06 pc 000485cf  /system/lib/libmediaplayerservice.so (_ZN7android23MetadataRetrieverClient13setDataSourceEixx+230)
05-31 15:43:05.084  2396  2396 F DEBUG   :     #07 pc 0008401f  /system/lib/libmedia.so (_ZN7android24BnMediaMetadataRetriever10onTransactEjRKNS_6ParcelEPS1_j+398)
05-31 15:43:05.084  2396  2396 F DEBUG   :     #08 pc 000199c9  /system/lib/libbinder.so (_ZN7android7BBinder8transactEjRKNS_6ParcelEPS1_j+60)
05-31 15:43:05.084  2396  2396 F DEBUG   :     #09 pc 0001ed5b  /system/lib/libbinder.so (_ZN7android14IPCThreadState14executeCommandEi+550)
05-31 15:43:05.084  2396  2396 F DEBUG   :     #10 pc 0001eec5  /system/lib/libbinder.so (_ZN7android14IPCThreadState20getAndExecuteCommandEv+64)
05-31 15:43:05.084  2396  2396 F DEBUG   :     #11 pc 0001ef29  /system/lib/libbinder.so (_ZN7android14IPCThreadState14joinThreadPoolEb+48)
05-31 15:43:05.084  2396  2396 F DEBUG   :     #12 pc 000239d5  /system/lib/libbinder.so
05-31 15:43:05.084  2396  2396 F DEBUG   :     #13 pc 00010075  /system/lib/libutils.so (_ZN7android6Thread11_threadLoopEPv+112)
05-31 15:43:05.084  2396  2396 F DEBUG   :     #14 pc 0003f8a7  /system/lib/libc.so (_ZL15__pthread_startPv+30)
05-31 15:43:05.084  2396  2396 F DEBUG   :     #15 pc 00019f73  /system/lib/libc.so (__start_thread+6)
05-31 15:43:05.189  2396  2396 F DEBUG   : 
05-31 15:43:05.189  2396  2396 F DEBUG   : Tombstone written to: /data/tombstones/tombstone_08
05-31 15:43:05.189  2918  2935 I BootReceiver: Copying /data/tombstones/tombstone_08 to DropBox (SYSTEM_TOMBSTONE)
05-31 15:43:05.198  2381  2381 I ServiceManager: service 'media.audio_flinger' died
05-31 15:43:05.199  3002  3013 W MediaMetadataRetriever: MediaMetadataRetriever server died!
05-31 15:43:05.199  2381  2381 I ServiceManager: service 'media.player' died
05-31 15:43:05.199  2381  2381 I ServiceManager: service 'media.resource_manager' died
05-31 15:43:05.199  2381  2381 I ServiceManager: service 'media.camera' died
05-31 15:43:05.199  2381  2381 I ServiceManager: service 'media.radio' died
05-31 15:43:05.199  2381  2381 I ServiceManager: service 'media.sound_trigger_hw' died
05-31 15:43:05.199  2381  2381 I ServiceManager: service 'media.audio_policy' died
05-31 15:43:05.216  3002  3606 I ServiceManager: Waiting for service media.player...
05-31 15:43:06.217  3002  3606 I ServiceManager: Waiting for service media.player...
05-31 15:43:07.217  3002  3606 I ServiceManager: Waiting for service media.player...
05-31 15:43:08.218  3002  3606 I ServiceManager: Waiting for service media.player...
05-31 15:43:08.538  5320  5320 I chatty  : uid=1013(media) /system/bin/mediaserver expire 176 lines
05-31 15:43:08.742  5320  5323 I chatty  : uid=1013(media) /system/bin/mediaserver expire 2 lines
05-31 15:43:08.830  5320  5326 I chatty  : uid=1013(media) /system/bin/mediaserver expire 2 lines
05-31 15:43:08.909  5320  5327 I chatty  : uid=1013(media) /system/bin/mediaserver expire 1 line
05-31 15:43:09.028  5320  5329 I chatty  : uid=1013(media) /system/bin/mediaserver expire 2 lines
05-31 15:43:09.031  5320  5320 I chatty  : uid=1013(media) /system/bin/mediaserver expire 76 lines
05-31 15:43:09.059  5320  5327 I chatty  : uid=1013(media) /system/bin/mediaserver expire 1 line
05-31 15:43:09.073  5320  5333 I chatty  : uid=1013(media) /system/bin/mediaserver expire 3 lines
05-31 15:43:09.233  5320  5335 F libc    : Fatal signal 11 (SIGSEGV), code 1, fault addr 0x0 in tid 5335 (Binder_2)
05-31 15:43:09.284  2396  2396 F DEBUG   : *** *** *** *** *** *** *** *** *** *** *** *** *** *** *** ***
05-31 15:43:09.285  2396  2396 F DEBUG   : Build fingerprint: 'Huawei/aosp_alice/alice:6.0.1/MOB31T/haky8605311527:userdebug/test-keys'
05-31 15:43:09.285  2396  2396 F DEBUG   : Revision: '0'
05-31 15:43:09.285  2396  2396 F DEBUG   : ABI: 'arm'
05-31 15:43:09.285  2918  3001 W NativeCrashListener: Couldn't find ProcessRecord for pid 5320
05-31 15:43:09.285  2396  2396 F DEBUG   : pid: 5320, tid: 5335, name: Binder_2  >>> /system/bin/mediaserver <<<
05-31 15:43:09.285  2396  2396 F DEBUG   : signal 11 (SIGSEGV), code 1 (SEGV_MAPERR), fault addr 0x0
05-31 15:43:09.291  2396  2396 F DEBUG   :     r0 f46805c8  r1 f68c96c0  r2 00000000  r3 f7104498
05-31 15:43:09.291  2396  2396 E DEBUG   : AM write failed: Broken pipe
05-31 15:43:09.291  2396  2396 F DEBUG   :     r4 f4680614  r5 f46805c8  r6 f46805cc  r7 f468060c
05-31 15:43:09.291  2396  2396 F DEBUG   :     r8 000039ec  r9 f68de6a0  sl f710d604  fp f4680610
05-31 15:43:09.291  2396  2396 F DEBUG   :     ip 000014d7  sp f46805c0  lr f496c86d  pc 00000000  cpsr 400d0010
05-31 15:43:09.295  2396  2396 F DEBUG   : 
05-31 15:43:09.295  2396  2396 F DEBUG   : backtrace:
05-31 15:43:09.295  2396  2396 F DEBUG   :     #00 pc 00000000  <unknown>
05-31 15:43:09.295  2396  2396 F DEBUG   :     #01 pc 0000586b  /system/vendor/lib/libwvm.so (_ZN7android15IsWidevineMediaERKNS_2spINS_10DataSourceEEE+18)
05-31 15:43:09.295  2396  2396 F DEBUG   :     #02 pc 000ccaa9  /system/lib/libstagefright.so (_ZN7android8SniffWVMERKNS_2spINS_10DataSourceEEEPNS_7String8EPfPNS0_INS_8AMessageEEE+64)
05-31 15:43:09.295  2396  2396 F DEBUG   :     #03 pc 000889b3  /system/lib/libstagefright.so (_ZN7android10DataSource5sniffEPNS_7String8EPfPNS_2spINS_8AMessageEEE+150)
05-31 15:43:09.295  2396  2396 F DEBUG   :     #04 pc 000ae0b9  /system/lib/libstagefright.so (_ZN7android14MediaExtractor6CreateERKNS_2spINS_10DataSourceEEEPKc+32)
05-31 15:43:09.295  2396  2396 F DEBUG   :     #05 pc 000c39bb  /system/lib/libstagefright.so (_ZN7android28StagefrightMetadataRetriever13setDataSourceEixx+102)
05-31 15:43:09.295  2396  2396 F DEBUG   :     #06 pc 000485cf  /system/lib/libmediaplayerservice.so (_ZN7android23MetadataRetrieverClient13setDataSourceEixx+230)
05-31 15:43:09.295  2396  2396 F DEBUG   :     #07 pc 0008401f  /system/lib/libmedia.so (_ZN7android24BnMediaMetadataRetriever10onTransactEjRKNS_6ParcelEPS1_j+398)
05-31 15:43:09.295  2396  2396 F DEBUG   :     #08 pc 000199c9  /system/lib/libbinder.so (_ZN7android7BBinder8transactEjRKNS_6ParcelEPS1_j+60)
05-31 15:43:09.295  2396  2396 F DEBUG   :     #09 pc 0001ed5b  /system/lib/libbinder.so (_ZN7android14IPCThreadState14executeCommandEi+550)
05-31 15:43:09.295  2396  2396 F DEBUG   :     #10 pc 0001eec5  /system/lib/libbinder.so (_ZN7android14IPCThreadState20getAndExecuteCommandEv+64)
05-31 15:43:09.295  2396  2396 F DEBUG   :     #11 pc 0001ef29  /system/lib/libbinder.so (_ZN7android14IPCThreadState14joinThreadPoolEb+48)
05-31 15:43:09.295  2396  2396 F DEBUG   :     #12 pc 000239d5  /system/lib/libbinder.so
05-31 15:43:09.295  2396  2396 F DEBUG   :     #13 pc 00010075  /system/lib/libutils.so (_ZN7android6Thread11_threadLoopEPv+112)
05-31 15:43:09.295  2396  2396 F DEBUG   :     #14 pc 0003f8a7  /system/lib/libc.so (_ZL15__pthread_startPv+30)
05-31 15:43:09.295  2396  2396 F DEBUG   :     #15 pc 00019f73  /system/lib/libc.so (__start_thread+6)
05-31 15:43:09.400  2396  2396 F DEBUG   : 
05-31 15:43:09.400  2396  2396 F DEBUG   : Tombstone written to: /data/tombstones/tombstone_09
05-31 15:43:09.401  2918  2935 I BootReceiver: Copying /data/tombstones/tombstone_09 to DropBox (SYSTEM_TOMBSTONE)
05-31 15:43:09.423  2381  2381 I ServiceManager: service 'media.audio_flinger' died
05-31 15:43:09.423  3002  3014 W MediaMetadataRetriever: MediaMetadataRetriever server died!
05-31 15:43:09.423  2381  2381 I ServiceManager: service 'media.player' died
05-31 15:43:09.423  2381  2381 I ServiceManager: service 'media.resource_manager' died
05-31 15:43:09.423  2381  2381 I ServiceManager: service 'media.camera' died
05-31 15:43:09.423  2381  2381 I ServiceManager: service 'media.radio' died
05-31 15:43:09.423  2381  2381 I ServiceManager: service 'media.sound_trigger_hw' died
05-31 15:43:09.424  2381  2381 I ServiceManager: service 'media.audio_policy' died
05-31 15:43:09.428  3002  3606 I ServiceManager: Waiting for service media.player...
05-31 15:43:10.428  3002  3606 I ServiceManager: Waiting for service media.player...
05-31 15:43:11.429  3002  3606 I ServiceManager: Waiting for service media.player...
05-31 15:43:12.429  3002  3606 I ServiceManager: Waiting for service media.player...
05-31 15:43:13.430  3002  3606 I ServiceManager: Waiting for service media.player...
05-31 15:43:13.763  5341  5341 I chatty  : uid=1013(media) /system/bin/mediaserver expire 168 lines
05-31 15:43:13.968  5341  5344 I chatty  : uid=1013(media) /system/bin/mediaserver expire 2 lines
05-31 15:43:14.059  5341  5347 I chatty  : uid=1013(media) /system/bin/mediaserver expire 2 lines
05-31 15:43:14.139  5341  5348 I chatty  : uid=1013(media) /system/bin/mediaserver expire 1 line
05-31 15:43:14.257  5341  5350 I chatty  : uid=1013(media) /system/bin/mediaserver expire 2 lines
05-31 15:43:14.260  5341  5341 I chatty  : uid=1013(media) /system/bin/mediaserver expire 84 lines
05-31 15:43:14.288  5341  5348 I chatty  : uid=1013(media) /system/bin/mediaserver expire 1 line
05-31 15:43:14.302  5341  5354 I chatty  : uid=1013(media) /system/bin/mediaserver expire 1 line
05-31 15:43:14.430  3002  3606 W MediaMetadataRetriever: MediaPlayerService not published, waiting...
05-31 15:43:14.944  5341  5356 F libc    : Fatal signal 11 (SIGSEGV), code 1, fault addr 0x0 in tid 5356 (Binder_2)
05-31 15:43:14.995  2396  2396 F DEBUG   : *** *** *** *** *** *** *** *** *** *** *** *** *** *** *** ***
05-31 15:43:14.995  2396  2396 F DEBUG   : Build fingerprint: 'Huawei/aosp_alice/alice:6.0.1/MOB31T/haky8605311527:userdebug/test-keys'
05-31 15:43:14.995  2396  2396 F DEBUG   : Revision: '0'
05-31 15:43:14.995  2396  2396 F DEBUG   : ABI: 'arm'
05-31 15:43:14.995  2396  2396 F DEBUG   : pid: 5341, tid: 5356, name: Binder_2  >>> /system/bin/mediaserver <<<
05-31 15:43:14.996  2396  2396 F DEBUG   : signal 11 (SIGSEGV), code 1 (SEGV_MAPERR), fault addr 0x0
05-31 15:43:14.996  2918  3001 W NativeCrashListener: Couldn't find ProcessRecord for pid 5341
05-31 15:43:15.002  2396  2396 F DEBUG   :     r0 f46c05c8  r1 f68c96c0  r2 00000000  r3 f7104498
05-31 15:43:15.002  2396  2396 E DEBUG   : AM write failed: Broken pipe
05-31 15:43:15.002  2396  2396 F DEBUG   :     r4 f46c0614  r5 f46c05c8  r6 f46c05cc  r7 f46c060c
05-31 15:43:15.002  2396  2396 F DEBUG   :     r8 000039ec  r9 f68de6a0  sl f710d604  fp f46c0610
05-31 15:43:15.002  2396  2396 F DEBUG   :     ip 000014ec  sp f46c05c0  lr f49ad86d  pc 00000000  cpsr 400d0010
05-31 15:43:15.006  2396  2396 F DEBUG   : 
05-31 15:43:15.006  2396  2396 F DEBUG   : backtrace:
05-31 15:43:15.006  2396  2396 F DEBUG   :     #00 pc 00000000  <unknown>
05-31 15:43:15.006  2396  2396 F DEBUG   :     #01 pc 0000586b  /system/vendor/lib/libwvm.so (_ZN7android15IsWidevineMediaERKNS_2spINS_10DataSourceEEE+18)
05-31 15:43:15.006  2396  2396 F DEBUG   :     #02 pc 000ccaa9  /system/lib/libstagefright.so (_ZN7android8SniffWVMERKNS_2spINS_10DataSourceEEEPNS_7String8EPfPNS0_INS_8AMessageEEE+64)
05-31 15:43:15.006  2396  2396 F DEBUG   :     #03 pc 000889b3  /system/lib/libstagefright.so (_ZN7android10DataSource5sniffEPNS_7String8EPfPNS_2spINS_8AMessageEEE+150)
05-31 15:43:15.006  2396  2396 F DEBUG   :     #04 pc 000ae0b9  /system/lib/libstagefright.so (_ZN7android14MediaExtractor6CreateERKNS_2spINS_10DataSourceEEEPKc+32)
05-31 15:43:15.006  2396  2396 F DEBUG   :     #05 pc 000c39bb  /system/lib/libstagefright.so (_ZN7android28StagefrightMetadataRetriever13setDataSourceEixx+102)
05-31 15:43:15.006  2396  2396 F DEBUG   :     #06 pc 000485cf  /system/lib/libmediaplayerservice.so (_ZN7android23MetadataRetrieverClient13setDataSourceEixx+230)
05-31 15:43:15.006  2396  2396 F DEBUG   :     #07 pc 0008401f  /system/lib/libmedia.so (_ZN7android24BnMediaMetadataRetriever10onTransactEjRKNS_6ParcelEPS1_j+398)
05-31 15:43:15.006  2396  2396 F DEBUG   :     #08 pc 000199c9  /system/lib/libbinder.so (_ZN7android7BBinder8transactEjRKNS_6ParcelEPS1_j+60)
05-31 15:43:15.006  2396  2396 F DEBUG   :     #09 pc 0001ed5b  /system/lib/libbinder.so (_ZN7android14IPCThreadState14executeCommandEi+550)
05-31 15:43:15.006  2396  2396 F DEBUG   :     #10 pc 0001eec5  /system/lib/libbinder.so (_ZN7android14IPCThreadState20getAndExecuteCommandEv+64)
05-31 15:43:15.006  2396  2396 F DEBUG   :     #11 pc 0001ef29  /system/lib/libbinder.so (_ZN7android14IPCThreadState14joinThreadPoolEb+48)
05-31 15:43:15.006  2396  2396 F DEBUG   :     #12 pc 000239d5  /system/lib/libbinder.so
05-31 15:43:15.006  2396  2396 F DEBUG   :     #13 pc 00010075  /system/lib/libutils.so (_ZN7android6Thread11_threadLoopEPv+112)
05-31 15:43:15.006  2396  2396 F DEBUG   :     #14 pc 0003f8a7  /system/lib/libc.so (_ZL15__pthread_startPv+30)
05-31 15:43:15.006  2396  2396 F DEBUG   :     #15 pc 00019f73  /system/lib/libc.so (__start_thread+6)
05-31 15:43:15.111  2396  2396 F DEBUG   : 
05-31 15:43:15.111  2396  2396 F DEBUG   : Tombstone written to: /data/tombstones/tombstone_00
05-31 15:43:15.112  2918  2935 I BootReceiver: Copying /data/tombstones/tombstone_00 to DropBox (SYSTEM_TOMBSTONE)
05-31 15:43:15.119  2381  2381 I ServiceManager: service 'media.audio_flinger' died
05-31 15:43:15.119  3002  3013 W MediaMetadataRetriever: MediaMetadataRetriever server died!
05-31 15:43:15.119  2381  2381 I ServiceManager: service 'media.player' died
05-31 15:43:15.119  2381  2381 I ServiceManager: service 'media.resource_manager' died
05-31 15:43:15.119  2381  2381 I ServiceManager: service 'media.camera' died
05-31 15:43:15.119  2381  2381 I ServiceManager: service 'media.radio' died
05-31 15:43:15.119  2381  2381 I ServiceManager: service 'media.sound_trigger_hw' died
05-31 15:43:15.119  2381  2381 I ServiceManager: service 'media.audio_policy' died
05-31 15:43:15.123  3002  3606 I ServiceManager: Waiting for service media.player...
05-31 15:43:16.124  3002  3606 I ServiceManager: Waiting for service media.player...
05-31 15:43:17.124  3002  3606 I ServiceManager: Waiting for service media.player...
05-31 15:43:18.125  3002  3606 I ServiceManager: Waiting for service media.player...
05-31 15:43:18.459  5362  5362 I chatty  : uid=1013(media) /system/bin/mediaserver expire 162 lines
05-31 15:43:18.664  5362  5365 I chatty  : uid=1013(media) /system/bin/mediaserver expire 2 lines
05-31 15:43:18.749  5362  5368 I chatty  : uid=1013(media) /system/bin/mediaserver expire 2 lines
05-31 15:43:18.829  5362  5369 I chatty  : uid=1013(media) /system/bin/mediaserver expire 1 line
05-31 15:43:18.947  5362  5371 I chatty  : uid=1013(media) /system/bin/mediaserver expire 2 lines
05-31 15:43:18.948  5362  5362 I chatty  : uid=1013(media) /system/bin/mediaserver expire 90 lines
05-31 15:43:18.979  5362  5369 I chatty  : uid=1013(media) /system/bin/mediaserver expire 1 line
05-31 15:43:18.993  5362  5375 I chatty  : uid=1013(media) /system/bin/mediaserver expire 3 lines
05-31 15:43:19.138  5362  5377 F libc    : Fatal signal 11 (SIGSEGV), code 1, fault addr 0x0 in tid 5377 (Binder_2)
05-31 15:43:19.189  2396  2396 F DEBUG   : *** *** *** *** *** *** *** *** *** *** *** *** *** *** *** ***
05-31 15:43:19.190  2396  2396 F DEBUG   : Build fingerprint: 'Huawei/aosp_alice/alice:6.0.1/MOB31T/haky8605311527:userdebug/test-keys'
05-31 15:43:19.190  2396  2396 F DEBUG   : Revision: '0'
05-31 15:43:19.190  2396  2396 F DEBUG   : ABI: 'arm'
05-31 15:43:19.190  2396  2396 F DEBUG   : pid: 5362, tid: 5377, name: Binder_2  >>> /system/bin/mediaserver <<<
05-31 15:43:19.190  2396  2396 F DEBUG   : signal 11 (SIGSEGV), code 1 (SEGV_MAPERR), fault addr 0x0
05-31 15:43:19.190  2918  3001 W NativeCrashListener: Couldn't find ProcessRecord for pid 5362
05-31 15:43:19.196  2396  2396 F DEBUG   :     r0 f46c05c8  r1 f68c96c0  r2 00000000  r3 f7104498
05-31 15:43:19.196  2396  2396 E DEBUG   : AM write failed: Broken pipe
05-31 15:43:19.196  2396  2396 F DEBUG   :     r4 f46c0614  r5 f46c05c8  r6 f46c05cc  r7 f46c060c
05-31 15:43:19.196  2396  2396 F DEBUG   :     r8 000039ec  r9 f68de6a0  sl f710d604  fp f46c0610
05-31 15:43:19.196  2396  2396 F DEBUG   :     ip 00001501  sp f46c05c0  lr f49ad86d  pc 00000000  cpsr 400d0010
05-31 15:43:19.200  2396  2396 F DEBUG   : 
05-31 15:43:19.200  2396  2396 F DEBUG   : backtrace:
05-31 15:43:19.200  2396  2396 F DEBUG   :     #00 pc 00000000  <unknown>
05-31 15:43:19.200  2396  2396 F DEBUG   :     #01 pc 0000586b  /system/vendor/lib/libwvm.so (_ZN7android15IsWidevineMediaERKNS_2spINS_10DataSourceEEE+18)
05-31 15:43:19.200  2396  2396 F DEBUG   :     #02 pc 000ccaa9  /system/lib/libstagefright.so (_ZN7android8SniffWVMERKNS_2spINS_10DataSourceEEEPNS_7String8EPfPNS0_INS_8AMessageEEE+64)
05-31 15:43:19.200  2396  2396 F DEBUG   :     #03 pc 000889b3  /system/lib/libstagefright.so (_ZN7android10DataSource5sniffEPNS_7String8EPfPNS_2spINS_8AMessageEEE+150)
05-31 15:43:19.200  2396  2396 F DEBUG   :     #04 pc 000ae0b9  /system/lib/libstagefright.so (_ZN7android14MediaExtractor6CreateERKNS_2spINS_10DataSourceEEEPKc+32)
05-31 15:43:19.200  2396  2396 F DEBUG   :     #05 pc 000c39bb  /system/lib/libstagefright.so (_ZN7android28StagefrightMetadataRetriever13setDataSourceEixx+102)
05-31 15:43:19.200  2396  2396 F DEBUG   :     #06 pc 000485cf  /system/lib/libmediaplayerservice.so (_ZN7android23MetadataRetrieverClient13setDataSourceEixx+230)
05-31 15:43:19.200  2396  2396 F DEBUG   :     #07 pc 0008401f  /system/lib/libmedia.so (_ZN7android24BnMediaMetadataRetriever10onTransactEjRKNS_6ParcelEPS1_j+398)
05-31 15:43:19.200  2396  2396 F DEBUG   :     #08 pc 000199c9  /system/lib/libbinder.so (_ZN7android7BBinder8transactEjRKNS_6ParcelEPS1_j+60)
05-31 15:43:19.200  2396  2396 F DEBUG   :     #09 pc 0001ed5b  /system/lib/libbinder.so (_ZN7android14IPCThreadState14executeCommandEi+550)
05-31 15:43:19.200  2396  2396 F DEBUG   :     #10 pc 0001eec5  /system/lib/libbinder.so (_ZN7android14IPCThreadState20getAndExecuteCommandEv+64)
05-31 15:43:19.200  2396  2396 F DEBUG   :     #11 pc 0001ef29  /system/lib/libbinder.so (_ZN7android14IPCThreadState14joinThreadPoolEb+48)
05-31 15:43:19.200  2396  2396 F DEBUG   :     #12 pc 000239d5  /system/lib/libbinder.so
05-31 15:43:19.200  2396  2396 F DEBUG   :     #13 pc 00010075  /system/lib/libutils.so (_ZN7android6Thread11_threadLoopEPv+112)
05-31 15:43:19.200  2396  2396 F DEBUG   :     #14 pc 0003f8a7  /system/lib/libc.so (_ZL15__pthread_startPv+30)
05-31 15:43:19.200  2396  2396 F DEBUG   :     #15 pc 00019f73  /system/lib/libc.so (__start_thread+6)
05-31 15:43:19.305  2396  2396 F DEBUG   : 
05-31 15:43:19.305  2396  2396 F DEBUG   : Tombstone written to: /data/tombstones/tombstone_01
05-31 15:43:19.305  2918  2935 I BootReceiver: Copying /data/tombstones/tombstone_01 to DropBox (SYSTEM_TOMBSTONE)
05-31 15:43:19.318  2381  2381 I ServiceManager: service 'media.audio_flinger' died
05-31 15:43:19.318  3002  3014 W MediaMetadataRetriever: MediaMetadataRetriever server died!
05-31 15:43:19.318  2381  2381 I ServiceManager: service 'media.player' died
05-31 15:43:19.318  2381  2381 I ServiceManager: service 'media.resource_manager' died
05-31 15:43:19.318  2381  2381 I ServiceManager: service 'media.camera' died
05-31 15:43:19.318  2381  2381 I ServiceManager: service 'media.radio' died
05-31 15:43:19.318  2381  2381 I ServiceManager: service 'media.sound_trigger_hw' died
05-31 15:43:19.318  2381  2381 I ServiceManager: service 'media.audio_policy' died
05-31 15:43:19.322  3002  3606 I ServiceManager: Waiting for service media.player...
05-31 15:43:20.322  3002  3606 I ServiceManager: Waiting for service media.player...
05-31 15:43:20.768  2918  2989 D         : file:device/hisi/common/liblights/lights.c, func:set_light_backlight, brightness=73
05-31 15:43:20.785  2918  2989 D         : file:device/hisi/common/liblights/lights.c, func:set_light_backlight, brightness=72
05-31 15:43:20.818  2918  2989 D         : file:device/hisi/common/liblights/lights.c, func:set_light_backlight, brightness=71
05-31 15:43:20.835  2918  2989 D         : file:device/hisi/common/liblights/lights.c, func:set_light_backlight, brightness=70
05-31 15:43:20.867  2918  2989 D         : file:device/hisi/common/liblights/lights.c, func:set_light_backlight, brightness=69
05-31 15:43:20.884  2918  2989 D         : file:device/hisi/common/liblights/lights.c, func:set_light_backlight, brightness=68
05-31 15:43:20.917  2918  2989 D         : file:device/hisi/common/liblights/lights.c, func:set_light_backlight, brightness=67
05-31 15:43:20.935  2918  2989 D         : file:device/hisi/common/liblights/lights.c, func:set_light_backlight, brightness=66
05-31 15:43:20.968  2918  2989 D         : file:device/hisi/common/liblights/lights.c, func:set_light_backlight, brightness=65
05-31 15:43:20.984  2918  2989 D         : file:device/hisi/common/liblights/lights.c, func:set_light_backlight, brightness=64
05-31 15:43:21.018  2918  2989 D         : file:device/hisi/common/liblights/lights.c, func:set_light_backlight, brightness=63
05-31 15:43:21.035  2918  2989 D         : file:device/hisi/common/liblights/lights.c, func:set_light_backlight, brightness=62
05-31 15:43:21.067  2918  2989 D         : file:device/hisi/common/liblights/lights.c, func:set_light_backlight, brightness=61
05-31 15:43:21.084  2918  2989 D         : file:device/hisi/common/liblights/lights.c, func:set_light_backlight, brightness=60
05-31 15:43:21.118  2918  2989 D         : file:device/hisi/common/liblights/lights.c, func:set_light_backlight, brightness=59
05-31 15:43:21.134  2918  2989 D         : file:device/hisi/common/liblights/lights.c, func:set_light_backlight, brightness=58
05-31 15:43:21.168  2918  2989 D         : file:device/hisi/common/liblights/lights.c, func:set_light_backlight, brightness=57
05-31 15:43:21.184  2918  2989 D         : file:device/hisi/common/liblights/lights.c, func:set_light_backlight, brightness=56
05-31 15:43:21.218  2918  2989 D         : file:device/hisi/common/liblights/lights.c, func:set_light_backlight, brightness=55
05-31 15:43:21.235  2918  2989 D         : file:device/hisi/common/liblights/lights.c, func:set_light_backlight, brightness=54
05-31 15:43:21.268  2918  2989 D         : file:device/hisi/common/liblights/lights.c, func:set_light_backlight, brightness=53
05-31 15:43:21.284  2918  2989 D         : file:device/hisi/common/liblights/lights.c, func:set_light_backlight, brightness=52
05-31 15:43:21.318  2918  2989 D         : file:device/hisi/common/liblights/lights.c, func:set_light_backlight, brightness=51
05-31 15:43:21.323  3002  3606 I ServiceManager: Waiting for service media.player...
05-31 15:43:21.335  2918  2989 D         : file:device/hisi/common/liblights/lights.c, func:set_light_backlight, brightness=50
05-31 15:43:21.368  2918  2989 D         : file:device/hisi/common/liblights/lights.c, func:set_light_backlight, brightness=49
05-31 15:43:21.385  2918  2989 D         : file:device/hisi/common/liblights/lights.c, func:set_light_backlight, brightness=48
05-31 15:43:21.417  2918  2989 D         : file:device/hisi/common/liblights/lights.c, func:set_light_backlight, brightness=47
05-31 15:43:22.323  3002  3606 I ServiceManager: Waiting for service media.player...
05-31 15:43:23.324  3002  3606 I ServiceManager: Waiting for service media.player...
05-31 15:43:23.662  5384  5384 I chatty  : uid=1013(media) /system/bin/mediaserver expire 154 lines
05-31 15:43:23.878  5384  5387 I chatty  : uid=1013(media) /system/bin/mediaserver expire 2 lines
05-31 15:43:23.968  5384  5390 I chatty  : uid=1013(media) /system/bin/mediaserver expire 2 lines
05-31 15:43:24.048  5384  5391 I chatty  : uid=1013(media) /system/bin/mediaserver expire 1 line
05-31 15:43:24.166  5384  5393 I chatty  : uid=1013(media) /system/bin/mediaserver expire 2 lines
05-31 15:43:24.167  5384  5384 I chatty  : uid=1013(media) /system/bin/mediaserver expire 98 lines
05-31 15:43:24.198  5384  5391 I chatty  : uid=1013(media) /system/bin/mediaserver expire 1 line
05-31 15:43:24.213  5384  5397 I chatty  : uid=1013(media) /system/bin/mediaserver expire 3 lines
05-31 15:43:24.324  3002  3606 W MediaMetadataRetriever: MediaPlayerService not published, waiting...
05-31 15:43:24.838  5384  5399 F libc    : Fatal signal 11 (SIGSEGV), code 1, fault addr 0x0 in tid 5399 (Binder_2)
05-31 15:43:24.890  2396  2396 F DEBUG   : *** *** *** *** *** *** *** *** *** *** *** *** *** *** *** ***
05-31 15:43:24.890  2396  2396 F DEBUG   : Build fingerprint: 'Huawei/aosp_alice/alice:6.0.1/MOB31T/haky8605311527:userdebug/test-keys'
05-31 15:43:24.890  2396  2396 F DEBUG   : Revision: '0'
05-31 15:43:24.890  2396  2396 F DEBUG   : ABI: 'arm'
05-31 15:43:24.890  2918  3001 W NativeCrashListener: Couldn't find ProcessRecord for pid 5384
05-31 15:43:24.890  2396  2396 F DEBUG   : pid: 5384, tid: 5399, name: Binder_2  >>> /system/bin/mediaserver <<<
05-31 15:43:24.890  2396  2396 F DEBUG   : signal 11 (SIGSEGV), code 1 (SEGV_MAPERR), fault addr 0x0
05-31 15:43:24.897  2396  2396 F DEBUG   :     r0 f46805c8  r1 f68c96c0  r2 00000000  r3 f7104498
05-31 15:43:24.897  2396  2396 E DEBUG   : AM write failed: Broken pipe
05-31 15:43:24.897  2396  2396 F DEBUG   :     r4 f4680614  r5 f46805c8  r6 f46805cc  r7 f468060c
05-31 15:43:24.897  2396  2396 F DEBUG   :     r8 000039ec  r9 f68de6a0  sl f710d604  fp f4680610
05-31 15:43:24.897  2396  2396 F DEBUG   :     ip 00001517  sp f46805c0  lr f496c86d  pc 00000000  cpsr 400d0010
05-31 15:43:24.900  2396  2396 F DEBUG   : 
05-31 15:43:24.900  2396  2396 F DEBUG   : backtrace:
05-31 15:43:24.900  2396  2396 F DEBUG   :     #00 pc 00000000  <unknown>
05-31 15:43:24.900  2396  2396 F DEBUG   :     #01 pc 0000586b  /system/vendor/lib/libwvm.so (_ZN7android15IsWidevineMediaERKNS_2spINS_10DataSourceEEE+18)
05-31 15:43:24.900  2396  2396 F DEBUG   :     #02 pc 000ccaa9  /system/lib/libstagefright.so (_ZN7android8SniffWVMERKNS_2spINS_10DataSourceEEEPNS_7String8EPfPNS0_INS_8AMessageEEE+64)
05-31 15:43:24.900  2396  2396 F DEBUG   :     #03 pc 000889b3  /system/lib/libstagefright.so (_ZN7android10DataSource5sniffEPNS_7String8EPfPNS_2spINS_8AMessageEEE+150)
05-31 15:43:24.900  2396  2396 F DEBUG   :     #04 pc 000ae0b9  /system/lib/libstagefright.so (_ZN7android14MediaExtractor6CreateERKNS_2spINS_10DataSourceEEEPKc+32)
05-31 15:43:24.900  2396  2396 F DEBUG   :     #05 pc 000c39bb  /system/lib/libstagefright.so (_ZN7android28StagefrightMetadataRetriever13setDataSourceEixx+102)
05-31 15:43:24.900  2396  2396 F DEBUG   :     #06 pc 000485cf  /system/lib/libmediaplayerservice.so (_ZN7android23MetadataRetrieverClient13setDataSourceEixx+230)
05-31 15:43:24.900  2396  2396 F DEBUG   :     #07 pc 0008401f  /system/lib/libmedia.so (_ZN7android24BnMediaMetadataRetriever10onTransactEjRKNS_6ParcelEPS1_j+398)
05-31 15:43:24.900  2396  2396 F DEBUG   :     #08 pc 000199c9  /system/lib/libbinder.so (_ZN7android7BBinder8transactEjRKNS_6ParcelEPS1_j+60)
05-31 15:43:24.901  2396  2396 F DEBUG   :     #09 pc 0001ed5b  /system/lib/libbinder.so (_ZN7android14IPCThreadState14executeCommandEi+550)
05-31 15:43:24.901  2396  2396 F DEBUG   :     #10 pc 0001eec5  /system/lib/libbinder.so (_ZN7android14IPCThreadState20getAndExecuteCommandEv+64)
05-31 15:43:24.901  2396  2396 F DEBUG   :     #11 pc 0001ef29  /system/lib/libbinder.so (_ZN7android14IPCThreadState14joinThreadPoolEb+48)
05-31 15:43:24.901  2396  2396 F DEBUG   :     #12 pc 000239d5  /system/lib/libbinder.so
05-31 15:43:24.901  2396  2396 F DEBUG   :     #13 pc 00010075  /system/lib/libutils.so (_ZN7android6Thread11_threadLoopEPv+112)
05-31 15:43:24.901  2396  2396 F DEBUG   :     #14 pc 0003f8a7  /system/lib/libc.so (_ZL15__pthread_startPv+30)
05-31 15:43:24.901  2396  2396 F DEBUG   :     #15 pc 00019f73  /system/lib/libc.so (__start_thread+6)
05-31 15:43:25.004  2396  2396 F DEBUG   : 
05-31 15:43:25.004  2396  2396 F DEBUG   : Tombstone written to: /data/tombstones/tombstone_02
05-31 15:43:25.005  2918  2935 I BootReceiver: Copying /data/tombstones/tombstone_02 to DropBox (SYSTEM_TOMBSTONE)
