05-31 15:40:22.943  4540  4540 D wpa_supplicant: nl80211: Register frame type=0xd0 (WLAN_FC_STYPE_ACTION) nl_handle=0x7fb78a1180 match=0409506f9a09
05-31 15:40:22.943  4540  4540 D wpa_supplicant: nl80211: Register frame type=0xd0 (WLAN_FC_STYPE_ACTION) nl_handle=0x7fb78a1180 match=7f506f9a09
05-31 15:40:22.943  4540  4540 D wpa_supplicant: nl80211: Register frame type=0xd0 (WLAN_FC_STYPE_ACTION) nl_handle=0x7fb78a1180 match=06
05-31 15:40:22.943  4540  4540 D wpa_supplicant: nl80211: Register frame type=0xd0 (WLAN_FC_STYPE_ACTION) nl_handle=0x7fb78a1180 match=0a07
05-31 15:40:22.943  4540  4540 D wpa_supplicant: nl80211: Register frame type=0xd0 (WLAN_FC_STYPE_ACTION) nl_handle=0x7fb78a1180 match=0a11
05-31 15:40:22.943  4540  4540 D wpa_supplicant: nl80211: Register frame type=0xd0 (WLAN_FC_STYPE_ACTION) nl_handle=0x7fb78a1180 match=0a1a
05-31 15:40:22.943  4540  4540 D wpa_supplicant: nl80211: Register frame type=0xd0 (WLAN_FC_STYPE_ACTION) nl_handle=0x7fb78a1180 match=1101
05-31 15:40:22.943  4540  4540 D wpa_supplicant: nl80211: Register frame type=0xd0 (WLAN_FC_STYPE_ACTION) nl_handle=0x7fb78a1180 match=1102
05-31 15:40:22.943  4540  4540 D wpa_supplicant: nl80211: Register frame type=0xd0 (WLAN_FC_STYPE_ACTION) nl_handle=0x7fb78a1180 match=0505
05-31 15:40:23.002  2918  2967 D WifiMonitor: startMonitoring(wlan0) with mConnected = false
05-31 15:40:23.002  2918  2967 E WifiHW  : Unable to open connection to supplicant on "@android:wpa_wlan0": No such file or directory
05-31 15:40:23.160  3002  3606 I ServiceManager: Waiting for service media.player...
05-31 15:40:23.694  4540  4540 D wpa_supplicant: netlink: Operstate: ifindex=9 linkmode=1 (userspace-control), operstate=5 (IF_OPER_DORMANT)
05-31 15:40:23.694  4540  4540 D wpa_supplicant: STA mode,recovery powermgmt on.
05-31 15:40:23.694  4540  4540 D wpa_supplicant: begin to send powermgmt flag:1 to driver
05-31 15:40:23.695  4540  4540 I wpa_supplicant: nl80211: Could not re-add multicast membership for vendor events: -2 (No such file or directory)
05-31 15:40:23.695  4540  4540 D wpa_supplicant: nl80211: driver param='(null)'
05-31 15:40:23.695  4540  4540 D wpa_supplicant: Add interface wlan0 to a new radio phy0
05-31 15:40:23.696  4540  4540 D wpa_supplicant: nl80211: Regulatory information - country=00
05-31 15:40:23.696  4540  4540 D wpa_supplicant: nl80211: 2402-2472 @ 40 MHz 20 mBm
05-31 15:40:23.696  4540  4540 D wpa_supplicant: nl80211: 2457-2482 @ 40 MHz 20 mBm (no IR)
05-31 15:40:23.696  4540  4540 D wpa_supplicant: nl80211: 2474-2494 @ 20 MHz 20 mBm (no OFDM) (no IR)
05-31 15:40:23.696  4540  4540 D wpa_supplicant: nl80211: 5170-5250 @ 80 MHz 20 mBm (no IR)
05-31 15:40:23.696  4540  4540 D wpa_supplicant: nl80211: 5735-5835 @ 80 MHz 20 mBm (no IR)
05-31 15:40:23.696  4540  4540 D wpa_supplicant: nl80211: 57240-63720 @ 2160 MHz 0 mBm
05-31 15:40:23.696  4540  4540 D wpa_supplicant: nl80211: Added 802.11b mode based on 802.11g information
05-31 15:40:23.697  2918  2936 D Tethering: sendTetherStateChangedBroadcast 1, 0, 0
05-31 15:40:23.804  4540  4540 D wpa_supplicant: wapi_init_iface :Initial WAPI L2 packet
05-31 15:40:23.804  4540  4540 I wpa_supplicant: dlopen LIBECC_HISI is /system/lib64/libecc_hisi.so
05-31 15:40:23.808  4540  4540 I wpa_supplicant: dlopen succ
05-31 15:40:23.809  4540  4540 D wpa_supplicant: wapi_init_iface :wapi iface init sucess
05-31 15:40:23.809  4540  4540 D wpa_supplicant: wpa_powermgmt iface init start
05-31 15:40:23.809  4540  4540 D wpa_supplicant: current mode is changed from -1 to 0
05-31 15:40:23.809  4540  4540 D wpa_supplicant: screen state changed from -1 to 1
05-31 15:40:23.809  4540  4540 D wpa_supplicant: wpa_powermgmt_event curr_state = 0, event = 9
05-31 15:40:23.809  4540  4540 D wpa_supplicant: init state screen on...
05-31 15:40:23.809  4540  4540 W wpa_supplicant: ptr is NULL, check_state_fit_for_powermgmt, 144
05-31 15:40:23.809  4540  4540 D wpa_supplicant: wpa_powermgmt iface init sucess
05-31 15:40:23.854  4540  4540 D wpa_supplicant: wlan0: Own MAC address: 8c:0d:76:ca:39:2e
05-31 15:40:23.854  4540  4540 D wpa_supplicant: wpa_driver_nl80211_set_key: ifindex=9 (wlan0) alg=0 addr=0x0 key_idx=0 set_tx=0 seq_len=0 key_len=0
05-31 15:40:23.854  4540  4540 D wpa_supplicant: wpa_driver_nl80211_set_key: ifindex=9 (wlan0) alg=0 addr=0x0 key_idx=1 set_tx=0 seq_len=0 key_len=0
05-31 15:40:23.854  4540  4540 D wpa_supplicant: wpa_driver_nl80211_set_key: ifindex=9 (wlan0) alg=0 addr=0x0 key_idx=2 set_tx=0 seq_len=0 key_len=0
05-31 15:40:23.854  4540  4540 D wpa_supplicant: wpa_driver_nl80211_set_key: ifindex=9 (wlan0) alg=0 addr=0x0 key_idx=3 set_tx=0 seq_len=0 key_len=0
05-31 15:40:23.854  4540  4540 D wpa_supplicant: begin to send tkip counter measures message
05-31 15:40:23.855  4540  4540 D wpa_supplicant: wlan0: RSN: flushing PMKID list in the driver
05-31 15:40:23.855  4540  4540 D wpa_supplicant: nl80211: Flush PMKIDs
05-31 15:40:23.855  4540  4540 D wpa_supplicant: wlan0: State: DISCONNECTED -> INACTIVE
05-31 15:40:23.855  4540  4540 W wpa_supplicant: check_associate_result func start
05-31 15:40:23.855  4540  4540 D wpa_supplicant: wpa_powermgmt kernel associate result event
05-31 15:40:23.855  4540  4540 D wpa_supplicant: wpa_powermgmt_event curr_state = 0, event = 6
05-31 15:40:23.855  4540  4540 D wpa_supplicant: powermgmt state change do nothing.
05-31 15:40:23.904  4540  4540 D wpa_supplicant: TDLS: TDLS operation not supported by driver
05-31 15:40:23.904  4540  4540 D wpa_supplicant: TDLS: Driver uses internal link setup
05-31 15:40:23.904  4540  4540 D wpa_supplicant: TDLS: Driver does not support TDLS channel switching
05-31 15:40:23.904  4540  4540 D wpa_supplicant: wlan0: WPS: UUID based on MAC address: 7497a1e8-bbc2-5abd-8e79-63d2c91f1853
05-31 15:40:23.904  4540  4540 D wpa_supplicant: EAPOL: SUPP_PAE entering state DISCONNECTED
05-31 15:40:23.904  4540  4540 D wpa_supplicant: EAPOL: Supplicant port status: Unauthorized
05-31 15:40:23.904  4540  4540 D wpa_supplicant: nl80211: Skip set_supp_port(unauthorized) while not associated
05-31 15:40:23.905  4540  4540 D wpa_supplicant: EAPOL: KEY_RX entering state NO_KEY_RECEIVE
05-31 15:40:23.905  4540  4540 D wpa_supplicant: EAPOL: SUPP_BE entering state INITIALIZE
05-31 15:40:23.905  4540  4540 D wpa_supplicant: EAP: EAP entering state DISABLED
05-31 15:40:23.905  4540  4540 D wpa_supplicant: P2P: Add operating class 81
05-31 15:40:23.905  4540  4540 D wpa_supplicant: P2P: Channels - hexdump(len=13): 01 02 03 04 05 06 07 08 09 0a 0b 0c 0d
05-31 15:40:23.906  4540  4540 D wpa_supplicant: P2P: Own listen channel: 81:6
05-31 15:40:23.907  4540  4540 D wpa_supplicant: P2P: Random operating channel: 81:1
05-31 15:40:23.908  4540  4540 D wpa_supplicant: P2P: initialized
05-31 15:40:23.908  4540  4540 D wpa_supplicant: P2P: channels: 81:1,2,3,4,5,6,7,8,9,10,11,12,13
05-31 15:40:23.908  4540  4540 D wpa_supplicant: P2P: cli_channels:
05-31 15:40:23.909  4540  4540 D wpa_supplicant: wpa_powermgmt del network event
05-31 15:40:23.909  4540  4540 D wpa_supplicant: wpa_powermgmt_event curr_state = 0, event = 4
05-31 15:40:23.909  4540  4540 D wpa_supplicant: init state del network...
05-31 15:40:23.909  4540  4540 D wpa_supplicant: begin to send iface state:0 to driver
05-31 15:40:23.910  4540  4540 W wpa_supplicant: STA MODE: Set shutdown wlan cmd SUCCESS
05-31 15:40:23.910  4540  4540 D wpa_supplicant: init_state->sm_nonconnectgui_savenone_APinfo_state
05-31 15:40:23.910  4540  4540 D wpa_supplicant: wlan0: Added interface wlan0
05-31 15:40:23.910  4540  4540 D wpa_supplicant: wlan0: State: INACTIVE -> DISCONNECTED
05-31 15:40:23.910  4540  4540 D wpa_supplicant: BT COEX: clear save channel
05-31 15:40:23.910  4540  4540 D wpa_supplicant: nl80211: Set wlan0 operstate 0->0 (DORMANT)
05-31 15:40:23.910  4540  4540 D wpa_supplicant: netlink: Operstate: ifindex=9 linkmode=-1 (no change), operstate=5 (IF_OPER_DORMANT)
05-31 15:40:23.910  4540  4540 W wpa_supplicant: check_associate_result func start
05-31 15:40:23.910  4540  4540 D wpa_supplicant: wpa_powermgmt kernel associate result event
05-31 15:40:23.910  4540  4540 D wpa_supplicant: wpa_powermgmt_event curr_state = 4, event = 6
05-31 15:40:23.910  4540  4540 D wpa_supplicant: powermgmt state change do nothing.
05-31 15:40:23.911  4540  4540 D wpa_supplicant: Send netlink msg to Host Driver.
05-31 15:40:23.911  4540  4540 D wpa_supplicant: random: Got 20/20 bytes from /dev/random
05-31 15:40:23.912  4540  4540 D wpa_supplicant: random: Updated entropy file /data/misc/wifi/entropy.bin (own_pool_ready=2)
05-31 15:40:23.912  4540  4540 D wpa_supplicant: RTM_NEWLINK: ifi_index=9 ifname=wlan0 operstate=5 linkmode=1 ifi_family=0 ifi_flags=0x11003 ([UP][LOWER_UP])
05-31 15:40:24.003  2918  2967 E WifiHW  : Unable to open connection to supplicant on "@android:wpa_wlan0": No such file or directory
05-31 15:40:24.163  3002  3606 W MediaMetadataRetriever: MediaPlayerService not published, waiting...
05-31 15:40:24.235  4541  4541 I chatty  : uid=1013(media) /system/bin/mediaserver expire 175 lines
05-31 15:40:24.442  4541  4544 I chatty  : uid=1013(media) /system/bin/mediaserver expire 2 lines
05-31 15:40:24.530  4541  4547 I chatty  : uid=1013(media) /system/bin/mediaserver expire 2 lines
05-31 15:40:24.609  4541  4548 I chatty  : uid=1013(media) /system/bin/mediaserver expire 1 line
05-31 15:40:24.726  4541  4550 I chatty  : uid=1013(media) /system/bin/mediaserver expire 2 lines
05-31 15:40:24.730  4541  4541 I chatty  : uid=1013(media) /system/bin/mediaserver expire 77 lines
05-31 15:40:24.758  4541  4548 I chatty  : uid=1013(media) /system/bin/mediaserver expire 1 line
05-31 15:40:24.772  4541  4554 I chatty  : uid=1013(media) /system/bin/mediaserver expire 3 lines
05-31 15:40:24.788  4541  4555 F libc    : Fatal signal 11 (SIGSEGV), code 1, fault addr 0x0 in tid 4555 (Binder_1)
05-31 15:40:24.840  2396  2396 F DEBUG   : *** *** *** *** *** *** *** *** *** *** *** *** *** *** *** ***
05-31 15:40:24.840  2396  2396 F DEBUG   : Build fingerprint: 'Huawei/aosp_alice/alice:6.0.1/MOB31T/haky8605311527:userdebug/test-keys'
05-31 15:40:24.840  2396  2396 F DEBUG   : Revision: '0'
05-31 15:40:24.840  2396  2396 F DEBUG   : ABI: 'arm'
05-31 15:40:24.840  2918  3001 W NativeCrashListener: Couldn't find ProcessRecord for pid 4541
05-31 15:40:24.840  2396  2396 F DEBUG   : pid: 4541, tid: 4555, name: Binder_1  >>> /system/bin/mediaserver <<<
05-31 15:40:24.840  2396  2396 E DEBUG   : AM write failed: Broken pipe
05-31 15:40:24.840  2396  2396 F DEBUG   : signal 11 (SIGSEGV), code 1 (SEGV_MAPERR), fault addr 0x0
05-31 15:40:24.847  2396  2396 F DEBUG   :     r0 f47bf5c8  r1 f68c9700  r2 00000000  r3 f7104498
05-31 15:40:24.847  2396  2396 F DEBUG   :     r4 f47bf614  r5 f47bf5c8  r6 f47bf5cc  r7 f47bf60c
05-31 15:40:24.847  2396  2396 F DEBUG   :     r8 000039ec  r9 f68de620  sl f710d604  fp f47bf610
05-31 15:40:24.847  2396  2396 F DEBUG   :     ip 000011cb  sp f47bf5c0  lr f49aa86d  pc 00000000  cpsr 400d0010
05-31 15:40:24.851  2396  2396 F DEBUG   : 
05-31 15:40:24.851  2396  2396 F DEBUG   : backtrace:
05-31 15:40:24.851  2396  2396 F DEBUG   :     #00 pc 00000000  <unknown>
05-31 15:40:24.851  2396  2396 F DEBUG   :     #01 pc 0000586b  /system/vendor/lib/libwvm.so (_ZN7android15IsWidevineMediaERKNS_2spINS_10DataSourceEEE+18)
05-31 15:40:24.851  2396  2396 F DEBUG   :     #02 pc 000ccaa9  /system/lib/libstagefright.so (_ZN7android8SniffWVMERKNS_2spINS_10DataSourceEEEPNS_7String8EPfPNS0_INS_8AMessageEEE+64)
05-31 15:40:24.851  2396  2396 F DEBUG   :     #03 pc 000889b3  /system/lib/libstagefright.so (_ZN7android10DataSource5sniffEPNS_7String8EPfPNS_2spINS_8AMessageEEE+150)
05-31 15:40:24.851  2396  2396 F DEBUG   :     #04 pc 000ae0b9  /system/lib/libstagefright.so (_ZN7android14MediaExtractor6CreateERKNS_2spINS_10DataSourceEEEPKc+32)
05-31 15:40:24.851  2396  2396 F DEBUG   :     #05 pc 000c39bb  /system/lib/libstagefright.so (_ZN7android28StagefrightMetadataRetriever13setDataSourceEixx+102)
05-31 15:40:24.851  2396  2396 F DEBUG   :     #06 pc 000485cf  /system/lib/libmediaplayerservice.so (_ZN7android23MetadataRetrieverClient13setDataSourceEixx+230)
05-31 15:40:24.851  2396  2396 F DEBUG   :     #07 pc 0008401f  /system/lib/libmedia.so (_ZN7android24BnMediaMetadataRetriever10onTransactEjRKNS_6ParcelEPS1_j+398)
05-31 15:40:24.851  2396  2396 F DEBUG   :     #08 pc 000199c9  /system/lib/libbinder.so (_ZN7android7BBinder8transactEjRKNS_6ParcelEPS1_j+60)
05-31 15:40:24.851  2396  2396 F DEBUG   :     #09 pc 0001ed5b  /system/lib/libbinder.so (_ZN7android14IPCThreadState14executeCommandEi+550)
05-31 15:40:24.851  2396  2396 F DEBUG   :     #10 pc 0001eec5  /system/lib/libbinder.so (_ZN7android14IPCThreadState20getAndExecuteCommandEv+64)
05-31 15:40:24.851  2396  2396 F DEBUG   :     #11 pc 0001ef29  /system/lib/libbinder.so (_ZN7android14IPCThreadState14joinThreadPoolEb+48)
05-31 15:40:24.851  2396  2396 F DEBUG   :     #12 pc 000239d5  /system/lib/libbinder.so
05-31 15:40:24.851  2396  2396 F DEBUG   :     #13 pc 00010075  /system/lib/libutils.so (_ZN7android6Thread11_threadLoopEPv+112)
05-31 15:40:24.851  2396  2396 F DEBUG   :     #14 pc 0003f8a7  /system/lib/libc.so (_ZL15__pthread_startPv+30)
05-31 15:40:24.851  2396  2396 F DEBUG   :     #15 pc 00019f73  /system/lib/libc.so (__start_thread+6)
05-31 15:40:24.905  4540  4540 D wpa_supplicant: EAPOL: disable timer tick
05-31 15:40:24.965  2396  2396 F DEBUG   : 
05-31 15:40:24.965  2396  2396 F DEBUG   : Tombstone written to: /data/tombstones/tombstone_04
05-31 15:40:24.965  2918  2935 I BootReceiver: Copying /data/tombstones/tombstone_04 to DropBox (SYSTEM_TOMBSTONE)
05-31 15:40:24.987  2381  2381 I ServiceManager: service 'media.audio_flinger' died
05-31 15:40:24.988  2381  2381 I ServiceManager: service 'media.player' died
05-31 15:40:24.988  2381  2381 I ServiceManager: service 'media.resource_manager' died
05-31 15:40:24.988  3002  3014 W MediaMetadataRetriever: MediaMetadataRetriever server died!
05-31 15:40:24.988  2381  2381 I ServiceManager: service 'media.camera' died
05-31 15:40:24.988  2381  2381 I ServiceManager: service 'media.radio' died
05-31 15:40:24.988  2381  2381 I ServiceManager: service 'media.sound_trigger_hw' died
05-31 15:40:24.988  2381  2381 I ServiceManager: service 'media.audio_policy' died
05-31 15:40:24.992  3002  3606 I ServiceManager: Waiting for service media.player...
05-31 15:40:25.003  2918  2967 E WifiHW  : Unable to open connection to supplicant on "@android:wpa_wlan0": No such file or directory
05-31 15:40:25.993  3002  3606 I ServiceManager: Waiting for service media.player...
05-31 15:40:26.004  2918  2967 E WifiHW  : Unable to open connection to supplicant on "@android:wpa_wlan0": No such file or directory
05-31 15:40:26.993  3002  3606 I ServiceManager: Waiting for service media.player...
05-31 15:40:27.004  2918  2967 E WifiHW  : Unable to open connection to supplicant on "@android:wpa_wlan0": No such file or directory
05-31 15:40:27.994  3002  3606 I ServiceManager: Waiting for service media.player...
05-31 15:40:28.005  2918  2967 E WifiHW  : Unable to open connection to supplicant on "@android:wpa_wlan0": No such file or directory
05-31 15:40:28.005  2918  2967 E WifiMonitor: startMonitoring(wlan0) failed!
05-31 15:40:28.006  2918  2967 E WifiStateMachine: Failed 6 times to start supplicant, unload driver
05-31 15:40:28.545  4563  4563 I chatty  : uid=1013(media) /system/bin/mediaserver expire 167 lines
05-31 15:40:28.750  4563  4566 I chatty  : uid=1013(media) /system/bin/mediaserver expire 2 lines
05-31 15:40:28.838  4563  4569 I chatty  : uid=1013(media) /system/bin/mediaserver expire 2 lines
05-31 15:40:28.919  4563  4570 I chatty  : uid=1013(media) /system/bin/mediaserver expire 1 line
05-31 15:40:29.037  4563  4572 I chatty  : uid=1013(media) /system/bin/mediaserver expire 2 lines
05-31 15:40:29.040  4563  4563 I chatty  : uid=1013(media) /system/bin/mediaserver expire 85 lines
05-31 15:40:29.069  4563  4570 I chatty  : uid=1013(media) /system/bin/mediaserver expire 1 line
05-31 15:40:29.082  4563  4576 I chatty  : uid=1013(media) /system/bin/mediaserver expire 1 line
05-31 15:40:29.098  4563  4563 F libc    : Fatal signal 11 (SIGSEGV), code 1, fault addr 0x0 in tid 4563 (mediaserver)
05-31 15:40:29.149  2396  2396 F DEBUG   : *** *** *** *** *** *** *** *** *** *** *** *** *** *** *** ***
05-31 15:40:29.149  2396  2396 F DEBUG   : Build fingerprint: 'Huawei/aosp_alice/alice:6.0.1/MOB31T/haky8605311527:userdebug/test-keys'
05-31 15:40:29.149  2396  2396 F DEBUG   : Revision: '0'
05-31 15:40:29.149  2396  2396 F DEBUG   : ABI: 'arm'
05-31 15:40:29.149  2918  3001 W NativeCrashListener: Couldn't find ProcessRecord for pid 4563
05-31 15:40:29.149  2396  2396 F DEBUG   : pid: 4563, tid: 4563, name: mediaserver  >>> /system/bin/mediaserver <<<
05-31 15:40:29.149  2396  2396 F DEBUG   : signal 11 (SIGSEGV), code 1 (SEGV_MAPERR), fault addr 0x0
05-31 15:40:29.150  2396  2396 E DEBUG   : AM write failed: Broken pipe
05-31 15:40:29.156  2396  2396 F DEBUG   :     r0 fffef678  r1 f68c9580  r2 00000000  r3 f7104498
05-31 15:40:29.156  2396  2396 F DEBUG   :     r4 fffef6c4  r5 fffef678  r6 fffef67c  r7 fffef6bc
05-31 15:40:29.156  2396  2396 F DEBUG   :     r8 000039ec  r9 f68de5f0  sl f710d604  fp fffef6c0
05-31 15:40:29.156  2396  2396 F DEBUG   :     ip 000011d3  sp fffef670  lr f49ad86d  pc 00000000  cpsr 400d0010
05-31 15:40:29.159  2396  2396 F DEBUG   : 
05-31 15:40:29.159  2396  2396 F DEBUG   : backtrace:
05-31 15:40:29.159  2396  2396 F DEBUG   :     #00 pc 00000000  <unknown>
05-31 15:40:29.159  2396  2396 F DEBUG   :     #01 pc 0000586b  /system/vendor/lib/libwvm.so (_ZN7android15IsWidevineMediaERKNS_2spINS_10DataSourceEEE+18)
05-31 15:40:29.159  2396  2396 F DEBUG   :     #02 pc 000ccaa9  /system/lib/libstagefright.so (_ZN7android8SniffWVMERKNS_2spINS_10DataSourceEEEPNS_7String8EPfPNS0_INS_8AMessageEEE+64)
05-31 15:40:29.159  2396  2396 F DEBUG   :     #03 pc 000889b3  /system/lib/libstagefright.so (_ZN7android10DataSource5sniffEPNS_7String8EPfPNS_2spINS_8AMessageEEE+150)
05-31 15:40:29.159  2396  2396 F DEBUG   :     #04 pc 000ae0b9  /system/lib/libstagefright.so (_ZN7android14MediaExtractor6CreateERKNS_2spINS_10DataSourceEEEPKc+32)
05-31 15:40:29.159  2396  2396 F DEBUG   :     #05 pc 000c39bb  /system/lib/libstagefright.so (_ZN7android28StagefrightMetadataRetriever13setDataSourceEixx+102)
05-31 15:40:29.159  2396  2396 F DEBUG   :     #06 pc 000485cf  /system/lib/libmediaplayerservice.so (_ZN7android23MetadataRetrieverClient13setDataSourceEixx+230)
05-31 15:40:29.159  2396  2396 F DEBUG   :     #07 pc 0008401f  /system/lib/libmedia.so (_ZN7android24BnMediaMetadataRetriever10onTransactEjRKNS_6ParcelEPS1_j+398)
05-31 15:40:29.159  2396  2396 F DEBUG   :     #08 pc 000199c9  /system/lib/libbinder.so (_ZN7android7BBinder8transactEjRKNS_6ParcelEPS1_j+60)
05-31 15:40:29.159  2396  2396 F DEBUG   :     #09 pc 0001ed5b  /system/lib/libbinder.so (_ZN7android14IPCThreadState14executeCommandEi+550)
05-31 15:40:29.159  2396  2396 F DEBUG   :     #10 pc 0001eec5  /system/lib/libbinder.so (_ZN7android14IPCThreadState20getAndExecuteCommandEv+64)
05-31 15:40:29.159  2396  2396 F DEBUG   :     #11 pc 0001ef29  /system/lib/libbinder.so (_ZN7android14IPCThreadState14joinThreadPoolEb+48)
05-31 15:40:29.159  2396  2396 F DEBUG   :     #12 pc 00001c15  /system/bin/mediaserver
05-31 15:40:29.159  2396  2396 F DEBUG   :     #13 pc 00017359  /system/lib/libc.so (__libc_init+44)
05-31 15:40:29.159  2396  2396 F DEBUG   :     #14 pc 00001e68  /system/bin/mediaserver
05-31 15:40:29.262  2396  2396 F DEBUG   : 
05-31 15:40:29.262  2396  2396 F DEBUG   : Tombstone written to: /data/tombstones/tombstone_05
05-31 15:40:29.263  2918  2935 I BootReceiver: Copying /data/tombstones/tombstone_05 to DropBox (SYSTEM_TOMBSTONE)
05-31 15:40:29.269  2381  2381 I ServiceManager: service 'media.audio_flinger' died
05-31 15:40:29.269  3002  3013 W MediaMetadataRetriever: MediaMetadataRetriever server died!
05-31 15:40:29.269  2381  2381 I ServiceManager: service 'media.player' died
05-31 15:40:29.269  2381  2381 I ServiceManager: service 'media.resource_manager' died
05-31 15:40:29.270  2381  2381 I ServiceManager: service 'media.camera' died
05-31 15:40:29.270  2381  2381 I ServiceManager: service 'media.radio' died
05-31 15:40:29.270  2381  2381 I ServiceManager: service 'media.sound_trigger_hw' died
05-31 15:40:29.270  2381  2381 I ServiceManager: service 'media.audio_policy' died
05-31 15:40:29.276  3002  3606 I ServiceManager: Waiting for service media.player...
05-31 15:40:30.276  3002  3606 I ServiceManager: Waiting for service media.player...
05-31 15:40:31.277  3002  3606 I ServiceManager: Waiting for service media.player...
05-31 15:40:32.278  3002  3606 I ServiceManager: Waiting for service media.player...
05-31 15:40:33.279  3002  3606 I ServiceManager: Waiting for service media.player...
05-31 15:40:33.610  4584  4584 I chatty  : uid=1013(media) /system/bin/mediaserver expire 161 lines
05-31 15:40:33.814  4584  4587 I chatty  : uid=1013(media) /system/bin/mediaserver expire 2 lines
05-31 15:40:33.900  4584  4590 I chatty  : uid=1013(media) /system/bin/mediaserver expire 2 lines
05-31 15:40:33.979  4584  4591 I chatty  : uid=1013(media) /system/bin/mediaserver expire 1 line
05-31 15:40:34.097  4584  4593 I chatty  : uid=1013(media) /system/bin/mediaserver expire 2 lines
05-31 15:40:34.098  4584  4584 I chatty  : uid=1013(media) /system/bin/mediaserver expire 91 lines
05-31 15:40:34.129  4584  4591 I chatty  : uid=1013(media) /system/bin/mediaserver expire 1 line
05-31 15:40:34.142  4584  4597 I chatty  : uid=1013(media) /system/bin/mediaserver expire 3 lines
05-31 15:40:34.279  3002  3606 W MediaMetadataRetriever: MediaPlayerService not published, waiting...
05-31 15:40:34.793  4584  4599 F libc    : Fatal signal 11 (SIGSEGV), code 1, fault addr 0x0 in tid 4599 (Binder_2)
05-31 15:40:34.854  2396  2396 F DEBUG   : *** *** *** *** *** *** *** *** *** *** *** *** *** *** *** ***
05-31 15:40:34.854  2396  2396 F DEBUG   : Build fingerprint: 'Huawei/aosp_alice/alice:6.0.1/MOB31T/haky8605311527:userdebug/test-keys'
05-31 15:40:34.854  2396  2396 F DEBUG   : Revision: '0'
05-31 15:40:34.854  2396  2396 F DEBUG   : ABI: 'arm'
05-31 15:40:34.854  2396  2396 F DEBUG   : pid: 4584, tid: 4599, name: Binder_2  >>> /system/bin/mediaserver <<<
05-31 15:40:34.854  2918  3001 W NativeCrashListener: Couldn't find ProcessRecord for pid 4584
05-31 15:40:34.854  2396  2396 F DEBUG   : signal 11 (SIGSEGV), code 1 (SEGV_MAPERR), fault addr 0x0
05-31 15:40:34.861  2396  2396 F DEBUG   :     r0 f46805c8  r1 f68c96c0  r2 00000000  r3 f7104498
05-31 15:40:34.861  2396  2396 E DEBUG   : AM write failed: Broken pipe
05-31 15:40:34.861  2396  2396 F DEBUG   :     r4 f4680614  r5 f46805c8  r6 f46805cc  r7 f468060c
05-31 15:40:34.861  2396  2396 F DEBUG   :     r8 000039ec  r9 f68de6a0  sl f710d604  fp f4680610
05-31 15:40:34.861  2396  2396 F DEBUG   :     ip 000011f7  sp f46805c0  lr f496c86d  pc 00000000  cpsr 400d0010
05-31 15:40:34.864  2396  2396 F DEBUG   : 
05-31 15:40:34.864  2396  2396 F DEBUG   : backtrace:
05-31 15:40:34.865  2396  2396 F DEBUG   :     #00 pc 00000000  <unknown>
05-31 15:40:34.865  2396  2396 F DEBUG   :     #01 pc 0000586b  /system/vendor/lib/libwvm.so (_ZN7android15IsWidevineMediaERKNS_2spINS_10DataSourceEEE+18)
05-31 15:40:34.865  2396  2396 F DEBUG   :     #02 pc 000ccaa9  /system/lib/libstagefright.so (_ZN7android8SniffWVMERKNS_2spINS_10DataSourceEEEPNS_7String8EPfPNS0_INS_8AMessageEEE+64)
05-31 15:40:34.865  2396  2396 F DEBUG   :     #03 pc 000889b3  /system/lib/libstagefright.so (_ZN7android10DataSource5sniffEPNS_7String8EPfPNS_2spINS_8AMessageEEE+150)
05-31 15:40:34.865  2396  2396 F DEBUG   :     #04 pc 000ae0b9  /system/lib/libstagefright.so (_ZN7android14MediaExtractor6CreateERKNS_2spINS_10DataSourceEEEPKc+32)
05-31 15:40:34.865  2396  2396 F DEBUG   :     #05 pc 000c39bb  /system/lib/libstagefright.so (_ZN7android28StagefrightMetadataRetriever13setDataSourceEixx+102)
05-31 15:40:34.865  2396  2396 F DEBUG   :     #06 pc 000485cf  /system/lib/libmediaplayerservice.so (_ZN7android23MetadataRetrieverClient13setDataSourceEixx+230)
05-31 15:40:34.865  2396  2396 F DEBUG   :     #07 pc 0008401f  /system/lib/libmedia.so (_ZN7android24BnMediaMetadataRetriever10onTransactEjRKNS_6ParcelEPS1_j+398)
05-31 15:40:34.865  2396  2396 F DEBUG   :     #08 pc 000199c9  /system/lib/libbinder.so (_ZN7android7BBinder8transactEjRKNS_6ParcelEPS1_j+60)
05-31 15:40:34.865  2396  2396 F DEBUG   :     #09 pc 0001ed5b  /system/lib/libbinder.so (_ZN7android14IPCThreadState14executeCommandEi+550)
05-31 15:40:34.865  2396  2396 F DEBUG   :     #10 pc 0001eec5  /system/lib/libbinder.so (_ZN7android14IPCThreadState20getAndExecuteCommandEv+64)
05-31 15:40:34.865  2396  2396 F DEBUG   :     #11 pc 0001ef29  /system/lib/libbinder.so (_ZN7android14IPCThreadState14joinThreadPoolEb+48)
05-31 15:40:34.865  2396  2396 F DEBUG   :     #12 pc 000239d5  /system/lib/libbinder.so
05-31 15:40:34.865  2396  2396 F DEBUG   :     #13 pc 00010075  /system/lib/libutils.so (_ZN7android6Thread11_threadLoopEPv+112)
05-31 15:40:34.865  2396  2396 F DEBUG   :     #14 pc 0003f8a7  /system/lib/libc.so (_ZL15__pthread_startPv+30)
05-31 15:40:34.865  2396  2396 F DEBUG   :     #15 pc 00019f73  /system/lib/libc.so (__start_thread+6)
05-31 15:40:34.967  2396  2396 F DEBUG   : 
05-31 15:40:34.967  2396  2396 F DEBUG   : Tombstone written to: /data/tombstones/tombstone_06
05-31 15:40:34.968  2918  2935 I BootReceiver: Copying /data/tombstones/tombstone_06 to DropBox (SYSTEM_TOMBSTONE)
05-31 15:40:34.987  2381  2381 I ServiceManager: service 'media.audio_flinger' died
05-31 15:40:34.988  2381  2381 I ServiceManager: service 'media.player' died
05-31 15:40:34.988  2381  2381 I ServiceManager: service 'media.resource_manager' died
05-31 15:40:34.988  2381  2381 I ServiceManager: service 'media.camera' died
05-31 15:40:34.988  2381  2381 I ServiceManager: service 'media.radio' died
05-31 15:40:34.988  2381  2381 I ServiceManager: service 'media.sound_trigger_hw' died
05-31 15:40:34.988  2381  2381 I ServiceManager: service 'media.audio_policy' died
05-31 15:40:34.988  3002  3014 W MediaMetadataRetriever: MediaMetadataRetriever server died!
05-31 15:40:34.996  3002  3606 I ServiceManager: Waiting for service media.player...
05-31 15:40:35.997  3002  3606 I ServiceManager: Waiting for service media.player...
05-31 15:40:36.998  3002  3606 I ServiceManager: Waiting for service media.player...
05-31 15:40:37.454  4175  4190 E NfcService: Watchdog triggered, aborting.
05-31 15:40:37.454  4175  4190 E BrcmNfcJni: nfcManager_doAbort: abort()
05-31 15:40:37.454  4175  4190 F libc    : Fatal signal 6 (SIGABRT), code -6 in tid 4190 (enableInternal)
05-31 15:40:37.556  2398  2398 F DEBUG   : *** *** *** *** *** *** *** *** *** *** *** *** *** *** *** ***
05-31 15:40:37.556  2398  2398 F DEBUG   : Build fingerprint: 'Huawei/aosp_alice/alice:6.0.1/MOB31T/haky8605311527:userdebug/test-keys'
05-31 15:40:37.556  2398  2398 F DEBUG   : Revision: '0'
05-31 15:40:37.556  2398  2398 F DEBUG   : ABI: 'arm64'
05-31 15:40:37.556  2398  2398 F DEBUG   : pid: 4175, tid: 4190, name: enableInternal  >>> com.android.nfc <<<
05-31 15:40:37.556  2398  2398 E DEBUG   : AM write failed: Broken pipe
05-31 15:40:37.556  2398  2398 F DEBUG   : signal 6 (SIGABRT), code -6 (SI_TKILL), fault addr --------
05-31 15:40:37.567  2398  2398 F DEBUG   :     x0   0000000000000000  x1   000000000000105e  x2   0000000000000006  x3   0000000000000000
05-31 15:40:37.567  2398  2398 F DEBUG   :     x4   0000000000000000  x5   0000000000000001  x6   0000000000000000  x7   0000000000000000
05-31 15:40:37.567  2398  2398 F DEBUG   :     x8   0000000000000083  x9   0000000000000028  x10  0000007fae8a0a0c  x11  0000007fae8a0a48
05-31 15:40:37.567  2398  2398 F DEBUG   :     x12  0000007fae8a0920  x13  000000000000001c  x14  0000007fae8a0b08  x15  0000000000000000
05-31 15:40:37.567  2398  2398 F DEBUG   :     x16  0000007fb7bf0568  x17  0000007fb7b811ac  x18  0000007fb7f7a610  x19  0000007fae8a1500
05-31 15:40:37.567  2398  2398 F DEBUG   :     x20  0000007fae8a1440  x21  000000000000006e  x22  0000000000000006  x23  0000000000015f90
05-31 15:40:37.567  2398  2398 F DEBUG   :     x24  0000000000015f90  x25  0000007fae8a12c8  x26  0000007fb331e27f  x27  0000007fafedc908
05-31 15:40:37.567  2398  2398 F DEBUG   :     x28  0000007fa9ffd600  x29  0000007fae8a0f00  x30  0000007fb7b7e948
05-31 15:40:37.567  2398  2398 F DEBUG   :     sp   0000007fae8a0f00  pc   0000007fb7b811b4  pstate 0000000020000000
05-31 15:40:37.569  2398  2398 F DEBUG   : 
05-31 15:40:37.569  2398  2398 F DEBUG   : backtrace:
05-31 15:40:37.569  2398  2398 F DEBUG   :     #00 pc 000000000006a1b4  /system/lib64/libc.so (tgkill+8)
05-31 15:40:37.569  2398  2398 F DEBUG   :     #01 pc 0000000000067944  /system/lib64/libc.so (pthread_kill+68)
05-31 15:40:37.569  2398  2398 F DEBUG   :     #02 pc 0000000000023838  /system/lib64/libc.so (raise+28)
05-31 15:40:37.569  2398  2398 F DEBUG   :     #03 pc 000000000001dfd8  /system/lib64/libc.so (abort+60)
05-31 15:40:37.569  2398  2398 F DEBUG   :     #04 pc 0000000000018a3c  /system/lib64/libnfc_nci_jni.so
05-31 15:40:37.569  2398  2398 F DEBUG   :     #05 pc 00000000000b332c  /data/dalvik-cache/arm64/system@app@NfcNci@NfcNci.apk@classes.dex (offset 0x68000)
05-31 15:40:37.725  2398  2398 F DEBUG   : 
05-31 15:40:37.725  2398  2398 F DEBUG   : Tombstone written to: /data/tombstones/tombstone_07
05-31 15:40:37.726  2918  2935 I BootReceiver: Copying /data/tombstones/tombstone_07 to DropBox (SYSTEM_TOMBSTONE)
05-31 15:40:37.825  2381  2381 I ServiceManager: service 'nfc' died
05-31 15:40:37.825  2413  2413 I Zygote  : Process 4175 exited due to signal (6)
05-31 15:40:37.826  2918  3372 I ActivityManager: Process com.android.nfc (pid 4175) has died
05-31 15:40:37.826  2918  3372 D ActivityManager: cleanUpApplicationRecord -- 4175
05-31 15:40:37.826  2918  3372 W ActivityManager: Re-adding persistent process ProcessRecord{f01fb76 4175:com.android.nfc/1027}
05-31 15:40:37.837  2918  3372 I ActivityManager: Start proc 4608:com.android.nfc/1027 for restart com.android.nfc
05-31 15:40:37.868  4608  4608 I NfcService: Starting NFC service
05-31 15:40:37.878  4608  4608 D BrcmNfcJni: JNI_OnLoad: enter
05-31 15:40:37.878  4608  4608 I BrcmNfcJni: NFC Service: loading nci JNI
05-31 15:40:37.878  4608  4608 D BrcmNfcJni: register_com_android_nfc_NativeNfcManager: enter
05-31 15:40:37.878  4608  4608 D BrcmNfcJni: PowerSwitch::initialize: level=PS-UNKNOWN (0)
05-31 15:40:37.878  4608  4608 D NfcAdaptation: bool CNfcConfig::readConfig(const char*, bool) Opened base config /etc/libnfc-brcm.conf
05-31 15:40:37.887  4608  4608 D NfcAdaptation: const CNfcParam* CNfcConfig::find(const char*) const found SCREEN_OFF_POWER_STATE=(0x1)
05-31 15:40:37.887  4608  4608 D BrcmNfcJni: PowerSwitch::initialize: desired screen-off state=1
05-31 15:40:37.887  4608  4608 D BrcmNfcJni: register_com_android_nfc_NativeNfcManager: exit
05-31 15:40:37.887  4608  4608 D BrcmNfcJni: register_com_android_nfc_NativeNfcTag
05-31 15:40:37.888  4608  4608 D BrcmNfcJni: RoutingManager::RoutingManager(): default route is 0x00
05-31 15:40:37.888  4608  4608 D NfcAdaptation: const CNfcParam* CNfcConfig::find(const char*) const found AID_MATCHING_MODE=(0x1)
05-31 15:40:37.888  4608  4608 D BrcmNfcJni: RoutingManager::RoutingManager(): mOffHostEe=0xF4
05-31 15:40:37.888  4608  4608 D BrcmNfcJni: RoutingManager::registerJniFunctions
05-31 15:40:37.888  4608  4608 D BrcmNfcJni: JNI_OnLoad: exit
05-31 15:40:37.888  4608  4608 D BrcmNfcJni: nfcManager_initNativeStruc: enter
05-31 15:40:37.888  4608  4608 D BrcmNfcJni: nfcManager_initNativeStruc: exit
05-31 15:40:37.890  2918  2936 D BluetoothManagerService: Added callback: android.bluetooth.IBluetoothManagerCallback$Stub$Proxy@28a673a:true
05-31 15:40:37.890  4608  4608 W Settings: Setting device_provisioned has moved from android.provider.Settings.Secure to android.provider.Settings.Global.
05-31 15:40:37.924  4608  4608 I NfceeAccess: read 1 signature(s) for NFCEE access
05-31 15:40:37.928  4608  4608 W Settings: Setting airplane_mode_radios has moved from android.provider.Settings.System to android.provider.Settings.Global, returning read-only value.
05-31 15:40:37.928  4608  4608 W Settings: Setting airplane_mode_toggleable_radios has moved from android.provider.Settings.System to android.provider.Settings.Global, returning read-only value.
05-31 15:40:37.953  4608  4608 D RegisteredServicesCache: Dynamic AIDs file does not exist.
05-31 15:40:37.958  4608  4622 D NfcService: checking on firmware download
05-31 15:40:37.958  4608  4622 W Settings: Setting airplane_mode_on has moved from android.provider.Settings.System to android.provider.Settings.Global, returning read-only value.
05-31 15:40:37.958  4608  4622 D NfcService: NFC is on. Doing normal stuff
05-31 15:40:37.958  4608  4622 I NfcService: Enabling NFC
05-31 15:40:37.961  4608  4622 D BrcmNfcJni: nfcManager_doInitialize: enter; ver=NFCDROID-AOSP_M_00.01 nfa=NFA_PI_1.03.66+ NCI_VERSION=0x10
05-31 15:40:37.961  4608  4622 D BrcmNfcJni: PowerSwitch::initialize: level=PS-FULL (1)
05-31 15:40:37.961  4608  4622 D NfcAdaptation: const CNfcParam* CNfcConfig::find(const char*) const found SCREEN_OFF_POWER_STATE=(0x1)
05-31 15:40:37.961  4608  4622 D BrcmNfcJni: PowerSwitch::initialize: desired screen-off state=1
05-31 15:40:37.961  4608  4622 D NfcAdaptation: NfcAdaptation::Initialize: enter
05-31 15:40:37.961  4608  4622 E NfcAdaptation: NfcAdaptation::Initialize: ver=NFCDROID-AOSP_M_00.01 nfa=NFA_PI_1.03.66+
05-31 15:40:37.961  4608  4622 D NfcAdaptation: const CNfcParam* CNfcConfig::find(const char*) const found NFA_STORAGE=/data/nfc
05-31 15:40:37.961  4608  4622 D NfcAdaptation: const CNfcParam* CNfcConfig::find(const char*) const found PROTOCOL_TRACE_LEVEL=(0xFFFFFFFF)
05-31 15:40:37.961  4608  4622 D NfcAdaptation: const CNfcParam* CNfcConfig::find(const char*) const found NFA_MAX_EE_SUPPORTED=(0x2)
05-31 15:40:37.961  4608  4622 D NfcAdaptation: NfcAdaptation::Initialize: Overriding NFA_EE_MAX_EE_SUPPORTED to use 2
05-31 15:40:37.961  4608  4622 D NfcAdaptation: const CNfcParam* CNfcConfig::find(const char*) const found APPL_TRACE_LEVEL=(0xFF)
05-31 15:40:37.961  4608  4622 D BrcmNfcJni: initializeGlobalAppLogLevel: level=5
05-31 15:40:37.961  4608  4622 D         : verify_stack_non_volatile_store
05-31 15:40:37.961  4608  4622 D NfcNciHal: crcChecksumVerifyIntegrity: filename=/data/nfc/nfaStorage.bin1
05-31 15:40:37.961  4608  4622 D NfcNciHal: crcChecksumVerifyIntegrity: filename=/data/nfc/nfaStorage.bin2
05-31 15:40:37.961  4608  4622 D NfcNciHal: crcChecksumVerifyIntegrity: filename=/data/nfc/nfaStorage.bin3
05-31 15:40:37.961  4608  4622 D NfcNciHal: crcChecksumVerifyIntegrity: filename=/data/nfc/nfaStorage.bin4
05-31 15:40:37.961  4608  4622 D NfcNciHal: crcChecksumVerifyIntegrity: filename=/data/nfc/nfaStorage.bin5
05-31 15:40:37.961  4608  4622 D NfcAdaptation: const CNfcParam* CNfcConfig::find(const char*) const found PRESERVE_STORAGE=(0x1)
05-31 15:40:37.961  4608  4622 D NfcAdaptation: Initialize: preserve stack NV store
05-31 15:40:37.961  4608  4624 D NfcAdaptation: NfcAdaptation::NFCA_TASK: enter
05-31 15:40:37.961  4608  4624 I BrcmNfcNfa: GKI_run(): Start/Stop GKI_timer_update_registered!
05-31 15:40:37.961  4608  4625 D NfcAdaptation: NfcAdaptation::Thread: enter
05-31 15:40:37.962  4608  4626 I BrcmNfcNfa: NFC_TASK started.
05-31 15:40:37.962  4608  4625 D NfcAdaptation: NfcAdaptation::Thread: exit
05-31 15:40:37.962  4608  4622 D NfcAdaptation: NfcAdaptation::InitializeHalDeviceContext: enter
05-31 15:40:37.962  4608  4622 D NfcAdaptation: const CNfcParam* CNfcConfig::find(const char*) const found NCI_HAL_MODULE=nfc_nci.pn54x
05-31 15:40:37.962  4608  4622 E NfcAdaptation: NfcAdaptation::InitializeHalDeviceContext: fail hw_get_module nfc_nci.pn54x
05-31 15:40:37.962  4608  4622 D NfcAdaptation: NfcAdaptation::InitializeHalDeviceContext: exit
05-31 15:40:37.962  4608  4622 D NfcAdaptation: NfcAdaptation::Initialize: exit
05-31 15:40:37.962  4608  4622 I BrcmNfcNfa: nfa_dm_init ()
05-31 15:40:37.962  4608  4622 I BrcmNfcNfa: nfa_sys_register () id=1, enable_cplt_mask=0x0
05-31 15:40:37.962  4608  4622 I BrcmNfcNfa: nfa_sys_register () id=3, enable_cplt_mask=0x8
05-31 15:40:37.962  4608  4622 I BrcmNfcNfa: nfa_rw_init ()
05-31 15:40:37.962  4608  4622 I BrcmNfcNfa: nfa_sys_register () id=6, enable_cplt_mask=0x48
05-31 15:40:37.962  4608  4622 I BrcmNfcNfa: nfa_ce_init ()
05-31 15:40:37.962  4608  4622 I BrcmNfcNfa: nfa_sys_register () id=7, enable_cplt_mask=0xc8
05-31 15:40:37.962  4608  4622 I BrcmNfcNfa: nfa_ee_init ()
05-31 15:40:37.962  4608  4622 I BrcmNfcNfa: nfa_sys_register () id=2, enable_cplt_mask=0xcc
05-31 15:40:37.962  4608  4622 I BrcmNfcNfa: nfa_hci_init ()
05-31 15:40:37.962  4608  4622 I BrcmNfcNfa: nfa_sys_register () id=8, enable_cplt_mask=0x1cc
05-31 15:40:37.962  4608  4622 I BrcmNfcNfa: LLCP - llcp_init ()
05-31 15:40:37.962  4608  4622 I BrcmNfcNfa: num_rx_buff = 9, rx_congest_start = 6, rx_congest_end = 4, max_num_ll_rx_buff = 2
05-31 15:40:37.962  4608  4622 I BrcmNfcNfa: max_num_tx_buff = 21, max_num_ll_tx_buff = 6
05-31 15:40:37.962  4608  4622 I BrcmNfcNfa: LLCP_RegisterServer (): SAP:0x1, link_type:0x2, ServiceName:<urn:nfc:sn:sdp>
05-31 15:40:37.962  4608  4622 I BrcmNfcNfa: LLCP_RegisterServer (): Registered SAP = 0x01
05-31 15:40:37.962  4608  4622 I BrcmNfcNfa: NFA_Enable ()
05-31 15:40:37.962  4608  4622 D NfcAdaptation: const CNfcParam* CNfcConfig::find(const char*) const found APPL_TRACE_LEVEL=(0xFF)
05-31 15:40:37.962  4608  4622 D BrcmNfcJni: initializeGlobalAppLogLevel: level=5
05-31 15:40:37.962  4608  4626 I BrcmNfcNfa: NFA got event 0x0100
05-31 15:40:37.962  4608  4626 I BrcmNfcNfa: NFC_SetTraceLevel () new_level = 5
05-31 15:40:37.962  4608  4622 I BrcmNfcNfa: NFC_SetTraceLevel () new_level = 5
05-31 15:40:37.962  4608  4626 I BrcmNfcNfa: nfa_dm_enable ()
05-31 15:40:37.962  4608  4626 I BrcmNfcNfa: NFC_Enable ()
05-31 15:40:37.962  4608  4626 I BrcmNfcNfa: nfc_set_state 0 (NONE)->1 (W4_HAL_OPEN)
05-31 15:40:37.962  4608  4626 D NfcAdaptation: NfcAdaptation::HalOpen
05-31 15:40:37.998  3002  3606 I ServiceManager: Waiting for service media.player...
05-31 15:40:38.999  3002  3606 I ServiceManager: Waiting for service media.player...
05-31 15:40:39.334  4628  4628 I chatty  : uid=1013(media) /system/bin/mediaserver expire 153 lines
05-31 15:40:39.539  4628  4631 I chatty  : uid=1013(media) /system/bin/mediaserver expire 2 lines
05-31 15:40:39.629  4628  4634 I chatty  : uid=1013(media) /system/bin/mediaserver expire 2 lines
05-31 15:40:39.709  4628  4635 I chatty  : uid=1013(media) /system/bin/mediaserver expire 1 line
05-31 15:40:39.827  4628  4637 I chatty  : uid=1013(media) /system/bin/mediaserver expire 2 lines
05-31 15:40:39.828  4628  4628 I chatty  : uid=1013(media) /system/bin/mediaserver expire 99 lines
05-31 15:40:39.859  4628  4635 I chatty  : uid=1013(media) /system/bin/mediaserver expire 1 line
05-31 15:40:39.872  4628  4641 I chatty  : uid=1013(media) /system/bin/mediaserver expire 1 line
05-31 15:40:39.999  3002  3606 W MediaMetadataRetriever: MediaPlayerService not published, waiting...
05-31 15:40:40.512  4628  4643 F libc    : Fatal signal 11 (SIGSEGV), code 1, fault addr 0x0 in tid 4643 (Binder_2)
05-31 15:40:40.563  2396  2396 F DEBUG   : *** *** *** *** *** *** *** *** *** *** *** *** *** *** *** ***
05-31 15:40:40.563  2396  2396 F DEBUG   : Build fingerprint: 'Huawei/aosp_alice/alice:6.0.1/MOB31T/haky8605311527:userdebug/test-keys'
05-31 15:40:40.563  2396  2396 F DEBUG   : Revision: '0'
05-31 15:40:40.563  2396  2396 F DEBUG   : ABI: 'arm'
05-31 15:40:40.564  2396  2396 F DEBUG   : pid: 4628, tid: 4643, name: Binder_2  >>> /system/bin/mediaserver <<<
05-31 15:40:40.564  2918  3001 W NativeCrashListener: Couldn't find ProcessRecord for pid 4628
05-31 15:40:40.564  2396  2396 F DEBUG   : signal 11 (SIGSEGV), code 1 (SEGV_MAPERR), fault addr 0x0
05-31 15:40:40.570  2396  2396 F DEBUG   :     r0 f46805c8  r1 f68c96c0  r2 00000000  r3 f7104498
05-31 15:40:40.570  2396  2396 E DEBUG   : AM write failed: Broken pipe
05-31 15:40:40.570  2396  2396 F DEBUG   :     r4 f4680614  r5 f46805c8  r6 f46805cc  r7 f468060c
05-31 15:40:40.570  2396  2396 F DEBUG   :     r8 000039ec  r9 f68de6a0  sl f710d604  fp f4680610
05-31 15:40:40.570  2396  2396 F DEBUG   :     ip 00001223  sp f46805c0  lr f496c86d  pc 00000000  cpsr 400d0010
05-31 15:40:40.574  2396  2396 F DEBUG   : 
05-31 15:40:40.574  2396  2396 F DEBUG   : backtrace:
05-31 15:40:40.574  2396  2396 F DEBUG   :     #00 pc 00000000  <unknown>
05-31 15:40:40.574  2396  2396 F DEBUG   :     #01 pc 0000586b  /system/vendor/lib/libwvm.so (_ZN7android15IsWidevineMediaERKNS_2spINS_10DataSourceEEE+18)
05-31 15:40:40.574  2396  2396 F DEBUG   :     #02 pc 000ccaa9  /system/lib/libstagefright.so (_ZN7android8SniffWVMERKNS_2spINS_10DataSourceEEEPNS_7String8EPfPNS0_INS_8AMessageEEE+64)
05-31 15:40:40.574  2396  2396 F DEBUG   :     #03 pc 000889b3  /system/lib/libstagefright.so (_ZN7android10DataSource5sniffEPNS_7String8EPfPNS_2spINS_8AMessageEEE+150)
05-31 15:40:40.574  2396  2396 F DEBUG   :     #04 pc 000ae0b9  /system/lib/libstagefright.so (_ZN7android14MediaExtractor6CreateERKNS_2spINS_10DataSourceEEEPKc+32)
05-31 15:40:40.574  2396  2396 F DEBUG   :     #05 pc 000c39bb  /system/lib/libstagefright.so (_ZN7android28StagefrightMetadataRetriever13setDataSourceEixx+102)
05-31 15:40:40.574  2396  2396 F DEBUG   :     #06 pc 000485cf  /system/lib/libmediaplayerservice.so (_ZN7android23MetadataRetrieverClient13setDataSourceEixx+230)
05-31 15:40:40.574  2396  2396 F DEBUG   :     #07 pc 0008401f  /system/lib/libmedia.so (_ZN7android24BnMediaMetadataRetriever10onTransactEjRKNS_6ParcelEPS1_j+398)
05-31 15:40:40.574  2396  2396 F DEBUG   :     #08 pc 000199c9  /system/lib/libbinder.so (_ZN7android7BBinder8transactEjRKNS_6ParcelEPS1_j+60)
05-31 15:40:40.574  2396  2396 F DEBUG   :     #09 pc 0001ed5b  /system/lib/libbinder.so (_ZN7android14IPCThreadState14executeCommandEi+550)
05-31 15:40:40.574  2396  2396 F DEBUG   :     #10 pc 0001eec5  /system/lib/libbinder.so (_ZN7android14IPCThreadState20getAndExecuteCommandEv+64)
05-31 15:40:40.574  2396  2396 F DEBUG   :     #11 pc 0001ef29  /system/lib/libbinder.so (_ZN7android14IPCThreadState14joinThreadPoolEb+48)
05-31 15:40:40.574  2396  2396 F DEBUG   :     #12 pc 000239d5  /system/lib/libbinder.so
05-31 15:40:40.574  2396  2396 F DEBUG   :     #13 pc 00010075  /system/lib/libutils.so (_ZN7android6Thread11_threadLoopEPv+112)
05-31 15:40:40.574  2396  2396 F DEBUG   :     #14 pc 0003f8a7  /system/lib/libc.so (_ZL15__pthread_startPv+30)
05-31 15:40:40.574  2396  2396 F DEBUG   :     #15 pc 00019f73  /system/lib/libc.so (__start_thread+6)
05-31 15:40:40.677  2396  2396 F DEBUG   : 
05-31 15:40:40.677  2396  2396 F DEBUG   : Tombstone written to: /data/tombstones/tombstone_08
05-31 15:40:40.678  2918  2935 I BootReceiver: Copying /data/tombstones/tombstone_08 to DropBox (SYSTEM_TOMBSTONE)
05-31 15:40:40.698  2381  2381 I ServiceManager: service 'media.audio_flinger' died
05-31 15:40:40.698  2381  2381 I ServiceManager: service 'media.player' died
05-31 15:40:40.698  2381  2381 I ServiceManager: service 'media.resource_manager' died
05-31 15:40:40.698  2381  2381 I ServiceManager: service 'media.camera' died
05-31 15:40:40.698  2381  2381 I ServiceManager: service 'media.radio' died
05-31 15:40:40.698  2381  2381 I ServiceManager: service 'media.sound_trigger_hw' died
05-31 15:40:40.698  2381  2381 I ServiceManager: service 'media.audio_policy' died
05-31 15:40:40.698  3002  3013 W MediaMetadataRetriever: MediaMetadataRetriever server died!
05-31 15:40:40.702  3002  3606 I ServiceManager: Waiting for service media.player...
05-31 15:40:41.703  3002  3606 I ServiceManager: Waiting for service media.player...
05-31 15:40:42.703  3002  3606 I ServiceManager: Waiting for service media.player...
05-31 15:40:43.704  3002  3606 I ServiceManager: Waiting for service media.player...
05-31 15:40:44.051  4649  4649 I chatty  : uid=1013(media) /system/bin/mediaserver expire 147 lines
05-31 15:40:44.256  4649  4652 I chatty  : uid=1013(media) /system/bin/mediaserver expire 2 lines
05-31 15:40:44.338  4649  4655 I chatty  : uid=1013(media) /system/bin/mediaserver expire 2 lines
05-31 15:40:44.419  4649  4656 I chatty  : uid=1013(media) /system/bin/mediaserver expire 1 line
05-31 15:40:44.537  4649  4658 I chatty  : uid=1013(media) /system/bin/mediaserver expire 2 lines
05-31 15:40:44.538  4649  4649 I chatty  : uid=1013(media) /system/bin/mediaserver expire 105 lines
05-31 15:40:44.568  4649  4656 I chatty  : uid=1013(media) /system/bin/mediaserver expire 1 line
05-31 15:40:44.582  4649  4662 I chatty  : uid=1013(media) /system/bin/mediaserver expire 1 line
05-31 15:40:44.717  4649  4664 F libc    : Fatal signal 11 (SIGSEGV), code 1, fault addr 0x0 in tid 4664 (Binder_2)
05-31 15:40:44.769  2396  2396 F DEBUG   : *** *** *** *** *** *** *** *** *** *** *** *** *** *** *** ***
05-31 15:40:44.769  2396  2396 F DEBUG   : Build fingerprint: 'Huawei/aosp_alice/alice:6.0.1/MOB31T/haky8605311527:userdebug/test-keys'
05-31 15:40:44.769  2396  2396 F DEBUG   : Revision: '0'
05-31 15:40:44.769  2396  2396 F DEBUG   : ABI: 'arm'
05-31 15:40:44.769  2396  2396 F DEBUG   : pid: 4649, tid: 4664, name: Binder_2  >>> /system/bin/mediaserver <<<
05-31 15:40:44.769  2396  2396 F DEBUG   : signal 11 (SIGSEGV), code 1 (SEGV_MAPERR), fault addr 0x0
05-31 15:40:44.769  2918  3001 W NativeCrashListener: Couldn't find ProcessRecord for pid 4649
05-31 15:40:44.775  2396  2396 F DEBUG   :     r0 f46c05c8  r1 f68c96c0  r2 00000000  r3 f7104498
05-31 15:40:44.775  2396  2396 E DEBUG   : AM write failed: Broken pipe
05-31 15:40:44.776  2396  2396 F DEBUG   :     r4 f46c0614  r5 f46c05c8  r6 f46c05cc  r7 f46c060c
05-31 15:40:44.776  2396  2396 F DEBUG   :     r8 000039ec  r9 f68de6a0  sl f710d604  fp f46c0610
05-31 15:40:44.776  2396  2396 F DEBUG   :     ip 00001238  sp f46c05c0  lr f49ad86d  pc 00000000  cpsr 400d0010
05-31 15:40:44.779  2396  2396 F DEBUG   : 
05-31 15:40:44.779  2396  2396 F DEBUG   : backtrace:
05-31 15:40:44.779  2396  2396 F DEBUG   :     #00 pc 00000000  <unknown>
05-31 15:40:44.779  2396  2396 F DEBUG   :     #01 pc 0000586b  /system/vendor/lib/libwvm.so (_ZN7android15IsWidevineMediaERKNS_2spINS_10DataSourceEEE+18)
05-31 15:40:44.779  2396  2396 F DEBUG   :     #02 pc 000ccaa9  /system/lib/libstagefright.so (_ZN7android8SniffWVMERKNS_2spINS_10DataSourceEEEPNS_7String8EPfPNS0_INS_8AMessageEEE+64)
05-31 15:40:44.779  2396  2396 F DEBUG   :     #03 pc 000889b3  /system/lib/libstagefright.so (_ZN7android10DataSource5sniffEPNS_7String8EPfPNS_2spINS_8AMessageEEE+150)
05-31 15:40:44.779  2396  2396 F DEBUG   :     #04 pc 000ae0b9  /system/lib/libstagefright.so (_ZN7android14MediaExtractor6CreateERKNS_2spINS_10DataSourceEEEPKc+32)
05-31 15:40:44.779  2396  2396 F DEBUG   :     #05 pc 000c39bb  /system/lib/libstagefright.so (_ZN7android28StagefrightMetadataRetriever13setDataSourceEixx+102)
05-31 15:40:44.779  2396  2396 F DEBUG   :     #06 pc 000485cf  /system/lib/libmediaplayerservice.so (_ZN7android23MetadataRetrieverClient13setDataSourceEixx+230)
05-31 15:40:44.779  2396  2396 F DEBUG   :     #07 pc 0008401f  /system/lib/libmedia.so (_ZN7android24BnMediaMetadataRetriever10onTransactEjRKNS_6ParcelEPS1_j+398)
05-31 15:40:44.779  2396  2396 F DEBUG   :     #08 pc 000199c9  /system/lib/libbinder.so (_ZN7android7BBinder8transactEjRKNS_6ParcelEPS1_j+60)
05-31 15:40:44.779  2396  2396 F DEBUG   :     #09 pc 0001ed5b  /system/lib/libbinder.so (_ZN7android14IPCThreadState14executeCommandEi+550)
05-31 15:40:44.779  2396  2396 F DEBUG   :     #10 pc 0001eec5  /system/lib/libbinder.so (_ZN7android14IPCThreadState20getAndExecuteCommandEv+64)
05-31 15:40:44.779  2396  2396 F DEBUG   :     #11 pc 0001ef29  /system/lib/libbinder.so (_ZN7android14IPCThreadState14joinThreadPoolEb+48)
05-31 15:40:44.780  2396  2396 F DEBUG   :     #12 pc 000239d5  /system/lib/libbinder.so
05-31 15:40:44.780  2396  2396 F DEBUG   :     #13 pc 00010075  /system/lib/libutils.so (_ZN7android6Thread11_threadLoopEPv+112)
05-31 15:40:44.780  2396  2396 F DEBUG   :     #14 pc 0003f8a7  /system/lib/libc.so (_ZL15__pthread_startPv+30)
05-31 15:40:44.780  2396  2396 F DEBUG   :     #15 pc 00019f73  /system/lib/libc.so (__start_thread+6)
05-31 15:40:44.882  2396  2396 F DEBUG   : 
05-31 15:40:44.882  2396  2396 F DEBUG   : Tombstone written to: /data/tombstones/tombstone_09
05-31 15:40:44.882  2918  2935 I BootReceiver: Copying /data/tombstones/tombstone_09 to DropBox (SYSTEM_TOMBSTONE)
05-31 15:40:44.898  2381  2381 I ServiceManager: service 'media.audio_flinger' died
05-31 15:40:44.898  2381  2381 I ServiceManager: service 'media.player' died
05-31 15:40:44.898  3002  3014 W MediaMetadataRetriever: MediaMetadataRetriever server died!
05-31 15:40:44.898  2381  2381 I ServiceManager: service 'media.resource_manager' died
05-31 15:40:44.898  2381  2381 I ServiceManager: service 'media.camera' died
05-31 15:40:44.899  2381  2381 I ServiceManager: service 'media.radio' died
05-31 15:40:44.899  2381  2381 I ServiceManager: service 'media.sound_trigger_hw' died
05-31 15:40:44.899  2381  2381 I ServiceManager: service 'media.audio_policy' died
05-31 15:40:44.903  3002  3606 I ServiceManager: Waiting for service media.player...
05-31 15:40:45.903  3002  3606 I ServiceManager: Waiting for service media.player...
05-31 15:40:46.904  3002  3606 I ServiceManager: Waiting for service media.player...
05-31 15:40:47.905  3002  3606 I ServiceManager: Waiting for service media.player...
