06-03 01:24:57.498  2371  2371 D RILD    : **RIL Daemon Started**
06-03 01:24:57.498  2371  2371 D RILD    : **RILd param count=1**
06-03 01:24:57.498  2371  2371 E RILD    : dlopen failed: dlopen failed: library "/system/lib64/libbalong-ril.so" not found
06-03 01:25:01.727  2740  2740 D RILD    : **RIL Daemon Started**
06-03 01:25:01.727  2740  2740 D RILD    : **RILd param count=1**
06-03 01:25:01.727  2740  2740 E RILD    : dlopen failed: dlopen failed: library "/system/lib64/libbalong-ril.so" not found
06-03 01:25:06.127  2377  2377 D TelephonyManager: /proc/cmdline=hisi_dma_print=0 vmalloc=384M maxcpus=8 coherent_pool=512K no_irq_affinity ate_enable=true androidboot.selinux=permissive iommu_ddr_size=0x80000000 mem=1932M boardid=0x48696220,0x00000011,0x000002cf productid=0x3db54555 androidboot.mode=normal pmu_nv_addr=0x070c89b0 low_volt_flag=0 iommu_enable  enter_recovery=0 androidboot.swtype=normal fastboot_version=DailyBuild_201702231810_FASTBOOT androidboot.serialno=QLF7N16A22031967 rescue_version=  otg.status=disable normal_reset_type=ColdReset himntn=00011100000000000000000000001000 LCD_TYPE=TM_NT35521_LCD density=320 setup_logctl=0 loglevel=5 bitmapofabnrst=0x00000010  boot_slice=0x00029cc6 no_uart_console mdmlogbase=0x00000000 mdmlogsize=0x00000000 mdmlogtime=0x00000000 async_loadmodem efuse_status=0 recovery_update=0 fblock=unlocked androidboot.hardware=hi6210sft 
06-03 01:25:06.758  2746  2746 D RILD    : **RIL Daemon Started**
06-03 01:25:06.758  2746  2746 D RILD    : **RILd param count=1**
06-03 01:25:06.758  2746  2746 E RILD    : dlopen failed: dlopen failed: library "/system/lib64/libbalong-ril.so" not found
06-03 01:25:07.536  2378  2378 D TelephonyManager: /proc/cmdline=hisi_dma_print=0 vmalloc=384M maxcpus=8 coherent_pool=512K no_irq_affinity ate_enable=true androidboot.selinux=permissive iommu_ddr_size=0x80000000 mem=1932M boardid=0x48696220,0x00000011,0x000002cf productid=0x3db54555 androidboot.mode=normal pmu_nv_addr=0x070c89b0 low_volt_flag=0 iommu_enable  enter_recovery=0 androidboot.swtype=normal fastboot_version=DailyBuild_201702231810_FASTBOOT androidboot.serialno=QLF7N16A22031967 rescue_version=  otg.status=disable normal_reset_type=ColdReset himntn=00011100000000000000000000001000 LCD_TYPE=TM_NT35521_LCD density=320 setup_logctl=0 loglevel=5 bitmapofabnrst=0x00000010  boot_slice=0x00029cc6 no_uart_console mdmlogbase=0x00000000 mdmlogsize=0x00000000 mdmlogtime=0x00000000 async_loadmodem efuse_status=0 recovery_update=0 fblock=unlocked androidboot.hardware=hi6210sft 
06-03 01:25:12.361  2777  2777 D RILD    : **RIL Daemon Started**
06-03 01:25:12.361  2777  2777 D RILD    : **RILd param count=1**
06-03 01:25:12.361  2777  2777 E RILD    : dlopen failed: dlopen failed: library "/system/lib64/libbalong-ril.so" not found
06-03 01:25:17.407  2856  2856 D RILD    : **RIL Daemon Started**
06-03 01:25:17.407  2856  2856 D RILD    : **RILd param count=1**
06-03 01:25:17.408  2856  2856 E RILD    : dlopen failed: dlopen failed: library "/system/lib64/libbalong-ril.so" not found
06-03 01:25:19.861  2751  2901 D TelephonyRegistry: listen oscl: hasNotifySubscriptionInfoChangedOccurred==false no callback
06-03 01:25:19.900  2751  2751 W SmsApplication: com.android.phone does not have OP_WRITE_SMS:  (fixing)
06-03 01:25:19.900  2751  2751 W SmsApplication: com.android.bluetooth does not have OP_WRITE_SMS:  (fixing)
06-03 01:25:19.901  2751  2751 W SmsApplication: com.android.mms.service does not have OP_WRITE_SMS:  (fixing)
06-03 01:25:19.901  2751  2751 W SmsApplication: com.android.providers.telephony does not have OP_WRITE_SMS:  (fixing)
06-03 01:25:19.911  2751  2751 E CarrierConfigManager: Error getting config for subId -1: java.lang.NullPointerException: Attempt to invoke interface method 'android.os.PersistableBundle com.android.internal.telephony.ICarrierConfigLoader.getConfigForSubId(int)' on a null object reference
06-03 01:25:20.625  2751  2839 D TelephonyRegistry: listen oscl: hasNotifySubscriptionInfoChangedOccurred==false no callback
06-03 01:25:20.724  2751  2766 D TelephonyRegistry: systemRunning register for intents
06-03 01:25:20.925  2751  2751 D TelephonyRegistry: notifyCellLocationForSubscriber: subId=0 cellLocation=Bundle[{cid=-1, lac=-1, psc=-1}]
06-03 01:25:21.521  3106  3106 D TDC     : updateOrInsert: inserting: Modem { uuid=modem, state=0, rilModel=0, rat={}, maxActiveVoiceCall=1, maxActiveDataCall=1, maxStandby=1 }
06-03 01:25:21.521  3106  3106 D TDC     : updateOrInsert: inserting: Sim { uuid=sim, modemUuid=modem, state=0 }
06-03 01:25:21.525  3106  3106 D CdmaSSM : subscriptionSource from settings: 1
06-03 01:25:21.525  3106  3106 I PhoneFactory: Cdma Subscription set to 1
06-03 01:25:21.532  3106  3106 I PhoneFactory: Network Mode set to 9
06-03 01:25:21.534  3106  3106 D RILJ    : RIL(context, preferredNetworkType=9 cdmaSubscription=1)
06-03 01:25:21.536  3106  3106 D RILJ    : Starting RILReceiver0 [SUB0]
06-03 01:25:21.538  3106  3203 I RILJ    : Couldn't find 'rild' socket; retrying after timeout
06-03 01:25:21.540  3106  3106 D RILJ    : [3648]> GET_HARDWARE_CONFIG [SUB0]
06-03 01:25:21.541  3106  3106 D RilRequest: [3648]< GET_HARDWARE_CONFIG error: com.android.internal.telephony.CommandException: RADIO_NOT_AVAILABLE ret=
06-03 01:25:21.541  3106  3106 I PhoneFactory: Creating SubscriptionController
06-03 01:25:21.544  3106  3106 D SubscriptionController: [SubscriptionController] init by Context
06-03 01:25:21.546  3106  3106 D UiccController: Creating UiccController
06-03 01:25:21.554  3106  3106 D TelephonyTester: register for intent action=com.android.internal.telephony.gsm.action_detached
06-03 01:25:21.554  3106  3106 D TelephonyTester: register for intent action=com.android.internal.telephony.gsm.action_attached
06-03 01:25:21.558  3106  3106 D PhoneBase: mDoesRilSendMultipleCallRing=true
06-03 01:25:21.558  3106  3106 D PhoneBase: mCallRingDelay=3000
06-03 01:25:21.565  3106  3106 D RILJ    : [3649]> RIL_REQUEST_START_LCE [SUB0]
06-03 01:25:21.565  3106  3106 D RilRequest: [3649]< RIL_REQUEST_START_LCE error: com.android.internal.telephony.CommandException: RADIO_NOT_AVAILABLE ret=
06-03 01:25:21.565  3106  3106 D RILJ    : setPhoneType=1 old value=0 [SUB0]
06-03 01:25:21.574  2751  3159 D TelephonyRegistry: listen oscl: hasNotifySubscriptionInfoChangedOccurred==false no callback
06-03 01:25:21.574  3106  3106 D TelephonyManager: setTelephonyProperty: success phoneId=0 property=gsm.network.type value: Unknown propVal=Unknown
06-03 01:25:21.579  3106  3106 D RILJ    : [3650]> SIGNAL_STRENGTH [SUB0]
06-03 01:25:21.579  3106  3106 D RilRequest: [3650]< SIGNAL_STRENGTH error: com.android.internal.telephony.CommandException: RADIO_NOT_AVAILABLE ret=
06-03 01:25:21.590  3106  3106 D DCT     : [0]DCT.constructor
06-03 01:25:21.590  3106  3106 D SubscriptionController: [getSubId]- sSlotIdxToSubId.size == 0, return DummySubIds slotIdx=0
06-03 01:25:21.591  3106  3106 D DCT     : [0]getDataEnabled: getIntWithSubId retVal=true
06-03 01:25:21.593  2751  2839 D TelephonyRegistry: listen oscl: hasNotifySubscriptionInfoChangedOccurred==false no callback
06-03 01:25:21.607  3210  3210 D RILD    : **RIL Daemon Started**
06-03 01:25:21.607  3210  3210 D RILD    : **RILd param count=1**
06-03 01:25:21.607  3210  3210 E RILD    : dlopen failed: dlopen failed: library "/system/lib64/libbalong-ril.so" not found
06-03 01:25:21.611  3106  3106 D Dcc     : E ctor
06-03 01:25:21.611  3106  3106 D Dcc     : X ctor
06-03 01:25:21.614  3106  3106 D SubscriptionController: [getPhoneId] asked for default subId=-1
06-03 01:25:21.614  3106  3106 D SubscriptionController: [getPhoneId]- invalid subId return=-1
06-03 01:25:21.615  3106  3211 D DcTesterDeacativeAll: register for intent action=com.android.internal.telephony.dataconnection.action_deactivate_all
06-03 01:25:21.615  3106  3211 D DcTesterDeacativeAll: register for intent action=com.android.internal.telephony.gsm.action_detached
06-03 01:25:21.617  3106  3106 D DcTesterFailBrinupAll: register for intent action=com.android.internal.telephony.dataconnection.action_fail_bringup
06-03 01:25:21.617  3106  3106 D DcTesterFailBrinupAll: register for intent action=com.android.internal.telephony.gsm.action_detached
06-03 01:25:21.617  3106  3106 D DcTesterFailBrinupAll: register for intent action=com.android.internal.telephony.gsm.action_attached
06-03 01:25:21.619  3106  3106 D DCT     : [0]GsmDCT.constructor
06-03 01:25:21.619  3106  3106 D SubscriptionController: [getSubId]- sSlotIdxToSubId.size == 0, return DummySubIds slotIdx=0
06-03 01:25:21.619  3106  3106 D DCT     : [0]update sub = -2
06-03 01:25:21.619  3106  3106 D DCT     : [0]update(): Active DDS, register for all events now!
06-03 01:25:21.619  3106  3106 D GsmSST  : [GsmSST] notifyDataRegStateRilRadioTechnologyChanged: drs=1 rat=0
06-03 01:25:21.619  3106  3106 D TelephonyManager: setTelephonyProperty: success phoneId=0 property=gsm.network.type value: Unknown propVal=Unknown
06-03 01:25:21.620  3106  3106 D DCT     : [0]getDataEnabled: getIntWithSubId retVal=true
06-03 01:25:21.624  3106  3106 D SubscriptionController: [getSubId]- sSlotIdxToSubId.size == 0, return DummySubIds slotIdx=0
06-03 01:25:21.624  3106  3106 D GSMPhone: [GSMPhone] updateCurrentCarrierInProvider: mSubId = -2 currentDds = -1 operatorNumeric = null
06-03 01:25:21.626  3106  3106 D DCT     : [0]initApnContexts: E
06-03 01:25:21.626  3106  3106 D DCT     : [0]initApnContexts: skipping unknown type=1
06-03 01:25:21.627  3106  3106 D DCT     : [0]initApnContexts: apnContext={mApnType=default mState=IDLE mWaitingApns={null} mWaitingApnsPermanentFailureCountDown=0 mApnSetting={null} mReason=dataEnabled mDataEnabled=false mDependencyMet=true}
06-03 01:25:21.627  3106  3106 D DCT     : [0]initApnContexts: apnContext={mApnType=mms mState=IDLE mWaitingApns={null} mWaitingApnsPermanentFailureCountDown=0 mApnSetting={null} mReason=dataEnabled mDataEnabled=false mDependencyMet=true}
06-03 01:25:21.627  3106  3106 D DCT     : [0]initApnContexts: apnContext={mApnType=supl mState=IDLE mWaitingApns={null} mWaitingApnsPermanentFailureCountDown=0 mApnSetting={null} mReason=dataEnabled mDataEnabled=false mDependencyMet=true}
06-03 01:25:21.627  3106  3106 D DCT     : [0]initApnContexts: apnContext={mApnType=dun mState=IDLE mWaitingApns={null} mWaitingApnsPermanentFailureCountDown=0 mApnSetting={null} mReason=dataEnabled mDataEnabled=false mDependencyMet=true}
06-03 01:25:21.627  3106  3106 D DCT     : [0]initApnContexts: apnContext={mApnType=hipri mState=IDLE mWaitingApns={null} mWaitingApnsPermanentFailureCountDown=0 mApnSetting={null} mReason=dataEnabled mDataEnabled=false mDependencyMet=true}
06-03 01:25:21.627  3106  3106 D DCT     : [0]initApnContexts: apnContext={mApnType=fota mState=IDLE mWaitingApns={null} mWaitingApnsPermanentFailureCountDown=0 mApnSetting={null} mReason=dataEnabled mDataEnabled=false mDependencyMet=true}
06-03 01:25:21.627  3106  3106 D DCT     : [0]initApnContexts: apnContext={mApnType=ims mState=IDLE mWaitingApns={null} mWaitingApnsPermanentFailureCountDown=0 mApnSetting={null} mReason=dataEnabled mDataEnabled=false mDependencyMet=true}
06-03 01:25:21.627  3106  3106 D DCT     : [0]initApnContexts: apnContext={mApnType=cbs mState=IDLE mWaitingApns={null} mWaitingApnsPermanentFailureCountDown=0 mApnSetting={null} mReason=dataEnabled mDataEnabled=false mDependencyMet=true}
06-03 01:25:21.627  3106  3106 D DCT     : [0]initApnContexts: apnContext={mApnType=ia mState=IDLE mWaitingApns={null} mWaitingApnsPermanentFailureCountDown=0 mApnSetting={null} mReason=dataEnabled mDataEnabled=false mDependencyMet=true}
06-03 01:25:21.627  3106  3106 D DCT     : [0]initApnContexts: skipping unknown type=7
06-03 01:25:21.628  3106  3106 D DCT     : [0]initApnContexts: X mApnContexts={default={mApnType=default mState=IDLE mWaitingApns={null} mWaitingApnsPermanentFailureCountDown=0 mApnSetting={null} mReason=dataEnabled mDataEnabled=false mDependencyMet=true}, mms={mApnType=mms mState=IDLE mWaitingApns={null} mWaitingApnsPermanentFailureCountDown=0 mApnSetting={null} mReason=dataEnabled mDataEnabled=false mDependencyMet=true}, cbs={mApnType=cbs mState=IDLE mWaitingApns={null} mWaitingApnsPermanentFailureCountDown=0 mApnSetting={null} mReason=dataEnabled mDataEnabled=false mDependencyMet=true}, fota={mApnType=fota mState=IDLE mWaitingApns={null} mWaitingApnsPermanentFailureCountDown=0 mApnSetting={null} mReason=dataEnabled mDataEnabled=false mDependencyMet=true}, supl={mApnType=supl mState=IDLE mWaitingApns={null} mWaitingApnsPermanentFailureCountDown=0 mApnSetting={null} mReason=dataEnabled mDataEnabled=false mDependencyMet=true}, ia={mApnType=ia mState=IDLE mWaitingApns={null} mWaitingApnsPermanentFailureCountDown=0 mApnSetting={null} mReason=dataEnabled mDataEnabled=false mDependencyMet=true}, dun={mApnType=dun mState=IDLE mWaitingApns={null} mWaitingApnsPermanentFailureCountDown=0 mApnSetting={null} mReason=dataEnabled mDataEnabled=false mDependencyMet=true}, hipri={mApnType=hipri mState=IDLE mWaitingApns={null} mWaitingApnsPermanentFailureCountDown=0 mApnSetting={null} mReason=dataEnabled mDataEnabled=false mDependencyMet=true}, ims={mApnType=ims mState=IDLE mWaitingApns={null} mWaitingApnsPermanentFailureCountDown=0 mApnSetting={null} mReason=dataEnabled mDataEnabled=false mDependencyMet=true}}
06-03 01:25:21.644  3106  3106 D TelephonyManager: setTelephonyProperty: success phoneId=0 property=gsm.current.phone-type value: 1 propVal=1
06-03 01:25:21.645  3106  3106 D GSMPhone: [GSMPhone] GSMPhone: constructor: sub = 0
06-03 01:25:21.645  3106  3106 D TelephonyManager: setTelephonyProperty: success phoneId=0 property=gsm.current.phone-type value: 1 propVal=1
06-03 01:25:21.645  3106  3106 I PhoneFactory: Creating Phone with type = 1 sub = 0
06-03 01:25:21.650  3106  3106 E RIL_ImsSms: getFormat should never be called from here!
06-03 01:25:21.650  3106  3106 D SMSDispatcher: SMSDispatcher: ctor mSmsCapable=true format=unknown mSmsSendDisabled=false
06-03 01:25:21.650  3106  3106 D RIL_ImsSms: ImsSMSDispatcher created
06-03 01:25:21.652  3106  3106 D SMSDispatcher: SMSDispatcher: ctor mSmsCapable=true format=3gpp2 mSmsSendDisabled=false
06-03 01:25:21.652  3106  3106 D CdmaSMSDispatcher: CdmaSMSDispatcher created
06-03 01:25:21.676  3106  3106 D GsmInboundSmsHandler: created InboundSmsHandler
06-03 01:25:21.686  3106  3106 D CdmaInboundSmsHandler: created InboundSmsHandler
06-03 01:25:21.698  3106  3106 D SMSDispatcher: SMSDispatcher: ctor mSmsCapable=true format=3gpp mSmsSendDisabled=false
06-03 01:25:21.698  3106  3106 D GsmSMSDispatcher: GsmSMSDispatcher created
06-03 01:25:21.700  3106  3228 D SmsBroadcastUndelivered: scanning raw table for undelivered messages
06-03 01:25:21.701  3106  3106 D IccCardProxy: ctor: ci=com.android.internal.telephony.HuaweiRIL@c412b8d phoneId=0
06-03 01:25:21.701  3106  3106 D CdmaSSM : subscriptionSource from settings: 1
06-03 01:25:21.701  3106  3106 D CdmaSSM : cdmaSSM constructor: 1
06-03 01:25:21.701  3106  3106 D IccCardProxy: update icc_operator_numeric=
06-03 01:25:21.701  3106  3106 D TelephonyManager: setTelephonyProperty: success phoneId=0 property=gsm.sim.operator.numeric value:  propVal=
06-03 01:25:21.702  3106  3106 D TelephonyManager: setTelephonyProperty: success phoneId=0 property=gsm.sim.operator.iso-country value:  propVal=
06-03 01:25:21.702  3106  3106 D TelephonyManager: setTelephonyProperty: success phoneId=0 property=gsm.sim.operator.alpha value:  propVal=
06-03 01:25:21.707  3106  3106 E IccCardProxy: setExternalState: set mPhoneId=0 mExternalState=NOT_READY
06-03 01:25:21.707  3106  3106 D TelephonyManager: setTelephonyProperty: success phoneId=0 property=gsm.sim.state value: NOT_READY propVal=NOT_READY
06-03 01:25:21.708  3106  3106 D SubscriptionController: [getSubId]- sSlotIdxToSubId.size == 0, return DummySubIds slotIdx=0
06-03 01:25:21.708  3106  3106 D IccCardProxy: broadcastIccStateChangedIntent intent ACTION_SIM_STATE_CHANGED value=NOT_READY reason=null for mPhoneId=0
06-03 01:25:21.710  3106  3106 D IccCardProxy: Setting radio tech UMTS
06-03 01:25:21.710  3106  3106 D TelephonyManager: getLteOnCdmaMode=0 curVal=0 product_type='' lteOnCdmaProductType=''
06-03 01:25:21.710  3106  3106 D IccCardProxy: updateQuietMode: 3GPP subscription -> newQuietMode=false
06-03 01:25:21.710  3106  3106 D IccCardProxy: updateQuietMode: no changes don't setExternalState
06-03 01:25:21.710  3106  3106 D IccCardProxy: updateQuietMode: QuietMode is false (app_type=1 isLteOnCdmaMode=false cdmaSource=-1)
06-03 01:25:21.711  3106  3117 D SubscriptionController: [getActiveSubInfoList]+
06-03 01:25:21.712  3106  3117 D SubscriptionController: [getActiveSubInfoList] Sub Controller not ready
06-03 01:25:21.717  3106  3106 D ProxyController: Constructor - Enter
06-03 01:25:21.718  3106  3106 D DctController: makeDctController: new DctController phones.length=1
06-03 01:25:21.718  3106  3106 D DctController: DctController(): phones.length=1
06-03 01:25:21.735  3106  3106 D DcSwitchSM: [DcSwitchStateMachine-0] DcSwitchState constructor E
06-03 01:25:21.735  3106  3106 D DcSwitchSM: [DcSwitchStateMachine-0] DcSwitchState constructor X
06-03 01:25:21.736  3106  3233 D DcSwitchSM: [DcSwitchStateMachine-0] IdleState: enter
06-03 01:25:21.748  3106  3106 D DctController: DctController(phones): Connect success: 0
06-03 01:25:21.748  3106  3106 D DctController: updatePhoneBaseForIndex for phone index=0
06-03 01:25:21.748  3106  3106 D DctController: unregister TelephonyNetworkFactory for phone index=0
06-03 01:25:21.749  3106  3106 D SubscriptionController: [getSubId]- sSlotIdxToSubId.size == 0, return DummySubIds slotIdx=0
06-03 01:25:21.749  3106  3106 D DctController: [TNF -2]NetworkCapabilities: [ Transports: CELLULAR Capabilities: MMS&SUPL&DUN&FOTA&IMS&CBS&IA&RCS&XCAP&EIMS&INTERNET&NOT_RESTRICTED&TRUSTED&NOT_VPN]
06-03 01:25:21.751  2751  2899 D TelephonyRegistry: listen oscl: hasNotifySubscriptionInfoChangedOccurred==false no callback
06-03 01:25:21.765  3106  3106 D DctController: makeDctController: X sDctController=Handler (com.android.internal.telephony.dataconnection.DctController) {4248bcb}
06-03 01:25:21.769  3106  3106 D ProxyController: clearTransaction
06-03 01:25:21.769  3106  3106 D ProxyController: clearTransaction: phoneId=0 status=IDLE
06-03 01:25:21.769  3106  3106 D ProxyController: Constructor - Exit
06-03 01:25:21.796  3106  3106 I PhoneFactory: defaultSmsApplication: com.android.messaging
06-03 01:25:21.799  3106  3106 I PhoneFactory: Creating SubInfoRecordUpdater 
06-03 01:25:21.799  3106  3106 D SubscriptionInfoUpdater: Constructor invoked
06-03 01:25:21.808  3106  3106 D CallManager: registerPhone(GSM Handler (com.android.internal.telephony.PhoneProxy) {6bdeef2})
06-03 01:25:21.835  2751  3158 D TelephonyRegistry: listen oscl: hasNotifySubscriptionInfoChangedOccurred==false no callback
06-03 01:25:21.876  3106  3106 D RILJ    : [3651]> RIL_REQUEST_SET_TTY_MODE : 0 [SUB0]
06-03 01:25:21.876  3106  3106 D RilRequest: [3651]< RIL_REQUEST_SET_TTY_MODE error: com.android.internal.telephony.CommandException: RADIO_NOT_AVAILABLE ret=
06-03 01:25:21.878  2751  2763 D TelephonyRegistry: listen oscl: hasNotifySubscriptionInfoChangedOccurred==false no callback
06-03 01:25:21.879  3106  3106 D SubscriptionController: [getPhoneId] asked for default subId=-1
06-03 01:25:21.879  3106  3106 D SubscriptionController: [getPhoneId]- invalid subId return=-1
06-03 01:25:21.880  3106  3106 D UiccController: EVENT_RADIO_UNAVAILABLE, dispose card
06-03 01:25:21.880  3106  3106 D PhoneBase: config LCE service failed: com.android.internal.telephony.CommandException: RADIO_NOT_AVAILABLE
06-03 01:25:21.880  3106  3106 D RILJ    : [3652]> GET_CURRENT_CALLS [SUB0]
06-03 01:25:21.880  3106  3106 D RilRequest: [3652]< GET_CURRENT_CALLS error: com.android.internal.telephony.CommandException: RADIO_NOT_AVAILABLE ret=
06-03 01:25:21.880  3106  3106 D GsmSST  : [GsmSST] mDeviceShuttingDown = false
06-03 01:25:21.880  3106  3106 D GsmSST  : [GsmSST] mDesiredPowerState = true
06-03 01:25:21.880  3106  3106 D GsmSST  : [GsmSST] getRadioState = RADIO_UNAVAILABLE
06-03 01:25:21.880  3106  3106 D GsmSST  : [GsmSST] mPowerOffDelayNeed = true
06-03 01:25:21.881  3106  3106 D GsmSST  : [GsmSST] mAlarmSwitch = false
06-03 01:25:21.881  3106  3106 D PHONE   : [ServiceState] setNullState=1
06-03 01:25:21.881  3106  3106 D GsmSST  : [GsmSST] Poll ServiceState done:  oldSS=[1 1 voice home data home null null null null null null  Unknown Unknown CSS not supported 0 0 RoamInd=0 DefRoamInd=0 EmergOnly=false IsDataRoamingFromRegistration=false] newSS=[1 1 voice home data home null null null null null null  Unknown Unknown CSS not supported -1 -1 RoamInd=-1 DefRoamInd=-1 EmergOnly=false IsDataRoamingFromRegistration=false] oldMaxDataCalls=1 mNewMaxDataCalls=1 oldReasonDataDenied=-1 mNewReasonDataDenied=-1
06-03 01:25:21.881  3106  3106 D PHONE   : [ServiceState] setNullState=1
06-03 01:25:21.881  3106  3106 D GsmSST  : [GsmSST] updateSpnDisplay: radio is on but out of service, set plmn='No service.'
06-03 01:25:21.881  3106  3106 D SubscriptionController: [getSubId]- sSlotIdxToSubId.size == 0, return DummySubIds slotIdx=0
06-03 01:25:21.882  3106  3106 D GsmSST  : [GsmSST] updateSpnDisplay: changed sending intent rule=0 showPlmn='true' plmn='No service.' showSpn='false' spn='' dataSpn='' subId='-2'
06-03 01:25:21.882  3106  3106 D SubscriptionController: [getSubId]- sSlotIdxToSubId.size == 0, return DummySubIds slotIdx=0
06-03 01:25:21.883  3106  3106 D SubscriptionController: [getSubId]- sSlotIdxToSubId.size == 0, return DummySubIds slotIdx=0
06-03 01:25:21.883  3106  3106 D SubscriptionController: [setPlmnSpn] No valid subscription to store info
06-03 01:25:21.883  3106  3106 D SubscriptionController: notifySubscriptionInfoChanged:
06-03 01:25:21.884  2751  2900 D TelephonyRegistry: notifySubscriptionInfoChanged: first invocation mRecords.size=14
06-03 01:25:21.884  3106  3118 D SubscriptionController: [getActiveSubInfoList]+
06-03 01:25:21.885  3106  3118 D SubscriptionController: [getActiveSubInfoList] Sub Controller not ready
06-03 01:25:21.886  3106  3106 D TelephonyManager: setTelephonyProperty: success phoneId=0 property=gsm.operator.alpha value:  propVal=
06-03 01:25:21.886  3106  3117 D SubscriptionController: [getActiveSubInfoList]+
06-03 01:25:21.887  3106  3117 D SubscriptionController: [getActiveSubInfoList] Sub Controller not ready
06-03 01:25:21.887  3106  3106 D TelephonyManager: setTelephonyProperty: success phoneId=0 property=gsm.operator.numeric value:  propVal=
06-03 01:25:21.888  3106  3106 D GsmSST  : [GsmSST] operatorNumeric is null
06-03 01:25:21.888  3106  3106 D TelephonyManager: setTelephonyProperty: success phoneId=0 property=gsm.operator.iso-country value:  propVal=
06-03 01:25:21.889  3106  3106 D TelephonyManager: setTelephonyProperty: success phoneId=0 property=gsm.operator.isroaming value: false propVal=false
06-03 01:25:21.890  3106  3106 D GsmSST  : [GsmSST] Broadcasting ServiceState : 1 1 voice home data home null null null null null null  Unknown Unknown CSS not supported -1 -1 RoamInd=-1 DefRoamInd=-1 EmergOnly=false IsDataRoamingFromRegistration=false
06-03 01:25:21.891  3106  3106 D SubscriptionController: [getSubId]- sSlotIdxToSubId.size == 0, return DummySubIds slotIdx=0
06-03 01:25:21.891  3106  3106 D DefaultPhoneNotifier: nofityServiceState: mRegistry=com.android.internal.telephony.ITelephonyRegistry$Stub$Proxy@3a86a4a ss=1 1 voice home data home null null null null null null  Unknown Unknown CSS not supported -1 -1 RoamInd=-1 DefRoamInd=-1 EmergOnly=false IsDataRoamingFromRegistration=false sender=Handler (com.android.internal.telephony.gsm.GSMPhone) {ed8a943} phondId=0 subId=-2
06-03 01:25:21.892  3106  3228 D SmsBroadcastUndelivered: finished scanning raw table in 191 ms
06-03 01:25:21.892  3106  3222 D CdmaInboundSmsHandler: StartupState.processMessage:6
06-03 01:25:21.892  3106  3213 D GsmInboundSmsHandler: StartupState.processMessage:6
06-03 01:25:21.892  3106  3222 D CdmaInboundSmsHandler: entering Idle state
06-03 01:25:21.892  3106  3213 D GsmInboundSmsHandler: entering Idle state
06-03 01:25:21.893  3106  3106 D SubscriptionController: [getSlotId]- subId invalid
06-03 01:25:21.893  3106  3106 D SubscriptionController: getSimStateForSlotIdx:  simState=NOT_READY ordinal=6
06-03 01:25:21.893  2751  2763 D SubscriptionManager: getSimStateForSubscriber: simState=6 slotIdx=0
06-03 01:25:21.893  2751  2763 D TelephonyManager: getSimState: default sim:-1, sim state for slotIdx=0 is 6, return state as unknown
06-03 01:25:21.895  3106  3106 D DCT     : [0]handleMessage msg={ when=-305ms what=270369 obj=android.os.AsyncResult@e53fdbb target=com.android.internal.telephony.dataconnection.DcTracker }
06-03 01:25:21.896  3106  3106 D DCT     : [0]handleMessage msg={ when=-276ms what=270342 obj=android.os.AsyncResult@ab432d8 target=com.android.internal.telephony.dataconnection.DcTracker }
06-03 01:25:21.896  3106  3106 D DCT     : [0]onRadioOffOrNotAvailable: is off and clean up all connections
06-03 01:25:21.896  3106  3106 D DCT     : [0]cleanUpAllConnections: tearDown=false reason=radioTurnedOff
06-03 01:25:21.896  3106  3106 D DCT     : [0]cleanUpConnection: tearDown=false reason=radioTurnedOff apnContext={mApnType=default mState=IDLE mWaitingApns={null} mWaitingApnsPermanentFailureCountDown=0 mApnSetting={null} mReason=radioTurnedOff mDataEnabled=false mDependencyMet=true}
06-03 01:25:21.896  3106  3106 D SubscriptionController: [getSubId]- sSlotIdxToSubId.size == 0, return DummySubIds slotIdx=0
06-03 01:25:21.897  3106  3106 D DCT     : [0]isDataAllowed: not allowed due to - Attached= false - SIM not loaded - defaultDataSelected= false
06-03 01:25:21.898  3106  3106 D SubscriptionController: [getPhoneId]- invalid subId return=-1
06-03 01:25:21.900  3106  3106 D DCT     : [0]cleanUpConnection: X tearDown=false reason=radioTurnedOff apnContext={mApnType=default mState=IDLE mWaitingApns={null} mWaitingApnsPermanentFailureCountDown=0 mApnSetting={null} mReason=radioTurnedOff mDataEnabled=false mDependencyMet=true} dcac=null
06-03 01:25:21.900  3106  3106 D DCT     : [0]cleanUpConnection: tearDown=false reason=radioTurnedOff apnContext={mApnType=mms mState=IDLE mWaitingApns={null} mWaitingApnsPermanentFailureCountDown=0 mApnSetting={null} mReason=radioTurnedOff mDataEnabled=false mDependencyMet=true}
06-03 01:25:21.901  3106  3106 D SubscriptionController: [getSubId]- sSlotIdxToSubId.size == 0, return DummySubIds slotIdx=0
06-03 01:25:21.901  3106  3106 D DCT     : [0]isDataAllowed: not allowed due to - Attached= false - SIM not loaded - defaultDataSelected= false
06-03 01:25:21.902  3106  3106 D SubscriptionController: [getPhoneId]- invalid subId return=-1
06-03 01:25:21.903  3106  3106 D DCT     : [0]cleanUpConnection: X tearDown=false reason=radioTurnedOff apnContext={mApnType=mms mState=IDLE mWaitingApns={null} mWaitingApnsPermanentFailureCountDown=0 mApnSetting={null} mReason=radioTurnedOff mDataEnabled=false mDependencyMet=true} dcac=null
06-03 01:25:21.903  3106  3106 D DCT     : [0]cleanUpConnection: tearDown=false reason=radioTurnedOff apnContext={mApnType=cbs mState=IDLE mWaitingApns={null} mWaitingApnsPermanentFailureCountDown=0 mApnSetting={null} mReason=radioTurnedOff mDataEnabled=false mDependencyMet=true}
06-03 01:25:21.904  3106  3106 D SubscriptionController: [getSubId]- sSlotIdxToSubId.size == 0, return DummySubIds slotIdx=0
06-03 01:25:21.904  3106  3106 D DCT     : [0]isDataAllowed: not allowed due to - Attached= false - SIM not loaded - defaultDataSelected= false
06-03 01:25:21.905  3106  3106 D SubscriptionController: [getPhoneId]- invalid subId return=-1
06-03 01:25:21.906  3106  3106 D DCT     : [0]cleanUpConnection: X tearDown=false reason=radioTurnedOff apnContext={mApnType=cbs mState=IDLE mWaitingApns={null} mWaitingApnsPermanentFailureCountDown=0 mApnSetting={null} mReason=radioTurnedOff mDataEnabled=false mDependencyMet=true} dcac=null
06-03 01:25:21.906  3106  3106 D DCT     : [0]cleanUpConnection: tearDown=false reason=radioTurnedOff apnContext={mApnType=fota mState=IDLE mWaitingApns={null} mWaitingApnsPermanentFailureCountDown=0 mApnSetting={null} mReason=radioTurnedOff mDataEnabled=false mDependencyMet=true}
06-03 01:25:21.907  3106  3106 D SubscriptionController: [getSubId]- sSlotIdxToSubId.size == 0, return DummySubIds slotIdx=0
06-03 01:25:21.908  3106  3106 D DCT     : [0]isDataAllowed: not allowed due to - Attached= false - SIM not loaded - defaultDataSelected= false
06-03 01:25:21.908  3106  3106 D SubscriptionController: [getPhoneId]- invalid subId return=-1
06-03 01:25:21.910  3106  3106 D DCT     : [0]cleanUpConnection: X tearDown=false reason=radioTurnedOff apnContext={mApnType=fota mState=IDLE mWaitingApns={null} mWaitingApnsPermanentFailureCountDown=0 mApnSetting={null} mReason=radioTurnedOff mDataEnabled=false mDependencyMet=true} dcac=null
06-03 01:25:21.910  3106  3106 D DCT     : [0]cleanUpConnection: tearDown=false reason=radioTurnedOff apnContext={mApnType=supl mState=IDLE mWaitingApns={null} mWaitingApnsPermanentFailureCountDown=0 mApnSetting={null} mReason=radioTurnedOff mDataEnabled=false mDependencyMet=true}
06-03 01:25:21.910  3106  3106 D SubscriptionController: [getSubId]- sSlotIdxToSubId.size == 0, return DummySubIds slotIdx=0
06-03 01:25:21.911  3106  3106 D DCT     : [0]isDataAllowed: not allowed due to - Attached= false - SIM not loaded - defaultDataSelected= false
06-03 01:25:21.911  3106  3106 D SubscriptionController: [getPhoneId]- invalid subId return=-1
06-03 01:25:21.912  3106  3106 D DCT     : [0]cleanUpConnection: X tearDown=false reason=radioTurnedOff apnContext={mApnType=supl mState=IDLE mWaitingApns={null} mWaitingApnsPermanentFailureCountDown=0 mApnSetting={null} mReason=radioTurnedOff mDataEnabled=false mDependencyMet=true} dcac=null
06-03 01:25:21.913  3106  3106 D DCT     : [0]cleanUpConnection: tearDown=false reason=radioTurnedOff apnContext={mApnType=ia mState=IDLE mWaitingApns={null} mWaitingApnsPermanentFailureCountDown=0 mApnSetting={null} mReason=radioTurnedOff mDataEnabled=false mDependencyMet=true}
06-03 01:25:21.913  3106  3106 D SubscriptionController: [getSubId]- sSlotIdxToSubId.size == 0, return DummySubIds slotIdx=0
06-03 01:25:21.913  3106  3106 D DCT     : [0]isDataAllowed: not allowed due to - Attached= false - SIM not loaded - defaultDataSelected= false
06-03 01:25:21.914  3106  3106 D SubscriptionController: [getPhoneId]- invalid subId return=-1
06-03 01:25:21.915  3106  3106 D DCT     : [0]cleanUpConnection: X tearDown=false reason=radioTurnedOff apnContext={mApnType=ia mState=IDLE mWaitingApns={null} mWaitingApnsPermanentFailureCountDown=0 mApnSetting={null} mReason=radioTurnedOff mDataEnabled=false mDependencyMet=true} dcac=null
06-03 01:25:21.915  3106  3106 D DCT     : [0]cleanUpConnection: tearDown=false reason=radioTurnedOff apnContext={mApnType=dun mState=IDLE mWaitingApns={null} mWaitingApnsPermanentFailureCountDown=0 mApnSetting={null} mReason=radioTurnedOff mDataEnabled=false mDependencyMet=true}
06-03 01:25:21.915  3106  3106 D SubscriptionController: [getSubId]- sSlotIdxToSubId.size == 0, return DummySubIds slotIdx=0
06-03 01:25:21.916  3106  3106 D DCT     : [0]isDataAllowed: not allowed due to - Attached= false - SIM not loaded - defaultDataSelected= false
06-03 01:25:21.916  3106  3106 D SubscriptionController: [getPhoneId]- invalid subId return=-1
06-03 01:25:21.918  3106  3106 D DCT     : [0]cleanUpConnection: X tearDown=false reason=radioTurnedOff apnContext={mApnType=dun mState=IDLE mWaitingApns={null} mWaitingApnsPermanentFailureCountDown=0 mApnSetting={null} mReason=radioTurnedOff mDataEnabled=false mDependencyMet=true} dcac=null
06-03 01:25:21.918  3106  3106 D DCT     : [0]cleanUpConnection: tearDown=false reason=radioTurnedOff apnContext={mApnType=hipri mState=IDLE mWaitingApns={null} mWaitingApnsPermanentFailureCountDown=0 mApnSetting={null} mReason=radioTurnedOff mDataEnabled=false mDependencyMet=true}
06-03 01:25:21.918  3106  3106 D SubscriptionController: [getSubId]- sSlotIdxToSubId.size == 0, return DummySubIds slotIdx=0
06-03 01:25:21.918  3106  3106 D DCT     : [0]isDataAllowed: not allowed due to - Attached= false - SIM not loaded - defaultDataSelected= false
06-03 01:25:21.919  3106  3106 D SubscriptionController: [getPhoneId]- invalid subId return=-1
06-03 01:25:21.920  3106  3106 D DCT     : [0]cleanUpConnection: X tearDown=false reason=radioTurnedOff apnContext={mApnType=hipri mState=IDLE mWaitingApns={null} mWaitingApnsPermanentFailureCountDown=0 mApnSetting={null} mReason=radioTurnedOff mDataEnabled=false mDependencyMet=true} dcac=null
06-03 01:25:21.920  3106  3106 D DCT     : [0]cleanUpConnection: tearDown=false reason=radioTurnedOff apnContext={mApnType=ims mState=IDLE mWaitingApns={null} mWaitingApnsPermanentFailureCountDown=0 mApnSetting={null} mReason=radioTurnedOff mDataEnabled=false mDependencyMet=true}
06-03 01:25:21.920  3106  3106 D SubscriptionController: [getSubId]- sSlotIdxToSubId.size == 0, return DummySubIds slotIdx=0
06-03 01:25:21.920  3106  3106 D DCT     : [0]isDataAllowed: not allowed due to - Attached= false - SIM not loaded - defaultDataSelected= false
06-03 01:25:21.921  3106  3106 D SubscriptionController: [getPhoneId]- invalid subId return=-1
06-03 01:25:21.922  3106  3106 D DCT     : [0]cleanUpConnection: X tearDown=false reason=radioTurnedOff apnContext={mApnType=ims mState=IDLE mWaitingApns={null} mWaitingApnsPermanentFailureCountDown=0 mApnSetting={null} mReason=radioTurnedOff mDataEnabled=false mDependencyMet=true} dcac=null
06-03 01:25:21.922  3106  3106 D DCT     : [0]stopNetStatPoll
06-03 01:25:21.922  3106  3106 D SubscriptionController: [getSubId]- sSlotIdxToSubId.size == 0, return DummySubIds slotIdx=0
06-03 01:25:21.923  3106  3106 D DCT     : [0]cleanUpConnection: mDisconnectPendingCount = 0
06-03 01:25:21.923  3106  3106 D SubscriptionController: [getSubId]- sSlotIdxToSubId.size == 0, return DummySubIds slotIdx=0
06-03 01:25:21.924  3106  3106 D DCT     : [0]isDataAllowed: not allowed due to - Attached= false - SIM not loaded - defaultDataSelected= false
06-03 01:25:21.924  3106  3106 D SubscriptionController: [getPhoneId]- invalid subId return=-1
06-03 01:25:21.925  3106  3106 D SubscriptionController: [getSubId]- sSlotIdxToSubId.size == 0, return DummySubIds slotIdx=0
06-03 01:25:21.926  3106  3106 D DCT     : [0]isDataAllowed: not allowed due to - Attached= false - SIM not loaded - defaultDataSelected= false
06-03 01:25:21.926  3106  3106 D SubscriptionController: [getPhoneId]- invalid subId return=-1
06-03 01:25:21.928  3106  3106 D SubscriptionController: [getSubId]- sSlotIdxToSubId.size == 0, return DummySubIds slotIdx=0
06-03 01:25:21.928  3106  3106 D DCT     : [0]isDataAllowed: not allowed due to - Attached= false - SIM not loaded - defaultDataSelected= false
06-03 01:25:21.929  3106  3106 D SubscriptionController: [getPhoneId]- invalid subId return=-1
06-03 01:25:21.930  3106  3106 D SubscriptionController: [getSubId]- sSlotIdxToSubId.size == 0, return DummySubIds slotIdx=0
06-03 01:25:21.931  3106  3106 D DCT     : [0]isDataAllowed: not allowed due to - Attached= false - SIM not loaded - defaultDataSelected= false
06-03 01:25:21.931  3106  3106 D SubscriptionController: [getPhoneId]- invalid subId return=-1
06-03 01:25:21.932  3106  3106 D SubscriptionController: [getSubId]- sSlotIdxToSubId.size == 0, return DummySubIds slotIdx=0
06-03 01:25:21.933  3106  3106 D DCT     : [0]isDataAllowed: not allowed due to - Attached= false - SIM not loaded - defaultDataSelected= false
06-03 01:25:21.933  3106  3106 D SubscriptionController: [getPhoneId]- invalid subId return=-1
06-03 01:25:21.934  3106  3106 D SubscriptionController: [getSubId]- sSlotIdxToSubId.size == 0, return DummySubIds slotIdx=0
06-03 01:25:21.935  3106  3106 D DCT     : [0]isDataAllowed: not allowed due to - Attached= false - SIM not loaded - defaultDataSelected= false
06-03 01:25:21.935  3106  3106 D SubscriptionController: [getPhoneId]- invalid subId return=-1
06-03 01:25:21.936  3106  3106 D SubscriptionController: [getSubId]- sSlotIdxToSubId.size == 0, return DummySubIds slotIdx=0
06-03 01:25:21.937  3106  3106 D DCT     : [0]isDataAllowed: not allowed due to - Attached= false - SIM not loaded - defaultDataSelected= false
06-03 01:25:21.938  3106  3106 D SubscriptionController: [getPhoneId]- invalid subId return=-1
06-03 01:25:21.939  3106  3106 D SubscriptionController: [getSubId]- sSlotIdxToSubId.size == 0, return DummySubIds slotIdx=0
06-03 01:25:21.939  3106  3106 D DCT     : [0]isDataAllowed: not allowed due to - Attached= false - SIM not loaded - defaultDataSelected= false
06-03 01:25:21.940  3106  3106 D SubscriptionController: [getPhoneId]- invalid subId return=-1
06-03 01:25:21.941  3106  3106 D SubscriptionController: [getSubId]- sSlotIdxToSubId.size == 0, return DummySubIds slotIdx=0
06-03 01:25:21.942  3106  3106 D DCT     : [0]isDataAllowed: not allowed due to - Attached= false - SIM not loaded - defaultDataSelected= false
06-03 01:25:21.942  3106  3106 D SubscriptionController: [getPhoneId]- invalid subId return=-1
06-03 01:25:21.943  3106  3106 D DCT     : [0]handleMessage msg={ when=-324ms what=270345 obj=android.os.AsyncResult@147a631 target=com.android.internal.telephony.dataconnection.DcTracker }
06-03 01:25:21.944  3106  3106 D DCT     : [0]onDataConnectionDetached: stop polling and notify detached
06-03 01:25:21.944  3106  3106 D DCT     : [0]stopNetStatPoll
06-03 01:25:21.944  3106  3106 D SubscriptionController: [getSubId]- sSlotIdxToSubId.size == 0, return DummySubIds slotIdx=0
06-03 01:25:21.944  3106  3106 D DCT     : [0]notifyDataConnection: reason=dataDetached
06-03 01:25:21.944  3106  3106 D SubscriptionController: [getSubId]- sSlotIdxToSubId.size == 0, return DummySubIds slotIdx=0
06-03 01:25:21.944  3106  3106 D DCT     : [0]isDataAllowed: not allowed due to - Attached= false - SIM not loaded - defaultDataSelected= false
06-03 01:25:21.945  3106  3106 D SubscriptionController: [getPhoneId]- invalid subId return=-1
06-03 01:25:21.946  3106  3106 D SubscriptionController: [getSubId]- sSlotIdxToSubId.size == 0, return DummySubIds slotIdx=0
06-03 01:25:21.946  3106  3106 D DCT     : [0]isDataAllowed: not allowed due to - Attached= false - SIM not loaded - defaultDataSelected= false
06-03 01:25:21.947  3106  3106 D SubscriptionController: [getPhoneId]- invalid subId return=-1
06-03 01:25:21.948  3106  3106 D SubscriptionController: [getSubId]- sSlotIdxToSubId.size == 0, return DummySubIds slotIdx=0
06-03 01:25:21.949  3106  3106 D DCT     : [0]isDataAllowed: not allowed due to - Attached= false - SIM not loaded - defaultDataSelected= false
06-03 01:25:21.949  3106  3106 D SubscriptionController: [getPhoneId]- invalid subId return=-1
06-03 01:25:21.950  3106  3106 D SubscriptionController: [getSubId]- sSlotIdxToSubId.size == 0, return DummySubIds slotIdx=0
06-03 01:25:21.951  3106  3106 D DCT     : [0]isDataAllowed: not allowed due to - Attached= false - SIM not loaded - defaultDataSelected= false
06-03 01:25:21.952  3106  3106 D SubscriptionController: [getPhoneId]- invalid subId return=-1
06-03 01:25:21.953  3106  3106 D SubscriptionController: [getSubId]- sSlotIdxToSubId.size == 0, return DummySubIds slotIdx=0
06-03 01:25:21.953  3106  3106 D DCT     : [0]isDataAllowed: not allowed due to - Attached= false - SIM not loaded - defaultDataSelected= false
06-03 01:25:21.954  3106  3106 D SubscriptionController: [getPhoneId]- invalid subId return=-1
06-03 01:25:21.955  3106  3106 D SubscriptionController: [getSubId]- sSlotIdxToSubId.size == 0, return DummySubIds slotIdx=0
06-03 01:25:21.955  3106  3106 D DCT     : [0]isDataAllowed: not allowed due to - Attached= false - SIM not loaded - defaultDataSelected= false
06-03 01:25:21.956  3106  3106 D SubscriptionController: [getPhoneId]- invalid subId return=-1
06-03 01:25:21.957  3106  3106 D SubscriptionController: [getSubId]- sSlotIdxToSubId.size == 0, return DummySubIds slotIdx=0
06-03 01:25:21.957  3106  3106 D DCT     : [0]isDataAllowed: not allowed due to - Attached= false - SIM not loaded - defaultDataSelected= false
06-03 01:25:21.958  3106  3106 D SubscriptionController: [getPhoneId]- invalid subId return=-1
06-03 01:25:21.959  3106  3106 D SubscriptionController: [getSubId]- sSlotIdxToSubId.size == 0, return DummySubIds slotIdx=0
06-03 01:25:21.960  3106  3106 D DCT     : [0]isDataAllowed: not allowed due to - Attached= false - SIM not loaded - defaultDataSelected= false
06-03 01:25:21.960  3106  3106 D SubscriptionController: [getPhoneId]- invalid subId return=-1
06-03 01:25:21.961  3106  3106 D SubscriptionController: [getSubId]- sSlotIdxToSubId.size == 0, return DummySubIds slotIdx=0
06-03 01:25:21.962  3106  3106 D DCT     : [0]isDataAllowed: not allowed due to - Attached= false - SIM not loaded - defaultDataSelected= false
06-03 01:25:21.962  3106  3106 D SubscriptionController: [getPhoneId]- invalid subId return=-1
06-03 01:25:21.963  3106  3106 D DCT     : [0]handleMessage msg={ when=-344ms what=270348 obj=android.os.AsyncResult@b0ae116 target=com.android.internal.telephony.dataconnection.DcTracker }
06-03 01:25:21.963  3106  3106 D DCT     : [0]onRoamingOff
06-03 01:25:21.964  3106  3106 D SubscriptionController: [getSubId]- sSlotIdxToSubId.size == 0, return DummySubIds slotIdx=0
06-03 01:25:21.964  3106  3106 D DCT     : [0]getDataOnRoamingEnabled: phoneSubId=-2 isDataRoamingEnabled=true
06-03 01:25:21.964  3106  3106 D DCT     : [0]notifyDataConnection: reason=roamingOff
06-03 01:25:21.964  3106  3106 D SubscriptionController: [getSubId]- sSlotIdxToSubId.size == 0, return DummySubIds slotIdx=0
06-03 01:25:21.965  3106  3106 D DCT     : [0]isDataAllowed: not allowed due to - Attached= false - SIM not loaded - defaultDataSelected= false
06-03 01:25:21.965  3106  3106 D SubscriptionController: [getPhoneId]- invalid subId return=-1
06-03 01:25:21.966  3106  3106 D SubscriptionController: [getSubId]- sSlotIdxToSubId.size == 0, return DummySubIds slotIdx=0
06-03 01:25:21.967  3106  3106 D DCT     : [0]isDataAllowed: not allowed due to - Attached= false - SIM not loaded - defaultDataSelected= false
06-03 01:25:21.968  3106  3106 D SubscriptionController: [getPhoneId]- invalid subId return=-1
06-03 01:25:21.969  3106  3106 D SubscriptionController: [getSubId]- sSlotIdxToSubId.size == 0, return DummySubIds slotIdx=0
06-03 01:25:21.969  3106  3106 D DCT     : [0]isDataAllowed: not allowed due to - Attached= false - SIM not loaded - defaultDataSelected= false
06-03 01:25:21.970  3106  3106 D SubscriptionController: [getPhoneId]- invalid subId return=-1
06-03 01:25:21.971  3106  3106 D SubscriptionController: [getSubId]- sSlotIdxToSubId.size == 0, return DummySubIds slotIdx=0
06-03 01:25:21.972  3106  3106 D DCT     : [0]isDataAllowed: not allowed due to - Attached= false - SIM not loaded - defaultDataSelected= false
06-03 01:25:21.972  3106  3106 D SubscriptionController: [getPhoneId]- invalid subId return=-1
06-03 01:25:21.973  3106  3106 D SubscriptionController: [getSubId]- sSlotIdxToSubId.size == 0, return DummySubIds slotIdx=0
06-03 01:25:21.974  3106  3106 D DCT     : [0]isDataAllowed: not allowed due to - Attached= false - SIM not loaded - defaultDataSelected= false
06-03 01:25:21.974  3106  3106 D SubscriptionController: [getPhoneId]- invalid subId return=-1
06-03 01:25:21.976  3106  3106 D SubscriptionController: [getSubId]- sSlotIdxToSubId.size == 0, return DummySubIds slotIdx=0
06-03 01:25:21.976  3106  3106 D DCT     : [0]isDataAllowed: not allowed due to - Attached= false - SIM not loaded - defaultDataSelected= false
06-03 01:25:21.977  3106  3106 D SubscriptionController: [getPhoneId]- invalid subId return=-1
06-03 01:25:21.978  3106  3106 D SubscriptionController: [getSubId]- sSlotIdxToSubId.size == 0, return DummySubIds slotIdx=0
06-03 01:25:21.979  3106  3106 D DCT     : [0]isDataAllowed: not allowed due to - Attached= false - SIM not loaded - defaultDataSelected= false
06-03 01:25:21.979  3106  3106 D SubscriptionController: [getPhoneId]- invalid subId return=-1
06-03 01:25:21.980  3106  3106 D SubscriptionController: [getSubId]- sSlotIdxToSubId.size == 0, return DummySubIds slotIdx=0
06-03 01:25:21.981  3106  3106 D DCT     : [0]isDataAllowed: not allowed due to - Attached= false - SIM not loaded - defaultDataSelected= false
06-03 01:25:21.982  3106  3106 D SubscriptionController: [getPhoneId]- invalid subId return=-1
06-03 01:25:21.983  3106  3106 D SubscriptionController: [getSubId]- sSlotIdxToSubId.size == 0, return DummySubIds slotIdx=0
06-03 01:25:21.984  3106  3106 D DCT     : [0]isDataAllowed: not allowed due to - Attached= false - SIM not loaded - defaultDataSelected= false
06-03 01:25:21.985  3106  3106 D SubscriptionController: [getPhoneId]- invalid subId return=-1
06-03 01:25:21.987  3106  3106 D DCT     : [0]handleMessage msg={ when=-367ms what=270377 obj=android.os.AsyncResult@13aba97 target=com.android.internal.telephony.dataconnection.DcTracker }
06-03 01:25:21.987  3106  3106 D DCT     : [0]setupDataOnConnectableApns: nwTypeChanged
06-03 01:25:21.988  3106  3106 D DCT     : [0]setupDataOnConnectableApns: apnContext {mApnType=hipri mState=IDLE mWaitingApns={null} mWaitingApnsPermanentFailureCountDown=0 mApnSetting={null} mReason=radioTurnedOff mDataEnabled=false mDependencyMet=true}
06-03 01:25:21.988  3106  3106 D DCT     : [0]setupDataOnConnectableApns: apnContext {mApnType=mms mState=IDLE mWaitingApns={null} mWaitingApnsPermanentFailureCountDown=0 mApnSetting={null} mReason=radioTurnedOff mDataEnabled=false mDependencyMet=true}
06-03 01:25:21.988  3106  3106 D DCT     : [0]setupDataOnConnectableApns: apnContext {mApnType=supl mState=IDLE mWaitingApns={null} mWaitingApnsPermanentFailureCountDown=0 mApnSetting={null} mReason=radioTurnedOff mDataEnabled=false mDependencyMet=true}
06-03 01:25:21.988  3106  3106 D DCT     : [0]setupDataOnConnectableApns: apnContext {mApnType=cbs mState=IDLE mWaitingApns={null} mWaitingApnsPermanentFailureCountDown=0 mApnSetting={null} mReason=radioTurnedOff mDataEnabled=false mDependencyMet=true}
06-03 01:25:21.988  3106  3106 D DCT     : [0]setupDataOnConnectableApns: apnContext {mApnType=dun mState=IDLE mWaitingApns={null} mWaitingApnsPermanentFailureCountDown=0 mApnSetting={null} mReason=radioTurnedOff mDataEnabled=false mDependencyMet=true}
06-03 01:25:21.988  3106  3106 D DCT     : [0]setupDataOnConnectableApns: apnContext {mApnType=fota mState=IDLE mWaitingApns={null} mWaitingApnsPermanentFailureCountDown=0 mApnSetting={null} mReason=radioTurnedOff mDataEnabled=false mDependencyMet=true}
06-03 01:25:21.988  3106  3106 D DCT     : [0]setupDataOnConnectableApns: apnContext {mApnType=ims mState=IDLE mWaitingApns={null} mWaitingApnsPermanentFailureCountDown=0 mApnSetting={null} mReason=radioTurnedOff mDataEnabled=false mDependencyMet=true}
06-03 01:25:21.988  3106  3106 D DCT     : [0]setupDataOnConnectableApns: apnContext {mApnType=default mState=IDLE mWaitingApns={null} mWaitingApnsPermanentFailureCountDown=0 mApnSetting={null} mReason=radioTurnedOff mDataEnabled=false mDependencyMet=true}
06-03 01:25:21.988  3106  3106 D DCT     : [0]setupDataOnConnectableApns: apnContext {mApnType=ia mState=IDLE mWaitingApns={null} mWaitingApnsPermanentFailureCountDown=0 mApnSetting={null} mReason=radioTurnedOff mDataEnabled=false mDependencyMet=true}
06-03 01:25:21.988  3106  3106 D SubscriptionController: [getSubId]- sSlotIdxToSubId.size == 0, return DummySubIds slotIdx=0
06-03 01:25:21.988  3106  3106 D GsmSMSDispatcher: GsmSMSDispatcher: subId = -2 slotId = 0
06-03 01:25:21.989  3106  3106 E IccCardProxy: setExternalState: !override and newstate unchanged from NOT_READY
06-03 01:25:21.989  3106  3106 E IccCardProxy: setExternalState: !override and newstate unchanged from NOT_READY
06-03 01:25:21.989  3106  3106 E IccCardProxy: setExternalState: !override and newstate unchanged from NOT_READY
06-03 01:25:21.989  3106  3106 D DctController: EVENT_PHONE1_DATA_DETACH.
06-03 01:25:21.989  3106  3233 D DcSwitchSM: [DcSwitchStateMachine-0] DefaultState: shouldn't happen but ignore msg.what=0x44008
06-03 01:25:21.989  3106  3106 D SubscriptionController: [getSubId]- sSlotIdxToSubId.size == 0, return DummySubIds slotIdx=0
06-03 01:25:21.989  3106  3106 D DctController: [TNF -2]got request NetworkRequest [ id=1, legacyType=-1, [ Capabilities: INTERNET&NOT_RESTRICTED&TRUSTED&NOT_VPN] ] with score 0
06-03 01:25:21.989  3106  3106 D SubscriptionController: [getSubId]- sSlotIdxToSubId.size == 0, return DummySubIds slotIdx=0
06-03 01:25:21.989  3106  3106 D DctController: [TNF -2]Cellular needs Network for NetworkRequest [ id=1, legacyType=-1, [ Capabilities: INTERNET&NOT_RESTRICTED&TRUSTED&NOT_VPN] ]
06-03 01:25:21.990  3106  3106 D SubscriptionController: [getSubId]- sSlotIdxToSubId.size == 0, return DummySubIds slotIdx=0
06-03 01:25:21.990  3106  3106 D SubscriptionController: [getSubId]- sSlotIdxToSubId.size == 0, return DummySubIds slotIdx=0
06-03 01:25:21.990  3106  3106 D DctController: [TNF -2]Request not useable, pending request.
06-03 01:25:21.991  3106  3106 D SubscriptionInfoUpdater: [Receiver]+
06-03 01:25:21.991  3106  3106 D SubscriptionInfoUpdater: Action: android.intent.action.SIM_STATE_CHANGED
06-03 01:25:21.991  3106  3106 D SubscriptionInfoUpdater: slotId: 0
06-03 01:25:21.991  3106  3106 D SubscriptionInfoUpdater: simStatus: NOT_READY
06-03 01:25:21.991  3106  3106 D SubscriptionInfoUpdater: Ignoring simStatus: NOT_READY
06-03 01:25:21.991  3106  3106 D SubscriptionInfoUpdater: [Receiver]-
06-03 01:25:21.992  3106  3106 D DebugService: DebugService DebugService:
06-03 01:25:21.995  3106  3106 D SipService: SipService: started!
06-03 01:25:22.000  3106  3106 D SipService: start:
06-03 01:25:22.004  3106  3106 D RILJ    : [3653]> RIL_REQUEST_QUERY_TTY_MODE [SUB0]
