09-01 00:57:18.867  2662  2682 W MediaProvider: Missing volume for /system/media/audio/notifications/Io.ogg; assuming invalid
09-01 00:57:18.874  2662  2682 W MediaProvider: Missing volume for /system/media/audio/notifications/Iridium.ogg; assuming invalid
09-01 00:57:18.885  2662  2682 W MediaProvider: Missing volume for /system/media/audio/notifications/Krypton.ogg; assuming invalid
09-01 00:57:18.888  2662  2682 W MediaProvider: Missing volume for /system/media/audio/notifications/KzurbSonar.ogg; assuming invalid
09-01 00:57:18.893  2662  2682 W MediaProvider: Missing volume for /system/media/audio/notifications/Laser.ogg; assuming invalid
09-01 00:57:18.898  2662  2682 W MediaProvider: Missing volume for /system/media/audio/notifications/Merope.ogg; assuming invalid
09-01 00:57:18.901  2662  2682 W MediaProvider: Missing volume for /system/media/audio/notifications/Mira.ogg; assuming invalid
09-01 00:57:18.905  2662  2682 W MediaProvider: Missing volume for /system/media/audio/notifications/Naughty.ogg; assuming invalid
09-01 00:57:18.908  2662  2682 W MediaProvider: Missing volume for /system/media/audio/notifications/OnTheHunt.ogg; assuming invalid
09-01 00:57:18.911  2662  2682 W MediaProvider: Missing volume for /system/media/audio/notifications/Palladium.ogg; assuming invalid
09-01 00:57:18.915  2662  2682 W MediaProvider: Missing volume for /system/media/audio/notifications/Plastic_Pipe.ogg; assuming invalid
09-01 00:57:18.919  2662  2682 W MediaProvider: Missing volume for /system/media/audio/notifications/Polaris.ogg; assuming invalid
09-01 00:57:18.925  2662  2682 W MediaProvider: Missing volume for /system/media/audio/notifications/Pollux.ogg; assuming invalid
09-01 00:57:18.929  2662  2682 W MediaProvider: Missing volume for /system/media/audio/notifications/Pong.ogg; assuming invalid
09-01 00:57:18.931   352  2107 E MetadataRetrieverClient: failed to extract an album art
09-01 00:57:18.933  2662  2682 W MediaProvider: Missing volume for /system/media/audio/notifications/Procyon.ogg; assuming invalid
09-01 00:57:18.936  2662  2682 W MediaProvider: Missing volume for /system/media/audio/notifications/Proxima.ogg; assuming invalid
09-01 00:57:18.940  2662  2682 W MediaProvider: Missing volume for /system/media/audio/notifications/Radon.ogg; assuming invalid
09-01 00:57:18.944  2662  2682 W MediaProvider: Missing volume for /system/media/audio/notifications/Rang.ogg; assuming invalid
09-01 00:57:18.948  2662  2682 W MediaProvider: Missing volume for /system/media/audio/notifications/Rhea.ogg; assuming invalid
09-01 00:57:18.952  2662  2682 W MediaProvider: Missing volume for /system/media/audio/notifications/Rubidium.ogg; assuming invalid
09-01 00:57:18.956  2662  2682 W MediaProvider: Missing volume for /system/media/audio/notifications/Salacia.ogg; assuming invalid
09-01 00:57:18.961  2662  2682 W MediaProvider: Missing volume for /system/media/audio/notifications/Selenium.ogg; assuming invalid
09-01 00:57:18.966  2662  2682 W MediaProvider: Missing volume for /system/media/audio/notifications/Shaula.ogg; assuming invalid
09-01 00:57:18.969  2662  2682 W MediaProvider: Missing volume for /system/media/audio/notifications/Sirrah.ogg; assuming invalid
09-01 00:57:18.973  2662  2682 W MediaProvider: Missing volume for /system/media/audio/notifications/Spica.ogg; assuming invalid
09-01 00:57:18.977  2662  2682 W MediaProvider: Missing volume for /system/media/audio/notifications/Stone.ogg; assuming invalid
09-01 00:57:18.980  2662  2682 W MediaProvider: Missing volume for /system/media/audio/notifications/Strontium.ogg; assuming invalid
09-01 00:57:18.987  2662  2682 W MediaProvider: Missing volume for /system/media/audio/notifications/Syrma.ogg; assuming invalid
09-01 00:57:18.991  2662  2682 W MediaProvider: Missing volume for /system/media/audio/notifications/TaDa.ogg; assuming invalid
09-01 00:57:18.995  2662  2682 W MediaProvider: Missing volume for /system/media/audio/notifications/Talitha.ogg; assuming invalid
09-01 00:57:18.999  2662  2682 W MediaProvider: Missing volume for /system/media/audio/notifications/Tethys.ogg; assuming invalid
09-01 00:57:19.004  2662  2682 W MediaProvider: Missing volume for /system/media/audio/notifications/Thallium.ogg; assuming invalid
09-01 00:57:19.008  2662  2682 W MediaProvider: Missing volume for /system/media/audio/notifications/Titan.ogg; assuming invalid
09-01 00:57:19.012  2662  2682 W MediaProvider: Missing volume for /system/media/audio/notifications/Upsilon.ogg; assuming invalid
09-01 00:57:19.015  2662  2682 W MediaProvider: Missing volume for /system/media/audio/notifications/Vega.ogg; assuming invalid
09-01 00:57:19.020  2662  2682 W MediaProvider: Missing volume for /system/media/audio/notifications/Voila.ogg; assuming invalid
09-01 00:57:19.025  2662  2682 W MediaProvider: Missing volume for /system/media/audio/notifications/Xenon.ogg; assuming invalid
09-01 00:57:19.029  2662  2682 W MediaProvider: Missing volume for /system/media/audio/notifications/Zirconium.ogg; assuming invalid
09-01 00:57:19.038  2662  2682 W MediaProvider: Missing volume for /system/media/audio/notifications/moonbeam.ogg; assuming invalid
09-01 00:57:19.042  2662  2682 W MediaProvider: Missing volume for /system/media/audio/notifications/pixiedust.ogg; assuming invalid
09-01 00:57:19.046  2662  2682 W MediaProvider: Missing volume for /system/media/audio/notifications/pizzicato.ogg; assuming invalid
09-01 00:57:19.049  2662  2682 W MediaProvider: Missing volume for /system/media/audio/notifications/regulus.ogg; assuming invalid
09-01 00:57:19.054  2662  2682 W MediaProvider: Missing volume for /system/media/audio/notifications/sirius.ogg; assuming invalid
09-01 00:57:19.059  2662  2682 W MediaProvider: Missing volume for /system/media/audio/notifications/tweeters.ogg; assuming invalid
09-01 00:57:19.067  2662  2682 W MediaProvider: Missing volume for /system/media/audio/ringtones/Andromeda.ogg; assuming invalid
09-01 00:57:19.077   352  2122 E MetadataRetrieverClient: failed to extract an album art
09-01 00:57:19.080  2662  2682 W MediaProvider: Missing volume for /system/media/audio/ringtones/Aquila.ogg; assuming invalid
09-01 00:57:19.091  2662  2682 W MediaProvider: Missing volume for /system/media/audio/ringtones/ArgoNavis.ogg; assuming invalid
09-01 00:57:19.096  2662  2682 W MediaProvider: Missing volume for /system/media/audio/ringtones/BOOTES.ogg; assuming invalid
09-01 00:57:19.100  2662  2682 W MediaProvider: Missing volume for /system/media/audio/ringtones/Backroad.ogg; assuming invalid
09-01 00:57:19.102  2662  2682 W MediaProvider: Missing volume for /system/media/audio/ringtones/BeatPlucker.ogg; assuming invalid
09-01 00:57:19.105  2662  2682 W MediaProvider: Missing volume for /system/media/audio/ringtones/BentleyDubs.ogg; assuming invalid
09-01 00:57:19.107  2662  2682 W MediaProvider: Missing volume for /system/media/audio/ringtones/Big_Easy.ogg; assuming invalid
09-01 00:57:19.110  2662  2682 W MediaProvider: Missing volume for /system/media/audio/ringtones/BirdLoop.ogg; assuming invalid
09-01 00:57:19.112  2662  2682 W MediaProvider: Missing volume for /system/media/audio/ringtones/Bollywood.ogg; assuming invalid
09-01 00:57:19.115  2662  2682 W MediaProvider: Missing volume for /system/media/audio/ringtones/Boxbeat.ogg; assuming invalid
09-01 00:57:19.121  2662  2682 W MediaProvider: Missing volume for /system/media/audio/ringtones/BussaMove.ogg; assuming invalid
09-01 00:57:19.123  2662  2682 W MediaProvider: Missing volume for /system/media/audio/ringtones/CASSIOPEIA.ogg; assuming invalid
09-01 00:57:19.128  2662  2682 W MediaProvider: Missing volume for /system/media/audio/ringtones/Cairo.ogg; assuming invalid
09-01 00:57:19.131  2662  2682 W MediaProvider: Missing volume for /system/media/audio/ringtones/Callisto.ogg; assuming invalid
09-01 00:57:19.133  2662  2682 W MediaProvider: Missing volume for /system/media/audio/ringtones/Calypso_Steel.ogg; assuming invalid
09-01 00:57:19.138  2662  2682 W MediaProvider: Missing volume for /system/media/audio/ringtones/CanisMajor.ogg; assuming invalid
09-01 00:57:19.141  2662  2682 W MediaProvider: Missing volume for /system/media/audio/ringtones/CaribbeanIce.ogg; assuming invalid
09-01 00:57:19.144  2662  2682 W MediaProvider: Missing volume for /system/media/audio/ringtones/Carina.ogg; assuming invalid
09-01 00:57:19.148  2662  2682 W MediaProvider: Missing volume for /system/media/audio/ringtones/Centaurus.ogg; assuming invalid
09-01 00:57:19.151  2662  2682 W MediaProvider: Missing volume for /system/media/audio/ringtones/Champagne_Edition.ogg; assuming invalid
09-01 00:57:19.154  2662  2682 W MediaProvider: Missing volume for /system/media/audio/ringtones/Club_Cubano.ogg; assuming invalid
09-01 00:57:19.157  2662  2682 W MediaProvider: Missing volume for /system/media/audio/ringtones/CrayonRock.ogg; assuming invalid
09-01 00:57:19.159  2662  2682 W MediaProvider: Missing volume for /system/media/audio/ringtones/CrazyDream.ogg; assuming invalid
09-01 00:57:19.163  2662  2682 W MediaProvider: Missing volume for /system/media/audio/ringtones/CurveBall.ogg; assuming invalid
09-01 00:57:19.166  2662  2682 W MediaProvider: Missing volume for /system/media/audio/ringtones/CyanTone.ogg; assuming invalid
09-01 00:57:19.170  2662  2682 W MediaProvider: Missing volume for /system/media/audio/ringtones/Cygnus.ogg; assuming invalid
09-01 00:57:19.174  2662  2682 W MediaProvider: Missing volume for /system/media/audio/ringtones/DancinFool.ogg; assuming invalid
09-01 00:57:19.177  2662  2682 W MediaProvider: Missing volume for /system/media/audio/ringtones/Dione.ogg; assuming invalid
09-01 00:57:19.179  2662  2682 W MediaProvider: Missing volume for /system/media/audio/ringtones/DonMessWivIt.ogg; assuming invalid
09-01 00:57:19.182  2662  2682 W MediaProvider: Missing volume for /system/media/audio/ringtones/Draco.ogg; assuming invalid
09-01 00:57:19.188  2662  2682 W MediaProvider: Missing volume for /system/media/audio/ringtones/DreamTheme.ogg; assuming invalid
09-01 00:57:19.190  2662  2682 W MediaProvider: Missing volume for /system/media/audio/ringtones/Eastern_Sky.ogg; assuming invalid
09-01 00:57:19.193  2662  2682 W MediaProvider: Missing volume for /system/media/audio/ringtones/Enter_the_Nexus.ogg; assuming invalid
09-01 00:57:19.196  2662  2682 W MediaProvider: Missing volume for /system/media/audio/ringtones/Eridani.ogg; assuming invalid
09-01 00:57:19.199  2662  2682 W MediaProvider: Missing volume for /system/media/audio/ringtones/EtherShake.ogg; assuming invalid
09-01 00:57:19.201  2662  2682 W MediaProvider: Missing volume for /system/media/audio/ringtones/FreeFlight.ogg; assuming invalid
09-01 00:57:19.210  2662  2682 W MediaProvider: Missing volume for /system/media/audio/ringtones/FriendlyGhost.ogg; assuming invalid
09-01 00:57:19.214  2662  2682 W MediaProvider: Missing volume for /system/media/audio/ringtones/Funk_Yall.ogg; assuming invalid
09-01 00:57:19.216  2662  2682 W MediaProvider: Missing volume for /system/media/audio/ringtones/GameOverGuitar.ogg; assuming invalid
09-01 00:57:19.219  2662  2682 W MediaProvider: Missing volume for /system/media/audio/ringtones/Ganymede.ogg; assuming invalid
09-01 00:57:19.224  2662  2682 W MediaProvider: Missing volume for /system/media/audio/ringtones/Gimme_Mo_Town.ogg; assuming invalid
09-01 00:57:19.227  2662  2682 W MediaProvider: Missing volume for /system/media/audio/ringtones/Girtab.ogg; assuming invalid
09-01 00:57:19.230  2662  2682 W MediaProvider: Missing volume for /system/media/audio/ringtones/Glacial_Groove.ogg; assuming invalid
09-01 00:57:19.233  2662  2682 W MediaProvider: Missing volume for /system/media/audio/ringtones/Growl.ogg; assuming invalid
09-01 00:57:19.236  2662  2682 W MediaProvider: Missing volume for /system/media/audio/ringtones/HalfwayHome.ogg; assuming invalid
09-01 00:57:19.241  2662  2682 W MediaProvider: Missing volume for /system/media/audio/ringtones/Highscore.ogg; assuming invalid
09-01 00:57:19.245  2662  2682 W MediaProvider: Missing volume for /system/media/audio/ringtones/Hydra.ogg; assuming invalid
09-01 00:57:19.248  2662  2682 W MediaProvider: Missing volume for /system/media/audio/ringtones/InsertCoin.ogg; assuming invalid
09-01 00:57:19.251  2662  2682 W MediaProvider: Missing volume for /system/media/audio/ringtones/Kuma.ogg; assuming invalid
09-01 00:57:19.253  2662  2682 W MediaProvider: Missing volume for /system/media/audio/ringtones/LoopyLounge.ogg; assuming invalid
09-01 00:57:19.256  2662  2682 W MediaProvider: Missing volume for /system/media/audio/ringtones/LoveFlute.ogg; assuming invalid
09-01 00:57:19.293  2662  2682 W MediaProvider: Missing volume for /system/media/audio/ringtones/Luna.ogg; assuming invalid
09-01 00:57:19.298  2662  2682 W MediaProvider: Missing volume for /system/media/audio/ringtones/Lyon.ogg; assuming invalid
09-01 00:57:19.301  2662  2682 W MediaProvider: Missing volume for /system/media/audio/ringtones/Lyra.ogg; assuming invalid
09-01 00:57:19.304  2662  2682 W MediaProvider: Missing volume for /system/media/audio/ringtones/Machina.ogg; assuming invalid
09-01 00:57:19.307  2662  2682 W MediaProvider: Missing volume for /system/media/audio/ringtones/MidEvilJaunt.ogg; assuming invalid
09-01 00:57:19.309  2662  2682 W MediaProvider: Missing volume for /system/media/audio/ringtones/Nairobi.ogg; assuming invalid
09-01 00:57:19.313  2662  2682 W MediaProvider: Missing volume for /system/media/audio/ringtones/Nassau.ogg; assuming invalid
09-01 00:57:19.315  2662  2682 W MediaProvider: Missing volume for /system/media/audio/ringtones/NewPlayer.ogg; assuming invalid
09-01 00:57:19.318  2662  2682 W MediaProvider: Missing volume for /system/media/audio/ringtones/No_Limits.ogg; assuming invalid
09-01 00:57:19.321  2662  2682 W MediaProvider: Missing volume for /system/media/audio/ringtones/Noises2.ogg; assuming invalid
09-01 00:57:19.326  2662  2682 W MediaProvider: Missing volume for /system/media/audio/ringtones/Noises3.ogg; assuming invalid
09-01 00:57:19.329  2662  2682 W MediaProvider: Missing volume for /system/media/audio/ringtones/Oberon.ogg; assuming invalid
09-01 00:57:19.333  2662  2682 W MediaProvider: Missing volume for /system/media/audio/ringtones/OrganDub.ogg; assuming invalid
09-01 00:57:19.344  2662  2682 W MediaProvider: Missing volume for /system/media/audio/ringtones/Orion.ogg; assuming invalid
09-01 00:57:19.370   341   446 D asd     : [asd_proc_hal_data],hal data soundness: L[0],R[0]
09-01 00:57:19.379  2662  2682 I MediaScanner: forcing rescan of /system/media/audio/ringtones/Paradise_Island.ogg since build fingerprint changed
09-01 00:57:19.394  2662  2682 I MediaScanner: forcing rescan of /system/media/audio/ringtones/Pegasus.ogg since build fingerprint changed
09-01 00:57:19.416  2662  2682 I MediaScanner: forcing rescan of /system/media/audio/ringtones/Perseus.ogg since build fingerprint changed
09-01 00:57:19.443  2662  2682 I MediaScanner: forcing rescan of /system/media/audio/ringtones/Phobos.ogg since build fingerprint changed
09-01 00:57:19.476  2662  2682 I MediaScanner: forcing rescan of /system/media/audio/ringtones/Playa.ogg since build fingerprint changed
09-01 00:57:19.497  2662  2682 I MediaScanner: forcing rescan of /system/media/audio/ringtones/PyxisMaterial.ogg since build fingerprint changed
09-01 00:57:19.540  2662  2682 I MediaScanner: forcing rescan of /system/media/audio/ringtones/Rasalas.ogg since build fingerprint changed
09-01 00:57:19.564   292  1938 I vold    : Trimmed 8935198720 bytes on /data in 18634ms
09-01 00:57:19.564   292  1938 D vold    : Starting trim of /cache
09-01 00:57:19.565   898  1307 D VoldConnector: RCV <- {662 /data 8935198720 18634340102}
09-01 00:57:19.569  1938  1938 I vold    : type=1400 audit(0.0:975): avc: denied { read } for name="/" dev="mmcblk0p19" ino=2 scontext=u:r:vold:s0 tcontext=u:object_r:splash2_data_file:s0 tclass=dir permissive=1
09-01 00:57:19.569  1938  1938 I vold    : type=1400 audit(0.0:976): avc: denied { open } for path="/splash2" dev="mmcblk0p19" ino=2 scontext=u:r:vold:s0 tcontext=u:object_r:splash2_data_file:s0 tclass=dir permissive=1
09-01 00:57:19.569  1938  1938 I vold    : type=1400 audit(0.0:977): avc: denied { ioctl } for path="/splash2" dev="mmcblk0p19" ino=2 ioctlcmd=5879 scontext=u:r:vold:s0 tcontext=u:object_r:splash2_data_file:s0 tclass=dir permissive=1
09-01 00:57:19.574   358   659 I logserver: handle_logfile_events, Object Path:/data/system/dropbox/, mask=0x00000080
09-01 00:57:19.574   358   659 I logserver: process_one_event, event->len=32, name=storage_trim@1504267039573.txt
09-01 00:57:19.574  2662  2682 I MediaScanner: forcing rescan of /system/media/audio/ringtones/Revelation.ogg since build fingerprint changed
09-01 00:57:19.581   292  1938 I vold    : Trimmed 259555328 bytes on /cache in 16ms
09-01 00:57:19.581   292  1938 D vold    : Starting trim of /splash2
09-01 00:57:19.581   898  1307 D VoldConnector: RCV <- {662 /cache 259555328 16150000}
09-01 00:57:19.589   358   659 I logserver: handle_logfile_events, Object Path:/data/system/dropbox/, mask=0x00000080
09-01 00:57:19.589   358   659 I logserver: process_one_event, event->len=32, name=storage_trim@1504267039589.txt
09-01 00:57:19.601  2662  2682 I MediaScanner: forcing rescan of /system/media/audio/ringtones/Rigel.ogg since build fingerprint changed
09-01 00:57:19.609  1938  1938 I vold    : type=1400 audit(0.0:978): avc: denied { read } for name="/" dev="mmcblk0p11" ino=2 scontext=u:r:vold:s0 tcontext=u:object_r:modem_nv_file:s0 tclass=dir permissive=1
09-01 00:57:19.609  1938  1938 I vold    : type=1400 audit(0.0:979): avc: denied { open } for path="/mnvm2:0" dev="mmcblk0p11" ino=2 scontext=u:r:vold:s0 tcontext=u:object_r:modem_nv_file:s0 tclass=dir permissive=1
09-01 00:57:19.612   292  1938 I vold    : Trimmed 57831424 bytes on /splash2 in 31ms
09-01 00:57:19.613   292  1938 D vold    : Starting trim of /sec_storage
09-01 00:57:19.613   898  1307 D VoldConnector: RCV <- {662 /splash2 57831424 31259895}
09-01 00:57:19.618   358   659 I logserver: handle_logfile_events, Object Path:/data/system/dropbox/, mask=0x00000080
09-01 00:57:19.618   358   659 I logserver: process_one_event, event->len=32, name=storage_trim@1504267039617.txt
09-01 00:57:19.619  1938  1938 I vold    : type=1400 audit(0.0:980): avc: denied { ioctl } for path="/mnvm2:0" dev="mmcblk0p11" ino=2 ioctlcmd=5879 scontext=u:r:vold:s0 tcontext=u:object_r:modem_nv_file:s0 tclass=dir permissive=1
09-01 00:57:19.622   292  1938 I vold    : Trimmed 28758016 bytes on /sec_storage in 9ms
09-01 00:57:19.623   292  1938 D vold    : Starting trim of /mnvm2:0
09-01 00:57:19.623   898  1307 D VoldConnector: RCV <- {662 /sec_storage 28758016 9629167}
09-01 00:57:19.625  2662  2682 I MediaScanner: forcing rescan of /system/media/audio/ringtones/Ring_Classic_02.ogg since build fingerprint changed
09-01 00:57:19.629  1938  1938 I vold    : type=1400 audit(0.0:981): avc: denied { read } for name="/" dev="mmcblk0p18" ino=2 scontext=u:r:vold:s0 tcontext=u:object_r:modem_log_file:s0 tclass=dir permissive=1
09-01 00:57:19.629  1938  1938 I vold    : type=1400 audit(0.0:982): avc: denied { open } for path="/modem_log" dev="mmcblk0p18" ino=2 scontext=u:r:vold:s0 tcontext=u:object_r:modem_log_file:s0 tclass=dir permissive=1
09-01 00:57:19.629  1938  1938 I vold    : type=1400 audit(0.0:983): avc: denied { ioctl } for path="/modem_log" dev="mmcblk0p18" ino=2 ioctlcmd=5879 scontext=u:r:vold:s0 tcontext=u:object_r:modem_log_file:s0 tclass=dir permissive=1
09-01 00:57:19.634   292  1938 I vold    : Trimmed 4889600 bytes on /mnvm2:0 in 8ms
09-01 00:57:19.634   292  1938 D vold    : Starting trim of /modem_log
09-01 00:57:19.635   898  1307 D VoldConnector: RCV <- {662 /mnvm2:0 4889600 8825000}
09-01 00:57:19.636   358   659 I logserver: handle_logfile_events, Object Path:/data/system/dropbox/, mask=0x00000080
09-01 00:57:19.636   358   659 I logserver: process_one_event, event->len=32, name=storage_trim@1504267039634.txt
09-01 00:57:19.642   292  1938 I vold    : Trimmed 7512064 bytes on /modem_log in 6ms
09-01 00:57:19.642   898  1307 D VoldConnector: RCV <- {662 /modem_log 7512064 6911459}
09-01 00:57:19.643   358   659 I logserver: handle_logfile_events, Object Path:/data/system/dropbox/, mask=0x00000080
09-01 00:57:19.643   358   659 I logserver: process_one_event, event->len=32, name=storage_trim@1504267039642.txt
09-01 00:57:19.647   358   659 I logserver: handle_logfile_events, Object Path:/data/system/dropbox/, mask=0x00000080
09-01 00:57:19.647   358   659 I logserver: process_one_event, event->len=32, name=storage_trim@1504267039646.txt
09-01 00:57:19.658  2662  2682 I MediaScanner: forcing rescan of /system/media/audio/ringtones/Ring_Digital_02.ogg since build fingerprint changed
09-01 00:57:19.675  2662  2682 I MediaScanner: forcing rescan of /system/media/audio/ringtones/Ring_Synth_02.ogg since build fingerprint changed
09-01 00:57:19.699  2662  2682 I MediaScanner: forcing rescan of /system/media/audio/ringtones/Ring_Synth_04.ogg since build fingerprint changed
09-01 00:57:19.719  2662  2682 I MediaScanner: forcing rescan of /system/media/audio/ringtones/Road_Trip.ogg since build fingerprint changed
09-01 00:57:19.737  2662  2682 I MediaScanner: forcing rescan of /system/media/audio/ringtones/Rockin.ogg since build fingerprint changed
09-01 00:57:19.766  2662  2682 I MediaScanner: forcing rescan of /system/media/audio/ringtones/RomancingTheTone.ogg since build fingerprint changed
09-01 00:57:19.787  2662  2682 I MediaScanner: forcing rescan of /system/media/audio/ringtones/Safari.ogg since build fingerprint changed
09-01 00:57:19.805  2662  2682 I MediaScanner: forcing rescan of /system/media/audio/ringtones/Savannah.ogg since build fingerprint changed
09-01 00:57:19.823  2662  2682 I MediaScanner: forcing rescan of /system/media/audio/ringtones/Scarabaeus.ogg since build fingerprint changed
09-01 00:57:19.830   898  2560 I ActivityManager: Killing 2456:com.android.cellbroadcastreceiver/u0a6 (adj 906): empty #17
09-01 00:57:19.861  2662  2682 I MediaScanner: forcing rescan of /system/media/audio/ringtones/Sceptrum.ogg since build fingerprint changed
09-01 00:57:19.864   898  2050 D ActivityManager: cleanUpApplicationRecord -- 2456
09-01 00:57:19.890  2662  2682 I MediaScanner: forcing rescan of /system/media/audio/ringtones/Sedna.ogg since build fingerprint changed
09-01 00:57:19.919  2662  2682 I MediaScanner: forcing rescan of /system/media/audio/ringtones/Seville.ogg since build fingerprint changed
09-01 00:57:19.939  2662  2682 I MediaScanner: forcing rescan of /system/media/audio/ringtones/Sheep.mp3 since build fingerprint changed
09-01 00:57:19.947   351  2289 I FFmpegExtractor: android-source:0xf676c200
09-01 00:57:19.955   351  2289 I FFMPEG  : [mp3 @ 0xf39e3c00] Skipping 0 bytes of junk at 431.
09-01 00:57:19.955   351  2289 D FFmpegExtractor: supported codec (mp3) by official Stagefright
09-01 00:57:19.955   351  2289 D FFmpegExtractor: ffmpeg detected media content as 'audio/mpeg' with confidence 0.08
09-01 00:57:19.960  2662  2682 I MediaScanner: forcing rescan of /system/media/audio/ringtones/Shes_All_That.ogg since build fingerprint changed
09-01 00:57:19.977  2662  2682 I MediaScanner: forcing rescan of /system/media/audio/ringtones/SilkyWay.ogg since build fingerprint changed
09-01 00:57:19.991  2662  2682 I MediaScanner: forcing rescan of /system/media/audio/ringtones/SitarVsSitar.ogg since build fingerprint changed
09-01 00:57:20.002  2662  2682 I MediaScanner: forcing rescan of /system/media/audio/ringtones/Solarium.ogg since build fingerprint changed
09-01 00:57:20.025  2662  2682 I MediaScanner: forcing rescan of /system/media/audio/ringtones/SpringyJalopy.ogg since build fingerprint changed
09-01 00:57:20.040  2662  2682 I MediaScanner: forcing rescan of /system/media/audio/ringtones/Steppin_Out.ogg since build fingerprint changed
09-01 00:57:20.055  2662  2682 I MediaScanner: forcing rescan of /system/media/audio/ringtones/Terminated.ogg since build fingerprint changed
09-01 00:57:20.067  2662  2682 I MediaScanner: forcing rescan of /system/media/audio/ringtones/Testudo.ogg since build fingerprint changed
09-01 00:57:20.085  2662  2682 I MediaScanner: forcing rescan of /system/media/audio/ringtones/Themos.ogg since build fingerprint changed
09-01 00:57:20.111  2662  2682 I MediaScanner: forcing rescan of /system/media/audio/ringtones/Third_Eye.ogg since build fingerprint changed
09-01 00:57:20.125  2662  2682 I MediaScanner: forcing rescan of /system/media/audio/ringtones/Thunderfoot.ogg since build fingerprint changed
09-01 00:57:20.140  2662  2682 I MediaScanner: forcing rescan of /system/media/audio/ringtones/Titania.ogg since build fingerprint changed
09-01 00:57:20.175  2662  2682 I MediaScanner: forcing rescan of /system/media/audio/ringtones/Triton.ogg since build fingerprint changed
09-01 00:57:20.213  2662  2682 I MediaScanner: forcing rescan of /system/media/audio/ringtones/TwirlAway.ogg since build fingerprint changed
09-01 00:57:20.228  2662  2682 I MediaScanner: forcing rescan of /system/media/audio/ringtones/Umbriel.ogg since build fingerprint changed
09-01 00:57:20.261   898  2598 I ActivityManager: START u0 {act=com.android.wizard.NEXT cmp=com.cyanogenmod.setupwizard/.wizardmanager.WizardManager (has extras)} from uid 1000 on display 0
09-01 00:57:20.269  2662  2682 I MediaScanner: forcing rescan of /system/media/audio/ringtones/UrsaMinor.ogg since build fingerprint changed
09-01 00:57:20.290   341   446 D asd     : [asd_proc_hal_data],hal data soundness: L[817],R[817]
09-01 00:57:20.310  2662  2682 I MediaScanner: forcing rescan of /system/media/audio/ringtones/VeryAlarmed.ogg since build fingerprint changed
09-01 00:57:20.311   341   446 D asd     : [asd_proc_hal_data],hal data soundness: L[18],R[14]
09-01 00:57:20.314   898  2068 I ActivityManager: START u0 {act=com.cyanogenmod.setupwizard.LINEAGE_DATETIME flg=0x4000000 cmp=com.cyanogenmod.setupwizard/.DateTimeActivity (has extras)} from uid 1000 on display 0
09-01 00:57:20.326  2662  2682 I MediaScanner: forcing rescan of /system/media/audio/ringtones/Vespa.ogg since build fingerprint changed
09-01 00:57:20.341  2662  2682 I MediaScanner: forcing rescan of /system/media/audio/ringtones/World.ogg since build fingerprint changed
09-01 00:57:20.360  2662  2682 I MediaScanner: forcing rescan of /system/media/audio/ringtones/Yukaay.ogg since build fingerprint changed
09-01 00:57:20.400  2662  2682 I MediaScanner: forcing rescan of /system/media/audio/ringtones/Zeta.ogg since build fingerprint changed
09-01 00:57:20.500   325   372 I chatty  : uid=1000(system) Binder:325_1 expire 15 lines
09-01 00:57:20.515  3041  3085 D mali_winsys: EGLint new_window_surface(egl_winsys_display*, void*, EGLSurface, EGLConfig, egl_winsys_surface**, egl_color_buffer_format*, EGLBoolean) returns 0x3000
09-01 00:57:20.582  2833  3059 I GlobalDismissManager: no sender configured
09-01 00:57:20.583  2833  3059 D AlertService: Beginning updateAlertNotification
09-01 00:57:20.600  2833  3059 D AlertService: No fired or scheduled alerts
09-01 00:57:20.611  2833  3059 D AlertService: Scheduling next alarm with AlarmScheduler. sEventReminderReceived: null
09-01 00:57:20.623   898   898 D ConditionProviders.SCP: onReceive android.intent.action.TIMEZONE_CHANGED
09-01 00:57:20.625   898   898 D ConditionProviders.SCP: notifyCondition condition://android/schedule?days=6.7&start=23.30&end=10.0&exitAtAlarm=false STATE_FALSE reason=!meetsSchedule
09-01 00:57:20.625   898   898 D ConditionProviders.SCP: notifyCondition condition://android/schedule?days=1.2.3.4.5&start=22.0&end=7.0&exitAtAlarm=false STATE_TRUE reason=meetsSchedule
09-01 00:57:20.626   898   898 D ConditionProviders.SCP: Scheduling evaluate for Fri Sep 01 07:00:00 GMT-11:00 2017 (1504288800000), in +6h2m39s377ms, now=Fri Sep 01 00:57:20 GMT-11:00 2017 (1504267040623)
09-01 00:57:20.629   898   898 D ZenLog  : config: conditionChanged,ZenModeConfig[user=0,allowCalls=true,allowRepeatCallers=false,allowMessages=false,allowCallsFrom=contacts,allowMessagesFrom=contacts,allowReminders=true,allowEvents=true,allowWhenScreenOff=true,allowWhenScreenOn=true,automaticRules={a97e910d9dbc4ccfbe9616cd5076c6fd=ZenRule[enabled=false,snoozing=false,name=Weekend,zenMode=ZEN_MODE_ALARMS,conditionId=condition://android/schedule?days=6.7&start=23.30&end=10.0&exitAtAlarm=false,condition=Condition[id=condition://android/schedule?days=6.7&start=23.30&end=10.0&exitAtAlarm=false,summary=...,line1=...,line2=...,icon=0,state=STATE_FALSE,flags=2],component=ComponentInfo{android/com.android.server.notification.ScheduleConditionProvider},id=a97e910d9dbc4ccfbe9616cd5076c6fd,creationTime=1504267021409,enabler=null], 7e262f50162c4128a606f9ccd4ab2c29=ZenRule[enabled=false,snoozing=false,name=Weeknight,zenMode=ZEN_MODE_ALARMS,conditionId=condition://android/schedule?days=1.2.3.4.5&start=22.0&end=7.0&exitAtAlarm=false,condition=Condition[id=condition://android/schedule?days=1.2.3.4.5&start=22.0&end=7.0&exitAtAlarm=false,summary=...,line1=...,line2=...,icon=0,state=STATE_TRUE,flags=2],component=ComponentInfo{android/com.android.server.notification.ScheduleConditionProvider},id=7e262f50162c4128a606f9ccd4ab2c29,creationTime=1504267021409,enabler=null], 47477e1af8624687937c979da7befe0b=ZenRule[enabled=false,snoozing=false,name=Event,zenMode=ZEN_MODE_ALARMS,conditionId=condition://android/event?userId=-10000&calendar=&reply=1,condition=Condition[id=condition://android/event?userId=-10000&calendar=&reply=1,summary=...,line1=...,line2=...,icon=0,state=STATE_FALSE,flags=2],component=ComponentInfo{android/com.android.server.notification.EventConditionProvider},id=47477e1af8624687937c979da7befe0b,creationTime=1504267021410,enabler=null]},manualRule=null],Diff[automaticRule[7e262f50162c4128a606f9ccd4ab2c29].condition:Condition[id=condition://android/schedule?days=1.2.3.4.5&start=22.0&end=7.0&exitAtAlarm=false,summary=...,line1=...,line2=...,icon=0,state=STATE_FALSE,flags=2]->Condition[id=condition://android/schedule?days=1.2.3.4.5&start=22.0&end=7.0&exitAtAlarm=false,summary=...,line1=...,line2=...,icon=0,state=STATE_TRUE,flags=2]]
09-01 00:57:20.633   898   898 D ZenLog  : set_zen_mode: off,conditionChanged
09-01 00:57:20.639  2509  2509 I AlarmClock: AlarmInitReceiver android.intent.action.TIMEZONE_CHANGED
09-01 00:57:20.671  2509  2639 V AlarmClock: AlarmInitReceiver finished
09-01 00:57:20.685  2833  3059 D AlarmScheduler: No events found starting within 1 week.
09-01 00:57:20.728  2662  2682 W MediaScanner: Error opening directory '/oem/media/', skipping: No such file or directory.
09-01 00:57:20.729  2662  2682 W MediaProvider: Missing volume for /system/media/audio/ui; assuming invalid
09-01 00:57:20.735  2662  2682 W MediaProvider: Missing volume for /system/media/bootanimation.zip; assuming invalid
09-01 00:57:20.740  2662  2682 W MediaProvider: Missing volume for /system/media/audio/ringtones/Paradise_Island.ogg; assuming invalid
09-01 00:57:20.743  2662  2682 W MediaProvider: Missing volume for /system/media/audio/ringtones/Pegasus.ogg; assuming invalid
09-01 00:57:20.746  2662  2682 W MediaProvider: Missing volume for /system/media/audio/ringtones/Perseus.ogg; assuming invalid
09-01 00:57:20.748  2662  2682 W MediaProvider: Missing volume for /system/media/audio/ringtones/Phobos.ogg; assuming invalid
09-01 00:57:20.751  2662  2682 W MediaProvider: Missing volume for /system/media/audio/ringtones/Playa.ogg; assuming invalid
09-01 00:57:20.754  2662  2682 W MediaProvider: Missing volume for /system/media/audio/ringtones/PyxisMaterial.ogg; assuming invalid
09-01 00:57:20.757  2662  2682 W MediaProvider: Missing volume for /system/media/audio/ringtones/Rasalas.ogg; assuming invalid
09-01 00:57:20.759  2662  2682 W MediaProvider: Missing volume for /system/media/audio/ringtones/Revelation.ogg; assuming invalid
09-01 00:57:20.762  2662  2682 W MediaProvider: Missing volume for /system/media/audio/ringtones/Rigel.ogg; assuming invalid
09-01 00:57:20.765  2662  2682 W MediaProvider: Missing volume for /system/media/audio/ringtones/Ring_Classic_02.ogg; assuming invalid
09-01 00:57:20.769  2662  2682 W MediaProvider: Missing volume for /system/media/audio/ringtones/Ring_Digital_02.ogg; assuming invalid
09-01 00:57:20.772  2662  2682 W MediaProvider: Missing volume for /system/media/audio/ringtones/Ring_Synth_02.ogg; assuming invalid
09-01 00:57:20.775   898  2050 I ActivityManager: Config changes=4 {1.0 ?mcc?mnc [en_US] ldltr sw360dp w360dp h568dp 480dpi nrml port finger -keyb/v/h -nav/h s.6}
09-01 00:57:20.775  2662  2682 W MediaProvider: Missing volume for /system/media/audio/ringtones/Ring_Synth_04.ogg; assuming invalid
09-01 00:57:20.776   898   961 D CryptdConnector: SND -> {4 cryptfs setfield SystemLocale en-US}
09-01 00:57:20.776   898  1308 D CryptdConnector: RCV <- {200 4 0}
09-01 00:57:20.778  2662  2682 W MediaProvider: Missing volume for /system/media/audio/ringtones/Road_Trip.ogg; assuming invalid
09-01 00:57:20.781  2662  2682 W MediaProvider: Missing volume for /system/media/audio/ringtones/Rockin.ogg; assuming invalid
09-01 00:57:20.786  2662  2682 W MediaProvider: Missing volume for /system/media/audio/ringtones/RomancingTheTone.ogg; assuming invalid
09-01 00:57:20.820  2833  2833 D AlertReceiver: onReceive: a=android.intent.action.LOCALE_CHANGED Intent { act=android.intent.action.LOCALE_CHANGED flg=0x10000010 cmp=com.android.calendar/.alerts.AlertReceiver }
09-01 00:57:20.824   898   898 I chatty  : uid=1000 system_server expire 5 lines
09-01 00:57:20.839  2833  3120 D AlertService: 0 Action = android.intent.action.LOCALE_CHANGED
09-01 00:57:20.839  2833  3120 I GlobalDismissManager: no sender configured
09-01 00:57:20.840  2833  3120 D AlertService: Beginning updateAlertNotification
09-01 00:57:20.859  2662  2682 W MediaProvider: Missing volume for /system/media/audio/ringtones/Safari.ogg; assuming invalid
09-01 00:57:20.863  2662  2682 W MediaProvider: Missing volume for /system/media/audio/ringtones/Savannah.ogg; assuming invalid
09-01 00:57:20.864  2509  2509 I AlarmClock: AlarmInitReceiver android.intent.action.LOCALE_CHANGED
09-01 00:57:20.865  2833  3120 D AlertService: No fired or scheduled alerts
09-01 00:57:20.871  2662  2682 W MediaProvider: Missing volume for /system/media/audio/ringtones/Scarabaeus.ogg; assuming invalid
09-01 00:57:20.884  2662  2682 W MediaProvider: Missing volume for /system/media/audio/ringtones/Sceptrum.ogg; assuming invalid
09-01 00:57:20.885  2509  2639 V AlarmClock: AlarmInitReceiver finished
09-01 00:57:20.887  2833  3120 D AlertService: Scheduling next alarm with AlarmScheduler. sEventReminderReceived: null
09-01 00:57:20.892  2662  2682 W MediaProvider: Missing volume for /system/media/audio/ringtones/Sedna.ogg; assuming invalid
09-01 00:57:20.894  2662  2682 W MediaProvider: Missing volume for /system/media/audio/ringtones/Seville.ogg; assuming invalid
09-01 00:57:20.898  2662  2682 W MediaProvider: Missing volume for /system/media/audio/ringtones/Sheep.mp3; assuming invalid
09-01 00:57:20.901  2662  2682 W MediaProvider: Missing volume for /system/media/audio/ringtones/Shes_All_That.ogg; assuming invalid
09-01 00:57:20.902  2833  3120 D AlarmScheduler: No events found starting within 1 week.
09-01 00:57:20.909  2756  2756 D BluetoothEmailBroadcastReceiver: Received android.intent.action.LOCALE_CHANGED
09-01 00:57:20.910  2662  2682 W MediaProvider: Missing volume for /system/media/audio/ringtones/SilkyWay.ogg; assuming invalid
09-01 00:57:20.912  2662  2682 W MediaProvider: Missing volume for /system/media/audio/ringtones/SitarVsSitar.ogg; assuming invalid
09-01 00:57:20.917  2662  2682 W MediaProvider: Missing volume for /system/media/audio/ringtones/Solarium.ogg; assuming invalid
09-01 00:57:20.920  2662  2682 W MediaProvider: Missing volume for /system/media/audio/ringtones/SpringyJalopy.ogg; assuming invalid
09-01 00:57:20.920  2756  3124 I NotifUtils: resendNotifications cancelExisting: true, account: null, folder: null
09-01 00:57:20.922  2012  2012 I SystemBroadcastReceiver: System locale changed
09-01 00:57:20.925  2662  2682 W MediaProvider: Missing volume for /system/media/audio/ringtones/Steppin_Out.ogg; assuming invalid
09-01 00:57:20.925  2756  3124 I NotifUtils: resendNotifications cancelExisting: true, account: null, folder: null
09-01 00:57:20.928  2662  2682 W MediaProvider: Missing volume for /system/media/audio/ringtones/Terminated.ogg; assuming invalid
09-01 00:57:20.935  2662  2682 W MediaProvider: Missing volume for /system/media/audio/ringtones/Testudo.ogg; assuming invalid
09-01 00:57:20.941  2662  2682 W MediaProvider: Missing volume for /system/media/audio/ringtones/Themos.ogg; assuming invalid
09-01 00:57:20.951  2662  2682 W MediaProvider: Missing volume for /system/media/audio/ringtones/Third_Eye.ogg; assuming invalid
09-01 00:57:20.954  2662  2682 W MediaProvider: Missing volume for /system/media/audio/ringtones/Thunderfoot.ogg; assuming invalid
09-01 00:57:20.958  2662  2682 W MediaProvider: Missing volume for /system/media/audio/ringtones/Titania.ogg; assuming invalid
09-01 00:57:20.961   898  2050 I ActivityManager: Start proc 3125:com.cyanogenmod.eleven/u0a14 for broadcast com.cyanogenmod.eleven/.locale.LocaleChangeReceiver
09-01 00:57:20.963  2662  2682 W MediaProvider: Missing volume for /system/media/audio/ringtones/Triton.ogg; assuming invalid
09-01 00:57:20.967  2662  2682 W MediaProvider: Missing volume for /system/media/audio/ringtones/TwirlAway.ogg; assuming invalid
09-01 00:57:20.971  2662  2682 W MediaProvider: Missing volume for /system/media/audio/ringtones/Umbriel.ogg; assuming invalid
09-01 00:57:20.975  2662  2682 W MediaProvider: Missing volume for /system/media/audio/ringtones/UrsaMinor.ogg; assuming invalid
09-01 00:57:20.977  2662  2682 W MediaProvider: Missing volume for /system/media/audio/ringtones/VeryAlarmed.ogg; assuming invalid
09-01 00:57:20.980  2662  2682 W MediaProvider: Missing volume for /system/media/audio/ringtones/Vespa.ogg; assuming invalid
09-01 00:57:20.982  2662  2682 W MediaProvider: Missing volume for /system/media/audio/ringtones/World.ogg; assuming invalid
09-01 00:57:20.985  2662  2682 W MediaProvider: Missing volume for /system/media/audio/ringtones/Yukaay.ogg; assuming invalid
09-01 00:57:20.989  2662  2682 W MediaProvider: Missing volume for /system/media/audio/ringtones/Zeta.ogg; assuming invalid
09-01 00:57:20.996  2662  2682 W MediaProvider: Missing volume for /system/media/audio/ui/Dock.ogg; assuming invalid
09-01 00:57:21.000  2662  2682 W MediaProvider: Missing volume for /system/media/audio/ui/Effect_Tick.ogg; assuming invalid
09-01 00:57:21.001   352   352 E MetadataRetrieverClient: failed to extract an album art
09-01 00:57:21.010  2662  2682 W MediaProvider: Missing volume for /system/media/audio/ui/KeypressDelete.ogg; assuming invalid
09-01 00:57:21.016  2662  2682 W MediaProvider: Missing volume for /system/media/audio/ui/KeypressInvalid.ogg; assuming invalid
09-01 00:57:21.022  2662  2682 W MediaProvider: Missing volume for /system/media/audio/ui/KeypressReturn.ogg; assuming invalid
09-01 00:57:21.026   898  2560 I ActivityManager: Killing 2324:com.android.settings/1000 (adj 906): empty #17
09-01 00:57:21.027  2662  2682 W MediaProvider: Missing volume for /system/media/audio/ui/KeypressSpacebar.ogg; assuming invalid
09-01 00:57:21.030  2662  2682 W MediaProvider: Missing volume for /system/media/audio/ui/KeypressStandard.ogg; assuming invalid
09-01 00:57:21.033  2662  2682 W MediaProvider: Missing volume for /system/media/audio/ui/Lock.ogg; assuming invalid
09-01 00:57:21.036  2662  2682 W MediaProvider: Missing volume for /system/media/audio/ui/LowBattery.ogg; assuming invalid
09-01 00:57:21.041  2662  2682 W MediaProvider: Missing volume for /system/media/audio/ui/Trusted.ogg; assuming invalid
09-01 00:57:21.044  2662  2682 W MediaProvider: Missing volume for /system/media/audio/ui/Undock.ogg; assuming invalid
09-01 00:57:21.047  2662  2682 W MediaProvider: Missing volume for /system/media/audio/ui/Unlock.ogg; assuming invalid
09-01 00:57:21.050  3125  3142 D LocaleSetManager: Locale Changed from: null to null
09-01 00:57:21.051  2662  2682 W MediaProvider: Missing volume for /system/media/audio/ui/VideoRecord.ogg; assuming invalid
09-01 00:57:21.053  2662  2682 W MediaProvider: Missing volume for /system/media/audio/ui/VideoStop.ogg; assuming invalid
09-01 00:57:21.060  2662  2682 W MediaProvider: Missing volume for /system/media/audio/ui/WirelessChargingStarted.ogg; assuming invalid
09-01 00:57:21.062  2662  2682 W MediaProvider: Missing volume for /system/media/audio/ui/camera_click.ogg; assuming invalid
09-01 00:57:21.065  2662  2682 W MediaProvider: Missing volume for /system/media/audio/ui/camera_focus.ogg; assuming invalid
09-01 00:57:21.085  3125  3142 I MusicLocale: AddressBook Labels [en-US]: [, A, B, C, D, E, F, G, H, I, J, K, L, M, N, O, P, Q, R, S, T, U, V, W, X, Y, Z, , , , , , , , , , , , , , , , , , , , , , , , , , , , , , , , , , , , , , , , , , , , , , , , , , , , , , , , , , , , , , , , , , , , , , , , , , , , , , , , , , , , , , , , , , , , , , , , , , , , , , , , , , , , , , , , , , , , , , , , , , , , , , , , , , , , , , , , , , , , , , , , , , , , , , , , , , , , , , , , , , , , , , , , , , , , , , , , , , , , , , , , , , , #, ]
09-01 00:57:21.109  3125  3142 I MusicLocale: AddressBook Labels [en-US]: [, A, B, C, D, E, F, G, H, I, J, K, L, M, N, O, P, Q, R, S, T, U, V, W, X, Y, Z, , , , , , , , , , , , , , , , , , , , , , , , , , , , , , , , , , , , , , , , , , , , , , , , , , , , , , , , , , , , , , , , , , , , , , , , , , , , , , , , , , , , , , , , , , , , , , , , , , , , , , , , , , , , , , , , , , , , , , , , , , , , , , , , , , , , , , , , , , , , , , , , , , , , , , , , , , , , , , , , , , , , , , , , , , , , , , , , , , , , , , , , , , , #, ]
09-01 00:57:21.114  3125  3142 D LocaleSetManager: Locale Changed from: null to en-US
09-01 00:57:21.147   898   958 D ActivityManager: cleanUpApplicationRecord -- 2324
09-01 00:57:21.152   898  2597 I ActivityManager: START u0 {act=com.android.wizard.NEXT cmp=com.cyanogenmod.setupwizard/.wizardmanager.WizardManager (has extras)} from uid 1000 on display 0
09-01 00:57:21.170   341   446 D asd     : [asd_proc_hal_data],hal data soundness: L[817],R[817]
09-01 00:57:21.190   341   446 D asd     : [asd_proc_hal_data],hal data soundness: L[18],R[14]
09-01 00:57:21.278   898  2560 I ActivityManager: START u0 {act=com.cyanogenmod.setupwizard.LINEAGE_WIFI_SETUP flg=0x4000000 cmp=com.cyanogenmod.setupwizard/.WifiSetupActivity (has extras)} from uid 1000 on display 0
09-01 00:57:21.336   898   959 I ActivityManager: START u0 {act=com.android.net.wifi.SETUP_WIFI_NETWORK cmp=com.android.settings/.wifi.WifiSetupActivity (has extras)} from uid 1000 on display 0
09-01 00:57:21.370   898  2291 I ActivityManager: Start proc 3146:com.android.settings/1000 for activity com.android.settings/.wifi.WifiSetupActivity
09-01 00:57:21.556  3146  3146 I chatty  : uid=1000(system) com.android.settings expire 3 lines
09-01 00:57:21.614  2662  2682 W MediaScanner: Error opening directory '/storage/B9C2-5C23/.android_secure/', skipping: Permission denied.
09-01 00:57:21.761  3146  3166 I chatty  : uid=1000(system) AsyncTask #3 expire 4 lines
09-01 00:57:21.784  2138  2138 D wpa_supplicant: wlan0: Control interface command 'SCAN TYPE=ONLY'
09-01 00:57:21.784  2138  2138 D wpa_supplicant: wlan0: Setting scan request: 0.000000 sec
09-01 00:57:21.785  2138  2138 D wpa_supplicant: wlan0: State: DISCONNECTED -> SCANNING
09-01 00:57:21.785  2138  2138 D wpa_supplicant: wlan0: Starting AP scan for wildcard SSID
09-01 00:57:21.785  2138  2138 D wpa_supplicant: wlan0: Starting radio work 'scan'@0x7f97a2d2a0 after 0.000040 second wait
09-01 00:57:21.785  2138  2138 D wpa_supplicant: wlan0: nl80211: scan request
09-01 00:57:21.785  2138  2138 D wpa_supplicant: Scan requested (ret=0) - scan timeout 30 seconds
09-01 00:57:21.786  2138  2138 D wpa_supplicant: nl80211: Drv Event 33 (NL80211_CMD_TRIGGER_SCAN) received for wlan0
09-01 00:57:21.786  2138  2138 D wpa_supplicant: wlan0: nl80211: Scan trigger
09-01 00:57:21.786  2138  2138 D wpa_supplicant: wlan0: Event SCAN_STARTED (47) received
09-01 00:57:21.786  2138  2138 D wpa_supplicant: wlan0: Own scan request started a scan in 0.000143 seconds
09-01 00:57:21.791  3146  3169 I chatty  : uid=1000(system) AsyncTask #4 expire 2 lines
09-01 00:57:21.830  3146  3168 I chatty  : uid=1000(system) RenderThread expire 4 lines
09-01 00:57:22.045  3041  3041 W IInputConnectionWrapper: reportFullscreenMode on inexistent InputConnection
09-01 00:57:22.349   360   360 I EventThread: type=1400 audit(0.0:985): avc: denied { read } for scontext=u:r:bastetd:s0 tcontext=u:r:bastetd:s0 tclass=netlink_route_socket permissive=1
09-01 00:57:22.349   748   748 I oam_hisi: type=1400 audit(0.0:986): avc: denied { write } for name="wifi" dev="mmcblk0p49" ino=16497 scontext=u:r:hi110x_daemon:s0 tcontext=u:object_r:logcat_data_file:s0 tclass=dir permissive=1
09-01 00:57:22.349   748   748 I oam_hisi: type=1400 audit(0.0:987): avc: denied { remove_name } for name="wifi_log_3" dev="mmcblk0p49" ino=16508 scontext=u:r:hi110x_daemon:s0 tcontext=u:object_r:logcat_data_file:s0 tclass=dir permissive=1
09-01 00:57:22.349   748   748 I oam_hisi: type=1400 audit(0.0:988): avc: denied { rename } for name="wifi_log_3" dev="mmcblk0p49" ino=16508 scontext=u:r:hi110x_daemon:s0 tcontext=u:object_r:logcat_data_file:s0 tclass=file permissive=1
09-01 00:57:22.349   748   748 I oam_hisi: type=1400 audit(0.0:989): avc: denied { add_name } for name="wifi_log_4" scontext=u:r:hi110x_daemon:s0 tcontext=u:object_r:logcat_data_file:s0 tclass=dir permissive=1
09-01 00:57:22.349   748   748 I oam_hisi: type=1400 audit(0.0:990): avc: denied { create } for name="wifi_log_1" scontext=u:r:hi110x_daemon:s0 tcontext=u:object_r:logcat_data_file:s0 tclass=file permissive=1
09-01 00:57:22.349   748   748 I oam_hisi: type=1400 audit(0.0:991): avc: denied { append open } for path="/data/log/wifi/wifi_log_1" dev="mmcblk0p49" ino=17892 scontext=u:r:hi110x_daemon:s0 tcontext=u:object_r:logcat_data_file:s0 tclass=file permissive=1
09-01 00:57:22.349   748   748 I oam_hisi: type=1400 audit(0.0:992): avc: denied { getattr } for path="/data/log/wifi/wifi_log_1" dev="mmcblk0p49" ino=17892 scontext=u:r:hi110x_daemon:s0 tcontext=u:object_r:logcat_data_file:s0 tclass=file permissive=1
09-01 00:57:22.356  2138  2138 D wpa_supplicant: RTM_NEWLINK: ifi_index=12 ifname=wlan0 wext ifi_family=0 ifi_flags=0x11003 ([UP][LOWER_UP])
09-01 00:57:22.356   736   748 I OAM     : [check_file_size:417]/data/log/wifi/wifi_log_1 log file beyond size=10240Byte, creat new file
09-01 00:57:22.356   736   748 I OAM     : [rename_old_file:122]rename_old_file
09-01 00:57:22.356   736   748 I OAM     : 
09-01 00:57:22.356  2138  2138 D wpa_supplicant: nl80211: Drv Event 34 (NL80211_CMD_NEW_SCAN_RESULTS) received for wlan0
09-01 00:57:22.356  2138  2138 D wpa_supplicant: wlan0: nl80211: New scan results available
09-01 00:57:22.356  2138  2138 D wpa_supplicant: nl80211: Scan probed for SSID ''
09-01 00:57:22.356  2138  2138 D wpa_supplicant: nl80211: Scan included frequencies: 2412 2417 2422 2427 2432 2437 2442 2447 2452 2457 2462 2467 2472
09-01 00:57:22.356  2138  2138 D wpa_supplicant: wlan0: Event SCAN_RESULTS (3) received
09-01 00:57:22.356  2138  2138 D wpa_supplicant: wlan0: Scan completed in 0.570626 seconds
09-01 00:57:22.356  2138  2138 D wpa_supplicant: nl80211: Received scan results (1 BSSes)
09-01 00:57:22.356  2138  2138 D wpa_supplicant: WPS: AP vendor specific ies
09-01 00:57:22.356  2138  2138 D wpa_supplicant: WPS: AP SSID=Haky86 An XDA-Developer, MAC=f4:**:**:**:72:21, manufacturer=Broadcom, mode name=Broadcom, model number=123456, device name=BroadcomAP
09-01 00:57:22.357  2138  2138 D wpa_supplicant: wlan0: BSS: Start scan result update 2
09-01 00:57:22.357  2138  2138 D wpa_supplicant: BSS: last_scan_res_used=1/32
09-01 00:57:22.357  2138  2138 D wpa_supplicant: wlan0: Scan-only results received
09-01 00:57:22.357  2138  2138 D wpa_supplicant: wlan0: Radio work 'scan'@0x7f97a2d2a0 done in 0.571971 seconds
09-01 00:57:22.357  2138  2138 D wpa_supplicant: wlan0: radio_work_free('scan'@0x7f97a2d2a0: num_active_works --> 0
09-01 00:57:22.357  2138  2138 D wpa_supplicant: wlan0: State: SCANNING -> DISCONNECTED
09-01 00:57:22.357  2138  2138 D wpa_supplicant: nl80211: Set wlan0 operstate 0->0 (DORMANT)
09-01 00:57:22.357  2138  2138 D wpa_supplicant: netlink: Operstate: ifindex=12 linkmode=-1 (no change), operstate=5 (IF_OPER_DORMANT)
09-01 00:57:22.365  2576  2576 D SUPL20_LocMan: WIFI_STATE result num scan results=1
09-01 00:57:22.366  2576  2576 I System.out: BitString length 17
09-01 00:57:22.366  2576  2576 I System.out: MAC Addressf4:f2:6d:e5:72:21
09-01 00:57:22.366  2576  2576 D SUPL20_LocMan: Wifi sacn result send
09-01 00:57:22.372  2246  2280 E PhoneInterfaceManager: [PhoneIntfMgr] getIccId: No UICC
09-01 00:57:22.374  2576  2576 I SUPL20_LocMan: Phone type:GSM
09-01 00:57:22.374  2576  2576 I SUPL20_LocMan: NULL Value received for network operator
09-01 00:57:22.374  2576  2576 I SUPL20_LocMan: cellInfo NetworkType:NOT RETERIVE,21
09-01 00:57:22.375  2576  2853 I SUPL20_SPIMESLP-SENDING: m_bPacket.length 119
09-01 00:57:22.375  2576  2853 I SUPL20_SPIMESLP-SENDING: bBrokenPipe = false
09-01 00:57:22.930   341   446 D asd     : [asd_proc_hal_data],hal data soundness: L[817],R[817]
09-01 00:57:22.950   341   446 D asd     : [asd_proc_hal_data],hal data soundness: L[18],R[14]
09-01 00:57:23.011   325  2432 I chatty  : uid=1000(system) Binder:325_5 expire 26 lines
09-01 00:57:23.890   325   374 I chatty  : uid=1000(system) Binder:325_2 expire 11 lines
09-01 00:57:23.910   341   446 D asd     : [asd_proc_hal_data],hal data soundness: L[817],R[817]
