09-01 00:57:14.237   358   659 I logserver: process_one_event, event->len=32, name=SYSTEM_AUDIT@1504267034236.txt
09-01 00:57:14.239  2798  2798 W System  : ClassLoader referenced unknown path: /system/priv-app/Dialer/lib/arm64
09-01 00:57:14.240   358   659 I logserver: handle_logfile_events, Object Path:/data/system/dropbox/, mask=0x00000080
09-01 00:57:14.240   358   659 I logserver: process_one_event, event->len=32, name=SYSTEM_FSCK@1504267034240.txt
09-01 00:57:14.268  2798  2798 I BlockedNumbersAuto: Updating state as already checked for auto-migrate.
09-01 00:57:14.269  2798  2798 I BlockedNumbersAuto: Attempting to auto-migrate.
09-01 00:57:14.290  2720  2720 I CalendarProvider2: Sending notification intent: Intent { act=android.intent.action.PROVIDER_CHANGED dat=content://com.android.calendar flg=0x20000000 }
09-01 00:57:14.290  2798  2817 W CountryDetector: No location permissions, not registering for location updates.
09-01 00:57:14.290  2720  2720 W ContentResolver: Failed to get type for: content://com.android.calendar (Unknown URL content://com.android.calendar)
09-01 00:57:14.292  2246  2246 D CarrierConfigLoader: mHandler: 13 phoneId: 0
09-01 00:57:14.292  2246  2246 D CarrierConfigLoader: mHandler: 7 phoneId: 0
09-01 00:57:14.293  2246  2246 E CarrierConfigLoader: Cannot restore config with null packageName or iccid.
09-01 00:57:14.293  2246  2246 D CarrierConfigLoader: Binding to com.android.carrierconfig for phone 0
09-01 00:57:14.308   898  2560 I ActivityManager: Start proc 2818:com.android.carrierconfig/u0a5 for service com.android.carrierconfig/.DefaultCarrierConfigService
09-01 00:57:14.323   898   958 I ActivityManager: Start proc 2833:com.android.calendar/u0a41 for broadcast com.android.calendar/.UpgradeReceiver
09-01 00:57:14.329  2642  2642 I unknown : type=1400 audit(0.0:955): avc: denied { write } for comm=50434D2068616E6473616B65207468 name="pcm_soc" dev="mmcblk0p49" ino=16525 scontext=u:r:system_app:s0 tcontext=u:object_r:system_data_file:s0 tclass=sock_file permissive=1
09-01 00:57:14.329  2642  2642 I unknown : type=1400 audit(0.0:956): avc: denied { connectto } for comm=50434D2068616E6473616B65207468 path="/data/gnss/pcm_soc" scontext=u:r:system_app:s0 tcontext=u:r:hi110x_daemon:s0 tclass=unix_stream_socket permissive=1
09-01 00:57:14.334   898  2598 W ActivityManager: Unable to start service Intent { act=com.android.mail.action.BACKUP_DATA_CHANGED pkg=com.android.email } U=0: not found
09-01 00:57:14.335   898  2597 W ActivityManager: Unable to start service Intent { cmp=com.android.email/.service.AttachmentService } U=0: not found
09-01 00:57:14.339  2848  2848 I gnss_supl20clie: type=1400 audit(0.0:957): avc: denied { write } for name="gnss" dev="mmcblk0p49" ino=16467 scontext=u:r:hi110x_daemon:s0 tcontext=u:object_r:system_data_file:s0 tclass=dir permissive=1
09-01 00:57:14.339  2848  2848 I gnss_supl20clie: type=1400 audit(0.0:958): avc: denied { add_name } for name="icmccm_soc" scontext=u:r:hi110x_daemon:s0 tcontext=u:object_r:system_data_file:s0 tclass=dir permissive=1
09-01 00:57:14.339  2848  2848 I gnss_supl20clie: type=1400 audit(0.0:959): avc: denied { create } for name="icmccm_soc" scontext=u:r:hi110x_daemon:s0 tcontext=u:object_r:system_data_file:s0 tclass=sock_file permissive=1
09-01 00:57:14.339  2848  2848 I gnss_supl20clie: type=1400 audit(0.0:960): avc: denied { setattr } for name="icmccm_soc" dev="mmcblk0p49" ino=17774 scontext=u:r:hi110x_daemon:s0 tcontext=u:object_r:system_data_file:s0 tclass=sock_file permissive=1
09-01 00:57:14.339  2848  2848 I gnss_supl20clie: type=1400 audit(0.0:961): avc: denied { create } for name="suplstalepos.dat" scontext=u:r:hi110x_daemon:s0 tcontext=u:object_r:system_data_file:s0 tclass=file permissive=1
09-01 00:57:14.339  2848  2848 I gnss_supl20clie: type=1400 audit(0.0:962): avc: denied { write open } for path="/data/gnss/suplstalepos.dat" dev="mmcblk0p49" ino=17775 scontext=u:r:hi110x_daemon:s0 tcontext=u:object_r:system_data_file:s0 tclass=file permissive=1
09-01 00:57:14.339  2251  2251 I gnss_control_hi: type=1400 audit(0.0:963): avc: denied { write } for name="icmccm_soc" dev="mmcblk0p49" ino=17774 scontext=u:r:hi110x_daemon:s0 tcontext=u:object_r:system_data_file:s0 tclass=sock_file permissive=1
09-01 00:57:14.340  2576  2641 I chatty  : uid=1000(system) PCM command pro expire 2 lines
09-01 00:57:14.341  2576  2641 I SUPL20_PCM: init msg success
09-01 00:57:14.341  2576  2641 I SUPL20_PCM: sendHelloMessage
09-01 00:57:14.341  2576  2641 I SUPL20_PCM: process: process less then zero 0
09-01 00:57:14.341  2576  2576 I SUPL20_LocMan: register the Emergency Receiver 
09-01 00:57:14.341  2576  2643 I SUPL20_SCM: buffer size:12writePosition: 12
09-01 00:57:14.342  2576  2643 I SUPL20_SCM: process icmdID2: 0X201
09-01 00:57:14.342  2576  2643 I SUPL20_SCM: process hello msg
09-01 00:57:14.342  2576  2643 I SUPL20_SCM: init msg success
09-01 00:57:14.343  2576  2641 I SUPL20_PCM: process icmdID: 0X103
09-01 00:57:14.343  2576  2641 I SUPL20_PCM:  process MSG_PCM_GET_LOCATION_ID
09-01 00:57:14.343  2576  2641 I SUPL20_PCM: process: process less then zero 0
09-01 00:57:14.345  2576  2641 I SUPL20_PCM: process icmdID: 0X11a
09-01 00:57:14.345  2576  2641 I SUPL20_PCM:  process MSG_PCM_GET_HIST_KEY
09-01 00:57:14.345  2576  2641 I SUPL20_PCM: generator a key
09-01 00:57:14.346   898  2597 W ActivityManager: Unable to start service Intent { act=com.android.mail.action.BACKUP_DATA_CHANGED pkg=com.android.email } U=0: not found
09-01 00:57:14.346  2818  2818 W System  : ClassLoader referenced unknown path: /system/priv-app/CarrierConfig/lib/arm64
09-01 00:57:14.347  2576  2641 I SUPL20_PCM: process: process less then zero 0
09-01 00:57:14.348  2798  2798 I BlockedNumbersAuto: Auto-migrating: no blocked numbers.
09-01 00:57:14.349  2576  2643 I SUPL20_SCM: sendHelloMessage
09-01 00:57:14.351   898  2597 W ActivityManager: Unable to start service Intent { act=com.android.mail.action.BACKUP_DATA_CHANGED pkg=com.android.email } U=0: not found
09-01 00:57:14.352  2576  2853 I SUPL20_SPIMESLP-SENDING: m_bPacket.length 12
09-01 00:57:14.352  2576  2853 I SUPL20_SPIMESLP-SENDING: bBrokenPipe = false
09-01 00:57:14.352  2576  2852 I SUPL20_SPIMESLP-SENDING: m_bPacket.length 12
09-01 00:57:14.352  2576  2852 I SUPL20_SPIMESLP-SENDING: bBrokenPipe = false
09-01 00:57:14.359  2818  2818 D DefaultCarrierConfigService: Service created
09-01 00:57:14.361  2246  2246 D CarrierConfigLoader: Connected to config app: com.android.carrierconfig/com.android.carrierconfig.DefaultCarrierConfigService
09-01 00:57:14.361  2246  2246 D CarrierConfigLoader: mHandler: 3 phoneId: 0
09-01 00:57:14.361   898  2597 W ActivityManager: Unable to start service Intent { act=com.android.mail.action.BACKUP_DATA_CHANGED pkg=com.android.email } U=0: not found
09-01 00:57:14.362  2818  2830 D DefaultCarrierConfigService: Config being fetched
09-01 00:57:14.362  2576  2853 I SUPL20_SPIMESLP-SENDING: m_bPacket.length 24
09-01 00:57:14.362  2576  2853 I SUPL20_SPIMESLP-SENDING: bBrokenPipe = false
09-01 00:57:14.363  2818  2830 D DefaultCarrierConfigService: java.io.FileNotFoundException: carrier_config_.xml
09-01 00:57:14.364  2246  2246 E CarrierConfigLoader: Cannot save config with null packageName or iccid.
09-01 00:57:14.364   898   958 W ActivityManager: Unable to start service Intent { act=com.android.mail.action.BACKUP_DATA_CHANGED pkg=com.android.email } U=0: not found
09-01 00:57:14.366  2576  2576 I SUPL20_LocMan: SIM state :1
09-01 00:57:14.366  2246  2246 D CarrierConfigLoader: mHandler: 5 phoneId: 0
09-01 00:57:14.367   898  2291 W ActivityManager: Unable to start service Intent { act=com.android.mail.action.BACKUP_DATA_CHANGED pkg=com.android.email } U=0: not found
09-01 00:57:14.369  2756  2856 I Email   : Observing account changes for notifications
09-01 00:57:14.370  2576  2576 I SUPL20_LocMan: Registered MyPhoneStateListener
09-01 00:57:14.370  2833  2833 W System  : ClassLoader referenced unknown path: /system/app/Calendar/lib/arm64
09-01 00:57:14.372  2576  2576 I SUPL20_LocMan:  sim is not enabled on the SET
09-01 00:57:14.374   898  2597 W ActivityManager: Unable to start service Intent { cmp=com.android.email/.service.AttachmentService } U=0: not found
09-01 00:57:14.377   898   959 W ActivityManager: Unable to start service Intent { act=com.android.mail.action.BACKUP_DATA_CHANGED pkg=com.android.email } U=0: not found
09-01 00:57:14.379  2576  2864 E SUPL20_LocMan: tm.getCellLocation() returned null
09-01 00:57:14.384   898   898 I Telecom : PhoneAccountRegistrar: SimCallManager queried, returning: null: TSI.gSCMFU@AB4
09-01 00:57:14.384  2246  2455 E PhoneInterfaceManager: [PhoneIntfMgr] getIccId: No UICC
09-01 00:57:14.387  2576  2576 I SUPL20_LocMan: Phone type:GSM
09-01 00:57:14.388  2576  2576 I SUPL20_LocMan: NULL Value received for network operator
09-01 00:57:14.388  2576  2576 I SUPL20_LocMan: cellInfo NetworkType:NOT RETERIVE,21
09-01 00:57:14.388  2576  2576 I System.out: BitString length 17
09-01 00:57:14.388  2576  2576 I System.out: MAC Address10:b1:f8:be:c1:33
09-01 00:57:14.389  2576  2576 D SUPL20_LocMan: WIFI_STATE enabled
09-01 00:57:14.390   898  2590 W ActivityManager: Unable to start service Intent { cmp=com.android.email/.service.AttachmentService } U=0: not found
09-01 00:57:14.397  2756  2793 W art     : Long monitor contention with owner AsyncTask #2 (2789) at java.lang.String android.os.Parcel.nativeReadString(long)(Parcel.java:-2) waiters=0 in void com.android.email.provider.AccountReconciler.reconcileAccounts(android.content.Context) for 302ms
09-01 00:57:14.399  2576  2853 I SUPL20_SPIMESLP-SENDING: m_bPacket.length 119
09-01 00:57:14.399  2576  2853 I SUPL20_SPIMESLP-SENDING: bBrokenPipe = false
09-01 00:57:14.404  2740  2740 I Exchange: EasService.onCreate
09-01 00:57:14.404   898  2560 W ActivityManager: Unable to start service Intent { cmp=com.android.email/.service.AttachmentService } U=0: not found
09-01 00:57:14.415  2740  2871 I Exchange: RestartPingTask
09-01 00:57:14.420  2833  2833 D ExtensionsFactory: No custom extensions.
09-01 00:57:14.440  2833  2833 D AlertReceiver: onReceive: a=android.intent.action.BOOT_COMPLETED Intent { act=android.intent.action.BOOT_COMPLETED flg=0x9000010 cmp=com.android.calendar/.alerts.AlertReceiver (has extras) }
09-01 00:57:14.454   341   451 W AudioFlinger: createTrack_l(): mismatch between requested flags (00000004) and output flags (00000002)
09-01 00:57:14.456  2740  2740 I Exchange: RestartPingsTask did not start any pings.
09-01 00:57:14.456  2740  2740 I Exchange: PSS stopIfIdle
09-01 00:57:14.456  2740  2740 I Exchange: PSS has no active accounts; stopping service.
09-01 00:57:14.462  2740  2740 I Exchange: onDestroy
09-01 00:57:14.464  2833  2833 D AlertUtils: Flushing old alerts from shared prefs table
09-01 00:57:14.465  2833  2877 D AlertService: 0 Action = android.intent.action.BOOT_COMPLETED
09-01 00:57:14.467  2509  2509 I AlarmClock: AlarmInitReceiver android.intent.action.BOOT_COMPLETED
09-01 00:57:14.472  2833  2877 D AlertService: Scheduling next alarm with AlarmScheduler. sEventReminderReceived: null
09-01 00:57:14.480  2740  2740 I Exchange: EasService.onCreate
09-01 00:57:14.486  2740  2880 I Exchange: RestartPingTask
09-01 00:57:14.486  2509  2639 V AlarmClock: AlarmInitReceiver finished
09-01 00:57:14.503  2756  2756 D BluetoothEmailBroadcastReceiver: Received android.intent.action.BOOT_COMPLETED
09-01 00:57:14.524   898  2050 I ActivityManager: Start proc 2882:com.android.gallery3d/u0a21 for broadcast com.android.gallery3d/com.android.camera.DisableCameraReceiver
09-01 00:57:14.527  2756  2881 I Email   : Onetime initialization: 1
09-01 00:57:14.529   446   446 I AudioOut_D: type=1400 audit(0.0:964): avc: denied { read } for name="dual_smartpa_support" dev="sysfs" ino=12529 scontext=u:r:audioserver:s0 tcontext=u:object_r:sysfs:s0 tclass=file permissive=1
09-01 00:57:14.529   446   446 I AudioOut_D: type=1400 audit(0.0:965): avc: denied { open } for path="/sys/firmware/devicetree/base/audio_hw_config/audio_capability/dual_smartpa_support" dev="sysfs" ino=12529 scontext=u:r:audioserver:s0 tcontext=u:object_r:sysfs:s0 tclass=file permissive=1
09-01 00:57:14.529   446   446 I AudioOut_D: type=1400 audit(0.0:966): avc: denied { getattr } for path="/sys/firmware/devicetree/base/audio_hw_config/audio_capability/dual_smartpa_support" dev="sysfs" ino=12529 scontext=u:r:audioserver:s0 tcontext=u:object_r:sysfs:s0 tclass=file permissive=1
09-01 00:57:14.529  2756  2881 I Email   : Onetime initialization: 2
09-01 00:57:14.532  2740  2740 I Exchange: RestartPingsTask did not start any pings.
09-01 00:57:14.532  2740  2740 I Exchange: PSS stopIfIdle
09-01 00:57:14.532  2740  2740 I Exchange: PSS has no active accounts; stopping service.
09-01 00:57:14.538  2833  2877 D AlarmScheduler: No events found starting within 1 week.
09-01 00:57:14.539  2740  2740 I Exchange: onDestroy
09-01 00:57:14.540   341   446 I audio_hw_primary: start_output_stream++: out_type = 0, out_device = 2,out->pcm[PCM_CARD] = 0x0, out->voice_pcm = 0x0
09-01 00:57:14.541   341   446 V audio_hw_primary: pcm_open(PCM_CARD) succeed. pcm_device: 0
09-01 00:57:14.541   341   446 I audio_hw_primary: select_devices++ mode[0]
09-01 00:57:14.541   341   446 V audio_hw_primary: custom selected input route none
09-01 00:57:14.541   341   446 V audio_hw_primary: custom selected output route media-speaker
09-01 00:57:14.541   341   446 I audio_hw_primary: select_devices() devices 0x2 input src 0 output route media-speaker input route none
09-01 00:57:14.541   341   446 V audio_hw_primary: forced_out 0 adev_device 0x2 output_device 0x2 
09-01 00:57:14.541   341   446 I dsp_common: dsp_common_control_algo:set device = 2
09-01 00:57:14.543   341   446 I audio_pop: pop change SMT_MIXOUT_EAR_PU MIXER DACL dir 1
09-01 00:57:14.543   341   446 I audio_pop: pop change SMT_MIXOUT_EAR_PU MIXER DACR dir 1
09-01 00:57:14.545  2756  2881 I Email   : Onetime initialization: completed.
09-01 00:57:14.570  2740  2740 I Exchange: EasService.onCreate
09-01 00:57:14.573  2740  2897 I Exchange: RestartPingTask
09-01 00:57:14.603   341   446 I audio_pop: pop change CLASSD VIR_SWITCH CLASSD_EN dir 1
09-01 00:57:14.603   341   446 I dsp_common: dsp_common_control_algo:set device = 2
09-01 00:57:14.603   341   446 I audio_hw_primary: select_devices--
09-01 00:57:14.603   341   446 I audio_hw_primary: start_output_stream--
09-01 00:57:14.608   341   446 D asd     : [asd_proc_hal_data],hal data soundness: L[817],R[817]
09-01 00:57:14.608   341   446 D asd     : [asd_proc_hal_data],hal data soundness: L[18],R[14]
09-01 00:57:14.613  2882  2882 I G:DisableCameraReceiver: no back camera
09-01 00:57:14.613  2882  2882 I G:DisableCameraReceiver: disable all camera activities
09-01 00:57:14.615  2756  2756 E ActivityThread: Service com.android.email.service.EmailBroadcastProcessorService has leaked ServiceConnection com.android.emailcommon.service.ServiceProxy$ProxyConnection@250dc59 that was originally bound here
09-01 00:57:14.615  2756  2756 E ActivityThread: android.app.ServiceConnectionLeaked: Service com.android.email.service.EmailBroadcastProcessorService has leaked ServiceConnection com.android.emailcommon.service.ServiceProxy$ProxyConnection@250dc59 that was originally bound here
09-01 00:57:14.615  2756  2756 E ActivityThread: 	at android.app.LoadedApk$ServiceDispatcher.<init>(LoadedApk.java:1336)
09-01 00:57:14.615  2756  2756 E ActivityThread: 	at android.app.LoadedApk.getServiceDispatcher(LoadedApk.java:1231)
09-01 00:57:14.615  2756  2756 E ActivityThread: 	at android.app.ContextImpl.bindServiceCommon(ContextImpl.java:1450)
09-01 00:57:14.615  2756  2756 E ActivityThread: 	at android.app.ContextImpl.bindService(ContextImpl.java:1422)
09-01 00:57:14.615  2756  2756 E ActivityThread: 	at android.content.ContextWrapper.bindService(ContextWrapper.java:636)
09-01 00:57:14.615  2756  2756 E ActivityThread: 	at com.android.emailcommon.service.ServiceProxy.setTask(ServiceProxy.java:238)
09-01 00:57:14.615  2756  2756 E ActivityThread: 	at com.android.emailcommon.service.ServiceProxy.test(ServiceProxy.java:283)
09-01 00:57:14.615  2756  2756 E ActivityThread: 	at com.android.email.service.EmailServiceUtils.isServiceAvailable(EmailServiceUtils.java:160)
09-01 00:57:14.615  2756  2756 E ActivityThread: 	at com.android.email.provider.AccountReconciler.reconcileAccountsInternal(AccountReconciler.java:171)
09-01 00:57:14.615  2756  2756 E ActivityThread: 	at com.android.email.provider.AccountReconciler.reconcileAccounts(AccountReconciler.java:115)
09-01 00:57:14.615  2756  2756 E ActivityThread: 	at com.android.email.service.EmailBroadcastProcessorService.reconcileAndStartServices(EmailBroadcastProcessorService.java:309)
09-01 00:57:14.615  2756  2756 E ActivityThread: 	at com.android.email.service.EmailBroadcastProcessorService.onBootCompleted(EmailBroadcastProcessorService.java:295)
09-01 00:57:14.615  2756  2756 E ActivityThread: 	at com.android.email.service.EmailBroadcastProcessorService.onHandleIntent(EmailBroadcastProcessorService.java:130)
09-01 00:57:14.615  2756  2756 E ActivityThread: 	at android.app.IntentService$ServiceHandler.handleMessage(IntentService.java:68)
09-01 00:57:14.615  2756  2756 E ActivityThread: 	at android.os.Handler.dispatchMessage(Handler.java:102)
09-01 00:57:14.615  2756  2756 E ActivityThread: 	at android.os.Looper.loop(Looper.java:154)
09-01 00:57:14.615  2756  2756 E ActivityThread: 	at android.os.HandlerThread.run(HandlerThread.java:61)
09-01 00:57:14.619  2012  2012 I SystemBroadcastReceiver: Boot has been completed
09-01 00:57:14.619  2012  2012 I SystemBroadcastReceiver: toggleAppIcon() : FLAG_SYSTEM = true
09-01 00:57:14.620  2756  2792 E EmailServiceProxy: RuntimeException when trying to unbind from service
09-01 00:57:14.620  2756  2792 E EmailServiceProxy: java.lang.IllegalArgumentException: Service not registered: com.android.emailcommon.service.ServiceProxy$ProxyConnection@250dc59
09-01 00:57:14.620  2756  2792 E EmailServiceProxy: 	at android.app.LoadedApk.forgetServiceDispatcher(LoadedApk.java:1289)
09-01 00:57:14.620  2756  2792 E EmailServiceProxy: 	at android.app.ContextImpl.unbindService(ContextImpl.java:1483)
09-01 00:57:14.620  2756  2792 E EmailServiceProxy: 	at android.content.ContextWrapper.unbindService(ContextWrapper.java:648)
09-01 00:57:14.620  2756  2792 E EmailServiceProxy: 	at com.android.emailcommon.service.ServiceProxy$ProxyConnection$1.doInBackground(ServiceProxy.java:175)
09-01 00:57:14.620  2756  2792 E EmailServiceProxy: 	at com.android.emailcommon.service.ServiceProxy$ProxyConnection$1.doInBackground(ServiceProxy.java:162)
09-01 00:57:14.620  2756  2792 E EmailServiceProxy: 	at android.os.AsyncTask$2.call(AsyncTask.java:305)
09-01 00:57:14.620  2756  2792 E EmailServiceProxy: 	at java.util.concurrent.FutureTask.run(FutureTask.java:237)
09-01 00:57:14.620  2756  2792 E EmailServiceProxy: 	at android.os.AsyncTask$SerialExecutor$1.run(AsyncTask.java:243)
09-01 00:57:14.620  2756  2792 E EmailServiceProxy: 	at java.util.concurrent.ThreadPoolExecutor.runWorker(ThreadPoolExecutor.java:1133)
09-01 00:57:14.620  2756  2792 E EmailServiceProxy: 	at java.util.concurrent.ThreadPoolExecutor$Worker.run(ThreadPoolExecutor.java:607)
09-01 00:57:14.620  2756  2792 E EmailServiceProxy: 	at java.lang.Thread.run(Thread.java:761)
09-01 00:57:14.627  2740  2740 I Exchange: RestartPingsTask did not start any pings.
09-01 00:57:14.627  2740  2740 I Exchange: PSS stopIfIdle
09-01 00:57:14.627  2740  2740 I Exchange: PSS has no active accounts; stopping service.
09-01 00:57:14.629  2740  2740 I Exchange: onDestroy
09-01 00:57:14.631   341   446 D AudioFlinger: mixer(0xf5b83ac0) throttle end: throttle time(10)
09-01 00:57:14.653   898  2291 I ActivityManager: Start proc 2900:com.android.messaging/u0a61 for broadcast com.android.messaging/.receiver.BootAndPackageReplacedReceiver
09-01 00:57:14.694   898   959 I PackageManager: Replacing preferred activity com.android.messaging/.ui.conversation.LaunchConversationActivity for user 0:
09-01 00:57:14.694   898   959 I chatty  : uid=1000(system) Binder:898_2 expire 4 lines
09-01 00:57:14.697   898  2561 I PackageManager: Replacing preferred activity com.android.messaging/.ui.conversation.LaunchConversationActivity for user 0:
09-01 00:57:14.697   898  2561 I chatty  : uid=1000(system) Binder:898_7 expire 4 lines
09-01 00:57:14.697  2900  2900 W System  : ClassLoader referenced unknown path: /system/app/messaging/lib/arm64
09-01 00:57:14.698   898  2050 I PackageManager: Replacing preferred activity com.android.messaging/.ui.conversation.LaunchConversationActivity for user 0:
09-01 00:57:14.704   898  2598 I PackageManager: Replacing preferred activity com.android.messaging/.ui.conversation.LaunchConversationActivity for user 0:
09-01 00:57:14.704   898  2598 I chatty  : uid=1000(system) Binder:898_A expire 4 lines
09-01 00:57:14.705   898   960 I chatty  : uid=1000(system) android.bg expire 12 lines
09-01 00:57:14.750  2246  2246 D CarrierSvcBindHelper: No carrier app for: 0
09-01 00:57:14.769  2246  2246 D CarrierSvcBindHelper: No carrier app for: 0
09-01 00:57:14.786  2900  2900 W MessagingApp: PhoneUtils.getForLMR1(): invalid subId = -1
09-01 00:57:14.790  2246  2246 D CarrierSvcBindHelper: No carrier app for: 0
09-01 00:57:14.792  2900  2918 I MessagingApp: Upgrading shared prefs from -1 to 1
09-01 00:57:14.796  2900  2918 W MessagingApp: PhoneUtils.getForLMR1(): invalid subId = -1
09-01 00:57:14.806  2900  2918 W MessagingApp: PhoneUtils.getForLMR1(): invalid subId = -1
09-01 00:57:14.814  2900  2900 I MessagingApp: Carrier config changed. Reloading MMS config.
09-01 00:57:14.819   898   958 I ActivityManager: Start proc 2920:com.android.onetimeinitializer/u0a19 for broadcast com.android.onetimeinitializer/.OneTimeInitializerReceiver
09-01 00:57:14.820  2246  2246 D CarrierSvcBindHelper: No carrier app for: 0
09-01 00:57:14.824  2900  2925 W MessagingApp: PhoneUtils.getForLMR1(): invalid subId = -1
09-01 00:57:14.828  2900  2923 W MessagingApp: PhoneUtils.getForLMR1(): invalid subId = -1
09-01 00:57:14.849  2920  2920 W System  : ClassLoader referenced unknown path: /system/priv-app/OneTimeInitializer/lib/arm64
09-01 00:57:14.864  2246  2246 D CarrierSvcBindHelper: No carrier app for: 0
09-01 00:57:14.881  2920  2920 V OneTimeInitializerRece: OneTimeInitializerReceiver.onReceive
09-01 00:57:14.882  2900  2919 W MessagingApp: Rebuilt databases: reseting related state
09-01 00:57:14.891  2920  2939 I OneTimeInitializerServ: Updating to version 1.
09-01 00:57:14.893  2920  2939 E ActivityThread: Failed to find provider info for com.android.launcher2.settings
09-01 00:57:14.896  2246  2246 D CarrierSvcBindHelper: No carrier app for: 0
09-01 00:57:14.911  2246  2246 V VvmBootCompletedRcvr: processing subId list
09-01 00:57:14.915  2246  2246 E VvmBootCompletedRcvr: phone account ComponentInfo{com.android.phone/com.android.services.telephony.TelephonyConnectionService}, [e0184adedf913b076626646d3f52c3b49c39ad6d], UserHandle{0} has invalid subId -1
09-01 00:57:14.926  2900  2919 I MessagingAppDataModel: Fixup: Send failed - 0 Download failed - 0
09-01 00:57:14.926  2900  2924 W MessagingApp: PhoneUtils.getForLMR1(): invalid subId = -1
09-01 00:57:14.932  2700  2700 I BootCompletedReceiver: Boot complete, newly created contact database detected. Pref Time:  DB Time: 1504267033102
09-01 00:57:14.936  2900  2919 W MessagingApp: PhoneUtils.getForLMR1(): invalid subId = -1
09-01 00:57:14.937  2700  2700 I ContactsProvider: onContactsDbCreated
09-01 00:57:14.951  2900  2924 W MessagingApp: PhoneUtils.getForLMR1(): invalid subId = -1
09-01 00:57:14.954  2900  2919 W MessagingApp: PhoneUtils.getForLMR1(): invalid subId = -1
09-01 00:57:14.958  2900  2924 W MessagingApp: PhoneUtils.getForLMR1(): invalid subId = -1
09-01 00:57:14.962  2900  2924 W MessagingApp: PhoneUtils.getSelfRawNumber: subInfo is null for -1
09-01 00:57:14.963  2900  2924 W MessagingApp: PhoneUtils.getForLMR1(): invalid subId = -1
09-01 00:57:14.964  2900  2924 W MessagingApp: PhoneUtils.getForLMR1(): invalid subId = -1
09-01 00:57:14.969  2246  2246 W System  : ClassLoader referenced unknown path: /system/app/Stk/lib/arm64
09-01 00:57:14.973  2246  2246 D ApplicationLoaders: ignored Vulkan layer search path /system/app/Stk/lib/arm64:/system/lib64:/vendor/lib64 for namespace 0x7fb0395160
09-01 00:57:14.978  2900  2946 I MessagingAppDataModel: SyncMessagesAction: Starting batch for messages from -1 to 1504267034777 (message update limit = 80, message scan limit = 4000)
09-01 00:57:14.999   898   958 I ActivityManager: Start proc 2947:com.cyanogenmod.lockclock/u0a56 for broadcast com.cyanogenmod.lockclock/.ClockWidgetProvider
09-01 00:57:15.004  2900  2919 W MessagingApp: PhoneUtils.getForLMR1(): invalid subId = -1
09-01 00:57:15.028  2947  2947 W System  : ClassLoader referenced unknown path: /system/app/LockClock/lib/arm64
09-01 00:57:15.063   898  2291 I ActivityManager: Start proc 2967:com.cyanogenmod.trebuchet/u0a29 for broadcast com.cyanogenmod.trebuchet/com.android.launcher3.StartupReceiver
09-01 00:57:15.087  2967  2967 I chatty  : uid=10029(com.cyanogenmod.trebuchet) expire 5 lines
09-01 00:57:15.097  2900  2966 I MessagingAppDataModel: SyncMessagesAction: All messages now in sync
09-01 00:57:15.171   898  2876 I chatty  : uid=1000(system) AudioTrack expire 1 line
09-01 00:57:15.173  2562  2986 D AudioFx-AudioOutputChangeListener: onAudioOutputChanged id: 2 type: 2 name: PRA-LX1 address:  [android.media.AudioDeviceInfo@6e6a4e6]
09-01 00:57:15.176  2562  2562 D AudioFxService: rebuilding presets due to preference upgrade from 0 to 4
09-01 00:57:15.186   341   451 D PermissionCache: checking android.permission.MODIFY_AUDIO_SETTINGS for uid=10000 => granted (223 us)
09-01 00:57:15.188  2562  2562 W Equalizer: WARNING: attaching an Equalizer to global output mix is deprecated!
09-01 00:57:15.199   898  2598 I ActivityManager: Start proc 2991:org.cyanogenmod.profiles/u0a57 for broadcast org.cyanogenmod.profiles/.StartUpReceiver
09-01 00:57:15.199  2562  2562 W BassBoost: WARNING: attaching a BassBoost to global output mix is deprecated!
09-01 00:57:15.201  2562  2562 W Virtualizer: WARNING: attaching a Virtualizer to global output mix is deprecated!
09-01 00:57:15.231  2774  2990 D ReportingServiceManager: Next sync attempt in : 23 hours
09-01 00:57:15.242  2991  2991 W System  : ClassLoader referenced unknown path: /system/app/Profiles/lib/arm64
09-01 00:57:15.275   898   959 I ActivityManager: Start proc 3008:org.cyanogenmod.snap/u0a27 for broadcast org.cyanogenmod.snap/com.android.camera.DisableCameraReceiver
09-01 00:57:15.301  3008  3008 W System  : ClassLoader referenced unknown path: /system/priv-app/Snap/lib/arm64
09-01 00:57:15.326  3008  3008 I DisableCameraReceiver: number of camera: 0
09-01 00:57:15.326  3008  3008 I DisableCameraReceiver: disable all camera activities
09-01 00:57:15.342   898  2598 I ActivityManager: Start proc 3024:org.lineageos.updater/u0a28 for broadcast org.lineageos.updater/.UpdatesCheckReceiver
09-01 00:57:15.370  3024  3024 W System  : ClassLoader referenced unknown path: /system/priv-app/Updater/lib/arm64
09-01 00:57:15.385  3024  3024 D Utils   : Cleaning /data/lineageos_updates
09-01 00:57:15.402   898  2561 I ActivityManager: START u0 {act=android.intent.action.MAIN cat=[android.intent.category.HOME] flg=0x10000100 cmp=com.cyanogenmod.setupwizard/.SetupWizardActivity} from uid 0 on display 0
09-01 00:57:15.410   341   446 D asd     : [asd_proc_hal_data],hal data soundness: L[817],R[817]
09-01 00:57:15.431   341   446 D asd     : [asd_proc_hal_data],hal data soundness: L[18],R[14]
09-01 00:57:15.432   898  2561 I ActivityManager: Start proc 3041:com.cyanogenmod.setupwizard/1000 for activity com.cyanogenmod.setupwizard/.SetupWizardActivity
09-01 00:57:15.480   325  2303 I chatty  : uid=1000(system) Binder:325_4 expire 29 lines
09-01 00:57:15.526  3024  3024 D UpdatesCheckReceiver: Network not available, scheduling new check
09-01 00:57:15.533   898  2050 I ActivityManager: Killing 2617:com.android.keychain/1000 (adj 906): empty #17
09-01 00:57:15.534   898  2050 I ActivityManager: Killing 2260:com.android.settings:CryptKeeper/1000 (adj 906): empty #18
09-01 00:57:15.541  3041  3041 I chatty  : uid=1000(system) com.cyanogenmod.setupwizard expire 11 lines
09-01 00:57:15.574  2833  2833 D AlertReceiver: onReceive: a=android.intent.action.PROVIDER_CHANGED Intent { act=android.intent.action.PROVIDER_CHANGED dat=content://com.android.calendar flg=0x20000010 cmp=com.android.calendar/.alerts.AlertReceiver }
09-01 00:57:15.581  2833  3059 D AlertService: 0 Action = android.intent.action.PROVIDER_CHANGED
09-01 00:57:15.597   898   908 I chatty  : uid=1000(system) HeapTaskDaemon expire 1 line
09-01 00:57:15.609  2246  2246 I VvmSimChangeReceiver: Received SIM change for invalid subscription id.
09-01 00:57:15.622  2246  3064 D SIP     : [SipPreferences] isReceivingCallsEnabled, option not set; use default value, exception: android.provider.Settings$SettingNotFoundException: sip_receive_calls
09-01 00:57:15.628  2027  2027 D PhoneStatusBar: disable: < expand icons ALERTS* system_info back home recent clock SEARCH* quick_settings >
09-01 00:57:15.629  2027  2027 D PhoneStatusBar: heads up is disabled
09-01 00:57:15.629  2027  2027 D PhoneStatusBar: dismissing any existing heads up notification on disable event
09-01 00:57:15.629   898  2068 D ActivityManager: cleanUpApplicationRecord -- 2617
09-01 00:57:15.635   898  2598 D ActivityManager: cleanUpApplicationRecord -- 2260
09-01 00:57:15.645   898   958 I ActivityManager: START u0 {act=com.android.wizard.LOAD flg=0x10000001 cmp=com.cyanogenmod.setupwizard/.wizardmanager.WizardManager (has extras)} from uid 1000 on display 0
09-01 00:57:15.689  2027  2207 D OpenGLRenderer: endAllActiveAnimators on 0x7f8ef78800 (RippleDrawable) with handle 0x7f8f2b6de0
09-01 00:57:15.695   898   959 I ActivityManager: START u0 {act=com.cyanogenmod.setupwizard.LINEAGE_WELCOME flg=0x4000000 cmp=com.cyanogenmod.setupwizard/.WelcomeActivity (has extras)} from uid 1000 on display 0
09-01 00:57:15.762  3041  3041 W ContextImpl: Calling a method in the system process without a qualified user: android.app.ContextImpl.bindService:1421 android.content.ContextWrapper.bindService:636 android.speech.tts.TextToSpeech.connectToEngine:810 android.speech.tts.TextToSpeech.initTts:780 android.speech.tts.TextToSpeech.<init>:733 
09-01 00:57:15.783   898  2561 I ActivityManager: Start proc 3069:com.svox.pico/u0a52 for service com.svox.pico/.PicoService
09-01 00:57:15.804   352   352 E MediaPlayerService: Couldn't open fd for content://settings/system/notification_sound
09-01 00:57:15.812  3041  3041 W MediaPlayer: Couldn't open null: java.lang.NullPointerException: uri
09-01 00:57:15.816   352  2107 E MediaPlayerService: Couldn't open fd for content://settings/system/notification_sound
09-01 00:57:15.816  3041  3041 E MediaPlayer: Unable to create media player
09-01 00:57:15.817  3041  3041 D Ringtone: Problem opening; delegating to remote player
09-01 00:57:15.843  3069  3069 V SynthProxy: About to load libttspico.so, applyFilter=true
09-01 00:57:15.883  3069  3069 I SVOX Pico Engine: loaded en-US successfully
09-01 00:57:15.893   325   667 I chatty  : uid=1000(system) Binder:325_3 expire 40 lines
09-01 00:57:15.902  3041  3085 I OpenGLRenderer: Initialized EGL, version 1.4
09-01 00:57:15.909  3041  3085 D OpenGLRenderer: Swap behavior 1
09-01 00:57:15.912  3041  3041 I TextToSpeech: Connected to ComponentInfo{com.svox.pico/com.svox.pico.PicoService}
09-01 00:57:15.919  3041  3085 D mali_winsys: EGLint new_window_surface(egl_winsys_display*, void*, EGLSurface, EGLConfig, egl_winsys_surface**, egl_color_buffer_format*, EGLBoolean) returns 0x3000
09-01 00:57:15.919  3041  3101 I TextToSpeech: Set up connection to ComponentInfo{com.svox.pico/com.svox.pico.PicoService}
09-01 00:57:15.992   352   432 E WVMExtractor: Failed to open libwvm.so: dlopen failed: library "libwvm.so" not found
09-01 00:57:16.021   898   968 I chatty  : uid=1000(system) android.display expire 5 lines
09-01 00:57:16.234   352  2107 E MetadataRetrieverClient: failed to extract an album art
09-01 00:57:16.281  2509  2509 I AlarmClock: Detected change to system default alarm ringtone; clearing caches
09-01 00:57:16.559   352   432 E MetadataRetrieverClient: failed to extract an album art
09-01 00:57:17.326   898  2561 I ActivityManager: START u0 {act=com.android.wizard.NEXT cmp=com.cyanogenmod.setupwizard/.wizardmanager.WizardManager (has extras)} from uid 1000 on display 0
09-01 00:57:17.351   341   446 D asd     : [asd_proc_hal_data],hal data soundness: L[817],R[817]
09-01 00:57:17.358   898  2050 I ActivityManager: START u0 {act=com.cyanogenmod.setupwizard.LINEAGE_LOCALE flg=0x4000000 cmp=com.cyanogenmod.setupwizard/.LocaleActivity (has extras)} from uid 1000 on display 0
09-01 00:57:17.371   341   446 D asd     : [asd_proc_hal_data],hal data soundness: L[18],R[14]
09-01 00:57:17.567  3041  3085 D mali_winsys: EGLint new_window_surface(egl_winsys_display*, void*, EGLSurface, EGLConfig, egl_winsys_surface**, egl_color_buffer_format*, EGLBoolean) returns 0x3000
09-01 00:57:17.604  2662  2682 I MediaScanner: forcing rescan of /system/media/audio/notifications/moonbeam.ogg since build fingerprint changed
09-01 00:57:17.615  2662  2682 I MediaScanner: forcing rescan of /system/media/audio/notifications/pixiedust.ogg since build fingerprint changed
09-01 00:57:17.628  2662  2682 I MediaScanner: forcing rescan of /system/media/audio/notifications/pizzicato.ogg since build fingerprint changed
09-01 00:57:17.645  2662  2682 I MediaScanner: forcing rescan of /system/media/audio/notifications/regulus.ogg since build fingerprint changed
09-01 00:57:17.657  2662  2682 I MediaScanner: forcing rescan of /system/media/audio/notifications/sirius.ogg since build fingerprint changed
09-01 00:57:17.668  2662  2682 I MediaScanner: forcing rescan of /system/media/audio/notifications/tweeters.ogg since build fingerprint changed
09-01 00:57:17.681  2662  2682 I MediaScanner: forcing rescan of /system/media/audio/ringtones/Andromeda.ogg since build fingerprint changed
09-01 00:57:17.694  2662  2682 I MediaScanner: forcing rescan of /system/media/audio/ringtones/Aquila.ogg since build fingerprint changed
09-01 00:57:17.707  2662  2682 I MediaScanner: forcing rescan of /system/media/audio/ringtones/ArgoNavis.ogg since build fingerprint changed
09-01 00:57:17.731  2662  2682 I MediaScanner: forcing rescan of /system/media/audio/ringtones/BOOTES.ogg since build fingerprint changed
09-01 00:57:17.754  2662  2682 I MediaScanner: forcing rescan of /system/media/audio/ringtones/Backroad.ogg since build fingerprint changed
09-01 00:57:17.769  2662  2682 I MediaScanner: forcing rescan of /system/media/audio/ringtones/BeatPlucker.ogg since build fingerprint changed
09-01 00:57:17.785  2662  2682 I MediaScanner: forcing rescan of /system/media/audio/ringtones/BentleyDubs.ogg since build fingerprint changed
09-01 00:57:17.800  2662  2682 I MediaScanner: forcing rescan of /system/media/audio/ringtones/Big_Easy.ogg since build fingerprint changed
09-01 00:57:17.809   362   362 I chargemonitor: type=1400 audit(0.0:967): avc: denied { search } for name="thermal" dev="sysfs" ino=26342 scontext=u:r:logd:s0 tcontext=u:object_r:sysfs_pg:s0 tclass=dir permissive=1
09-01 00:57:17.809   362   362 I chargemonitor: type=1400 audit(0.0:968): avc: denied { read } for name="temp" dev="sysfs" ino=33131 scontext=u:r:logd:s0 tcontext=u:object_r:sysfs_pg:s0 tclass=file permissive=1
09-01 00:57:17.809   362   362 I chargemonitor: type=1400 audit(0.0:969): avc: denied { open } for path="/sys/devices/virtual/thermal/thermal_zone6/temp" dev="sysfs" ino=33131 scontext=u:r:logd:s0 tcontext=u:object_r:sysfs_pg:s0 tclass=file permissive=1
09-01 00:57:17.818  2662  2682 I MediaScanner: forcing rescan of /system/media/audio/ringtones/BirdLoop.ogg since build fingerprint changed
09-01 00:57:17.834  2662  2682 I MediaScanner: forcing rescan of /system/media/audio/ringtones/Bollywood.ogg since build fingerprint changed
09-01 00:57:17.848  2662  2682 I MediaScanner: forcing rescan of /system/media/audio/ringtones/Boxbeat.ogg since build fingerprint changed
09-01 00:57:17.881  2662  2682 I MediaScanner: forcing rescan of /system/media/audio/ringtones/BussaMove.ogg since build fingerprint changed
09-01 00:57:17.897  2662  2682 I MediaScanner: forcing rescan of /system/media/audio/ringtones/CASSIOPEIA.ogg since build fingerprint changed
09-01 00:57:17.909  2662  2682 I MediaScanner: forcing rescan of /system/media/audio/ringtones/Cairo.ogg since build fingerprint changed
09-01 00:57:17.924  2662  2682 I MediaScanner: forcing rescan of /system/media/audio/ringtones/Callisto.ogg since build fingerprint changed
09-01 00:57:17.951  2662  2682 I MediaScanner: forcing rescan of /system/media/audio/ringtones/Calypso_Steel.ogg since build fingerprint changed
09-01 00:57:17.968  2662  2682 I MediaScanner: forcing rescan of /system/media/audio/ringtones/CanisMajor.ogg since build fingerprint changed
09-01 00:57:17.983  2662  2682 I MediaScanner: forcing rescan of /system/media/audio/ringtones/CaribbeanIce.ogg since build fingerprint changed
09-01 00:57:17.996  2662  2682 I MediaScanner: forcing rescan of /system/media/audio/ringtones/Carina.ogg since build fingerprint changed
09-01 00:57:18.006  2662  2682 I MediaScanner: forcing rescan of /system/media/audio/ringtones/Centaurus.ogg since build fingerprint changed
09-01 00:57:18.019  2662  2682 I MediaScanner: forcing rescan of /system/media/audio/ringtones/Champagne_Edition.ogg since build fingerprint changed
09-01 00:57:18.034  2662  2682 I MediaScanner: forcing rescan of /system/media/audio/ringtones/Club_Cubano.ogg since build fingerprint changed
09-01 00:57:18.046  2662  2682 I MediaScanner: forcing rescan of /system/media/audio/ringtones/CrayonRock.ogg since build fingerprint changed
09-01 00:57:18.059  2662  2682 I MediaScanner: forcing rescan of /system/media/audio/ringtones/CrazyDream.ogg since build fingerprint changed
09-01 00:57:18.081  2662  2682 I MediaScanner: forcing rescan of /system/media/audio/ringtones/CurveBall.ogg since build fingerprint changed
09-01 00:57:18.094  2662  2682 I MediaScanner: forcing rescan of /system/media/audio/ringtones/CyanTone.ogg since build fingerprint changed
09-01 00:57:18.128  2662  2682 I MediaScanner: forcing rescan of /system/media/audio/ringtones/Cygnus.ogg since build fingerprint changed
09-01 00:57:18.141  2662  2682 I MediaScanner: forcing rescan of /system/media/audio/ringtones/DancinFool.ogg since build fingerprint changed
09-01 00:57:18.157  2662  2682 I MediaScanner: forcing rescan of /system/media/audio/ringtones/Dione.ogg since build fingerprint changed
09-01 00:57:18.180  2662  2682 I MediaScanner: forcing rescan of /system/media/audio/ringtones/DonMessWivIt.ogg since build fingerprint changed
09-01 00:57:18.194  2662  2682 I MediaScanner: forcing rescan of /system/media/audio/ringtones/Draco.ogg since build fingerprint changed
09-01 00:57:18.206  2662  2682 I MediaScanner: forcing rescan of /system/media/audio/ringtones/DreamTheme.ogg since build fingerprint changed
09-01 00:57:18.228  2662  2682 I MediaScanner: forcing rescan of /system/media/audio/ringtones/Eastern_Sky.ogg since build fingerprint changed
09-01 00:57:18.243  2662  2682 I MediaScanner: forcing rescan of /system/media/audio/ringtones/Enter_the_Nexus.ogg since build fingerprint changed
09-01 00:57:18.258  2662  2682 I MediaScanner: forcing rescan of /system/media/audio/ringtones/Eridani.ogg since build fingerprint changed
09-01 00:57:18.270  2662  2682 I MediaScanner: forcing rescan of /system/media/audio/ringtones/EtherShake.ogg since build fingerprint changed
09-01 00:57:18.282  2662  2682 I MediaScanner: forcing rescan of /system/media/audio/ringtones/FreeFlight.ogg since build fingerprint changed
09-01 00:57:18.302  2662  2682 I MediaScanner: forcing rescan of /system/media/audio/ringtones/FriendlyGhost.ogg since build fingerprint changed
09-01 00:57:18.316  2662  2682 I MediaScanner: forcing rescan of /system/media/audio/ringtones/Funk_Yall.ogg since build fingerprint changed
09-01 00:57:18.329  2662  2682 I MediaScanner: forcing rescan of /system/media/audio/ringtones/GameOverGuitar.ogg since build fingerprint changed
09-01 00:57:18.344  2662  2682 I MediaScanner: forcing rescan of /system/media/audio/ringtones/Ganymede.ogg since build fingerprint changed
09-01 00:57:18.366  2662  2682 I MediaScanner: forcing rescan of /system/media/audio/ringtones/Gimme_Mo_Town.ogg since build fingerprint changed
09-01 00:57:18.379  2662  2682 I MediaScanner: forcing rescan of /system/media/audio/ringtones/Girtab.ogg since build fingerprint changed
09-01 00:57:18.393  2662  2682 I MediaScanner: forcing rescan of /system/media/audio/ringtones/Glacial_Groove.ogg since build fingerprint changed
09-01 00:57:18.407  2662  2682 I MediaScanner: forcing rescan of /system/media/audio/ringtones/Growl.ogg since build fingerprint changed
09-01 00:57:18.420  2662  2682 I MediaScanner: forcing rescan of /system/media/audio/ringtones/HalfwayHome.ogg since build fingerprint changed
09-01 00:57:18.436  2662  2682 I MediaScanner: forcing rescan of /system/media/audio/ringtones/Highscore.ogg since build fingerprint changed
09-01 00:57:18.458  2662  2682 I MediaScanner: forcing rescan of /system/media/audio/ringtones/Hydra.ogg since build fingerprint changed
09-01 00:57:18.469  2662  2682 I MediaScanner: forcing rescan of /system/media/audio/ringtones/InsertCoin.ogg since build fingerprint changed
09-01 00:57:18.480  2662  2682 I MediaScanner: forcing rescan of /system/media/audio/ringtones/Kuma.ogg since build fingerprint changed
09-01 00:57:18.502  2662  2682 I MediaScanner: forcing rescan of /system/media/audio/ringtones/LoopyLounge.ogg since build fingerprint changed
09-01 00:57:18.517  2662  2682 I MediaScanner: forcing rescan of /system/media/audio/ringtones/LoveFlute.ogg since build fingerprint changed
09-01 00:57:18.530  2662  2682 I MediaScanner: forcing rescan of /system/media/audio/ringtones/Luna.ogg since build fingerprint changed
09-01 00:57:18.552  2662  2682 I MediaScanner: forcing rescan of /system/media/audio/ringtones/Lyon.ogg since build fingerprint changed
09-01 00:57:18.572  2662  2682 I MediaScanner: forcing rescan of /system/media/audio/ringtones/Lyra.ogg since build fingerprint changed
09-01 00:57:18.586  2662  2682 I MediaScanner: forcing rescan of /system/media/audio/ringtones/Machina.ogg since build fingerprint changed
09-01 00:57:18.599  2662  2682 I MediaScanner: forcing rescan of /system/media/audio/ringtones/MidEvilJaunt.ogg since build fingerprint changed
09-01 00:57:18.611  2662  2682 I MediaScanner: forcing rescan of /system/media/audio/ringtones/Nairobi.ogg since build fingerprint changed
09-01 00:57:18.624  2662  2682 I MediaScanner: forcing rescan of /system/media/audio/ringtones/Nassau.ogg since build fingerprint changed
09-01 00:57:18.637  2662  2682 I MediaScanner: forcing rescan of /system/media/audio/ringtones/NewPlayer.ogg since build fingerprint changed
09-01 00:57:18.648  2662  2682 I MediaScanner: forcing rescan of /system/media/audio/ringtones/No_Limits.ogg since build fingerprint changed
09-01 00:57:18.660  2662  2682 I MediaScanner: forcing rescan of /system/media/audio/ringtones/Noises2.ogg since build fingerprint changed
09-01 00:57:18.674  2662  2682 I MediaScanner: forcing rescan of /system/media/audio/ringtones/Noises3.ogg since build fingerprint changed
09-01 00:57:18.686  2662  2682 I MediaScanner: forcing rescan of /system/media/audio/ringtones/Oberon.ogg since build fingerprint changed
09-01 00:57:18.711  2662  2682 I MediaScanner: forcing rescan of /system/media/audio/ringtones/OrganDub.ogg since build fingerprint changed
09-01 00:57:18.723  2662  2682 W MediaScanner: forcing rescan of /system/media/audio/ringtones/Orion.oggsince ringtone setting didn't finish
09-01 00:57:18.738  2662  2682 W MediaProvider: Missing volume for /system/media/audio/ringtones; assuming invalid
09-01 00:57:18.739   929   929 I chargelogcat: type=1400 audit(0.0:970): avc: denied { search } for name="charge_monitor" dev="mmcblk0p19" ino=27 scontext=u:r:logd:s0 tcontext=u:object_r:unlabeled:s0 tclass=dir permissive=1
09-01 00:57:18.739   929   929 I chargelogcat: type=1400 audit(0.0:971): avc: denied { append } for name="charge-log" dev="mmcblk0p19" ino=64 scontext=u:r:logd:s0 tcontext=u:object_r:unlabeled:s0 tclass=file permissive=1
09-01 00:57:18.739   929   929 I chargelogcat: type=1400 audit(0.0:972): avc: denied { open } for path="/splash2/charge_monitor/charge_logs/charge-log" dev="mmcblk0p19" ino=64 scontext=u:r:logd:s0 tcontext=u:object_r:unlabeled:s0 tclass=file permissive=1
09-01 00:57:18.739   929   929 I chargelogcat: type=1400 audit(0.0:973): avc: denied { setattr } for name="charge-log" dev="mmcblk0p19" ino=64 scontext=u:r:logd:s0 tcontext=u:object_r:unlabeled:s0 tclass=file permissive=1
09-01 00:57:18.739   929   929 I chargelogcat: type=1400 audit(0.0:974): avc: denied { getattr } for path="/splash2/charge_monitor/charge_logs/charge-log" dev="mmcblk0p19" ino=64 scontext=u:r:logd:s0 tcontext=u:object_r:unlabeled:s0 tclass=file permissive=1
09-01 00:57:18.746  2662  2682 W MediaProvider: Missing volume for /system/media/audio/notifications/Ariel.ogg; assuming invalid
09-01 00:57:18.749  2662  2682 W MediaProvider: Missing volume for /system/media/audio/notifications/Beat_Box_Android.ogg; assuming invalid
09-01 00:57:18.753  2662  2682 W MediaProvider: Missing volume for /system/media/audio/notifications/Bellatrix.ogg; assuming invalid
09-01 00:57:18.757  2662  2682 W MediaProvider: Missing volume for /system/media/audio/notifications/Beryllium.ogg; assuming invalid
09-01 00:57:18.760  2662  2682 W MediaProvider: Missing volume for /system/media/audio/notifications/Betelgeuse.ogg; assuming invalid
09-01 00:57:18.765  2662  2682 W MediaProvider: Missing volume for /system/media/audio/notifications/CaffeineSnake.ogg; assuming invalid
09-01 00:57:18.769  2662  2682 W MediaProvider: Missing volume for /system/media/audio/notifications/Canopus.ogg; assuming invalid
09-01 00:57:18.773  2662  2682 W MediaProvider: Missing volume for /system/media/audio/notifications/Capella.ogg; assuming invalid
09-01 00:57:18.777  2662  2682 W MediaProvider: Missing volume for /system/media/audio/notifications/Carme.ogg; assuming invalid
09-01 00:57:18.779  2662  2682 W MediaProvider: Missing volume for /system/media/audio/notifications/Castor.ogg; assuming invalid
09-01 00:57:18.783  2662  2682 W MediaProvider: Missing volume for /system/media/audio/notifications/Ceres.ogg; assuming invalid
09-01 00:57:18.787  2662  2682 W MediaProvider: Missing volume for /system/media/audio/notifications/CetiAlpha.ogg; assuming invalid
09-01 00:57:18.790  2662  2682 W MediaProvider: Missing volume for /system/media/audio/notifications/Cobalt.ogg; assuming invalid
09-01 00:57:18.796  2662  2682 W MediaProvider: Missing volume for /system/media/audio/notifications/Cricket.ogg; assuming invalid
09-01 00:57:18.799  2662  2682 W MediaProvider: Missing volume for /system/media/audio/notifications/CyanDoink.ogg; assuming invalid
09-01 00:57:18.803  2662  2682 W MediaProvider: Missing volume for /system/media/audio/notifications/CyanMail.ogg; assuming invalid
09-01 00:57:18.807  2662  2682 W MediaProvider: Missing volume for /system/media/audio/notifications/CyanMessage.ogg; assuming invalid
09-01 00:57:18.809  2662  2682 W MediaProvider: Missing volume for /system/media/audio/notifications/DearDeer.ogg; assuming invalid
09-01 00:57:18.812  2662  2682 W MediaProvider: Missing volume for /system/media/audio/notifications/Deneb.ogg; assuming invalid
09-01 00:57:18.815  2662  2682 W MediaProvider: Missing volume for /system/media/audio/notifications/Doink.ogg; assuming invalid
09-01 00:57:18.818  2662  2682 W MediaProvider: Missing volume for /system/media/audio/notifications/DontPanic.ogg; assuming invalid
09-01 00:57:18.821  2662  2682 W MediaProvider: Missing volume for /system/media/audio/notifications/Drip.ogg; assuming invalid
09-01 00:57:18.825  2662  2682 W MediaProvider: Missing volume for /system/media/audio/notifications/Elara.ogg; assuming invalid
09-01 00:57:18.827  2662  2682 W MediaProvider: Missing volume for /system/media/audio/notifications/Electra.ogg; assuming invalid
09-01 00:57:18.831  2662  2682 W MediaProvider: Missing volume for /system/media/audio/notifications/Europa.ogg; assuming invalid
09-01 00:57:18.835  2662  2682 W MediaProvider: Missing volume for /system/media/audio/notifications/F1_New_SMS.ogg; assuming invalid
09-01 00:57:18.838  2662  2682 W MediaProvider: Missing volume for /system/media/audio/notifications/Fluorine.ogg; assuming invalid
09-01 00:57:18.841  2662  2682 W MediaProvider: Missing volume for /system/media/audio/notifications/Fomalhaut.ogg; assuming invalid
09-01 00:57:18.845  2662  2682 W MediaProvider: Missing volume for /system/media/audio/notifications/Gallium.ogg; assuming invalid
09-01 00:57:18.848  2662  2682 W MediaProvider: Missing volume for /system/media/audio/notifications/Heaven.ogg; assuming invalid
09-01 00:57:18.852  2662  2682 W MediaProvider: Missing volume for /system/media/audio/notifications/Helium.ogg; assuming invalid
09-01 00:57:18.855  2662  2682 W MediaProvider: Missing volume for /system/media/audio/notifications/Highwire.ogg; assuming invalid
09-01 00:57:18.858  2662  2682 W MediaProvider: Missing volume for /system/media/audio/notifications/Hojus.ogg; assuming invalid
09-01 00:57:18.863  2662  2682 W MediaProvider: Missing volume for /system/media/audio/notifications/Iapetus.ogg; assuming invalid
