int logctl_get(): open '/dev/hwlog_switch' fail -1, 13. Permission denied

Note: log switch off, only log_main and log_events will have logs!
--------- beginning of system
09-01 00:55:44.064   292   292 I vold    : Vold 3.0 (the awakening) firing up
09-01 00:55:44.064   292   292 V vold    : Detected support for: exfat ext4 f2fs ntfs vfat
09-01 00:55:44.074   292   303 V vold    : /system/bin/sgdisk
09-01 00:55:44.074   292   303 V vold    :     --android-dump
09-01 00:55:44.074   292   303 V vold    :     /dev/block/vold/disk:179_192
09-01 00:55:44.080   292   305 D vold    : e4crypt_init_user0
09-01 00:55:44.080   292   305 D vold    : e4crypt_prepare_user_storage for volume null, user 0, serial 0, flags 1
09-01 00:55:44.080   292   305 D vold    : Preparing: /data/system/users/0
09-01 00:55:44.080   292   305 D vold    : Preparing: /data/misc/profiles/cur/0
09-01 00:55:44.080   292   305 D vold    : Preparing: /data/misc/profiles/cur/0/foreign-dex
09-01 00:55:44.080   292   305 D vold    : Preparing: /data/system_de/0
09-01 00:55:44.080   292   305 D vold    : Preparing: /data/misc_de/0
09-01 00:55:44.080   292   305 D vold    : Preparing: /data/user_de/0
09-01 00:55:44.081   292   305 D vold    : e4crypt_unlock_user_key 0 serial=0 token_present=0
09-01 00:55:44.081   292   305 E vold    : Failed to chmod /data/system_ce/0: No such file or directory
09-01 00:55:44.081   292   305 E vold    : Failed to chmod /data/misc_ce/0: No such file or directory
09-01 00:55:44.099   292   303 V vold    : DISK mbr
09-01 00:55:44.099   292   303 V vold    : 
09-01 00:55:44.099   292   303 V vold    : PART 1 c
09-01 00:55:44.099   292   303 V vold    : 
09-01 00:56:17.743   898   898 I InstallerConnection: connecting...
09-01 00:56:26.300   898   898 I InstallerConnection: disconnecting...
09-01 00:56:26.347   898   898 I SystemServer: Entered the Android system server!
09-01 00:56:26.383   898   898 I SystemServiceManager: Starting com.android.server.pm.Installer
09-01 00:56:26.383   898   898 I Installer: Waiting for installd to be ready.
09-01 00:56:26.383   898   898 I InstallerConnection: connecting...
09-01 00:56:26.383   898   898 I SystemServiceManager: Starting com.android.server.am.ActivityManagerService$Lifecycle
09-01 00:56:26.505   898   898 I ActivityManager: Memory class: 288
09-01 00:56:26.516   898   898 D BatteryStatsImpl: Reading daily items from /data/system/batterystats-daily.xml
09-01 00:56:26.552   898   898 I AppOps  : No existing app ops /data/system/appops.xml; starting empty
09-01 00:56:26.587   898   898 I IntentFirewall: Read new rules (A:0 B:0 S:0)
09-01 00:56:26.595   898   898 D AppOps  : AppOpsService published
09-01 00:56:26.595   898   898 I SystemServiceManager: Starting com.android.server.power.PowerManagerService
09-01 00:56:26.605   898   898 I SystemServiceManager: Starting com.android.server.lights.LightsService
09-01 00:56:26.607   898   898 I SystemServiceManager: Starting com.android.server.display.DisplayManagerService
09-01 00:56:26.610   898   898 I SystemServiceManager: Starting phase 100
09-01 00:56:26.613   898   968 I DisplayManagerService: Display device added: DisplayDeviceInfo{"Built-in Screen": uniqueId="local:0", 1080 x 1920, modeId 1, defaultModeId 1, supportedModes [{id=1, width=1080, height=1920, fps=60.000004}], colorMode 0, supportedColorModes [0], HdrCapabilities android.view.Display$HdrCapabilities@a69d6308, density 480, 422.03076 x 424.06958 dpi, appVsyncOff 1000000, presDeadline 16666666, touch INTERNAL, rotation 0, type BUILT_IN, state UNKNOWN, FLAG_DEFAULT_DISPLAY, FLAG_ROTATES_WITH_CONTENT, FLAG_SECURE, FLAG_SUPPORTS_PROTECTED_BUFFERS}
09-01 00:56:26.626   898   968 I DisplayManagerService: Display device changed state: "Built-in Screen", ON
09-01 00:56:26.627   898   898 I SystemServer: StartPackageManagerService
09-01 00:56:26.635   898   898 W FileUtils: Failed to chmod(/data/system/packages.list): android.system.ErrnoException: chmod failed: ENOENT (No such file or directory)
09-01 00:56:26.690   898   898 D SELinuxMMAC: Using policy file /system/etc/security/mac_permissions.xml
09-01 00:56:26.693   898   898 I PackageManager: No settings file; creating initial state
09-01 00:56:27.679   898   898 W PackageManager: Library not found: /system/framework/org.apache.http.legacy.jar
09-01 00:56:28.311   898   898 W PackageManager: Library not found: /system/framework/org.apache.http.legacy.jar
09-01 00:56:28.452   898  1101 I PackageManager: /system/framework/org.cyanogenmod.platform-res.apk changed; collecting certs
09-01 00:56:28.461   898  1101 W PackageManager: Permission cyanogenmod.permission.WRITE_ALARMS from package cyanogenmod.platform in an unknown group android.permission-group.SYSTEM_CLOCK
09-01 00:56:28.461   898  1101 W PackageManager: Permission cyanogenmod.permission.MANAGE_ALARMS from package cyanogenmod.platform in an unknown group android.permission-group.SYSTEM_CLOCK
09-01 00:56:28.461   898  1101 W PackageManager: Permission cyanogenmod.permission.READ_ALARMS from package cyanogenmod.platform in an unknown group android.permission-group.SYSTEM_CLOCK
09-01 00:56:28.465   898  1100 I PackageManager: /system/framework/framework-res.apk changed; collecting certs
09-01 00:56:28.561   898  1100 I PackageManager: /system/priv-app/CMSettingsProvider changed; collecting certs
09-01 00:56:28.562   898  1102 I PackageManager: /system/priv-app/AudioFX changed; collecting certs
09-01 00:56:28.565   898  1104 I PackageManager: /system/priv-app/BlockedNumberProvider changed; collecting certs
09-01 00:56:28.565   898  1105 I PackageManager: /system/priv-app/CMAudioService changed; collecting certs
09-01 00:56:28.569   898  1103 I PackageManager: /system/priv-app/BackupRestoreConfirmation changed; collecting certs
09-01 00:56:28.585   898  1101 I PackageManager: /system/priv-app/CMParts changed; collecting certs
09-01 00:56:28.589   898  1102 I PackageManager: /system/priv-app/CallLogBackup changed; collecting certs
09-01 00:56:28.590   898  1100 I PackageManager: /system/priv-app/CalendarProvider changed; collecting certs
09-01 00:56:28.595   898  1104 I PackageManager: /system/priv-app/CellBroadcastReceiver changed; collecting certs
09-01 00:56:28.595   898  1103 I PackageManager: /system/priv-app/CarrierConfig changed; collecting certs
09-01 00:56:28.617   898  1100 I PackageManager: /system/priv-app/CtsShimPrivPrebuilt changed; collecting certs
09-01 00:56:28.625   898  1102 I PackageManager: /system/priv-app/ContactsProvider changed; collecting certs
09-01 00:56:28.630   898  1105 W PackageParser: No actions in intent filter at /system/priv-app/Contacts/Contacts.apk Binary XML file line #431
09-01 00:56:28.633   898  1105 I PackageManager: /system/priv-app/Contacts changed; collecting certs
09-01 00:56:28.638   898  1103 I PackageManager: /system/priv-app/DefaultContainerService changed; collecting certs
09-01 00:56:28.647   898  1104 I PackageManager: /system/priv-app/DocumentsUI changed; collecting certs
09-01 00:56:28.653   898  1100 I PackageManager: /system/priv-app/DownloadProvider changed; collecting certs
09-01 00:56:28.659   898  1100 W PackageManager: Permission android.permission.DOWNLOAD_WITHOUT_NOTIFICATION from package com.android.providers.downloads in an unknown group android.permission-group.NETWORK
09-01 00:56:28.668   898  1104 I PackageManager: /system/priv-app/ExtServices changed; collecting certs
09-01 00:56:28.670   898  1102 I PackageManager: /system/priv-app/Eleven changed; collecting certs
09-01 00:56:28.678   898  1100 I PackageManager: /system/priv-app/ExternalStorageProvider changed; collecting certs
09-01 00:56:28.690   898  1104 I PackageManager: /system/priv-app/FusedLocation changed; collecting certs
09-01 00:56:28.694   898  1103 I PackageManager: /system/priv-app/EmergencyInfo changed; collecting certs
09-01 00:56:28.703   898  1100 I PackageManager: /system/priv-app/GeofenceLocation changed; collecting certs
09-01 00:56:28.713   898  1101 W PackageParser: No actions in intent filter at /system/priv-app/Dialer/Dialer.apk Binary XML file line #207
09-01 00:56:28.715   898  1101 I PackageManager: /system/priv-app/Dialer changed; collecting certs
09-01 00:56:28.719   898  1104 I PackageManager: /system/priv-app/InputDevices changed; collecting certs
09-01 00:56:28.739   898  1105 I PackageManager: /system/priv-app/Gallery2 changed; collecting certs
09-01 00:56:28.743   898  1100 I PackageManager: /system/priv-app/LiveLockScreenService changed; collecting certs
09-01 00:56:28.745   898  1102 I PackageManager: /system/priv-app/LineageSetupWizard changed; collecting certs
09-01 00:56:28.752   898  1104 I PackageManager: /system/priv-app/MediaProvider changed; collecting certs
09-01 00:56:28.760   898  1103 I PackageManager: /system/priv-app/ManagedProvisioning changed; collecting certs
09-01 00:56:28.780   898  1100 I PackageManager: /system/priv-app/MmsService changed; collecting certs
09-01 00:56:28.784   898  1103 I PackageManager: /system/priv-app/OneTimeInitializer changed; collecting certs
09-01 00:56:28.791   898  1102 I PackageManager: /system/priv-app/ProxyHandler changed; collecting certs
09-01 00:56:28.794   898  1104 I PackageManager: /system/priv-app/MtpDocumentsProvider changed; collecting certs
09-01 00:56:28.820   898  1102 I PackageManager: /system/priv-app/SettingsProvider changed; collecting certs
09-01 00:56:28.821   898  1104 I PackageManager: /system/priv-app/SharedStorageBackup changed; collecting certs
09-01 00:56:28.825   898  1100 I PackageManager: /system/priv-app/Recorder changed; collecting certs
09-01 00:56:28.828   898  1105 W PackageParser: Ignoring duplicate uses-permissions/uses-permissions-sdk-m: android.permission.INSTALL_GRANT_RUNTIME_PERMISSIONS in package: com.android.shell at: Binary XML file line #102
09-01 00:56:28.828   898  1101 I PackageManager: /system/priv-app/PackageInstaller changed; collecting certs
09-01 00:56:28.829   898  1105 I PackageManager: /system/priv-app/Shell changed; collecting certs
09-01 00:56:28.837   898  1102 I PackageManager: /system/priv-app/StatementService changed; collecting certs
09-01 00:56:28.861   898  1104 I PackageManager: /system/priv-app/Snap changed; collecting certs
09-01 00:56:28.889   898  1100 I PackageManager: /system/priv-app/StorageManager changed; collecting certs
09-01 00:56:28.919   898  1101 I PackageManager: /system/priv-app/Telecom changed; collecting certs
09-01 00:56:28.930   898  1105 W PackageParser: Ignoring duplicate uses-permissions/uses-permissions-sdk-m: android.permission.CONFIGURE_WIFI_DISPLAY in package: com.android.systemui at: Binary XML file line #117
09-01 00:56:28.935   898  1102 I PackageManager: /system/priv-app/TeleService changed; collecting certs
09-01 00:56:28.945   898  1105 I PackageManager: /system/priv-app/SystemUI changed; collecting certs
09-01 00:56:28.959   898  1100 I PackageManager: /system/priv-app/TelephonyProvider changed; collecting certs
09-01 00:56:28.971   898  1101 I PackageManager: /system/priv-app/Updater changed; collecting certs
09-01 00:56:28.988   898  1104 I PackageManager: /system/priv-app/Trebuchet changed; collecting certs
09-01 00:56:29.001   898  1104 W PackageManager: Permission com.android.launcher.permission.INSTALL_SHORTCUT from package com.cyanogenmod.trebuchet in an unknown group android.permission-group.SYSTEM_TOOLS
09-01 00:56:29.001   898  1104 W PackageManager: Permission com.android.launcher3.permission.READ_SETTINGS from package com.cyanogenmod.trebuchet in an unknown group android.permission-group.SYSTEM_TOOLS
09-01 00:56:29.001   898  1104 W PackageManager: Permission com.android.launcher3.permission.WRITE_SETTINGS from package com.cyanogenmod.trebuchet in an unknown group android.permission-group.SYSTEM_TOOLS
09-01 00:56:29.009   898  1100 I PackageManager: /system/priv-app/VpnDialogs changed; collecting certs
09-01 00:56:29.010   898  1101 I PackageManager: /system/priv-app/WeatherManagerService changed; collecting certs
09-01 00:56:29.014   898  1103 W PackageParser: Ignoring duplicate uses-permissions/uses-permissions-sdk-m: android.permission.USE_CREDENTIALS in package: com.android.settings at: Binary XML file line #56
09-01 00:56:29.014   898  1103 W PackageParser: Ignoring duplicate uses-permissions/uses-permissions-sdk-m: android.permission.READ_SYNC_SETTINGS in package: com.android.settings at: Binary XML file line #61
09-01 00:56:29.014   898  1103 W PackageParser: Ignoring duplicate uses-permissions/uses-permissions-sdk-m: android.permission.WRITE_SYNC_SETTINGS in package: com.android.settings at: Binary XML file line #62
09-01 00:56:29.018   898  1102 I PackageManager: /system/priv-app/WallpaperCropper changed; collecting certs
09-01 00:56:29.022   898  1104 I PackageManager: /system/priv-app/WeatherProvider changed; collecting certs
09-01 00:56:29.049   898  1103 I PackageManager: /system/priv-app/Settings changed; collecting certs
09-01 00:56:29.166   898  1101 I PackageManager: /system/app/BasicDreams changed; collecting certs
09-01 00:56:29.169   898  1104 I PackageManager: /system/app/BookmarkProvider changed; collecting certs
09-01 00:56:29.171   898  1100 I PackageManager: /system/app/BluetoothMidiService changed; collecting certs
09-01 00:56:29.175   898  1102 W PackageParser: No actions in intent filter at /system/app/Bluetooth/Bluetooth.apk Binary XML file line #226
09-01 00:56:29.177   898  1102 I PackageManager: /system/app/Bluetooth changed; collecting certs
09-01 00:56:29.180   898  1103 I PackageManager: /system/app/CaptivePortalLogin changed; collecting certs
09-01 00:56:29.185   898  1104 I PackageManager: /system/app/CtsShimPrebuilt changed; collecting certs
09-01 00:56:29.187   898  1101 I PackageManager: /system/app/CertInstaller changed; collecting certs
09-01 00:56:29.188   898  1104 W PackageManager: Non-privileged app; cap priority to 0; package: com.android.cts.ctsshim activity: com.android.cts.ctsshim.InstallPriority origPrio: 100
09-01 00:56:29.188   898  1104 W PackageManager: Non-privileged app; cap priority to 0; package: com.android.cts.ctsshim activity: com.android.cts.ctsshim.InstallPriority origPrio: 100
09-01 00:56:29.189   898  1104 W PackageManager: Non-privileged app; cap priority to 0; package: com.android.cts.ctsshim activity: com.android.cts.ctsshim.InstallPriority origPrio: 100
09-01 00:56:29.189   898  1104 W PackageManager: Non-privileged app; cap priority to 0; package: com.android.cts.ctsshim activity: com.android.cts.ctsshim.InstallPriority origPrio: 100
09-01 00:56:29.189   898  1104 W PackageManager: Non-privileged app; cap priority to 0; package: com.android.cts.ctsshim activity: com.android.cts.ctsshim.InstallPriority origPrio: 100
09-01 00:56:29.194   898  1105 I PackageManager: /system/app/Calendar changed; collecting certs
09-01 00:56:29.205   898  1100 W PackageParser: Ignoring duplicate uses-permissions/uses-permissions-sdk-m: android.permission.WRITE_SETTINGS in package: com.android.deskclock at: Binary XML file line #45
09-01 00:56:29.207   898  1103 I PackageManager: /system/app/Development changed; collecting certs
09-01 00:56:29.209   898  1104 I PackageManager: /system/app/DownloadProviderUi changed; collecting certs
09-01 00:56:29.211   898  1101 I PackageManager: /system/app/EasterEgg changed; collecting certs
09-01 00:56:29.213   898  1105 W PackageManager: Non-privileged app; cap priority to 0; package: com.android.calendar activity: com.android.calendar.GoogleCalendarUriIntentFilter origPrio: 50
09-01 00:56:29.214   898  1100 I PackageManager: /system/app/DeskClock changed; collecting certs
09-01 00:56:29.237   898  1105 I PackageManager: /system/app/ExactCalculator changed; collecting certs
09-01 00:56:29.237   898  1101 I PackageManager: /system/app/HTMLViewer changed; collecting certs
09-01 00:56:29.239   898  1103 I PackageManager: /system/app/ExtShared changed; collecting certs
09-01 00:56:29.240   898  1104 I PackageManager: /system/app/Exchange2 changed; collecting certs
09-01 00:56:29.250   898  1102 I PackageManager: /system/app/Email changed; collecting certs
09-01 00:56:29.250   898  1100 I PackageManager: /system/app/Jelly changed; collecting certs
09-01 00:56:29.256   898  1105 I PackageManager: /system/app/KeyChain changed; collecting certs
09-01 00:56:29.275   898  1100 I PackageManager: /system/app/PacProcessor changed; collecting certs
09-01 00:56:29.275   898  1101 I PackageManager: /system/app/LiveWallpapersPicker changed; collecting certs
09-01 00:56:29.288   898  1102 W PackageManager: Permission com.android.email.permission.READ_ATTACHMENT from package com.android.email in an unknown group android.permission-group.MESSAGES
09-01 00:56:29.293   898  1104 I PackageManager: /system/app/LockClock changed; collecting certs
09-01 00:56:29.293   898  1101 I PackageManager: /system/app/PicoTts changed; collecting certs
09-01 00:56:29.294   898  1105 I PackageManager: /system/app/PhotoTable changed; collecting certs
09-01 00:56:29.300   898  1100 I PackageManager: /system/app/PrintRecommendationService changed; collecting certs
09-01 00:56:29.308   898  1102 I PackageManager: /system/app/PrintSpooler changed; collecting certs
09-01 00:56:29.315   898  1103 I PackageManager: /system/app/LatinIME changed; collecting certs
09-01 00:56:29.323   898  1102 I PackageManager: /system/app/UserDictionaryProvider changed; collecting certs
09-01 00:56:29.327   898  1105 I PackageManager: /system/app/Profiles changed; collecting certs
09-01 00:56:29.334   898  1101 I PackageManager: /system/app/Terminal changed; collecting certs
09-01 00:56:29.336   898  1100 I PackageManager: /system/app/Stk changed; collecting certs
09-01 00:56:29.337   898  1104 I PackageManager: /system/app/WAPPushManager changed; collecting certs
09-01 00:56:29.352   898  1102 I PackageManager: /system/app/WallpaperBackup changed; collecting certs
09-01 00:56:29.367   898  1104 I PackageManager: /system/app/gnss_supl20service_hisi changed; collecting certs
09-01 00:56:29.367   898  1105 I PackageManager: /system/app/WallpaperPicker changed; collecting certs
09-01 00:56:29.397   898  1101 I PackageManager: /system/app/messaging changed; collecting certs
09-01 00:56:29.407   898  1100 I PackageManager: /system/app/webview changed; collecting certs
09-01 00:56:30.022   898  1102 W PackageParser: Problem in package /vendor/app/Mapcon/Mapcon.apk:
09-01 00:56:30.022   898  1102 W PackageParser: Unknown element under <receiver>: uses-permission at /vendor/app/Mapcon/Mapcon.apk Binary XML file line #45
09-01 00:56:30.023   898  1102 I PackageManager: /vendor/app/Mapcon changed; collecting certs
09-01 00:56:30.023   898  1104 I PackageManager: /vendor/app/gnss_supl20service_hisi changed; collecting certs
09-01 00:56:30.027   898  1104 W PackageManager: Failed to parse /vendor/app/gnss_supl20service_hisi: Application package com.android.supl already installed.  Skipping duplicate.
09-01 00:56:30.028   898  1102 W PackageManager: Failed to parse /vendor/app/Mapcon: Signature mismatch for shared user: SharedUserSetting{8b2223a android.uid.phone/1001}
09-01 00:56:30.031   898   898 E PackageManager: There should probably be exactly one setup wizard; found 0: matches=[]
09-01 00:56:30.031   898   898 W PackageManager: Protected action; cap priority to 0; package: com.android.cts.priv.ctsshim activity: com.android.cts.priv.ctsshim.InstallPriority origPrio: 100
09-01 00:56:30.031   898   898 W PackageManager: Protected action; cap priority to 0; package: com.android.cts.priv.ctsshim activity: com.android.cts.priv.ctsshim.InstallPriority origPrio: 100
09-01 00:56:30.031   898   898 W PackageManager: Protected action; cap priority to 0; package: com.android.cts.priv.ctsshim activity: com.android.cts.priv.ctsshim.InstallPriority origPrio: 100
09-01 00:56:30.031   898   898 W PackageManager: Protected action; cap priority to 0; package: com.android.cts.priv.ctsshim activity: com.android.cts.priv.ctsshim.InstallPriority origPrio: 100
09-01 00:56:30.031   898   898 W PackageManager: Protected action; cap priority to 0; package: com.android.packageinstaller activity: com.android.packageinstaller.PackageInstallerActivity origPrio: 1
09-01 00:56:30.031   898   898 W PackageManager: Package com.android.gallery3d desires unavailable shared library com.google.android.media.effects; ignoring!
09-01 00:56:30.031   898   898 W PackageManager: Package com.android.gallery3d desires unavailable shared library com.google.android.media.effects; ignoring!
09-01 00:56:30.031   898   898 I PackageManager: Adjusting ABI for com.android.providers.downloads to arm64-v8a (requirer=com.android.mtp, scannedPackage=null)
09-01 00:56:30.032   898   898 I PackageManager: Adjusting ABI for com.android.providers.downloads.ui to arm64-v8a (requirer=com.android.mtp, scannedPackage=null)
09-01 00:56:30.032   898   898 I PackageManager: Adjusting ABI for com.android.providers.media to arm64-v8a (requirer=com.android.mtp, scannedPackage=null)
09-01 00:56:30.033   898   898 I PackageManager: Adjusting ABI for com.android.supl to arm64-v8a (requirer=android, scannedPackage=null)
09-01 00:56:30.033   898   898 I PackageManager: Adjusting ABI for com.android.settings to arm64-v8a (requirer=android, scannedPackage=null)
09-01 00:56:30.033   898   898 I PackageManager: Adjusting ABI for com.android.inputdevices to arm64-v8a (requirer=android, scannedPackage=null)
09-01 00:56:30.033   898   898 I PackageManager: Adjusting ABI for com.android.keychain to arm64-v8a (requirer=android, scannedPackage=null)
09-01 00:56:30.034   898   898 I PackageManager: Adjusting ABI for com.android.wallpaperbackup to arm64-v8a (requirer=android, scannedPackage=null)
09-01 00:56:30.034   898   898 I PackageManager: Adjusting ABI for com.android.providers.settings to arm64-v8a (requirer=android, scannedPackage=null)
09-01 00:56:30.034   898   898 I PackageManager: Adjusting ABI for org.cyanogenmod.cmsettings to arm64-v8a (requirer=android, scannedPackage=null)
09-01 00:56:30.035   898   898 I PackageManager: Adjusting ABI for com.android.server.telecom to arm64-v8a (requirer=android, scannedPackage=null)
09-01 00:56:30.035   898   898 I PackageManager: Adjusting ABI for org.cyanogenmod.cmparts to arm64-v8a (requirer=android, scannedPackage=null)
09-01 00:56:30.035   898   898 I PackageManager: Adjusting ABI for com.huawei.geofence to arm64-v8a (requirer=android, scannedPackage=null)
09-01 00:56:30.035   898   898 I PackageManager: Adjusting ABI for com.android.development to arm64-v8a (requirer=android, scannedPackage=null)
09-01 00:56:30.036   898   898 I PackageManager: Adjusting ABI for com.cyanogenmod.setupwizard to arm64-v8a (requirer=android, scannedPackage=null)
09-01 00:56:30.036   898   898 I PackageManager: Adjusting ABI for com.android.location.fused to arm64-v8a (requirer=android, scannedPackage=null)
09-01 00:56:30.036   898   898 I PackageManager: Adjusting ABI for cyanogenmod.platform to arm64-v8a (requirer=android, scannedPackage=null)
09-01 00:56:30.037   898   898 I PackageManager: Time to scan packages: 3.341 seconds
09-01 00:56:30.038   898   898 W PackageManager: Unknown permission com.google.android.googleapps.permission.GOOGLE_AUTH in package com.android.providers.calendar
09-01 00:56:30.038   898   898 W PackageManager: Unknown permission com.google.android.googleapps.permission.GOOGLE_AUTH.cl in package com.android.providers.calendar
09-01 00:56:30.039   898   898 W PackageManager: Unknown permission cyanogenmod.permission.LEGALESE in package com.cyanogenmod.setupwizard
09-01 00:56:30.039   898   898 W PackageManager: Unknown permission com.google.android.googleapps.permission.GOOGLE_AUTH.mail in package com.android.calendar
09-01 00:56:30.039   898   898 W PackageManager: Unknown permission android.permission.ACCESS_COARSE_UPDATES in package com.android.supl
09-01 00:56:30.039   898   898 W PackageManager: Unknown permission com.android.launcher.permission.READ_SETTINGS in package com.android.onetimeinitializer
09-01 00:56:30.039   898   898 W PackageManager: Unknown permission com.android.launcher.permission.WRITE_SETTINGS in package com.android.onetimeinitializer
09-01 00:56:30.040   898   898 W PackageManager: Unknown permission com.android.launcher.permission.READ_SETTINGS in package com.cyanogenmod.trebuchet
09-01 00:56:30.040   898   898 W PackageManager: Unknown permission com.android.launcher.permission.WRITE_SETTINGS in package com.cyanogenmod.trebuchet
09-01 00:56:30.040   898   898 W PackageManager: Unknown permission com.google.android.permission.INSTALL_WEARABLE_PACKAGES in package com.android.packageinstaller
09-01 00:56:30.040   898   898 W PackageManager: Not granting permission android.permission.DELETE_PACKAGES to package com.svox.pico (protectionLevel=18 flags=0x3808be45)
09-01 00:56:30.041   898   898 W PackageManager: Unknown permission com.google.android.gallery3d.permission.PICASA_STORE in package com.android.dreams.phototable
09-01 00:56:30.041   898   898 W PackageManager: Unknown permission com.google.android.googleapps.permission.GOOGLE_AUTH in package com.android.settings
09-01 00:56:30.041   898   898 W PackageManager: Unknown permission com.android.launcher.permission.READ_SETTINGS in package com.android.settings
09-01 00:56:30.041   898   898 W PackageManager: Unknown permission com.android.launcher.permission.WRITE_SETTINGS in package com.android.settings
09-01 00:56:30.043   898   898 W PackageManager: Not granting permission android.permission.MANAGE_DOCUMENTS to package com.android.deskclock (protectionLevel=2 flags=0x3c49be45)
09-01 00:56:30.043   898   898 W PackageManager: Unknown permission com.android.deskclock.worldclock.permissions.WRITE_DATABASE in package com.android.deskclock
09-01 00:56:30.043   898   898 W PackageManager: Unknown permission org.codeaurora.permission.POWER_ON_ALERT in package com.android.deskclock
09-01 00:56:30.043   898   898 W PackageManager: Not granting permission android.permission.WRITE_SECURE_SETTINGS to package com.android.deskclock (protectionLevel=50 flags=0x3c49be45)
09-01 00:56:30.044   898   898 W PackageManager: Unknown permission com.cyanogenmod.lockclock.permission.READ_WEATHER in package com.android.systemui
09-01 00:56:30.045   898   898 W PackageManager: Unknown permission com.google.android.gallery3d.permission.GALLERY_PROVIDER in package com.android.bluetooth
09-01 00:56:30.045   898   898 W PackageManager: Unknown permission com.google.android.googleapps.permission.ACCESS_GOOGLE_PASSWORD in package com.android.development
09-01 00:56:30.045   898   898 W PackageManager: Unknown permission com.google.android.googleapps.permission.GOOGLE_AUTH in package com.android.development
09-01 00:56:30.045   898   898 W PackageManager: Unknown permission com.google.android.googleapps.permission.GOOGLE_AUTH.ALL_SERVICES in package com.android.development
09-01 00:56:30.045   898   898 W PackageManager: Unknown permission com.google.android.googleapps.permission.GOOGLE_AUTH.YouTubeUser in package com.android.development
09-01 00:56:30.046   898   898 V PackageManager: reconcileAppsData for null u0 0x3
09-01 00:56:30.374   898   898 V PackageManager: reconcileAppsData finished 91 packages
09-01 00:56:30.374   898   898 V PackageManager: Disabling com.google.android.gsf/com.google.android.gsf.update.SystemUpdateActivity
09-01 00:56:30.374   898   898 W PackageManager: Unable to disable com.google.android.gsf/com.google.android.gsf.update.SystemUpdateActivity
09-01 00:56:30.374   898   898 V PackageManager: Disabling com.google.android.gsf/com.google.android.gsf.update.SystemUpdateService$Receiver
09-01 00:56:30.374   898   898 W PackageManager: Unable to disable com.google.android.gsf/com.google.android.gsf.update.SystemUpdateService$Receiver
09-01 00:56:30.374   898   898 V PackageManager: Disabling com.google.android.gsf/com.google.android.gsf.update.SystemUpdateService$SecretCodeReceiver
09-01 00:56:30.374   898   898 W PackageManager: Unable to disable com.google.android.gsf/com.google.android.gsf.update.SystemUpdateService$SecretCodeReceiver
09-01 00:56:30.374   898   898 V PackageManager: Disabling com.google.android.gsf/com.google.android.gsf.update.SystemUpdateServiceReceiver
09-01 00:56:30.374   898   898 W PackageManager: Unable to disable com.google.android.gsf/com.google.android.gsf.update.SystemUpdateServiceReceiver
09-01 00:56:30.374   898   898 V PackageManager: Disabling com.google.android.gms/com.google.android.gms.update.SystemUpdateActivity
09-01 00:56:30.374   898   898 W PackageManager: Unable to disable com.google.android.gms/com.google.android.gms.update.SystemUpdateActivity
09-01 00:56:30.374   898   898 V PackageManager: Disabling com.google.android.gms/com.google.android.gms.update.SystemUpdateService$Receiver
09-01 00:56:30.374   898   898 W PackageManager: Unable to disable com.google.android.gms/com.google.android.gms.update.SystemUpdateService$Receiver
09-01 00:56:30.374   898   898 V PackageManager: Disabling com.google.android.gms/com.google.android.gms.update.SystemUpdateService$ActiveReceiver
09-01 00:56:30.374   898   898 W PackageManager: Unable to disable com.google.android.gms/com.google.android.gms.update.SystemUpdateService$ActiveReceiver
09-01 00:56:30.374   898   898 V PackageManager: Disabling com.google.android.gms/com.google.android.gms.update.SystemUpdateService$SecretCodeReceiver
09-01 00:56:30.374   898   898 W PackageManager: Unable to disable com.google.android.gms/com.google.android.gms.update.SystemUpdateService$SecretCodeReceiver
09-01 00:56:30.374   898   898 V PackageManager: Disabling com.google.android.gms/com.google.android.gms.update.SystemUpdateServiceReceiver
09-01 00:56:30.374   898   898 W PackageManager: Unable to disable com.google.android.gms/com.google.android.gms.update.SystemUpdateServiceReceiver
09-01 00:56:30.375   898   898 V PackageManager: Enabling com.google.android.gsf/com.google.android.gsf.update.SystemUpdateService
09-01 00:56:30.375   898   898 W PackageManager: Unable to enable com.google.android.gsf/com.google.android.gsf.update.SystemUpdateService
09-01 00:56:30.375   898   898 V PackageManager: Enabling com.google.android.gms/com.google.android.gms.update.SystemUpdateService
09-01 00:56:30.375   898   898 W PackageManager: Unable to enable com.google.android.gms/com.google.android.gms.update.SystemUpdateService
09-01 00:56:43.616   898   898 D PackageManager: Ephemeral resolver NOT found; no matching intent filters
09-01 00:56:43.616   898   898 I PackageManager: Ephemeral deactivated; missing resolver and installer
09-01 00:56:43.640   898   898 I SystemServer: StartOtaDexOptService
09-01 00:56:43.641   898   898 I SystemServer: StartUserManagerService
09-01 00:56:43.641   898   898 I SystemServiceManager: Starting com.android.server.pm.UserManagerService$LifeCycle
09-01 00:56:43.650   898   898 I SystemServiceManager: Starting com.android.server.BatteryService
09-01 00:56:43.656   898   898 I SystemServiceManager: Starting com.android.server.usage.UsageStatsService
09-01 00:56:43.662   898   898 I SystemServiceManager: Starting com.android.server.webkit.WebViewUpdateService
09-01 00:56:43.667   898   898 I SystemServer: Reading configuration...
09-01 00:56:43.667   898   898 I SystemServer: StartSchedulingPolicyService
09-01 00:56:43.668   898   898 I SystemServiceManager: Starting com.android.server.telecom.TelecomLoaderService
09-01 00:56:43.668   898   898 I SystemServer: StartTelephonyRegistry
09-01 00:56:43.671   898   898 I SystemServer: StartEntropyMixer
09-01 00:56:43.672   898   898 W EntropyMixer: No existing entropy file -- first boot?
09-01 00:56:43.672   898   898 I EntropyMixer: Writing entropy...
09-01 00:56:43.675   898   898 I SystemServer: Camera Service
09-01 00:56:43.675   898   898 I SystemServiceManager: Starting com.android.server.camera.CameraService
09-01 00:56:43.677   898   898 I SystemServer: StartAccountManagerService
09-01 00:56:43.677   898   898 I SystemServiceManager: Starting com.android.server.accounts.AccountManagerService$Lifecycle
09-01 00:56:43.683   898   898 I SystemServer: StartContentService
09-01 00:56:43.683   898   898 I SystemServiceManager: Starting com.android.server.content.ContentService$Lifecycle
09-01 00:56:43.685   898   898 I SystemServer: InstallSystemProviders
09-01 00:56:43.870   898   898 D ActivityThread: Loading provider settings: com.android.providers.settings.SettingsProvider
09-01 00:56:43.909   898   898 I SettingsState: No settings state /data/system/users/0/settings_system.xml
09-01 00:56:43.912   898   898 I SettingsState: No settings state /data/system/users/0/settings_secure.xml
09-01 00:56:43.914   898   898 D SettingsProvider: Generated and saved new ANDROID_ID [3794af040dce7153] for user 0
09-01 00:56:43.915   898   898 I SettingsState: No settings state /data/system/users/0/settings_global.xml
09-01 00:56:43.936   898   898 I SystemServer: StartVibratorService
09-01 00:56:43.939   898   898 I SystemServer: StartConsumerIrService
09-01 00:56:43.940   898   898 I SystemServer: StartAlarmManagerService
09-01 00:56:43.940   898   898 I SystemServiceManager: Starting com.android.server.AlarmManagerService
09-01 00:56:43.946   898   898 I SystemServer: InitWatchdog
09-01 00:56:43.946   898   898 I SystemServer: StartInputManagerService
09-01 00:56:43.946   898   898 I InputManager: Initializing input manager, mUseDevInputEventForAudioJack=true
09-01 00:56:43.948   898   898 I SystemServer: StartWindowManagerService
09-01 00:56:43.957   898   968 I WindowManager: No existing display settings /data/system/display_settings.xml; starting empty
09-01 00:56:44.068   898   898 I SystemServer: StartVrManagerService
09-01 00:56:44.068   898   898 I SystemServiceManager: Starting com.android.server.vr.VrManagerService
09-01 00:56:44.071   898   898 I InputManager: Starting input manager
09-01 00:56:44.076   898   898 I SystemServiceManager: Starting com.android.server.BluetoothService
09-01 00:56:44.079   898   898 D BluetoothManagerService: Loading stored name and address
09-01 00:56:44.079   898   898 D BluetoothManagerService: Stored bluetooth Name=null,Address=null
09-01 00:56:44.079   898   898 D BluetoothManagerService: Bluetooth persisted state: 0
09-01 00:56:44.079   898   898 I SystemServer: ConnectivityMetricsLoggerService
09-01 00:56:44.079   898   898 I SystemServiceManager: Starting com.android.server.connectivity.MetricsLoggerService
09-01 00:56:44.080   898   898 I SystemServer: IpConnectivityMetrics
09-01 00:56:44.080   898   898 I SystemServiceManager: Starting com.android.server.connectivity.IpConnectivityMetrics
09-01 00:56:44.081   898   898 I SystemServer: PinnerService
09-01 00:56:44.081   898   898 I SystemServiceManager: Starting com.android.server.PinnerService
09-01 00:56:44.082   898   898 I SystemServiceManager: Starting com.android.server.InputMethodManagerService$Lifecycle
09-01 00:56:44.132   898   898 W InputMethodManagerService: No IME selected. Choose the most applicable IME.
09-01 00:56:44.133   898   898 I InputMethodManagerService: Default found, using com.android.inputmethod.latin/.LatinIME
09-01 00:56:44.134   898   898 I SystemServer: StartAccessibilityManagerService
09-01 00:56:44.139   898   898 I ActivityManager: Config changes=1df8 {1.0 ?mcc?mnc [en_US] ldltr sw360dp w360dp h640dp 480dpi nrml long port ?uimode ?night -touch -keyb/h/h -nav/h s.2}
09-01 00:56:44.142   898   960 I UsageStatsDatabase: Upgrading from version 0 to 3
09-01 00:56:44.142   898   960 I UsageStatsDatabase: Deleting all usage stats files
09-01 00:56:44.144   898   960 I UsageStatsService: User[0] Rollover scheduled @ 2017-09-02 11:56:44(1504353404139)
09-01 00:56:44.144   898   960 D UsageStatsService: Initializing defaults for system apps on user 0
09-01 00:56:44.147   898   960 E AppIdleHistory: Unable to read app idle file for user 0
09-01 00:56:44.149   898   968 I ActivityManager: Config changes=508 {1.0 ?mcc?mnc [en_US] ldltr sw360dp w360dp h568dp 480dpi nrml port ?uimode ?night finger -keyb/h/h -nav/h s.3}
09-01 00:56:44.175   898   898 I SystemServiceManager: Starting com.android.server.MountService$Lifecycle
09-01 00:56:44.186   898   898 I SystemServiceManager: Starting com.android.server.UiModeManagerService
09-01 00:56:44.186   898  1306 D MountService: Thinking about init, mSystemReady=false, mDaemonConnected=true
09-01 00:56:44.186   898  1306 D MountService: Thinking about reset, mSystemReady=false, mDaemonConnected=true
09-01 00:56:44.186   898  1306 D MountService: Thinking about init, mSystemReady=false, mDaemonConnected=true
09-01 00:56:44.187   898  1306 D MountService: Thinking about reset, mSystemReady=false, mDaemonConnected=true
09-01 00:56:44.187   898  1306 D CryptdConnector: SND -> {1 cryptfs getfield SystemLocale}
09-01 00:56:44.188   898  1308 D CryptdConnector: RCV <- {200 1 -1}
09-01 00:56:44.189   898  1306 W MountService: No primary storage mounted!
09-01 00:56:44.189   898  1306 D VoldConnector: SND -> {1 asec list}
09-01 00:56:44.189   898   898 I ActivityManager: Config changes=200 {1.0 ?mcc?mnc [en_US] ldltr sw360dp w360dp h568dp 480dpi nrml port finger -keyb/h/h -nav/h s.4}
09-01 00:56:44.189   898  1307 D VoldConnector: RCV <- {200 1 asec operation succeeded}
09-01 00:56:44.190   898  1306 W PackageManager: Unknown permission com.google.android.googleapps.permission.GOOGLE_AUTH in package com.android.providers.calendar
09-01 00:56:44.190   898  1306 W PackageManager: Unknown permission com.google.android.googleapps.permission.GOOGLE_AUTH.cl in package com.android.providers.calendar
09-01 00:56:44.191   898  1306 W PackageManager: Unknown permission cyanogenmod.permission.LEGALESE in package com.cyanogenmod.setupwizard
09-01 00:56:44.192   898  1306 W PackageManager: Unknown permission com.google.android.googleapps.permission.GOOGLE_AUTH.mail in package com.android.calendar
09-01 00:56:44.192   898  1306 W PackageManager: Unknown permission android.permission.ACCESS_COARSE_UPDATES in package com.android.supl
09-01 00:56:44.192   898  1306 W PackageManager: Unknown permission com.android.launcher.permission.READ_SETTINGS in package com.android.onetimeinitializer
09-01 00:56:44.192   898  1306 W PackageManager: Unknown permission com.android.launcher.permission.WRITE_SETTINGS in package com.android.onetimeinitializer
09-01 00:56:44.193   898  1306 W PackageManager: Unknown permission com.android.launcher.permission.READ_SETTINGS in package com.cyanogenmod.trebuchet
09-01 00:56:44.193   898  1306 W PackageManager: Unknown permission com.android.launcher.permission.WRITE_SETTINGS in package com.cyanogenmod.trebuchet
09-01 00:56:44.193   898  1306 W PackageManager: Unknown permission com.google.android.permission.INSTALL_WEARABLE_PACKAGES in package com.android.packageinstaller
09-01 00:56:44.193   898  1306 W PackageManager: Not granting permission android.permission.DELETE_PACKAGES to package com.svox.pico (protectionLevel=18 flags=0x3888be45)
09-01 00:56:44.193   898  1306 W PackageManager: Unknown permission com.google.android.gallery3d.permission.PICASA_STORE in package com.android.dreams.phototable
09-01 00:56:44.193   898  1306 W PackageManager: Unknown permission com.google.android.googleapps.permission.GOOGLE_AUTH in package com.android.settings
09-01 00:56:44.193   898  1306 W PackageManager: Unknown permission com.android.launcher.permission.READ_SETTINGS in package com.android.settings
09-01 00:56:44.193   898  1306 W PackageManager: Unknown permission com.android.launcher.permission.WRITE_SETTINGS in package com.android.settings
09-01 00:56:44.195   898  1306 W PackageManager: Not granting permission android.permission.MANAGE_DOCUMENTS to package com.android.deskclock (protectionLevel=2 flags=0x3cc9be45)
09-01 00:56:44.195   898  1306 W PackageManager: Unknown permission com.android.deskclock.worldclock.permissions.WRITE_DATABASE in package com.android.deskclock
09-01 00:56:44.195   898  1306 W PackageManager: Unknown permission org.codeaurora.permission.POWER_ON_ALERT in package com.android.deskclock
09-01 00:56:44.195   898  1306 W PackageManager: Not granting permission android.permission.WRITE_SECURE_SETTINGS to package com.android.deskclock (protectionLevel=50 flags=0x3cc9be45)
09-01 00:56:44.195   898  1306 W PackageManager: Unknown permission com.cyanogenmod.lockclock.permission.READ_WEATHER in package com.android.systemui
09-01 00:56:44.196   898  1306 W PackageManager: Unknown permission com.google.android.gallery3d.permission.GALLERY_PROVIDER in package com.android.bluetooth
09-01 00:56:44.196   898  1306 W PackageManager: Unknown permission com.google.android.googleapps.permission.ACCESS_GOOGLE_PASSWORD in package com.android.development
09-01 00:56:44.196   898  1306 W PackageManager: Unknown permission com.google.android.googleapps.permission.GOOGLE_AUTH in package com.android.development
09-01 00:56:44.196   898  1306 W PackageManager: Unknown permission com.google.android.googleapps.permission.GOOGLE_AUTH.ALL_SERVICES in package com.android.development
09-01 00:56:44.196   898  1306 W PackageManager: Unknown permission com.google.android.googleapps.permission.GOOGLE_AUTH.YouTubeUser in package com.android.development
09-01 00:56:44.237   898  1306 W MountService: No primary storage mounted!
09-01 00:56:44.237   898  1306 D VoldConnector: SND -> {2 asec list}
09-01 00:56:44.238   898  1307 D VoldConnector: RCV <- {200 2 asec operation succeeded}
09-01 00:57:00.927   898   898 W PackageManager: No disk maintenance in 1504267020927; running immediately
09-01 00:57:00.927   898   898 I SystemServer: StartLockSettingsService
09-01 00:57:00.927   898  1306 I MountService: Running fstrim idle maintenance
09-01 00:57:00.927   898   898 I SystemServiceManager: Starting com.android.server.LockSettingsService$Lifecycle
09-01 00:57:00.928   898  1306 D VoldConnector: SND -> {3 fstrim dotrim}
09-01 00:57:00.928   898  1307 D VoldConnector: RCV <- {200 3 Command succeeded}
09-01 00:57:00.929   292  1938 D vold    : Starting trim of /data
09-01 00:57:00.934   898   898 I SystemServiceManager: Starting com.android.server.PersistentDataBlockService
09-01 00:57:00.935   898   898 E PersistentDataBlockService: not able to find package 
09-01 00:57:00.935   898   898 E PersistentDataBlockService: android.content.pm.PackageManager$NameNotFoundException: 
09-01 00:57:00.935   898   898 E PersistentDataBlockService: 	at android.app.ApplicationPackageManager.getPackageUidAsUser(ApplicationPackageManager.java:256)
09-01 00:57:00.935   898   898 E PersistentDataBlockService: 	at com.android.server.PersistentDataBlockService.getAllowedUid(PersistentDataBlockService.java:105)
09-01 00:57:00.935   898   898 E PersistentDataBlockService: 	at com.android.server.PersistentDataBlockService.<init>(PersistentDataBlockService.java:96)
09-01 00:57:00.935   898   898 E PersistentDataBlockService: 	at java.lang.reflect.Constructor.newInstance0(Native Method)
09-01 00:57:00.935   898   898 E PersistentDataBlockService: 	at java.lang.reflect.Constructor.newInstance(Constructor.java:430)
09-01 00:57:00.935   898   898 E PersistentDataBlockService: 	at com.android.server.SystemServiceManager.startService(SystemServiceManager.java:93)
09-01 00:57:00.935   898   898 E PersistentDataBlockService: 	at com.android.server.SystemServer.startOtherServices(SystemServer.java:817)
09-01 00:57:00.935   898   898 E PersistentDataBlockService: 	at com.android.server.SystemServer.run(SystemServer.java:368)
09-01 00:57:00.935   898   898 E PersistentDataBlockService: 	at com.android.server.SystemServer.main(SystemServer.java:237)
09-01 00:57:00.935   898   898 E PersistentDataBlockService: 	at java.lang.reflect.Method.invoke(Native Method)
09-01 00:57:00.935   898   898 E PersistentDataBlockService: 	at com.android.internal.os.ZygoteInit$MethodAndArgsCaller.run(ZygoteInit.java:889)
09-01 00:57:00.935   898   898 E PersistentDataBlockService: 	at com.android.internal.os.ZygoteInit.main(ZygoteInit.java:779)
09-01 00:57:00.947   898   898 I SystemServiceManager: Starting com.android.server.DeviceIdleController
09-01 00:57:00.950   898   898 I SystemServiceManager: Starting com.android.server.devicepolicy.DevicePolicyManagerService$Lifecycle
09-01 00:57:00.956   898   898 I SystemServer: StartStatusBarManagerService
09-01 00:57:00.958   898   898 I SystemServer: StartClipboardService
09-01 00:57:00.960   898   898 I SystemServer: StartNetworkManagementService
09-01 00:57:00.963   898  1939 I NetworkManagement: onDaemonConnected()
09-01 00:57:00.966   898   898 I SystemServiceManager: Starting com.android.server.TextServicesManagerService$Lifecycle
09-01 00:57:00.972   898   898 I SystemServer: StartNetworkScoreService
09-01 00:57:00.973   898   898 I SystemServer: StartNetworkStatsService
09-01 00:57:00.978   898   898 I SystemServer: StartNetworkPolicyManagerService
09-01 00:57:00.982   898   898 I SystemServer: No Wi-Fi NAN Service (NAN support Not Present)
09-01 00:57:00.983   898   898 I SystemServiceManager: Starting com.android.server.wifi.p2p.WifiP2pService
09-01 00:57:01.027   898   898 I SystemServiceManager: Starting com.android.server.wifi.WifiService
09-01 00:57:01.364   898   898 I SystemServiceManager: Starting com.android.server.wifi.scanner.WifiScanningService
09-01 00:57:01.370   898   898 I SystemServiceManager: Starting com.android.server.wifi.RttService
09-01 00:57:01.372   898   898 I SystemServiceManager: Starting com.android.server.ethernet.EthernetService
09-01 00:57:01.374   898   898 I SystemServer: StartConnectivityService
09-01 00:57:01.379   898   898 D ConnectivityService: ConnectivityService starting up
09-01 00:57:01.384   898   898 D ConnectivityService: wifiOnly=false
09-01 00:57:01.384   898   898 E ConnectivityService: Ignoring protectedNetwork 15
09-01 00:57:01.393   898   898 I SystemServer: StartNsdService
09-01 00:57:01.397   898   898 I SystemServer: StartUpdateLockService
09-01 00:57:01.398   898   898 I SystemServiceManager: Starting com.android.server.RecoverySystemService
09-01 00:57:01.400   898   898 I SystemServiceManager: Starting com.android.server.notification.NotificationManagerService
09-01 00:57:01.411   898   898 D ConditionProviders.SCP: new ScheduleConditionProvider()
09-01 00:57:01.421   898   898 D ZenLog  : set_zen_mode: off,init
09-01 00:57:01.428   898   898 I SystemServiceManager: Starting com.android.server.storage.DeviceStorageMonitorService
09-01 00:57:01.430   898   898 I SystemServer: StartLocationManagerService
09-01 00:57:01.434   898   898 I SystemServer: StartCountryDetectorService
09-01 00:57:01.435   898   898 I SystemServer: StartSearchManagerService
09-01 00:57:01.435   898   898 I SystemServiceManager: Starting com.android.server.search.SearchManagerService$Lifecycle
09-01 00:57:01.438   898   898 I SystemServiceManager: Starting com.android.server.DropBoxManagerService
09-01 00:57:01.440   898   898 I SystemServer: StartWallpaperManagerService
09-01 00:57:01.440   898   898 I SystemServiceManager: Starting com.android.server.wallpaper.WallpaperManagerService$Lifecycle
09-01 00:57:01.442   898   898 E WallpaperManagerService: Invalid wallpaper data
09-01 00:57:01.442   898   898 E WallpaperManagerService: Unable to apply new wallpaper
09-01 00:57:01.443   898   898 W WallpaperManagerService: no current wallpaper -- first boot?
09-01 00:57:01.443   898   898 I SystemServer: StartAudioService
09-01 00:57:01.444   898   898 I SystemServiceManager: Starting com.android.server.audio.AudioService$Lifecycle
09-01 00:57:01.472   898   898 I SystemServiceManager: Starting com.android.server.DockObserver
09-01 00:57:01.473   898   898 W DockObserver: This kernel does not have dock station support
09-01 00:57:01.474   898   898 I SystemServer: StartWiredAccessoryManager
09-01 00:57:01.475   898   898 W WiredAccessoryManager: This kernel does not have usb audio support
09-01 00:57:01.475   898   898 W WiredAccessoryManager: This kernel does not have HDMI audio support
09-01 00:57:01.475   898   898 I SystemServiceManager: Starting com.android.server.usb.UsbService$Lifecycle
09-01 00:57:01.484   898   898 I SystemServer: StartSerialService
09-01 00:57:01.486   898   898 I SystemServiceManager: Starting com.android.server.twilight.TwilightService
09-01 00:57:01.488   898   898 I SystemServiceManager: Starting com.android.server.job.JobSchedulerService
09-01 00:57:01.495   898   898 I SystemServiceManager: Starting com.android.server.soundtrigger.SoundTriggerService
09-01 00:57:01.496   898   898 I SystemServiceManager: Starting com.android.server.backup.BackupManagerService$Lifecycle
09-01 00:57:01.498   898   898 I SystemServiceManager: Starting com.android.server.appwidget.AppWidgetService
09-01 00:57:01.508   898   898 I SystemServiceManager: Starting com.android.server.voiceinteraction.VoiceInteractionManagerService
09-01 00:57:01.510   898   898 I SystemServer: Gesture Launcher Service
09-01 00:57:01.510   898   898 I SystemServiceManager: Starting com.android.server.GestureLauncherService
09-01 00:57:01.511   898   898 I SystemServiceManager: Starting com.android.server.SensorNotificationService
09-01 00:57:01.511   898   898 I SystemServiceManager: Starting com.android.server.ContextHubSystemService
09-01 00:57:01.512   898   898 I SystemServer: StartDiskStatsService
09-01 00:57:01.514   898   898 I SystemServer: StartSamplingProfilerService
09-01 00:57:01.517   898   898 I SystemServer: StartNetworkTimeUpdateService
09-01 00:57:01.518   898   898 I SystemServer: StartCommonTimeManagementService
09-01 00:57:01.519   898   898 I SystemServer: CertBlacklister
09-01 00:57:01.521   898   898 I SystemServiceManager: Starting com.android.server.emergency.EmergencyAffordanceService
09-01 00:57:01.522   898   898 I SystemServiceManager: Starting com.android.server.dreams.DreamManagerService
09-01 00:57:01.524   898   898 I SystemServer: StartAssetAtlasService
