09-01 00:57:45.507   341   446 I audio_pop: pop change CLASSD VIR_SWITCH CLASSD_EN dir 0
09-01 00:57:45.507   341   446 I audio_pop: pop change SMT_MIXOUT_EAR_PU MIXER DACR dir 0
09-01 00:57:45.507   341   446 I audio_pop: pop change SMT_MIXOUT_EAR_PU MIXER DACL dir 0
09-01 00:57:45.507   341   446 I dsp_common: dsp_common_control_algo:set device = 0
09-01 00:57:45.508   341   446 I audio_hw_primary: select_devices--
09-01 00:57:45.619   898   898 I GnssLocationProvider: WakeLock acquired by sendMessage(12, 0, null)
09-01 00:57:45.622  2900  3258 W MessagingApp: PhoneUtils.getForLMR1(): invalid subId = -1
09-01 00:57:45.624  2900  3259 W MessagingApp: PhoneUtils.getForLMR1(): invalid subId = -1
09-01 00:57:45.639   898   960 I GnssLocationProvider: WakeLock released by handleMessage(12, 0, null)
09-01 00:57:45.642  2027  2027 W KeyguardUpdateMonitor: invalid subId in handleServiceStateChange()
09-01 00:57:45.644  3227  3227 D CellBroadcastReceiver: onReceive Intent { act=android.intent.action.SERVICE_STATE flg=0x10 cmp=com.android.cellbroadcastreceiver/.CellBroadcastReceiver (has extras) }
09-01 00:57:45.644  3227  3227 D CellBroadcastReceiver: Intent: android.intent.action.SERVICE_STATE
09-01 00:57:45.652  2246  2246 I Telephony: PstnIncomingCallNotifier: Unregistering: Handler (com.android.internal.telephony.GsmCdmaPhone) {d99232c}
09-01 00:57:45.657  2246  2246 E PhoneInterfaceManager: [PhoneIntfMgr] getIccId: No UICC
09-01 00:57:45.657  2900  3259 W MessagingApp: PhoneUtils.getForLMR1(): invalid subId = -1
09-01 00:57:45.658  2900  3259 W MessagingApp: PhoneUtils.getForLMR1(): invalid subId = -1
09-01 00:57:45.659  2900  3259 W MessagingApp: PhoneUtils.getSelfRawNumber: subInfo is null for -1
09-01 00:57:45.660  2900  3259 W MessagingApp: PhoneUtils.getForLMR1(): invalid subId = -1
09-01 00:57:45.673   898  2291 I Telecom : PhoneAccountRegistrar: [ComponentInfo{com.android.phone/com.android.services.telephony.TelephonyConnectionService}, [e0184adedf913b076626646d3f52c3b49c39ad6d], UserHandle{0}(icon: Icon(typ=BITMAP size=57x72) -> Icon(typ=BITMAP size=57x72))]: TSI.rPA@AC0
09-01 00:57:45.677   898  2291 I Telecom : : Sending phone-account registered intent as user: TSI.rPA@AC0
09-01 00:57:45.679  2246  2246 I Telephony: AccountEntry: Registered phoneAccount: [[ ] PhoneAccount: ComponentInfo{com.android.phone/com.android.services.telephony.TelephonyConnectionService}, [e0184adedf913b076626646d3f52c3b49c39ad6d], UserHandle{0} Capabilities: CallProvider MultiUser PlaceEmerg SimSub  Audio Routes: BESW Schemes: tel voicemail  Extras: null GroupId: [da39a3ee5e6b4b0d3255bfef95601890afd80709]] with handle: ComponentInfo{com.android.phone/com.android.services.telephony.TelephonyConnectionService}, [e0184adedf913b076626646d3f52c3b49c39ad6d], UserHandle{0}
09-01 00:57:45.679  2246  2246 I Telephony: PstnIncomingCallNotifier: Registering: Handler (com.android.internal.telephony.GsmCdmaPhone) {d99232c}
09-01 00:57:45.696  2246  2246 E PhoneInterfaceManager: [PhoneIntfMgr] getIccId: No UICC
09-01 00:57:45.706   898  2560 I Telecom : PhoneAccountRegistrar: [ComponentInfo{com.android.phone/com.android.services.telephony.TelephonyConnectionService}, [e0184adedf913b076626646d3f52c3b49c39ad6d], UserHandle{0}(icon: Icon(typ=BITMAP size=57x72) -> Icon(typ=BITMAP size=57x72))]: TSI.rPA@ADE
09-01 00:57:45.711   898  2560 I Telecom : : Sending phone-account registered intent as user: TSI.rPA@ADE
09-01 00:57:45.888   341   446 I audio_hw_primary: start_output_stream++: out_type = 0, out_device = 2,out->pcm[PCM_CARD] = 0x0, out->voice_pcm = 0x0
09-01 00:57:45.889   341   446 V audio_hw_primary: pcm_open(PCM_CARD) succeed. pcm_device: 0
09-01 00:57:45.889   341   446 I audio_hw_primary: select_devices++ mode[0]
09-01 00:57:45.889   341   446 V audio_hw_primary: custom selected input route none
09-01 00:57:45.889   341   446 V audio_hw_primary: custom selected output route media-speaker
09-01 00:57:45.889   341   446 I audio_hw_primary: select_devices() devices 0x2 input src 0 output route media-speaker input route none
09-01 00:57:45.889   341   446 V audio_hw_primary: forced_out 0 adev_device 0x2 output_device 0x2 
09-01 00:57:45.889   341   446 I dsp_common: dsp_common_control_algo:set device = 2
09-01 00:57:45.890   341   446 I audio_pop: pop change SMT_MIXOUT_EAR_PU MIXER DACL dir 1
09-01 00:57:45.890   341   446 I audio_pop: pop change SMT_MIXOUT_EAR_PU MIXER DACR dir 1
09-01 00:57:45.943   341   446 I audio_pop: pop change CLASSD VIR_SWITCH CLASSD_EN dir 1
09-01 00:57:45.943   341   446 I dsp_common: dsp_common_control_algo:set device = 2
09-01 00:57:45.943   341   446 I audio_hw_primary: select_devices--
09-01 00:57:45.943   341   446 I audio_hw_primary: start_output_stream--
09-01 00:57:45.944   341   446 D asd     : [asd_proc_hal_data],hal data soundness: L[817],R[817]
09-01 00:57:45.944   341   446 D asd     : [asd_proc_hal_data],hal data soundness: L[18],R[14]
09-01 00:57:45.955  2027  2027 I SlideTouchEvent: vel=0.0, MinimumFlingVelocity=150
09-01 00:57:45.969   341   446 D AudioFlinger: mixer(0xf5b83ac0) throttle end: throttle time(10)
09-01 00:57:45.985  3146  3169 D Index   : Indexing locale 'en_US' took 9 millis
09-01 00:57:45.996  3146  3243 W ProcStatsManager: No process com.android.providers.calendar/10004 for service com.android.providers.calendar.EmptyService
09-01 00:57:45.996  3146  3243 W ProcStatsManager: No process com.android.providers.calendar/10004 for service com.android.providers.calendar.CalendarProviderIntentService
09-01 00:57:45.996  3146  3243 W ProcStatsManager: No process android.process.media/10010 for service com.android.providers.media.MediaScannerService
09-01 00:57:45.996  3146  3243 W ProcStatsManager: No process com.android.messaging/10061 for service com.android.messaging.datamodel.action.BackgroundWorkerService
09-01 00:57:45.996  3146  3243 W ProcStatsManager: No process com.android.messaging/10061 for service com.android.messaging.datamodel.action.ActionServiceImpl
09-01 00:57:45.996  3146  3243 W ProcStatsManager: No process com.android.carrierconfig/10005 for service com.android.carrierconfig.DefaultCarrierConfigService
09-01 00:57:45.996  3146  3243 W ProcStatsManager: No process com.android.phone/1001 for service com.android.stk.StkAppService
09-01 00:57:45.996  3146  3243 W ProcStatsManager: No process com.cyanogenmod.lockclock/10056 for service com.cyanogenmod.lockclock.ClockWidgetService
09-01 00:57:45.996  3146  3243 W ProcStatsManager: No process com.cyanogenmod.lockclock/10056 for service com.cyanogenmod.lockclock.weather.WeatherUpdateService
09-01 00:57:45.996  3146  3243 W ProcStatsManager: No process com.cyanogenmod.lockclock/10056 for service com.cyanogenmod.lockclock.DeviceStatusService
09-01 00:57:45.996  3146  3243 W ProcStatsManager: No process com.cyanogenmod.lockclock/10056 for service com.cyanogenmod.lockclock.weather.WeatherSourceListenerService
09-01 00:57:45.996  3146  3243 W ProcStatsManager: No process com.android.printspooler/10055 for service com.android.printspooler.model.PrintSpoolerService
09-01 00:57:45.996  3146  3243 W ProcStatsManager: No process com.android.onetimeinitializer/10019 for service com.android.onetimeinitializer.OneTimeInitializerService
09-01 00:57:45.996  3146  3243 W ProcStatsManager: No process system/1000 for service com.android.server.telecom.components.BluetoothPhoneService
09-01 00:57:45.996  3146  3243 W ProcStatsManager: No process system/1000 for service com.android.server.telecom.components.TelecomService
09-01 00:57:45.996  3146  3243 W ProcStatsManager: No process org.cyanogenmod.cmparts/1000 for service org.cyanogenmod.cmparts.cmstats.ReportingService
09-01 00:57:45.996  3146  3243 W ProcStatsManager: No process com.android.keychain/1000 for service com.android.keychain.KeyChainService
09-01 00:57:45.996  3146  3243 W ProcStatsManager: No process com.android.dialer/10018 for service com.android.dialer.calllog.CallLogNotificationsService
09-01 00:57:45.996  3146  3243 W ProcStatsManager: No process system/1000 for service com.android.location.fused.FusedLocationService
09-01 00:57:45.996  3146  3243 W ProcStatsManager: No process com.android.exchange/10047 for service com.android.exchange.service.EasService
09-01 00:57:45.997  3146  3243 W ProcStatsManager: No process com.android.bluetooth/1002 for service com.android.bluetooth.btservice.AdapterService
09-01 00:57:46.008   325   667 I gralloc : alloc_device_alloc:564: Alloc handle(0x7f8aa11b00): interfmt=200000001, stride=1088, size=8486912, usage=0x900
09-01 00:57:46.017   325   667 I gralloc : alloc_device_alloc:564: Alloc handle(0x7f8aa6b000): interfmt=200000001, stride=1088, size=8486912, usage=0x900
09-01 00:57:46.017   325   667 I gralloc : alloc_device_alloc:564: Alloc handle(0x7f8aa3a000): interfmt=200000001, stride=1088, size=8486912, usage=0x900
09-01 00:57:46.022  3146  3168 D mali_winsys: EGLint new_window_surface(egl_winsys_display*, void*, EGLSurface, EGLConfig, egl_winsys_surface**, egl_color_buffer_format*, EGLBoolean) returns 0x3000
09-01 00:57:46.022  3146  3243 W DataUsageController: Failed to get data usage, no subscriber id
09-01 00:57:46.029  3146  3164 W TileUtils: Found com.android.systemui.tuner.TunerActivity for intent Intent { act=com.android.settings.action.EXTRA_SETTINGS } missing metadata 
09-01 00:57:46.030   325   372 I gralloc : alloc_device_free:586: Free handle(0x7f8aa3a000)
09-01 00:57:46.031   325   372 I gralloc : alloc_device_alloc:564: Alloc handle(0x7f8aa3a200): interfmt=200000001, stride=1088, size=8486912, usage=0xb00
09-01 00:57:46.037   325  2432 I gralloc : alloc_device_free:586: Free handle(0x7f8aa6b000)
09-01 00:57:46.038   325  2432 I gralloc : alloc_device_alloc:564: Alloc handle(0x7f8aa3a900): interfmt=200000001, stride=1088, size=8486912, usage=0xb00
09-01 00:57:46.050  3146  3146 W ViewRootImpl[Settings]: Dropping event due to no window focus: KeyEvent { action=ACTION_DOWN, keyCode=KEYCODE_BACK, scanCode=0, metaState=0, flags=0x48, repeatCount=0, eventTime=125720, downTime=125720, deviceId=-1, source=0x101 }
09-01 00:57:46.050  3146  3146 D DashboardSummary: onConditionsChanged
09-01 00:57:46.066   341   446 D asd     : [asd_proc_hal_data],hal data soundness: L[817],R[817]
09-01 00:57:46.069   325   372 I gralloc : alloc_device_free:586: Free handle(0x7f8aa11b00)
09-01 00:57:46.071   325   372 I gralloc : alloc_device_alloc:564: Alloc handle(0x7f8aa3ae00): interfmt=200000001, stride=1088, size=8486912, usage=0xb00
09-01 00:57:46.086   341   446 D asd     : [asd_proc_hal_data],hal data soundness: L[18],R[14]
09-01 00:57:46.093   325   372 I gralloc : alloc_device_free:586: Free handle(0x7f8aa11a00)
09-01 00:57:46.093   325   372 I gralloc : alloc_device_free:586: Free handle(0x7f8aa3ad00)
09-01 00:57:46.112   898  1945 D WifiNative-HAL: Failing getSupportedFeatureset because HAL isn't started
09-01 00:57:46.113   898  2291 E BatteryStatsService: no controller energy info supplied
09-01 00:57:46.113   898  2291 E BatteryStatsService: no controller energy info supplied
09-01 00:57:46.114  2246  2246 E PhoneInterfaceManager: [PhoneIntfMgr] queryModemActivityInfo: Empty response
09-01 00:57:46.117   898  2291 E KernelWakelockReader: neither /proc/wakelocks nor /d/wakeup_sources exists
09-01 00:57:46.117   898  2291 W BatteryStatsImpl: Couldn't get kernel wake lock stats
09-01 00:57:46.117   898  2291 E BatteryStatsService: modem info is invalid: ModemActivityInfo{ mTimestamp=0 mSleepTimeMs=0 mIdleTimeMs=0 mTxTimeMs[]=[0, 0, 0, 0, 0] mRxTimeMs=0 mEnergyUsed=0}
09-01 00:57:46.127  2027  2027 I SlideTouchEvent: vel=0.0, MinimumFlingVelocity=150
09-01 00:57:46.131   358   659 I logserver: handle_logfile_events, Object Path:/data/system/dropbox/, mask=0x00000080
09-01 00:57:46.131   358   659 I logserver: process_one_event, event->len=48, name=system_server_wtf@1504267066128.txt
09-01 00:57:46.206   341   446 D asd     : [asd_proc_hal_data],hal data soundness: L[817],R[817]
09-01 00:57:46.226   341   446 D asd     : [asd_proc_hal_data],hal data soundness: L[18],R[14]
09-01 00:57:46.257  2027  2027 I SlideTouchEvent: vel=0.0, MinimumFlingVelocity=150
09-01 00:57:46.293   325  2432 I gralloc : alloc_device_alloc:564: Alloc handle(0x7f8aa42c00): interfmt=1, stride=704, size=2883584, usage=0x333
09-01 00:57:46.294   325   372 I gralloc : alloc_device_free:586: Free handle(0x7f8aa42c00)
09-01 00:57:46.366   325   374 I gralloc : alloc_device_alloc:564: Alloc handle(0x7f8aa42300): interfmt=200000001, stride=1088, size=8486912, usage=0x900
09-01 00:57:46.371   325   374 I gralloc : alloc_device_alloc:564: Alloc handle(0x7f84be2700): interfmt=200000001, stride=1088, size=8486912, usage=0x900
09-01 00:57:46.372   325   374 I gralloc : alloc_device_alloc:564: Alloc handle(0x7f8aa11a00): interfmt=200000001, stride=1088, size=8486912, usage=0x900
09-01 00:57:46.373  2967  3199 D mali_winsys: EGLint new_window_surface(egl_winsys_display*, void*, EGLSurface, EGLConfig, egl_winsys_surface**, egl_color_buffer_format*, EGLBoolean) returns 0x3000
09-01 00:57:46.394  2967  2967 W ViewRootImpl[Launcher]: Dropping event due to no window focus: KeyEvent { action=ACTION_DOWN, keyCode=KEYCODE_BACK, scanCode=0, metaState=0, flags=0x48, repeatCount=0, eventTime=126048, downTime=126048, deviceId=-1, source=0x101 }
09-01 00:57:46.403   325  2432 I gralloc : alloc_device_free:586: Free handle(0x7f8aa11a00)
09-01 00:57:46.405   325  2432 I gralloc : alloc_device_alloc:564: Alloc handle(0x7f8aa11b00): interfmt=200000001, stride=1088, size=8486912, usage=0xb00
09-01 00:57:46.406   341   446 D asd     : [asd_proc_hal_data],hal data soundness: L[817],R[817]
09-01 00:57:46.411   325  2432 I gralloc : alloc_device_free:586: Free handle(0x7f84be2700)
09-01 00:57:46.412   325  2432 I gralloc : alloc_device_alloc:564: Alloc handle(0x7f8aa3a000): interfmt=200000001, stride=1088, size=8486912, usage=0xb00
09-01 00:57:46.425  2027  2027 I SlideTouchEvent: vel=0.0, MinimumFlingVelocity=150
09-01 00:57:46.426   341   446 D asd     : [asd_proc_hal_data],hal data soundness: L[18],R[14]
09-01 00:57:46.431   325  2303 I gralloc : alloc_device_free:586: Free handle(0x7f8aa42300)
09-01 00:57:46.432   325  2303 I gralloc : alloc_device_alloc:564: Alloc handle(0x7f8aa3a100): interfmt=200000001, stride=1088, size=8486912, usage=0xb00
09-01 00:57:46.432   325   667 I gralloc : alloc_device_free:586: Free handle(0x7f8aa3ae00)
09-01 00:57:46.433   325   667 I gralloc : alloc_device_free:586: Free handle(0x7f8aa3a900)
09-01 00:57:46.749   898   962 I ActivityManager: START u0 {act=android.intent.action.MAIN cat=[android.intent.category.HOME] flg=0x10200000 cmp=com.cyanogenmod.trebuchet/com.android.launcher3.Launcher (has extras)} from uid 1000 on display 0
09-01 00:57:46.810   325  2303 I gralloc : alloc_device_free:586: Free handle(0x7f8aa3a100)
09-01 00:57:46.810   325  2303 I gralloc : alloc_device_free:586: Free handle(0x7f8aa11b00)
09-01 00:57:46.812  2967  3199 D mali_winsys: EGLint new_window_surface(egl_winsys_display*, void*, EGLSurface, EGLConfig, egl_winsys_surface**, egl_color_buffer_format*, EGLBoolean) returns 0x3000
09-01 00:57:46.825   325  2303 I gralloc : alloc_device_alloc:564: Alloc handle(0x7f8aa3a300): interfmt=200000001, stride=1088, size=8486912, usage=0xb00
09-01 00:57:46.833   325   667 I gralloc : alloc_device_alloc:564: Alloc handle(0x7f8aa3a400): interfmt=200000001, stride=1088, size=8486912, usage=0xb00
09-01 00:57:46.839   325   325 I gralloc : alloc_device_free:586: Free handle(0x7f8aa11600)
09-01 00:57:46.868   325   325 I gralloc : alloc_device_free:586: Free handle(0x7f8aa3a200)
09-01 00:57:46.899   325  2432 I gralloc : alloc_device_alloc:564: Alloc handle(0x7f8aa42400): interfmt=200000001, stride=1088, size=8486912, usage=0xb00
09-01 00:57:46.902   325   325 I gralloc : alloc_device_free:586: Free handle(0x7f8aa3a000)
09-01 00:57:46.937  2967  3199 W OpenGLRenderer: Incorrectly called buildLayer on View: ShortcutAndWidgetContainer, destroying layer...
09-01 00:57:47.299  1585  1585 I balong_modem0: type=1400 audit(0.0:1047): avc: denied { write } for name="mipi_dsi_bit_clk_upt" dev="sysfs" ino=29940 scontext=u:r:rild:s0 tcontext=u:object_r:sysfs:s0 tclass=file permissive=1
09-01 00:57:47.342   325   497 W SurfaceFlinger: Ignoring duplicate VSYNC event from HWC (t=127002538522)
09-01 00:57:47.889   362   362 I chargemonitor: type=1400 audit(0.0:1048): avc: denied { search } for name="thermal" dev="sysfs" ino=26342 scontext=u:r:logd:s0 tcontext=u:object_r:sysfs_pg:s0 tclass=dir permissive=1
09-01 00:57:47.889   362   362 I chargemonitor: type=1400 audit(0.0:1049): avc: denied { read } for name="temp" dev="sysfs" ino=33131 scontext=u:r:logd:s0 tcontext=u:object_r:sysfs_pg:s0 tclass=file permissive=1
09-01 00:57:47.889   362   362 I chargemonitor: type=1400 audit(0.0:1050): avc: denied { open } for path="/sys/devices/virtual/thermal/thermal_zone6/temp" dev="sysfs" ino=33131 scontext=u:r:logd:s0 tcontext=u:object_r:sysfs_pg:s0 tclass=file permissive=1
09-01 00:57:48.426   341   446 D asd     : [asd_proc_hal_data],hal data soundness: L[0],R[0]
09-01 00:57:48.652   325   497 W SurfaceFlinger: Ignoring duplicate VSYNC event from HWC (t=128311893209)
09-01 00:57:49.349   337   337 E Thermal-daemon: [pa_0] temp_new :39  temp_old :40
09-01 00:57:49.349   337   337 E ThermalBinder: mThermalService is NULL!
09-01 00:57:49.349   337   337 E Thermal-daemon: Report temperature: [pa_0] temp :39  report_threshold:1
09-01 00:57:49.350   337   337 E Thermal-daemon: [charger_ic] temp_new :39  temp_old :40
09-01 00:57:49.350   337   337 E ThermalBinder: mThermalService is NULL!
09-01 00:57:49.350   337   337 E Thermal-daemon: Report temperature: [charger_ic] temp :39  report_threshold:1
09-01 00:57:49.467   341   446 I audio_hw_primary: do_out_standby standby: 0, out_device: 2
09-01 00:57:49.483   341   446 I audio_hw_primary: select_devices++ mode[0]
09-01 00:57:49.483   341   446 V audio_hw_primary: custom selected input route none
09-01 00:57:49.483   341   446 V audio_hw_primary: custom selected output route none
09-01 00:57:49.483   341   446 I audio_hw_primary: select_devices() devices 0x2 input src 0 output route none input route none
09-01 00:57:49.483   341   446 V audio_hw_primary: forced_out 0 adev_device 0x2 output_device 0 
09-01 00:57:49.483   341   446 I dsp_common: dsp_common_control_algo:set device = 0
09-01 00:57:49.507   341   446 I audio_pop: pop change CLASSD VIR_SWITCH CLASSD_EN dir 0
09-01 00:57:49.507   341   446 I audio_pop: pop change SMT_MIXOUT_EAR_PU MIXER DACR dir 0
09-01 00:57:49.507   341   446 I audio_pop: pop change SMT_MIXOUT_EAR_PU MIXER DACL dir 0
09-01 00:57:49.508   341   446 I dsp_common: dsp_common_control_algo:set device = 0
09-01 00:57:49.508   341   446 I audio_hw_primary: select_devices--
09-01 00:57:50.046   325   497 W SurfaceFlinger: Ignoring duplicate VSYNC event from HWC (t=129706139042)
09-01 00:57:50.329  1584  1584 I rild    : type=1400 audit(0.0:1051): avc: denied { write } for name="netd" dev="tmpfs" ino=13357 scontext=u:r:rild:s0 tcontext=u:object_r:netd_socket:s0 tclass=sock_file permissive=1
09-01 00:57:50.329  1584  1584 I rild    : type=1400 audit(0.0:1052): avc: denied { write } for name="oeminfo_nvm" dev="tmpfs" ino=4505 scontext=u:r:rild:s0 tcontext=u:object_r:socket_device:s0 tclass=sock_file permissive=1
09-01 00:57:50.329  1584  1584 I rild    : type=1400 audit(0.0:1053): avc: denied { connectto } for path="/dev/socket/oeminfo_nvm" scontext=u:r:rild:s0 tcontext=u:r:oeminfo_nvm:s0 tclass=unix_stream_socket permissive=1
09-01 00:57:50.329   249   249 I oeminfo_nvm_ser: type=1400 audit(0.0:1054): avc: denied { setattr } for name="oinv" dev="tmpfs" ino=4503 scontext=u:r:oeminfo_nvm:s0 tcontext=u:object_r:device:s0 tclass=dir permissive=1
09-01 00:57:50.329   249   249 I oeminfo_nvm_ser: type=1400 audit(0.0:1055): avc: denied { fsetid } for capability=4 scontext=u:r:oeminfo_nvm:s0 tcontext=u:r:oeminfo_nvm:s0 tclass=capability permissive=1
09-01 00:57:50.329   249   249 I oeminfo_nvm_ser: type=1400 audit(0.0:1056): avc: denied { read write } for name="mmcblk0p8" dev="tmpfs" ino=12428 scontext=u:r:oeminfo_nvm:s0 tcontext=u:object_r:block_device:s0 tclass=blk_file permissive=1
09-01 00:57:50.329   249   249 I oeminfo_nvm_ser: type=1400 audit(0.0:1057): avc: denied { open } for path="/dev/block/mmcblk0p8" dev="tmpfs" ino=12428 scontext=u:r:oeminfo_nvm:s0 tcontext=u:object_r:block_device:s0 tclass=blk_file permissive=1
09-01 00:57:50.329   249   249 I oeminfo_nvm_ser: type=1400 audit(0.0:1058): avc: denied { ioctl } for path="/dev/block/mmcblk0p8" dev="tmpfs" ino=12428 ioctlcmd=1260 scontext=u:r:oeminfo_nvm:s0 tcontext=u:object_r:block_device:s0 tclass=blk_file permissive=1
09-01 00:57:50.336  1572  1584 D ril_rore: Connected to netd 27
09-01 00:57:50.336  1572  1584 D ril_rore: void do_ril_report():
09-01 00:57:50.337   249   249 D OEMINFO_NVM_SERVER: Accept connection from pid 1572 (******), uid: 1001, gid: 1001
09-01 00:57:50.337   249   249 D OEMINFO_NVM_SERVER: Receive: opr = 4, idx = 169, len = 0, name()
09-01 00:57:50.337   249   249 I OEMINFO_NVM_CORE: compat_oeminfo_get_info: version v6
09-01 00:57:50.337   249   249 I OEMINFO_NVM_CORE: find oeminfo device /dev/block/bootdevice/by-name/oeminfo
09-01 00:57:50.348   249   249 E OEMINFO_NVM_CORE: oeminfo data not find !!!!
09-01 00:57:50.349   249   249 E OEMINFO_NVM_SERVER: pid 1572, opration oeminfo_getinfo FAIL
09-01 00:57:50.350  1572  1584 E         : rmt_oeminfo_get_info, get data from server fail
09-01 00:57:50.350  1572  1584 E ril_rore: NULL oeminfo info or Failed, type:169
09-01 00:57:50.350   249   249 D OEMINFO_NVM_SERVER: Accept connection from pid 1572 (******), uid: 1001, gid: 1001
09-01 00:57:50.350   249   249 D OEMINFO_NVM_SERVER: Receive: opr = 4, idx = 170, len = 0, name()
09-01 00:57:50.350   249   249 I OEMINFO_NVM_CORE: compat_oeminfo_get_info: version v6
09-01 00:57:50.350   249   249 I OEMINFO_NVM_CORE: find oeminfo device /dev/block/bootdevice/by-name/oeminfo
09-01 00:57:50.357   249   249 E OEMINFO_NVM_CORE: oeminfo data not find !!!!
09-01 00:57:50.357   249   249 E OEMINFO_NVM_SERVER: pid 1572, opration oeminfo_getinfo FAIL
09-01 00:57:50.357  1572  1584 E         : rmt_oeminfo_get_info, get data from server fail
09-01 00:57:50.357  1572  1584 E ril_rore: NULL oeminfo info or Failed, type:170
09-01 00:57:50.357   249   249 D OEMINFO_NVM_SERVER: Accept connection from pid 1572 (******), uid: 1001, gid: 1001
09-01 00:57:50.357   249   249 D OEMINFO_NVM_SERVER: Receive: opr = 4, idx = 171, len = 0, name()
09-01 00:57:50.357   249   249 I OEMINFO_NVM_CORE: compat_oeminfo_get_info: version v6
09-01 00:57:50.357   249   249 I OEMINFO_NVM_CORE: find oeminfo device /dev/block/bootdevice/by-name/oeminfo
09-01 00:57:50.364   249   249 E OEMINFO_NVM_CORE: oeminfo data not find !!!!
09-01 00:57:50.365   249   249 E OEMINFO_NVM_SERVER: pid 1572, opration oeminfo_getinfo FAIL
09-01 00:57:50.365  1572  1584 E         : rmt_oeminfo_get_info, get data from server fail
09-01 00:57:50.365  1572  1584 E ril_rore: NULL oeminfo info or Failed, type:171
09-01 00:57:50.365  1572  1584 D ril_rore: RomDaemon finished
09-01 00:57:50.631   898   961 I ActivityManager: Waited long enough for: ServiceRecord{adfa4ae u0 com.cyanogenmod.lockclock/.weather.WeatherSourceListenerService}
09-01 00:57:50.634   898   961 I ActivityManager: Waited long enough for: ServiceRecord{1fa524f u0 com.cyanogenmod.lockclock/.DeviceStatusService}
09-01 00:57:51.339    50    50 I bbox_main: type=1400 audit(0.0:1059): avc: denied { write } for name="hisi_logs" dev="mmcblk0p49" ino=16422 scontext=u:r:kernel:s0 tcontext=u:object_r:logcat_data_file:s0 tclass=dir permissive=1
09-01 00:57:51.339    50    50 I bbox_main: type=1400 audit(0.0:1060): avc: denied { add_name } for name="20170901005751-00000131" scontext=u:r:kernel:s0 tcontext=u:object_r:logcat_data_file:s0 tclass=dir permissive=1
09-01 00:57:51.339    50    50 I bbox_main: type=1400 audit(0.0:1061): avc: denied { create } for name="20170901005751-00000131" scontext=u:r:kernel:s0 tcontext=u:object_r:logcat_data_file:s0 tclass=dir permissive=1
09-01 00:57:51.339    50    50 I bbox_main: type=1400 audit(0.0:1062): avc: denied { getattr } for path="/data/hisi_logs/history.log" dev="mmcblk0p49" ino=16458 scontext=u:r:kernel:s0 tcontext=u:object_r:logcat_data_file:s0 tclass=file permissive=1
09-01 00:57:51.339    50    50 I bbox_main: type=1400 audit(0.0:1063): avc: denied { getattr } for path="/data/hisi_logs" dev="mmcblk0p49" ino=16422 scontext=u:r:kernel:s0 tcontext=u:object_r:logcat_data_file:s0 tclass=dir permissive=1
09-01 00:57:51.339    50    50 I bbox_main: type=1400 audit(0.0:1064): avc: denied { read append } for name="history.log" dev="mmcblk0p49" ino=16458 scontext=u:r:kernel:s0 tcontext=u:object_r:logcat_data_file:s0 tclass=file permissive=1
09-01 00:57:51.339    50    50 I bbox_main: type=1400 audit(0.0:1065): avc: denied { open } for path="/data/hisi_logs/history.log" dev="mmcblk0p49" ino=16458 scontext=u:r:kernel:s0 tcontext=u:object_r:logcat_data_file:s0 tclass=file permissive=1
09-01 00:57:51.339   423   423 I rfile   : type=1400 audit(0.0:1066): avc: denied { read } for name="PIFile.bin" dev="mmcblk0p11" ino=19 scontext=u:r:kernel:s0 tcontext=u:object_r:unlabeled:s0 tclass=file permissive=1
09-01 00:57:51.339   423   423 I rfile   : type=1400 audit(0.0:1067): avc: denied { open } for path="/mnvm2:0/SC/Pers/PIFile.bin" dev="mmcblk0p11" ino=19 scontext=u:r:kernel:s0 tcontext=u:object_r:unlabeled:s0 tclass=file permissive=1
09-01 00:57:51.339    50    50 I bbox_main: type=1400 audit(0.0:1068): avc: denied { setattr } for name="history.log" dev="mmcblk0p49" ino=16458 scontext=u:r:kernel:s0 tcontext=u:object_r:logcat_data_file:s0 tclass=file permissive=1
09-01 00:57:51.349    84    84 I rdr_lpm3_thread: type=1400 audit(0.0:1069): avc: denied { create } for name="lpmcu_ddr_memory.bin" scontext=u:r:kernel:s0 tcontext=u:object_r:logcat_data_file:s0 tclass=file permissive=1
09-01 00:57:51.349    84    84 I rdr_lpm3_thread: type=1400 audit(0.0:1070): avc: denied { write } for path="/data/hisi_logs/20170901005751-00000131/lpmcu_log/lpmcu_ddr_memory.bin" dev="mmcblk0p49" ino=17964 scontext=u:r:kernel:s0 tcontext=u:object_r:logcat_data_file:s0 tclass=file permissive=1
09-01 00:57:51.542   325   497 W SurfaceFlinger: Ignoring duplicate VSYNC event from HWC (t=131202496854)
09-01 00:57:52.129   581   581 I kworker/u16:3: type=1400 audit(0.0:1071): avc: denied { dac_override } for capability=1 scontext=u:r:kernel:s0 tcontext=u:r:kernel:s0 tclass=capability permissive=1
09-01 00:57:52.129   581   581 I kworker/u16:3: type=1400 audit(0.0:1072): avc: denied { write } for name="io_is_busy" dev="sysfs" ino=41587 scontext=u:r:kernel:s0 tcontext=u:object_r:sysfs_devices_system_cpu:s0 tclass=file permissive=1
09-01 00:57:52.129    50    50 I bbox_main: type=1400 audit(0.0:1073): avc: denied { chown } for capability=0 scontext=u:r:kernel:s0 tcontext=u:r:kernel:s0 tclass=capability permissive=1
09-01 00:57:52.449    50    50 I bbox_main: type=1400 audit(0.0:1074): avc: denied { read } for name="hisi_logs" dev="mmcblk0p49" ino=16422 scontext=u:r:kernel:s0 tcontext=u:object_r:logcat_data_file:s0 tclass=dir permissive=1
09-01 00:57:52.449    50    50 I bbox_main: type=1400 audit(0.0:1075): avc: denied { open } for path="/data/hisi_logs" dev="mmcblk0p49" ino=16422 scontext=u:r:kernel:s0 tcontext=u:object_r:logcat_data_file:s0 tclass=dir permissive=1
09-01 00:57:52.449    50    50 I bbox_main: type=1400 audit(0.0:1076): avc: denied { setattr } for name="hisi_logs" dev="mmcblk0p49" ino=16422 scontext=u:r:kernel:s0 tcontext=u:object_r:logcat_data_file:s0 tclass=dir permissive=1
09-01 00:57:52.459   542   542 I drv_nv  : type=1400 audit(0.0:1077): avc: denied { write } for name="nv.bin" dev="mmcblk0p11" ino=15 scontext=u:r:kernel:s0 tcontext=u:object_r:unlabeled:s0 tclass=file permissive=1
09-01 00:57:52.609   199   199 I modem_reset: type=1400 audit(0.0:1078): avc: denied { getattr } for path="/modem_fw/sec_lphy.bin" dev="mmcblk0p31" ino=13 scontext=u:r:kernel:s0 tcontext=u:object_r:unlabeled:s0 tclass=file permissive=1
09-01 00:57:53.141   325   497 W SurfaceFlinger: Ignoring duplicate VSYNC event from HWC (t=132800873417)
09-01 00:57:53.989   423   423 I rfile   : type=1400 audit(0.0:1079): avc: denied { append } for name="OAM_IMEI_Log.bin" dev="mmcblk0p18" ino=20 scontext=u:r:kernel:s0 tcontext=u:object_r:unlabeled:s0 tclass=file permissive=1
09-01 00:57:54.017  2027  2027 W KeyguardUpdateMonitor: invalid subId in handleServiceStateChange()
09-01 00:57:54.020  3227  3227 D CellBroadcastReceiver: onReceive Intent { act=android.intent.action.SERVICE_STATE flg=0x10 cmp=com.android.cellbroadcastreceiver/.CellBroadcastReceiver (has extras) }
09-01 00:57:54.020  3227  3227 D CellBroadcastReceiver: Intent: android.intent.action.SERVICE_STATE
09-01 00:57:54.025  2027  2027 W KeyguardUpdateMonitor: invalid subId in handleSimStateChange()
09-01 00:57:54.028  3227  3227 D CellBroadcastReceiver: onReceive Intent { act=android.intent.action.SIM_STATE_CHANGED flg=0x4000010 cmp=com.android.cellbroadcastreceiver/.CellBroadcastReceiver (has extras) }
09-01 00:57:54.073  3146  3146 D SimSelectNotification:  no of slots 1 provision = true
09-01 00:57:54.189   423   423 I rfile   : type=1400 audit(0.0:1080): avc: denied { read append } for name="sci0_log_list_file.txt" dev="mmcblk0p18" ino=39 scontext=u:r:kernel:s0 tcontext=u:object_r:unlabeled:s0 tclass=file permissive=1
09-01 00:57:54.189   423   423 I rfile   : type=1400 audit(0.0:1081): avc: denied { open } for path="/modem_log/drv/sci/sci0_log_list_file.txt" dev="mmcblk0p18" ino=39 scontext=u:r:kernel:s0 tcontext=u:object_r:unlabeled:s0 tclass=file permissive=1
09-01 00:57:54.189   423   423 I rfile   : type=1400 audit(0.0:1082): avc: denied { write } for name="sci" dev="mmcblk0p18" ino=27 scontext=u:r:kernel:s0 tcontext=u:object_r:unlabeled:s0 tclass=dir permissive=1
09-01 00:57:54.189   423   423 I rfile   : type=1400 audit(0.0:1083): avc: denied { remove_name } for name="sci0_index0_normal_reset_fail_2017_09_01_11_37_44.txt" dev="mmcblk0p18" ino=81 scontext=u:r:kernel:s0 tcontext=u:object_r:unlabeled:s0 tclass=dir permissive=1
09-01 00:57:54.199   423   423 I rfile   : type=1400 audit(0.0:1084): avc: denied { unlink } for name="sci0_index0_normal_reset_fail_2017_09_01_11_37_44.txt" dev="mmcblk0p18" ino=81 scontext=u:r:kernel:s0 tcontext=u:object_r:unlabeled:s0 tclass=file permissive=1
09-01 00:57:54.199   423   423 I rfile   : type=1400 audit(0.0:1085): avc: denied { rename } for name="sci0_index1_normal_reset_fail_2017_09_01_11_38_50.txt" dev="mmcblk0p18" ino=43 scontext=u:r:kernel:s0 tcontext=u:object_r:unlabeled:s0 tclass=file permissive=1
09-01 00:57:54.199   423   423 I rfile   : type=1400 audit(0.0:1086): avc: denied { add_name } for name="sci0_index0_normal_reset_fail_2017_09_01_11_38_50.txt" scontext=u:r:kernel:s0 tcontext=u:object_r:unlabeled:s0 tclass=dir permissive=1
09-01 00:57:54.199   423   423 I rfile   : type=1400 audit(0.0:1087): avc: denied { create } for name="sci0_log_list_file.txt" scontext=u:r:kernel:s0 tcontext=u:object_r:unlabeled:s0 tclass=file permissive=1
09-01 00:57:54.199   423   423 I rfile   : type=1400 audit(0.0:1088): avc: denied { write } for path="/modem_log/drv/sci/sci0_log_list_file.txt" dev="mmcblk0p18" ino=28 scontext=u:r:kernel:s0 tcontext=u:object_r:unlabeled:s0 tclass=file permissive=1
09-01 00:57:54.314   325   497 W SurfaceFlinger: Ignoring duplicate VSYNC event from HWC (t=133974148416)
09-01 00:57:55.623   325   497 W SurfaceFlinger: Ignoring duplicate VSYNC event from HWC (t=135283457270)
09-01 00:57:56.009     1     1 I init    : type=1400 audit(0.0:1089): avc: denied { unlink } for name="rildm2" dev="tmpfs" ino=22204 scontext=u:r:init:s0 tcontext=u:object_r:socket_device:s0 tclass=sock_file permissive=1
09-01 00:57:56.009  3275  3275 I init    : type=1400 audit(0.0:1090): avc: denied { create } for name="rildm2" scontext=u:r:init:s0 tcontext=u:object_r:socket_device:s0 tclass=sock_file permissive=1
09-01 00:57:56.009  3275  3275 I init    : type=1400 audit(0.0:1091): avc: denied { setattr } for name="rildm2" dev="tmpfs" ino=34425 scontext=u:r:init:s0 tcontext=u:object_r:socket_device:s0 tclass=sock_file permissive=1
09-01 00:57:56.069  3275  3275 D ril_rore: run RomDaemon
09-01 00:57:56.069  3275  3275 D ril_rore: run RomDaemon end.
09-01 00:57:56.069  3275  3286 D ril_rore: RomDaemon started.
09-01 00:57:56.069  3275  3275 D ril_rore: RomDaemon had run.
09-01 00:57:57.035   325   497 W SurfaceFlinger: Ignoring duplicate VSYNC event from HWC (t=136694891645)
09-01 00:57:58.446   325   497 W SurfaceFlinger: Ignoring duplicate VSYNC event from HWC (t=138106223416)
09-01 00:57:59.356   337   337 E Thermal-daemon: [ap] temp_new :40  temp_old :41
09-01 00:57:59.357   337   337 E ThermalBinder: mThermalService is NULL!
09-01 00:57:59.357   337   337 E Thermal-daemon: Report temperature: [ap] temp :40  report_threshold:1
09-01 00:57:59.993   325   497 W SurfaceFlinger: Ignoring duplicate VSYNC event from HWC (t=139653587999)
09-01 00:58:00.004   898   898 I ActivityManager: Killing 2740:com.android.exchange/u0a47 (adj 906): empty #17
09-01 00:58:00.028   898  2560 D ActivityManager: cleanUpApplicationRecord -- 2740
09-01 00:58:00.030   898   898 I GnssLocationProvider: WakeLock acquired by sendMessage(12, 0, null)
09-01 00:58:00.034  2900  2925 W MessagingApp: PhoneUtils.getForLMR1(): invalid subId = -1
09-01 00:58:00.034  2900  3251 W MessagingApp: PhoneUtils.getForLMR1(): invalid subId = -1
09-01 00:58:00.053  3227  3227 D CellBroadcastReceiver: onReceive Intent { act=android.intent.action.SERVICE_STATE flg=0x10 cmp=com.android.cellbroadcastreceiver/.CellBroadcastReceiver (has extras) }
09-01 00:58:00.053  3227  3227 D CellBroadcastReceiver: Intent: android.intent.action.SERVICE_STATE
09-01 00:58:00.054  3227  3227 D CellBroadcastReceiver: Service state changed! 3 Full: 3 3 voice home data home null null null null null null  Unknown Unknown CSS not supported -1 -1 RoamInd=-1 DefRoamInd=-1 EmergOnly=false IsDataRoamingFromRegistration=false IsUsingCarrierAggregation=false Current state=1
09-01 00:58:00.075  2027  2027 W KeyguardUpdateMonitor: invalid subId in handleServiceStateChange()
09-01 00:58:00.079  2246  2246 I Telephony: PstnIncomingCallNotifier: Unregistering: Handler (com.android.internal.telephony.GsmCdmaPhone) {d99232c}
09-01 00:58:00.081  2246  2246 E PhoneInterfaceManager: [PhoneIntfMgr] getIccId: No UICC
09-01 00:58:00.081  2900  2925 W MessagingApp: PhoneUtils.getForLMR1(): invalid subId = -1
09-01 00:58:00.082  2900  2925 W MessagingApp: PhoneUtils.getForLMR1(): invalid subId = -1
09-01 00:58:00.085  2900  2925 W MessagingApp: PhoneUtils.getSelfRawNumber: subInfo is null for -1
09-01 00:58:00.086  2900  2925 W MessagingApp: PhoneUtils.getForLMR1(): invalid subId = -1
09-01 00:58:00.087   898   960 I GnssLocationProvider: WakeLock released by handleMessage(12, 0, null)
09-01 00:58:00.091   898  2590 I Telecom : PhoneAccountRegistrar: [ComponentInfo{com.android.phone/com.android.services.telephony.TelephonyConnectionService}, [e0184adedf913b076626646d3f52c3b49c39ad6d], UserHandle{0}(icon: Icon(typ=BITMAP size=57x72) -> Icon(typ=BITMAP size=57x72))]: TSI.rPA@ADM
09-01 00:58:00.094   898  2590 I Telecom : : Sending phone-account registered intent as user: TSI.rPA@ADM
09-01 00:58:00.096  2246  2246 I Telephony: AccountEntry: Registered phoneAccount: [[ ] PhoneAccount: ComponentInfo{com.android.phone/com.android.services.telephony.TelephonyConnectionService}, [e0184adedf913b076626646d3f52c3b49c39ad6d], UserHandle{0} Capabilities: CallProvider MultiUser PlaceEmerg SimSub  Audio Routes: BESW Schemes: tel voicemail  Extras: null GroupId: [da39a3ee5e6b4b0d3255bfef95601890afd80709]] with handle: ComponentInfo{com.android.phone/com.android.services.telephony.TelephonyConnectionService}, [e0184adedf913b076626646d3f52c3b49c39ad6d], UserHandle{0}
09-01 00:58:00.098  2246  2246 I Telephony: PstnIncomingCallNotifier: Registering: Handler (com.android.internal.telephony.GsmCdmaPhone) {d99232c}
09-01 00:58:00.113  2246  2246 E PhoneInterfaceManager: [PhoneIntfMgr] getIccId: No UICC
09-01 00:58:00.123   898   959 I Telecom : PhoneAccountRegistrar: [ComponentInfo{com.android.phone/com.android.services.telephony.TelephonyConnectionService}, [e0184adedf913b076626646d3f52c3b49c39ad6d], UserHandle{0}(icon: Icon(typ=BITMAP size=57x72) -> Icon(typ=BITMAP size=57x72))]: TSI.rPA@ADc
09-01 00:58:00.126   898   959 I Telecom : : Sending phone-account registered intent as user: TSI.rPA@ADc
09-01 00:58:00.129   898   898 D WifiService: resetting networks because SIM was removed
09-01 00:58:00.129   898   898 D WifiService: resetting country code because SIM is removed
09-01 00:58:00.129   898  1945 D WifiStateMachine: resetting EAP-SIM/AKA/AKA' networks since SIM was changed
09-01 00:58:00.129  2027  2027 W KeyguardUpdateMonitor: invalid subId in handleSimStateChange()
09-01 00:58:00.137  3227  3227 D CellBroadcastReceiver: onReceive Intent { act=android.intent.action.SIM_STATE_CHANGED flg=0x4000010 cmp=com.android.cellbroadcastreceiver/.CellBroadcastReceiver (has extras) }
09-01 00:58:00.145   898   898 I GnssLocationProvider: WakeLock acquired by sendMessage(12, 0, null)
09-01 00:58:00.147  2900  3259 W MessagingApp: PhoneUtils.getForLMR1(): invalid subId = -1
09-01 00:58:00.147  2900  3258 W MessagingApp: PhoneUtils.getForLMR1(): invalid subId = -1
09-01 00:58:00.149  2246  2246 D CarrierConfigLoader: update config for phoneId: 0 simState: ABSENT
09-01 00:58:00.149  2246  2246 D CarrierSvcBindHelper: update binding for phoneId: 0 simState: ABSENT
09-01 00:58:00.149  2246  2246 I VvmSimChangeReceiver: Sim removed, removing inactive accounts
09-01 00:58:00.153  3146  3146 D SimSelectNotification:  no of slots 1 provision = true
09-01 00:58:00.156  2246  2246 I Telephony: PstnIncomingCallNotifier: Unregistering: Handler (com.android.internal.telephony.GsmCdmaPhone) {d99232c}
09-01 00:58:00.158  2246  2246 E PhoneInterfaceManager: [PhoneIntfMgr] getIccId: No UICC
09-01 00:58:00.168   898  2560 I Telecom : PhoneAccountRegistrar: [ComponentInfo{com.android.phone/com.android.services.telephony.TelephonyConnectionService}, [e0184adedf913b076626646d3f52c3b49c39ad6d], UserHandle{0}(icon: Icon(typ=BITMAP size=57x72) -> Icon(typ=BITMAP size=57x72))]: TSI.rPA@ADk
09-01 00:58:00.172   898  2560 I Telecom : : Sending phone-account registered intent as user: TSI.rPA@ADk
09-01 00:58:00.174  2900  3259 W MessagingApp: PhoneUtils.getForLMR1(): invalid subId = -1
09-01 00:58:00.174  2900  3259 W MessagingApp: PhoneUtils.getForLMR1(): invalid subId = -1
09-01 00:58:00.174  2246  2246 I Telephony: AccountEntry: Registered phoneAccount: [[ ] PhoneAccount: ComponentInfo{com.android.phone/com.android.services.telephony.TelephonyConnectionService}, [e0184adedf913b076626646d3f52c3b49c39ad6d], UserHandle{0} Capabilities: CallProvider MultiUser PlaceEmerg SimSub  Audio Routes: BESW Schemes: tel voicemail  Extras: null GroupId: [da39a3ee5e6b4b0d3255bfef95601890afd80709]] with handle: ComponentInfo{com.android.phone/com.android.services.telephony.TelephonyConnectionService}, [e0184adedf913b076626646d3f52c3b49c39ad6d], UserHandle{0}
09-01 00:58:00.175  2246  2246 I Telephony: PstnIncomingCallNotifier: Registering: Handler (com.android.internal.telephony.GsmCdmaPhone) {d99232c}
09-01 00:58:00.176  2900  3259 W MessagingApp: PhoneUtils.getSelfRawNumber: subInfo is null for -1
09-01 00:58:00.180  2900  3259 W MessagingApp: PhoneUtils.getForLMR1(): invalid subId = -1
09-01 00:58:00.185   898   960 I GnssLocationProvider: WakeLock released by handleMessage(12, 0, null)
09-01 00:58:00.189  2246  2246 D CarrierConfigLoader: mHandler: 0 phoneId: 0
09-01 00:58:00.193  2900  2900 I MessagingApp: Carrier config changed. Reloading MMS config.
09-01 00:58:00.196  2900  3251 W MessagingApp: PhoneUtils.getForLMR1(): invalid subId = -1
09-01 00:58:00.200   898   898 I Telecom : PhoneAccountRegistrar: SimCallManager queried, returning: null: TSI.gSCMFU@AD0
09-01 00:58:00.205  2246  2246 E PhoneInterfaceManager: [PhoneIntfMgr] getIccId: No UICC
09-01 00:58:00.210   898   958 I Telecom : PhoneAccountRegistrar: [ComponentInfo{com.android.phone/com.android.services.telephony.TelephonyConnectionService}, [e0184adedf913b076626646d3f52c3b49c39ad6d], UserHandle{0}(icon: Icon(typ=BITMAP size=57x72) -> Icon(typ=BITMAP size=57x72))]: TSI.rPA@AD4
09-01 00:58:00.213   898   958 I Telecom : : Sending phone-account registered intent as user: TSI.rPA@AD4
09-01 00:58:00.218  2246  2246 I VvmSimChangeReceiver: Received SIM change for invalid subscription id.
09-01 00:58:00.240   898   898 I GnssLocationProvider: WakeLock acquired by sendMessage(12, 0, null)
09-01 00:58:00.241  2900  2925 W MessagingApp: PhoneUtils.getForLMR1(): invalid subId = -1
09-01 00:58:00.242  2900  3258 W MessagingApp: PhoneUtils.getForLMR1(): invalid subId = -1
09-01 00:58:00.249   898   960 I GnssLocationProvider: WakeLock released by handleMessage(12, 0, null)
09-01 00:58:00.251  3227  3227 D CellBroadcastReceiver: onReceive Intent { act=android.intent.action.SERVICE_STATE flg=0x10 cmp=com.android.cellbroadcastreceiver/.CellBroadcastReceiver (has extras) }
09-01 00:58:00.252  3227  3227 D CellBroadcastReceiver: Intent: android.intent.action.SERVICE_STATE
09-01 00:58:00.252  3227  3227 D CellBroadcastReceiver: Service state changed! 1 Full: 1 1 voice home data home        Unknown Unknown CSS not supported -1 -1 RoamInd=-1 DefRoamInd=-1 EmergOnly=false IsDataRoamingFromRegistration=false IsUsingCarrierAggregation=false Current state=3
09-01 00:58:00.252  2246  2246 I Telephony: PstnIncomingCallNotifier: Unregistering: Handler (com.android.internal.telephony.GsmCdmaPhone) {d99232c}
09-01 00:58:00.253  2027  2027 W KeyguardUpdateMonitor: invalid subId in handleServiceStateChange()
09-01 00:58:00.254  2246  2246 E PhoneInterfaceManager: [PhoneIntfMgr] getIccId: No UICC
09-01 00:58:00.259   898  2598 I Telecom : PhoneAccountRegistrar: [ComponentInfo{com.android.phone/com.android.services.telephony.TelephonyConnectionService}, [e0184adedf913b076626646d3f52c3b49c39ad6d], UserHandle{0}(icon: Icon(typ=BITMAP size=57x72) -> Icon(typ=BITMAP size=57x72))]: TSI.rPA@AEA
09-01 00:58:00.261  2900  3258 W MessagingApp: PhoneUtils.getForLMR1(): invalid subId = -1
09-01 00:58:00.261  2900  3258 W MessagingApp: PhoneUtils.getForLMR1(): invalid subId = -1
09-01 00:58:00.262  2900  3258 W MessagingApp: PhoneUtils.getSelfRawNumber: subInfo is null for -1
09-01 00:58:00.262   898  2598 I Telecom : : Sending phone-account registered intent as user: TSI.rPA@AEA
09-01 00:58:00.262  2900  3258 W MessagingApp: PhoneUtils.getForLMR1(): invalid subId = -1
09-01 00:58:00.263  2246  2246 I Telephony: AccountEntry: Registered phoneAccount: [[ ] PhoneAccount: ComponentInfo{com.android.phone/com.android.services.telephony.TelephonyConnectionService}, [e0184adedf913b076626646d3f52c3b49c39ad6d], UserHandle{0} Capabilities: CallProvider MultiUser PlaceEmerg SimSub  Audio Routes: BESW Schemes: tel voicemail  Extras: null GroupId: [da39a3ee5e6b4b0d3255bfef95601890afd80709]] with handle: ComponentInfo{com.android.phone/com.android.services.telephony.TelephonyConnectionService}, [e0184adedf913b076626646d3f52c3b49c39ad6d], UserHandle{0}
09-01 00:58:00.264  2246  2246 I Telephony: PstnIncomingCallNotifier: Registering: Handler (com.android.internal.telephony.GsmCdmaPhone) {d99232c}
09-01 00:58:00.273  2246  2246 E PhoneInterfaceManager: [PhoneIntfMgr] getIccId: No UICC
09-01 00:58:00.278   898  2050 I Telecom : PhoneAccountRegistrar: [ComponentInfo{com.android.phone/com.android.services.telephony.TelephonyConnectionService}, [e0184adedf913b076626646d3f52c3b49c39ad6d], UserHandle{0}(icon: Icon(typ=BITMAP size=57x72) -> Icon(typ=BITMAP size=57x72))]: TSI.rPA@AEQ
09-01 00:58:00.280   898  2050 I Telecom : : Sending phone-account registered intent as user: TSI.rPA@AEQ
09-01 00:58:01.320   898   898 I GnssLocationProvider: WakeLock acquired by sendMessage(12, 0, null)
09-01 00:58:01.322  2900  3251 W MessagingApp: PhoneUtils.getForLMR1(): invalid subId = -1
09-01 00:58:01.322  2900  3259 W MessagingApp: PhoneUtils.getForLMR1(): invalid subId = -1
09-01 00:58:01.332   898   960 I GnssLocationProvider: WakeLock released by handleMessage(12, 0, null)
09-01 00:58:01.337  2246  2246 I Telephony: PstnIncomingCallNotifier: Unregistering: Handler (com.android.internal.telephony.GsmCdmaPhone) {d99232c}
09-01 00:58:01.337  3227  3227 D CellBroadcastReceiver: onReceive Intent { act=android.intent.action.SERVICE_STATE flg=0x10 cmp=com.android.cellbroadcastreceiver/.CellBroadcastReceiver (has extras) }
09-01 00:58:01.337  3227  3227 D CellBroadcastReceiver: Intent: android.intent.action.SERVICE_STATE
09-01 00:58:01.338  2246  2246 E PhoneInterfaceManager: [PhoneIntfMgr] getIccId: No UICC
09-01 00:58:01.341   898  2560 I ActivityManager: Killing 2684:com.android.managedprovisioning/u0a17 (adj 906): empty #17
09-01 00:58:01.343  2027  2027 W KeyguardUpdateMonitor: invalid subId in handleServiceStateChange()
09-01 00:58:01.351   898  2050 I Telecom : PhoneAccountRegistrar: [ComponentInfo{com.android.phone/com.android.services.telephony.TelephonyConnectionService}, [e0184adedf913b076626646d3f52c3b49c39ad6d], UserHandle{0}(icon: Icon(typ=BITMAP size=57x72) -> Icon(typ=BITMAP size=57x72))]: TSI.rPA@AEY
09-01 00:58:01.354  2900  3251 W MessagingApp: PhoneUtils.getForLMR1(): invalid subId = -1
09-01 00:58:01.354   898  2050 I Telecom : : Sending phone-account registered intent as user: TSI.rPA@AEY
09-01 00:58:01.355  2900  3251 W MessagingApp: PhoneUtils.getForLMR1(): invalid subId = -1
09-01 00:58:01.356  2900  3251 W MessagingApp: PhoneUtils.getSelfRawNumber: subInfo is null for -1
09-01 00:58:01.356  2246  2246 I Telephony: AccountEntry: Registered phoneAccount: [[ ] PhoneAccount: ComponentInfo{com.android.phone/com.android.services.telephony.TelephonyConnectionService}, [e0184adedf913b076626646d3f52c3b49c39ad6d], UserHandle{0} Capabilities: CallProvider MultiUser PlaceEmerg SimSub  Audio Routes: BESW Schemes: tel voicemail  Extras: null GroupId: [da39a3ee5e6b4b0d3255bfef95601890afd80709]] with handle: ComponentInfo{com.android.phone/com.android.services.telephony.TelephonyConnectionService}, [e0184adedf913b076626646d3f52c3b49c39ad6d], UserHandle{0}
09-01 00:58:01.357  2246  2246 I Telephony: PstnIncomingCallNotifier: Registering: Handler (com.android.internal.telephony.GsmCdmaPhone) {d99232c}
09-01 00:58:01.358  2900  3251 W MessagingApp: PhoneUtils.getForLMR1(): invalid subId = -1
09-01 00:58:01.368  2246  2246 E PhoneInterfaceManager: [PhoneIntfMgr] getIccId: No UICC
09-01 00:58:01.376   898  2590 I Telecom : PhoneAccountRegistrar: [ComponentInfo{com.android.phone/com.android.services.telephony.TelephonyConnectionService}, [e0184adedf913b076626646d3f52c3b49c39ad6d], UserHandle{0}(icon: Icon(typ=BITMAP size=57x72) -> Icon(typ=BITMAP size=57x72))]: TSI.rPA@AEo
09-01 00:58:01.379   898  2590 I Telecom : : Sending phone-account registered intent as user: TSI.rPA@AEo
09-01 00:58:01.385   898   958 D ActivityManager: cleanUpApplicationRecord -- 2684
09-01 00:58:01.541   325   497 W SurfaceFlinger: Ignoring duplicate VSYNC event from HWC (t=141200958311)
09-01 11:57:21.779   748   748 I oam_hisi: type=1400 audit(0.0:984): avc: denied { read } for scontext=u:r:hi110x_daemon:s0 tcontext=u:r:hi110x_daemon:s0 tclass=netlink_socket permissive=1
09-01 00:58:03.003   325   497 W SurfaceFlinger: Ignoring duplicate VSYNC event from HWC (t=142663302582)
09-01 00:58:04.357   337   337 E Thermal-daemon: [pa_0] temp_new :38  temp_old :39
09-01 00:58:04.358   337   337 E ThermalBinder: mThermalService is NULL!
09-01 00:58:04.358   337   337 E Thermal-daemon: Report temperature: [pa_0] temp :38  report_threshold:1
09-01 00:58:04.349   337   337 I thermal-daemon: type=1400 audit(0.0:1092): avc: denied { call } for scontext=u:r:thermal-daemon:s0 tcontext=u:r:servicemanager:s0 tclass=binder permissive=1
09-01 00:58:04.636   325   497 W SurfaceFlinger: Ignoring duplicate VSYNC event from HWC (t=144295685394)
09-01 00:58:06.132   325   497 W SurfaceFlinger: Ignoring duplicate VSYNC event from HWC (t=145792037477)
09-01 00:58:06.319   761   761 I lss     : type=1400 audit(0.0:1093): avc: denied { read } for name="lss.log" dev="mmcblk0p49" ino=16520 scontext=u:r:hi110x_daemon:s0 tcontext=u:object_r:logcat_data_file:s0 tclass=file permissive=1
09-01 00:58:06.319   761   761 I lss     : type=1400 audit(0.0:1094): avc: denied { open } for path="/data/log/gps/lss.log" dev="mmcblk0p49" ino=16520 scontext=u:r:hi110x_daemon:s0 tcontext=u:object_r:logcat_data_file:s0 tclass=file permissive=1
09-01 00:58:06.319   761   761 I lss     : type=1400 audit(0.0:1095): avc: denied { getattr } for path="/data/log/gps/lss.log" dev="mmcblk0p49" ino=16520 scontext=u:r:hi110x_daemon:s0 tcontext=u:object_r:logcat_data_file:s0 tclass=file permissive=1
09-01 00:58:06.319   761   761 I lss     : type=1400 audit(0.0:1096): avc: denied { append } for name="lss.log" dev="mmcblk0p49" ino=16520 scontext=u:r:hi110x_daemon:s0 tcontext=u:object_r:logcat_data_file:s0 tclass=file permissive=1
09-01 00:58:07.237   325   497 W SurfaceFlinger: Ignoring duplicate VSYNC event from HWC (t=146897387477)
09-01 00:58:08.342   325   497 W SurfaceFlinger: Ignoring duplicate VSYNC event from HWC (t=148002563518)
09-01 00:58:09.362   337   337 E Thermal-daemon: [ap] temp_new :39  temp_old :40
09-01 00:58:09.363   337   337 E ThermalBinder: mThermalService is NULL!
09-01 00:58:09.363   337   337 E Thermal-daemon: Report temperature: [ap] temp :39  report_threshold:1
09-01 00:58:09.907   325   497 W SurfaceFlinger: Ignoring duplicate VSYNC event from HWC (t=149566931747)
