03-23 07:13:20.533  2424  2424 I RILD    : rild_main: i: begin
03-23 07:13:20.533  2424  2424 I RILD    :     rild_main: i: argc=1
03-23 07:13:20.534  2424  2424 I RILD    :     rild_main: i: argv[0]=/system/bin/rild
03-23 07:13:20.534  2424  2424 I RILD    :     rild_main: i: ClientId=0, argv rilLibPath=(null)
03-23 07:13:20.534  2424  2424 I RILD    :     rild_main: o: read prop rild.libargs, result=2, value=-m
03-23 07:13:20.534  2424  2424 I RILD    :     rild_main: o: read prop rild.libpath1, result=32, value=/system/lib64/libbalong-ril-1.so
03-23 07:13:20.534  2424  2424 I RILD    :     rild_main: o: read prop rild.libargs1, result=2, value=-m
03-23 07:13:20.534  2424  2424 I RILD    :     rild_main: o: read prop rild.libpath2, result=30, value=/system/lib64/libbalong-ril.so
03-23 07:13:20.534  2424  2424 I RILD    :     rild_main: o: read prop rild.libargs2, result=2, value=-m
03-23 07:13:20.534  2424  2424 I RILD    :     rild_main: o: rild1 boot config read prop rild.rild1_ready_to_start, result=4, value=NULL
03-23 07:13:20.534  2424  2424 I RILD    :     rild_main: o: read prop ro.multi.rild, result=4, value=true
03-23 07:13:20.534  2424  2424 I RILD    :     rild_main: o: read prop ro.config.hw_dsda, result=4, value=true
03-23 07:13:20.534  2424  2424 I RILD    :     rild_main: o: read prop persist.dsds.enabled, result=4, value=true
03-23 07:13:20.534  2424  2424 I RILD    :     rild_main: o: read prop ro.config.dsds_mode, result=8, value=umts_gsm
03-23 07:13:20.534  2424  2424 I RILD    :     rild_main: o: read prop ro.telephony.default_network, result=1, value=9
03-23 07:13:20.534  2424  2424 I RILD    :     rild_main: o: read prop ro.config.hw_device_mode, result=4, value=NULL
03-23 07:13:20.534  2424  2424 I RILD    :     rild_main: o: read prop ro.config.hw_sglte, result=0, value=
03-23 07:13:20.534  2424  2424 I RILD    :     rild_main: o: read prop ro.config.full_network_support, result=0, value=
03-23 07:13:20.534  2424  2424 D RILD    : setCommrilModePropforUTL: update mode to ULG
03-23 07:13:20.714  2424  2424 I RILD    :     rild_main: i: rilLibPath = /system/lib64/libbalong-ril.so
03-23 07:13:20.765  2424  2424 D use-Rlog/RLOG-RIL_GU: [] RIL_Init: argc is 2.
03-23 07:13:20.765  2424  2424 D use-Rlog/RLOG-RIL_GU: [] RIL_Init: aucModemId is modem0.
03-23 07:13:20.765  2424  2424 D use-Rlog/RLOG-RIL_GU: [RIL_ReadPlatformCfg] ModemId is 0, AtChanIndex0 is 0, AtChanIndex1 is 1, AtChanIndex3 is 13.
03-23 07:13:20.765  2424  2424 I use-Rlog/RLOG-RIL_GU: ro.hisi.test = false
03-23 07:13:20.765  2424  2424 E use-Rlog/RLOG-RIL_GU: level_std = 3
03-23 07:13:20.776  2424  2424 I use-Rlog/RLOG-RIL_GU: RIL_balong# init_pdp_context_tbl: START
03-23 07:13:20.776  2424  2424 D use-Rlog/RLOG-RIL_GU: [init_pdp_context_tbl] g_PdpContextTblSize is 3.
03-23 07:13:20.776  2424  2424 I use-Rlog/RLOG-RIL_GU: RIL_balong# init_pdp_context_tbl: END
03-23 07:13:20.776  2424  2501 I use-Rlog/RLOG-RIL_GU: [modem_0] mainLoop enter.
03-23 07:13:20.776  2424  2501 D use-Rlog/RLOG-RIL_GU: [modem_0]setRadioState newState = 1, oldState = 1
03-23 07:13:20.777  2424  2501 D use-Rlog/RLOG-RIL_GU: [modem_0] modem_power_on.
03-23 07:13:20.777  2424  2501 D use-Rlog/RLOG-RIL_GU: [modem_0][soc_modem_power_on] at_chan_0 is /dev/appvcom, at_chan_1 is /dev/appvcom1.
03-23 07:13:20.777  2424  2501 I use-Rlog/RLOG-RIL_GU: [asyncCmdInit] devpath is /dev/appvcom.
03-23 07:13:20.778  2424  2501 I use-Rlog/RLOG-RIL_GU: [asyncCmdInit] devpath is /dev/appvcom1.
03-23 07:13:20.778  2424  2501 I use-Rlog/RLOG-RIL_GU: [asyncCmdInit] devpath is /dev/appvcom10.
03-23 07:13:20.778  2424  2501 I use-Rlog/RLOG-RIL_GU: [asyncCmdInit] devpath is /dev/appvcom13.
03-23 07:13:20.778  2424  2501 D use-Rlog/RLOG-RIL_GU: [modem_0][soc_modem_power_on] power on success
03-23 07:13:20.778  2424  2503 I use-Rlog/RLOG-RIL_GU: cmdloop[0] > Start...
03-23 07:13:20.778  2424  2503 I use-Rlog/RLOG-RIL_GU: cmdloop[0] open[/dev/appvcom] ret -1, openTryCount 30.
03-23 07:13:20.778  2424  2505 I use-Rlog/RLOG-RIL_GU: cmdloop[2] > Start...
03-23 07:13:20.778  2424  2505 I use-Rlog/RLOG-RIL_GU: cmdloop[2] open[/dev/appvcom10] ret -1, openTryCount 30.
03-23 07:13:20.778  2424  2506 I use-Rlog/RLOG-RIL_GU: cmdloop[3] > Start...
03-23 07:13:20.778  2424  2506 I use-Rlog/RLOG-RIL_GU: cmdloop[3] open[/dev/appvcom13] ret -1, openTryCount 30.
03-23 07:13:20.779  2424  2504 I use-Rlog/RLOG-RIL_GU: cmdloop[1] > Start...
03-23 07:13:20.779  2424  2504 I use-Rlog/RLOG-RIL_GU: cmdloop[1] open[/dev/appvcom1] ret -1, openTryCount 30.
03-23 07:13:20.779  2424  2501 D use-Rlog/RLOG-RIL_GU: [modem_0]In mainloop set radio to unavailable befor modem power on!
03-23 07:13:20.779  2424  2424 E RILC    : RIL_register: RIL version 9
03-23 07:13:20.779  2424  2486 D use-Rlog/RLOG-RILC: p_info 0x7fb7205000 free in userTimerCallback
03-23 07:13:20.779  2424  2424 I RILC    : RIL_register: s_fdListen 13 socket rild
03-23 07:13:20.779  2424  2424 D RILC    : ims socket is not connected in client 0
03-23 07:13:21.778  2424  2505 I use-Rlog/RLOG-RIL_GU: cmdloop[2] open[/dev/appvcom10] ret -1, openTryCount 29.
03-23 07:13:21.783  2424  2503 I use-Rlog/RLOG-RIL_GU: cmdloop[0] open[/dev/appvcom] ret -1, openTryCount 29.
03-23 07:13:21.784  2424  2504 I use-Rlog/RLOG-RIL_GU: cmdloop[1] open[/dev/appvcom1] ret -1, openTryCount 29.
03-23 07:13:21.784  2424  2506 I use-Rlog/RLOG-RIL_GU: cmdloop[3] open[/dev/appvcom13] ret -1, openTryCount 29.
03-23 07:13:22.779  2424  2505 I use-Rlog/RLOG-RIL_GU: cmdloop[2] open[/dev/appvcom10] ret -1, openTryCount 28.
03-23 07:13:22.784  2424  2503 I use-Rlog/RLOG-RIL_GU: cmdloop[0] open[/dev/appvcom] ret -1, openTryCount 28.
03-23 07:13:22.784  2424  2504 I use-Rlog/RLOG-RIL_GU: cmdloop[1] open[/dev/appvcom1] ret -1, openTryCount 28.
03-23 07:13:22.784  2424  2506 I use-Rlog/RLOG-RIL_GU: cmdloop[3] open[/dev/appvcom13] ret -1, openTryCount 28.
03-23 07:13:23.779  2424  2505 I use-Rlog/RLOG-RIL_GU: cmdloop[2] open[/dev/appvcom10] ret -1, openTryCount 27.
03-23 07:13:23.784  2424  2504 I use-Rlog/RLOG-RIL_GU: cmdloop[1] open[/dev/appvcom1] ret -1, openTryCount 27.
03-23 07:13:23.784  2424  2503 I use-Rlog/RLOG-RIL_GU: cmdloop[0] open[/dev/appvcom] ret -1, openTryCount 27.
03-23 07:13:23.784  2424  2506 I use-Rlog/RLOG-RIL_GU: cmdloop[3] open[/dev/appvcom13] ret -1, openTryCount 27.
03-23 07:13:24.539  2431  2431 D TelephonyManager: /proc/cmdline=hisi_dma_print=0 vmalloc=384M maxcpus=8 coherent_pool=512K no_irq_affinity androidboot.selinux=permissive ate_enable=true selinux=0 iommu_ddr_size=0x80000000 mem=1932M boardid=0x48696220,0x00000011,0x000002cf productid=0x3db54555 androidboot.mode=normal pmu_nv_addr=0x070c89b0 low_volt_flag=0 iommu_enable  enter_recovery=0 androidboot.swtype=normal fastboot_version=DailyBuild_201611172158_FASTBOOT androidboot.serialno=QLF7N16B11010320 rescue_version=  otg.status=disable normal_reset_type=ColdReset himntn=00011100000000000000000000001000 LCD_TYPE=TM_NT35521_LCD density=320 setup_logctl=0 loglevel=5 bitmapofabnrst=0x00000010  boot_slice=0x00026fce no_uart_console mdmlogbase=0x00000000 mdmlogsize=0x00000000 mdmlogtime=0x00000000 async_loadmodem efuse_status=0 recovery_update=0 fblock=unlocked androidboot.hardware=hi6210sft 
03-23 07:13:24.779  2424  2505 I use-Rlog/RLOG-RIL_GU: cmdloop[2] open[/dev/appvcom10] ret -1, openTryCount 26.
03-23 07:13:24.784  2424  2503 I use-Rlog/RLOG-RIL_GU: cmdloop[0] open[/dev/appvcom] ret -1, openTryCount 26.
03-23 07:13:24.784  2424  2504 I use-Rlog/RLOG-RIL_GU: cmdloop[1] open[/dev/appvcom1] ret -1, openTryCount 26.
03-23 07:13:24.784  2424  2506 I use-Rlog/RLOG-RIL_GU: cmdloop[3] open[/dev/appvcom13] ret -1, openTryCount 26.
03-23 07:13:24.885  2430  2430 D TelephonyManager: /proc/cmdline=hisi_dma_print=0 vmalloc=384M maxcpus=8 coherent_pool=512K no_irq_affinity androidboot.selinux=permissive ate_enable=true selinux=0 iommu_ddr_size=0x80000000 mem=1932M boardid=0x48696220,0x00000011,0x000002cf productid=0x3db54555 androidboot.mode=normal pmu_nv_addr=0x070c89b0 low_volt_flag=0 iommu_enable  enter_recovery=0 androidboot.swtype=normal fastboot_version=DailyBuild_201611172158_FASTBOOT androidboot.serialno=QLF7N16B11010320 rescue_version=  otg.status=disable normal_reset_type=ColdReset himntn=00011100000000000000000000001000 LCD_TYPE=TM_NT35521_LCD density=320 setup_logctl=0 loglevel=5 bitmapofabnrst=0x00000010  boot_slice=0x00026fce no_uart_console mdmlogbase=0x00000000 mdmlogsize=0x00000000 mdmlogtime=0x00000000 async_loadmodem efuse_status=0 recovery_update=0 fblock=unlocked androidboot.hardware=hi6210sft 
03-23 07:13:25.780  2424  2505 I use-Rlog/RLOG-RIL_GU: cmdloop[2] open[/dev/appvcom10] ret -1, openTryCount 25.
03-23 07:13:25.784  2424  2504 I use-Rlog/RLOG-RIL_GU: cmdloop[1] open[/dev/appvcom1] ret -1, openTryCount 25.
03-23 07:13:25.785  2424  2506 I use-Rlog/RLOG-RIL_GU: cmdloop[3] open[/dev/appvcom13] ret -1, openTryCount 25.
03-23 07:13:25.785  2424  2503 I use-Rlog/RLOG-RIL_GU: cmdloop[0] open[/dev/appvcom] ret -1, openTryCount 25.
03-23 07:13:26.780  2424  2505 I use-Rlog/RLOG-RIL_GU: cmdloop[2] open[/dev/appvcom10] ret -1, openTryCount 24.
03-23 07:13:26.785  2424  2506 I use-Rlog/RLOG-RIL_GU: cmdloop[3] open[/dev/appvcom13] ret -1, openTryCount 24.
03-23 07:13:26.785  2424  2504 I use-Rlog/RLOG-RIL_GU: cmdloop[1] open[/dev/appvcom1] ret -1, openTryCount 24.
03-23 07:13:26.785  2424  2503 I use-Rlog/RLOG-RIL_GU: cmdloop[0] open[/dev/appvcom] ret -1, openTryCount 24.
03-23 07:13:27.780  2424  2505 I use-Rlog/RLOG-RIL_GU: cmdloop[2] open[/dev/appvcom10] ret -1, openTryCount 23.
03-23 07:13:27.785  2424  2506 I use-Rlog/RLOG-RIL_GU: cmdloop[3] open[/dev/appvcom13] ret -1, openTryCount 23.
03-23 07:13:27.786  2424  2504 I use-Rlog/RLOG-RIL_GU: cmdloop[1] open[/dev/appvcom1] ret -1, openTryCount 23.
03-23 07:13:27.786  2424  2503 I use-Rlog/RLOG-RIL_GU: cmdloop[0] open[/dev/appvcom] ret -1, openTryCount 23.
03-23 07:13:28.780  2424  2505 I use-Rlog/RLOG-RIL_GU: cmdloop[2] open[/dev/appvcom10] ret -1, openTryCount 22.
03-23 07:13:28.785  2424  2506 I use-Rlog/RLOG-RIL_GU: cmdloop[3] open[/dev/appvcom13] ret -1, openTryCount 22.
03-23 07:13:28.786  2424  2504 I use-Rlog/RLOG-RIL_GU: cmdloop[1] open[/dev/appvcom1] ret -1, openTryCount 22.
03-23 07:13:28.786  2424  2503 I use-Rlog/RLOG-RIL_GU: cmdloop[0] open[/dev/appvcom] ret -1, openTryCount 22.
03-23 07:13:29.781  2424  2505 I use-Rlog/RLOG-RIL_GU: cmdloop[2] open[/dev/appvcom10] ret -1, openTryCount 21.
03-23 07:13:29.786  2424  2506 I use-Rlog/RLOG-RIL_GU: cmdloop[3] open[/dev/appvcom13] ret -1, openTryCount 21.
03-23 07:13:29.787  2424  2504 I use-Rlog/RLOG-RIL_GU: cmdloop[1] open[/dev/appvcom1] ret -1, openTryCount 21.
03-23 07:13:29.788  2424  2503 I use-Rlog/RLOG-RIL_GU: cmdloop[0] open[/dev/appvcom] ret -1, openTryCount 21.
03-23 07:13:30.781  2424  2505 I use-Rlog/RLOG-RIL_GU: cmdloop[2] open[/dev/appvcom10] ret -1, openTryCount 20.
03-23 07:13:30.786  2424  2506 I use-Rlog/RLOG-RIL_GU: cmdloop[3] open[/dev/appvcom13] ret -1, openTryCount 20.
03-23 07:13:30.787  2424  2504 I use-Rlog/RLOG-RIL_GU: cmdloop[1] open[/dev/appvcom1] ret -1, openTryCount 20.
03-23 07:13:30.788  2424  2503 I use-Rlog/RLOG-RIL_GU: cmdloop[0] open[/dev/appvcom] ret -1, openTryCount 20.
03-23 07:13:31.781  2424  2505 I use-Rlog/RLOG-RIL_GU: cmdloop[2] open[/dev/appvcom10] ret -1, openTryCount 19.
03-23 07:13:31.786  2424  2506 I use-Rlog/RLOG-RIL_GU: cmdloop[3] open[/dev/appvcom13] ret -1, openTryCount 19.
03-23 07:13:31.787  2424  2504 I use-Rlog/RLOG-RIL_GU: cmdloop[1] open[/dev/appvcom1] ret -1, openTryCount 19.
03-23 07:13:31.791  2424  2503 I use-Rlog/RLOG-RIL_GU: cmdloop[0] open[/dev/appvcom] ret -1, openTryCount 19.
03-23 07:13:32.782  2424  2505 I use-Rlog/RLOG-RIL_GU: cmdloop[2] open[/dev/appvcom10] ret -1, openTryCount 18.
03-23 07:13:32.786  2424  2506 I use-Rlog/RLOG-RIL_GU: cmdloop[3] open[/dev/appvcom13] ret -1, openTryCount 18.
03-23 07:13:32.787  2424  2504 I use-Rlog/RLOG-RIL_GU: cmdloop[1] open[/dev/appvcom1] ret -1, openTryCount 18.
03-23 07:13:32.791  2424  2503 I use-Rlog/RLOG-RIL_GU: cmdloop[0] open[/dev/appvcom] ret -1, openTryCount 18.
03-23 07:13:33.782  2424  2505 I use-Rlog/RLOG-RIL_GU: cmdloop[2] open[/dev/appvcom10] ret -1, openTryCount 17.
03-23 07:13:33.786  2424  2506 I use-Rlog/RLOG-RIL_GU: cmdloop[3] open[/dev/appvcom13] ret -1, openTryCount 17.
03-23 07:13:33.787  2424  2504 I use-Rlog/RLOG-RIL_GU: cmdloop[1] open[/dev/appvcom1] ret -1, openTryCount 17.
03-23 07:13:33.791  2424  2503 I use-Rlog/RLOG-RIL_GU: cmdloop[0] open[/dev/appvcom] ret -1, openTryCount 17.
03-23 07:13:34.281  2883  3063 D TelephonyRegistry: listen oscl: hasNotifySubscriptionInfoChangedOccurred==false no callback
03-23 07:13:34.782  2424  2505 I use-Rlog/RLOG-RIL_GU: cmdloop[2] open[/dev/appvcom10] ret -1, openTryCount 16.
03-23 07:13:34.787  2424  2506 I use-Rlog/RLOG-RIL_GU: cmdloop[3] open[/dev/appvcom13] ret -1, openTryCount 16.
03-23 07:13:34.787  2424  2504 I use-Rlog/RLOG-RIL_GU: cmdloop[1] open[/dev/appvcom1] ret -1, openTryCount 16.
03-23 07:13:34.791  2424  2503 I use-Rlog/RLOG-RIL_GU: cmdloop[0] open[/dev/appvcom] ret -1, openTryCount 16.
03-23 07:13:35.657  2883  2883 D TelephonyRegistry: systemRunning register for intents
03-23 07:13:35.782  2424  2505 I use-Rlog/RLOG-RIL_GU: cmdloop[2] open[/dev/appvcom10] ret -1, openTryCount 15.
03-23 07:13:35.787  2424  2506 I use-Rlog/RLOG-RIL_GU: cmdloop[3] open[/dev/appvcom13] ret -1, openTryCount 15.
03-23 07:13:35.788  2424  2504 I use-Rlog/RLOG-RIL_GU: cmdloop[1] open[/dev/appvcom1] ret -1, openTryCount 15.
03-23 07:13:35.796  2424  2503 I use-Rlog/RLOG-RIL_GU: cmdloop[0] open[/dev/appvcom] ret -1, openTryCount 15.
03-23 07:13:36.783  2424  2505 I use-Rlog/RLOG-RIL_GU: cmdloop[2] open[/dev/appvcom10] ret -1, openTryCount 14.
03-23 07:13:36.787  2424  2506 I use-Rlog/RLOG-RIL_GU: cmdloop[3] open[/dev/appvcom13] ret -1, openTryCount 14.
03-23 07:13:36.788  2424  2504 I use-Rlog/RLOG-RIL_GU: cmdloop[1] open[/dev/appvcom1] ret -1, openTryCount 14.
03-23 07:13:36.796  2424  2503 I use-Rlog/RLOG-RIL_GU: cmdloop[0] open[/dev/appvcom] ret -1, openTryCount 14.
03-23 07:13:37.052  3389  3389 D TelephonyPluginDelegate: Extension = @/system/framework/
03-23 07:13:37.052  3389  3389 D TelephonyPluginDelegate: classLoader = dalvik.system.PathClassLoader[DexPathList[[directory "/system/framework"],nativeLibraryDirectories=[/vendor/lib64, /system/lib64]]]
03-23 07:13:37.052  3389  3389 D TelephonyPluginDelegate: No customized TelephonyPlugin available, fallback to default
03-23 07:13:37.053  3389  3389 D TelephonyPluginDelegate: cls = class com.android.internal.telephony.DefaultTelephonyPlugin
03-23 07:13:37.053  3389  3389 D TelephonyPluginDelegate: constructor method = public com.android.internal.telephony.DefaultTelephonyPlugin()
03-23 07:13:37.061  3389  3389 D TDC     : updateOrInsert: inserting: Modem { uuid=modem, state=0, rilModel=0, rat={}, maxActiveVoiceCall=1, maxActiveDataCall=1, maxStandby=1 }
03-23 07:13:37.061  3389  3389 D TDC     : updateOrInsert: inserting: Sim { uuid=sim, modemUuid=modem, state=0 }
03-23 07:13:37.136  3389  3389 D TelephonyManager: getLteOnCdmaMode=0 curVal=-1 product_type='' lteOnCdmaProductType=''
03-23 07:13:37.167  2883  2883 D TelephonyRegistry: notifyCellLocationForSubscriber: subId=0 cellLocation=Bundle[{cid=-1, lac=-1, psc=-1}]
03-23 07:13:37.168  3389  3389 D CdmaSSM : subscriptionSource from settings: 0
03-23 07:13:37.168  3389  3389 I PhoneFactory: Cdma Subscription set to 0
03-23 07:13:37.176  3389  3389 I PhoneFactory: RILClassname is hi6210sftRIL
03-23 07:13:37.195  3389  3389 I PhoneFactory: Network Mode set to 9
03-23 07:13:37.214  3389  3389 D RILJ    : RIL(context, preferredNetworkType=9 cdmaSubscription=0)
03-23 07:13:37.259  2883  2883 D TelephonyRegistry: notifyCellLocationForSubscriber: subId=1 cellLocation=Bundle[{cid=-1, lac=-1, psc=-1}]
03-23 07:13:37.364  3389  3389 D RILJ    : Starting RILReceiver0 [SUB0]
03-23 07:13:37.367  3389  3514 I RILJ    : (0) Connected to 'rild' socket
03-23 07:13:37.367  2424  2486 I RILC    : **RILD ListenCallback**
03-23 07:13:37.367  2424  2486 I RILC    : listenCallback: fdListen: 13
03-23 07:13:37.368  2424  2486 I RILC    : listenCallback: new fd: 8, client id: 0
03-23 07:13:37.368  2424  2486 D use-Rlog/RLOG-RILC: fd = 8, status = 1
03-23 07:13:37.368  2424  2486 D use-Rlog/RLOG-RILC: fd = -1, status = 0
03-23 07:13:37.368  2424  2486 I RILC    : libril: new connection
03-23 07:13:37.368  2424  2486 I RILC    : RIL_onUnsolicitedSendResponse: UNSOL_RIL_CONNECTED,client_id: 0
03-23 07:13:37.368  3389  3514 D RILJ    : [UNSL]< UNSOL_RIL_CONNECTED {9} [SUB0]
03-23 07:13:37.369  3389  3514 D RILJ    : [3648]> RADIO_POWER off [SUB0]
03-23 07:13:37.378  2424  2486 I RILC    : RIL_onUnsolicitedSendResponse: UNSOL_RESPONSE_RADIO_STATE_CHANGED,client_id: 0
03-23 07:13:37.378  2424  2486 D use-Rlog/RLOG-RIL_GU: [modem_0]currentState = 1
03-23 07:13:37.378  2424  2486 D use-Rlog/RLOG-RIL_GU: Vendor RIL Build date: Mar 23 2016 00:33:22
03-23 07:13:37.378  2424  2486 I RILC    : RIL Daemon version: android hisilicon balong-ril 1.0
03-23 07:13:37.387  3389  3514 D RILJ    : [3649]> RIL_REQUEST_CDMA_SET_SUBSCRIPTION_SOURCE : 0 [SUB0]
03-23 07:13:37.387  2424  2486 D use-Rlog/RLOG-RIL_GU: [modem_0]onRequest[23]:RADIO_POWER[0]
03-23 07:13:37.387  2424  2486 D use-Rlog/RLOG-RIL_GU: [modem_0]onRequest: RADIO_POWER failed, sState= 1
03-23 07:13:37.387  2424  2486 I RILC    : RIL_onRequestComplete: free RIL_Token 0x7fb76a1140
03-23 07:13:37.401  3389  3514 D RILJ    : setCellInfoListRate: 2147483647 [SUB0]
03-23 07:13:37.402  3389  3514 D RILJ    : [3650]> RIL_REQUEST_SET_CELL_INFO_LIST_RATE [SUB0]
03-23 07:13:37.402  2424  2486 D use-Rlog/RLOG-RIL_GU: [modem_0]onRequest[77]:CDMA_SET_SUBSCRIPTION_SOURCE[0]
03-23 07:13:37.402  2424  2486 D use-Rlog/RLOG-RIL_GU: [modem_0]onRequest: CDMA_SET_SUBSCRIPTION_SOURCE failed, sState= 1
03-23 07:13:37.402  2424  2486 I RILC    : RIL_onRequestComplete: free RIL_Token 0x7fb76a1140
03-23 07:13:37.404  3389  3389 D RILJ    : [3651]> GET_HARDWARE_CONFIG [SUB0]
03-23 07:13:37.415  2424  2486 D use-Rlog/RLOG-RIL_GU: [modem_0]onRequest[110]:SET_UNSOL_CELL_INFO_LIST_RATE[2147483647]
03-23 07:13:37.415  2424  2486 D use-Rlog/RLOG-RIL_GU: [modem_0]onRequest: SET_UNSOL_CELL_INFO_LIST_RATE failed, sState= 1
03-23 07:13:37.415  2424  2486 I RILC    : RIL_onRequestComplete: free RIL_Token 0x7fb76a1140
03-23 07:13:37.416  3389  3514 D RILJ    : [UNSL]< UNSOL_RESPONSE_RADIO_STATE_CHANGED RADIO_UNAVAILABLE [SUB0]
03-23 07:13:37.417  3389  3514 D RilRequest: [3648]< RADIO_POWER error: com.android.internal.telephony.CommandException: RADIO_NOT_AVAILABLE ret=
03-23 07:13:37.434  2424  2486 D use-Rlog/RLOG-RIL_GU: [modem_0]onRequest: GET_HARDWARE_CONFIG
03-23 07:13:37.434  3389  3514 D RilRequest: [3649]< RIL_REQUEST_CDMA_SET_SUBSCRIPTION_SOURCE error: com.android.internal.telephony.CommandException: RADIO_NOT_AVAILABLE ret=
03-23 07:13:37.434  2424  2486 D use-Rlog/RLOG-RIL_GU: [modem_0]onRequest: GET_HARDWARE_CONFIG failed, sState= 1
03-23 07:13:37.434  2424  2486 I RILC    : RIL_onRequestComplete: free RIL_Token 0x7fb76a1140
03-23 07:13:37.434  3389  3389 I PhoneFactory: Network Mode set to 9
03-23 07:13:37.434  3389  3514 D RilRequest: [3650]< RIL_REQUEST_SET_CELL_INFO_LIST_RATE error: com.android.internal.telephony.CommandException: RADIO_NOT_AVAILABLE ret=
03-23 07:13:37.435  3389  3514 D RilRequest: [3651]< GET_HARDWARE_CONFIG error: com.android.internal.telephony.CommandException: RADIO_NOT_AVAILABLE ret=
03-23 07:13:37.435  3389  3389 D RILJ    : RIL(context, preferredNetworkType=9 cdmaSubscription=0)
03-23 07:13:37.438  3389  3389 D RILJ    : Starting RILReceiver1 [SUB1]
03-23 07:13:37.440  3389  3518 I RILJ    : Couldn't find 'rild2' socket; retrying after timeout
03-23 07:13:37.449  3389  3389 D RILJ    : [3652]> GET_HARDWARE_CONFIG [SUB1]
03-23 07:13:37.449  3389  3389 D RilRequest: [3652]< GET_HARDWARE_CONFIG error: com.android.internal.telephony.CommandException: RADIO_NOT_AVAILABLE ret=
03-23 07:13:37.450  3389  3389 I PhoneFactory: Creating SubscriptionController
03-23 07:13:37.475  3389  3389 D SubscriptionController: [SubscriptionController] init by Context
03-23 07:13:37.496  3389  3389 D UiccController: Creating UiccController
03-23 07:13:37.568  2424  2486 D use-Rlog/RLOG-RILC: p_info 0x7fb7205000 free in userTimerCallback
03-23 07:13:37.578  2424  2486 D use-Rlog/RLOG-RILC: p_info 0x7fb7692180 free in userTimerCallback
03-23 07:13:37.622  3389  3389 D TelephonyTester: register for intent action=com.android.internal.telephony.gsm.action_detached
03-23 07:13:37.622  3389  3389 D TelephonyTester: register for intent action=com.android.internal.telephony.gsm.action_attached
03-23 07:13:37.648  3389  3389 D PhoneBase: mDoesRilSendMultipleCallRing=true
03-23 07:13:37.648  3389  3389 D PhoneBase: mCallRingDelay=3000
03-23 07:13:37.708  3389  3389 D RILJ    : [3653]> RIL_REQUEST_START_LCE [SUB0]
03-23 07:13:37.708  3389  3389 I RILJ-hi6210sftRIL: : Unsupported request 132
03-23 07:13:37.708  3389  3389 D RilRequest: [3653]< RIL_REQUEST_START_LCE error: com.android.internal.telephony.CommandException: REQUEST_NOT_SUPPORTED ret=
03-23 07:13:37.708  3389  3389 D PhoneBase: mOosIsDisconnect=true
03-23 07:13:37.708  3389  3389 D RILJ    : setPhoneType=1 old value=0 [SUB0]
03-23 07:13:37.741  2883  2894 D TelephonyRegistry: listen oscl: hasNotifySubscriptionInfoChangedOccurred==false no callback
03-23 07:13:37.746  3389  3389 D TelephonyManager: setTelephonyProperty: success phoneId=0 property=gsm.network.type value: Unknown propVal=Unknown
03-23 07:13:37.783  2424  2505 I use-Rlog/RLOG-RIL_GU: cmdloop[2] open[/dev/appvcom10] ret -1, openTryCount 13.
03-23 07:13:37.787  2424  2506 I use-Rlog/RLOG-RIL_GU: cmdloop[3] open[/dev/appvcom13] ret -1, openTryCount 13.
03-23 07:13:37.788  2424  2504 I use-Rlog/RLOG-RIL_GU: cmdloop[1] open[/dev/appvcom1] ret -1, openTryCount 13.
03-23 07:13:37.796  2424  2503 I use-Rlog/RLOG-RIL_GU: cmdloop[0] open[/dev/appvcom] ret -1, openTryCount 13.
03-23 07:13:37.835  3389  3389 D RILJ    : [3654]> SIGNAL_STRENGTH [SUB0]
03-23 07:13:37.839  2424  2486 D use-Rlog/RLOG-RIL_GU: [modem_0]onRequest: SIGNAL_STRENGTH
03-23 07:13:37.839  2424  2486 D use-Rlog/RLOG-RIL_GU: [modem_0]onRequest: SIGNAL_STRENGTH failed, sState= 1
03-23 07:13:37.839  2424  2486 I RILC    : RIL_onRequestComplete: free RIL_Token 0x7fb76a1140
03-23 07:13:37.839  3389  3514 D RilRequest: [3654]< SIGNAL_STRENGTH error: com.android.internal.telephony.CommandException: RADIO_NOT_AVAILABLE ret=
03-23 07:13:37.858  3389  3389 D         : [0]DCT.constructor
03-23 07:13:37.859  3389  3389 D SubscriptionController: [getSubId]- sSlotIdxToSubId.size == 0, return DummySubIds slotIdx=0
03-23 07:13:37.859  3389  3389 D SubscriptionController: [getSubId]- sSlotIdxToSubId.size == 0, return DummySubIds slotIdx=0
03-23 07:13:37.864  3389  3389 D         : [0]getDataEnabled: getIntWithSubId retVal=false
03-23 07:13:37.911  2883  3422 D TelephonyRegistry: listen oscl: hasNotifySubscriptionInfoChangedOccurred==false no callback
03-23 07:13:37.918  3389  3389 D Dcc     : E ctor
03-23 07:13:37.918  3389  3389 D Dcc     : X ctor
03-23 07:13:37.930  3389  3389 D SubscriptionController: [getPhoneId] asked for default subId=-1
03-23 07:13:37.930  3389  3389 D SubscriptionController: [getPhoneId]- invalid subId return=-1
03-23 07:13:37.932  2883  2912 D TelephonyRegistry: listen oscl: hasNotifySubscriptionInfoChangedOccurred==false no callback
03-23 07:13:37.932  3389  3552 D DcTesterDeacativeAll: register for intent action=com.android.internal.telephony.dataconnection.action_deactivate_all
03-23 07:13:37.933  3389  3552 D DcTesterDeacativeAll: register for intent action=com.android.internal.telephony.gsm.action_detached
03-23 07:13:37.934  3389  3389 D DcTesterFailBrinupAll: register for intent action=com.android.internal.telephony.dataconnection.action_fail_bringup
03-23 07:13:37.934  3389  3389 D DcTesterFailBrinupAll: register for intent action=com.android.internal.telephony.gsm.action_detached
03-23 07:13:37.934  3389  3389 D DcTesterFailBrinupAll: register for intent action=com.android.internal.telephony.gsm.action_attached
03-23 07:13:37.935  3389  3552 D Dcc     : DccDefaultState: msg.what=EVENT_RIL_CONNECTED mRilVersion=9
03-23 07:13:37.937  3389  3389 D DCT     : [0]GsmDCT.constructor
03-23 07:13:37.979  2883  2894 D TelephonyRegistry: listen oscl: hasNotifySubscriptionInfoChangedOccurred==false no callback
03-23 07:13:37.982  3389  3402 D SubscriptionController: [getActiveSubInfoList]+
03-23 07:13:37.983  3389  3402 D SubscriptionController: [getActiveSubInfoList] Sub Controller not ready
03-23 07:13:38.016  3389  3389 D GsmSST  : [GsmSST] notifyDataRegStateRilRadioTechnologyChanged: drs=1 rat=0
03-23 07:13:38.016  3389  3389 D TelephonyManager: setTelephonyProperty: success phoneId=0 property=gsm.network.type value: Unknown propVal=Unknown
03-23 07:13:38.017  3389  3389 D SubscriptionController: [getSubId]- sSlotIdxToSubId.size == 0, return DummySubIds slotIdx=0
03-23 07:13:38.017  3389  3389 D DCT     : [0]update sub = -2
03-23 07:13:38.017  3389  3389 D DCT     : [0]update(): Active DDS, register for all events now!
03-23 07:13:38.017  3389  3389 D DCT     : [0]onUpdateIcc: newIccRecords null
03-23 07:13:38.018  3389  3389 D SubscriptionController: [getSubId]- sSlotIdxToSubId.size == 0, return DummySubIds slotIdx=0
03-23 07:13:38.018  3389  3389 D DCT     : [0]getDataEnabled: getIntWithSubId retVal=false
03-23 07:13:38.046  3389  3389 D SubscriptionController: [getSubId]- sSlotIdxToSubId.size == 0, return DummySubIds slotIdx=0
03-23 07:13:38.046  3389  3389 D GSMPhone: [GSMPhone] updateCurrentCarrierInProvider: mSubId = -2 currentDds = -1 operatorNumeric = null
03-23 07:13:38.054  3389  3389 D DCT     : [0]initApnContexts: E
03-23 07:13:38.054  3389  3389 D DCT     : [0]initApnContexts: skipping unknown type=1
03-23 07:13:38.066  3389  3389 D DCT     : [0]initApnContexts: apnContext={mApnType=default mState=IDLE mWaitingApns={null} mWaitingApnsPermanentFailureCountDown=0 mApnSetting={null} mReason=dataEnabled mDataEnabled=false mDependencyMet=true}
03-23 07:13:38.066  3389  3389 D DCT     : [0]initApnContexts: apnContext={mApnType=mms mState=IDLE mWaitingApns={null} mWaitingApnsPermanentFailureCountDown=0 mApnSetting={null} mReason=dataEnabled mDataEnabled=false mDependencyMet=true}
03-23 07:13:38.066  3389  3389 D DCT     : [0]initApnContexts: apnContext={mApnType=supl mState=IDLE mWaitingApns={null} mWaitingApnsPermanentFailureCountDown=0 mApnSetting={null} mReason=dataEnabled mDataEnabled=false mDependencyMet=true}
03-23 07:13:38.066  3389  3389 D DCT     : [0]initApnContexts: apnContext={mApnType=dun mState=IDLE mWaitingApns={null} mWaitingApnsPermanentFailureCountDown=0 mApnSetting={null} mReason=dataEnabled mDataEnabled=false mDependencyMet=true}
03-23 07:13:38.066  3389  3389 D DCT     : [0]initApnContexts: apnContext={mApnType=hipri mState=IDLE mWaitingApns={null} mWaitingApnsPermanentFailureCountDown=0 mApnSetting={null} mReason=dataEnabled mDataEnabled=false mDependencyMet=true}
03-23 07:13:38.066  3389  3389 D DCT     : [0]initApnContexts: apnContext={mApnType=fota mState=IDLE mWaitingApns={null} mWaitingApnsPermanentFailureCountDown=0 mApnSetting={null} mReason=dataEnabled mDataEnabled=false mDependencyMet=true}
03-23 07:13:38.066  3389  3389 D DCT     : [0]initApnContexts: apnContext={mApnType=ims mState=IDLE mWaitingApns={null} mWaitingApnsPermanentFailureCountDown=0 mApnSetting={null} mReason=dataEnabled mDataEnabled=false mDependencyMet=true}
03-23 07:13:38.066  3389  3389 D DCT     : [0]initApnContexts: apnContext={mApnType=cbs mState=IDLE mWaitingApns={null} mWaitingApnsPermanentFailureCountDown=0 mApnSetting={null} mReason=dataEnabled mDataEnabled=false mDependencyMet=true}
03-23 07:13:38.066  3389  3389 D DCT     : [0]initApnContexts: apnContext={mApnType=ia mState=IDLE mWaitingApns={null} mWaitingApnsPermanentFailureCountDown=0 mApnSetting={null} mReason=dataEnabled mDataEnabled=false mDependencyMet=true}
03-23 07:13:38.066  3389  3389 D DCT     : [0]initApnContexts: skipping unknown type=7
03-23 07:13:38.067  3389  3389 D DCT     : [0]initApnContexts: X mApnContexts={default={mApnType=default mState=IDLE mWaitingApns={null} mWaitingApnsPermanentFailureCountDown=0 mApnSetting={null} mReason=dataEnabled mDataEnabled=false mDependencyMet=true}, mms={mApnType=mms mState=IDLE mWaitingApns={null} mWaitingApnsPermanentFailureCountDown=0 mApnSetting={null} mReason=dataEnabled mDataEnabled=false mDependencyMet=true}, cbs={mApnType=cbs mState=IDLE mWaitingApns={null} mWaitingApnsPermanentFailureCountDown=0 mApnSetting={null} mReason=dataEnabled mDataEnabled=false mDependencyMet=true}, fota={mApnType=fota mState=IDLE mWaitingApns={null} mWaitingApnsPermanentFailureCountDown=0 mApnSetting={null} mReason=dataEnabled mDataEnabled=false mDependencyMet=true}, supl={mApnType=supl mState=IDLE mWaitingApns={null} mWaitingApnsPermanentFailureCountDown=0 mApnSetting={null} mReason=dataEnabled mDataEnabled=false mDependencyMet=true}, ia={mApnType=ia mState=IDLE mWaitingApns={null} mWaitingApnsPermanentFailureCountDown=0 mApnSetting={null} mReason=dataEnabled mDataEnabled=false mDependencyMet=true}, dun={mApnType=dun mState=IDLE mWaitingApns={null} mWaitingApnsPermanentFailureCountDown=0 mApnSetting={null} mReason=dataEnabled mDataEnabled=false mDependencyMet=true}, hipri={mApnType=hipri mState=IDLE mWaitingApns={null} mWaitingApnsPermanentFailureCountDown=0 mApnSetting={null} mReason=dataEnabled mDataEnabled=false mDependencyMet=true}, ims={mApnType=ims mState=IDLE mWaitingApns={null} mWaitingApnsPermanentFailureCountDown=0 mApnSetting={null} mReason=dataEnabled mDataEnabled=false mDependencyMet=true}}
03-23 07:13:38.390  3389  3389 D TelephonyManager: setTelephonyProperty: success phoneId=0 property=gsm.current.phone-type value: 1 propVal=1
03-23 07:13:38.391  3389  3389 D GSMPhone: [GSMPhone] GSMPhone: constructor: sub = 0
03-23 07:13:38.392  3389  3389 D TelephonyManager: setTelephonyProperty: success phoneId=0 property=gsm.current.phone-type value: 1 propVal=1
03-23 07:13:38.393  3389  3389 D SubscriptionController: [getSubId]- sSlotIdxToSubId.size == 0, return DummySubIds slotIdx=0
03-23 07:13:38.397  3389  3389 I PhoneFactory: Creating Phone with type = 1 sub = 0
03-23 07:13:38.416  3389  3389 E RIL_ImsSms: getFormat should never be called from here!
03-23 07:13:38.417  3389  3389 D SMSDispatcher: SMSDispatcher: ctor mSmsCapable=true format=unknown mSmsSendDisabled=false
03-23 07:13:38.417  3389  3389 D RIL_ImsSms: ImsSMSDispatcher created
03-23 07:13:38.425  3389  3389 D SMSDispatcher: SMSDispatcher: ctor mSmsCapable=true format=3gpp2 mSmsSendDisabled=false
03-23 07:13:38.425  3389  3389 D CdmaSMSDispatcher: CdmaSMSDispatcher created
03-23 07:13:38.531  3389  3389 D GsmInboundSmsHandler: created InboundSmsHandler
03-23 07:13:38.613  3389  3389 D CdmaInboundSmsHandler: created InboundSmsHandler
03-23 07:13:38.631  3389  3389 D SMSDispatcher: SMSDispatcher: ctor mSmsCapable=true format=3gpp mSmsSendDisabled=false
03-23 07:13:38.631  3389  3389 D GsmSMSDispatcher: GsmSMSDispatcher created
03-23 07:13:38.632  3389  3645 D SmsBroadcastUndelivered: scanning raw table for undelivered messages
03-23 07:13:38.639  3389  3389 D IccCardProxy: ctor: ci=com.android.internal.telephony.hi6210sftRIL@638321b phoneId=0
03-23 07:13:38.639  3389  3389 D CdmaSSM : subscriptionSource from settings: 0
03-23 07:13:38.639  3389  3389 D CdmaSSM : cdmaSSM constructor: 0
03-23 07:13:38.639  3389  3389 D IccCardProxy: update icc_operator_numeric=
03-23 07:13:38.639  3389  3389 D TelephonyManager: setTelephonyProperty: success phoneId=0 property=gsm.sim.operator.numeric value:  propVal=
03-23 07:13:38.640  3389  3389 D TelephonyManager: setTelephonyProperty: success phoneId=0 property=gsm.sim.operator.iso-country value:  propVal=
03-23 07:13:38.640  3389  3389 D TelephonyManager: setTelephonyProperty: success phoneId=0 property=gsm.sim.operator.alpha value:  propVal=
03-23 07:13:38.641  3389  3389 E IccCardProxy: setExternalState: set mPhoneId=0 mExternalState=NOT_READY
03-23 07:13:38.641  3389  3389 D TelephonyManager: setTelephonyProperty: success phoneId=0 property=gsm.sim.state value: NOT_READY propVal=NOT_READY
03-23 07:13:38.645  3389  3389 D SubscriptionController: [getSubId]- sSlotIdxToSubId.size == 0, return DummySubIds slotIdx=0
03-23 07:13:38.645  3389  3389 D IccCardProxy: broadcastIccStateChangedIntent intent ACTION_SIM_STATE_CHANGED value=NOT_READY reason=null for mPhoneId=0
03-23 07:13:38.655  3389  3389 D IccCardProxy: Setting radio tech UMTS
03-23 07:13:38.655  3389  3389 D IccCardProxy: updateQuietMode: 3GPP subscription -> newQuietMode=false
03-23 07:13:38.655  3389  3389 D IccCardProxy: updateQuietMode: no changes don't setExternalState
03-23 07:13:38.655  3389  3389 D IccCardProxy: updateQuietMode: QuietMode is false (app_type=1 cdmaSource=-1)
03-23 07:13:38.668  3389  3389 D TelephonyTester: register for intent action=com.android.internal.telephony.gsm.action_detached
03-23 07:13:38.668  3389  3389 D TelephonyTester: register for intent action=com.android.internal.telephony.gsm.action_attached
03-23 07:13:38.671  3389  3389 D PhoneBase: mDoesRilSendMultipleCallRing=true
03-23 07:13:38.671  3389  3389 D PhoneBase: mCallRingDelay=3000
03-23 07:13:38.696  3389  3389 D RILJ    : [3655]> RIL_REQUEST_START_LCE [SUB1]
03-23 07:13:38.696  3389  3389 I RILJ-hi6210sftRIL: : Unsupported request 132
03-23 07:13:38.696  3389  3389 D RilRequest: [3655]< RIL_REQUEST_START_LCE error: com.android.internal.telephony.CommandException: REQUEST_NOT_SUPPORTED ret=
03-23 07:13:38.696  3389  3389 D PhoneBase: mOosIsDisconnect=true
03-23 07:13:38.697  3389  3389 D RILJ    : setPhoneType=1 old value=0 [SUB1]
03-23 07:13:38.705  2883  3360 D TelephonyRegistry: listen oscl: hasNotifySubscriptionInfoChangedOccurred==false no callback
03-23 07:13:38.707  3389  3389 D TelephonyManager: setTelephonyProperty: success phoneId=1 property=gsm.network.type value: Unknown propVal=Unknown,Unknown
03-23 07:13:38.722  3389  3389 D RILJ    : [3656]> SIGNAL_STRENGTH [SUB1]
03-23 07:13:38.722  3389  3389 D RilRequest: [3656]< SIGNAL_STRENGTH error: com.android.internal.telephony.CommandException: RADIO_NOT_AVAILABLE ret=
03-23 07:13:38.738  3389  3645 D SmsBroadcastUndelivered: finished scanning raw table in 105 ms
03-23 07:13:38.738  3389  3642 D CdmaInboundSmsHandler: StartupState.processMessage:6
03-23 07:13:38.738  3389  3619 D GsmInboundSmsHandler: StartupState.processMessage:6
03-23 07:13:38.738  3389  3642 D CdmaInboundSmsHandler: entering Idle state
03-23 07:13:38.738  3389  3619 D GsmInboundSmsHandler: entering Idle state
03-23 07:13:38.738  3389  3642 D CdmaInboundSmsHandler: IdleState.processMessage:5
03-23 07:13:38.738  3389  3619 D GsmInboundSmsHandler: IdleState.processMessage:5
03-23 07:13:38.738  3389  3642 D CdmaInboundSmsHandler: Idle state processing message type 5
03-23 07:13:38.738  3389  3619 D GsmInboundSmsHandler: Idle state processing message type 5
03-23 07:13:38.747  3389  3642 D CdmaInboundSmsHandler: mWakeLock released wakelockcount = 0
03-23 07:13:38.747  3389  3389 D         : [1]DCT.constructor
03-23 07:13:38.747  3389  3389 D SubscriptionController: [getSubId]- sSlotIdxToSubId.size == 0, return DummySubIds slotIdx=1
03-23 07:13:38.747  3389  3389 D SubscriptionController: [getSubId]- sSlotIdxToSubId.size == 0, return DummySubIds slotIdx=1
03-23 07:13:38.757  3389  3619 D GsmInboundSmsHandler: mWakeLock released wakelockcount = 0
03-23 07:13:38.766  3389  3389 D         : [1]getDataEnabled: getIntWithSubId retVal=true
03-23 07:13:38.783  2424  2505 I use-Rlog/RLOG-RIL_GU: cmdloop[2] open[/dev/appvcom10] ret -1, openTryCount 12.
03-23 07:13:38.787  2424  2506 I use-Rlog/RLOG-RIL_GU: cmdloop[3] open[/dev/appvcom13] ret -1, openTryCount 12.
03-23 07:13:38.788  2424  2504 I use-Rlog/RLOG-RIL_GU: cmdloop[1] open[/dev/appvcom1] ret -1, openTryCount 12.
03-23 07:13:38.796  2424  2503 I use-Rlog/RLOG-RIL_GU: cmdloop[0] open[/dev/appvcom] ret -1, openTryCount 12.
03-23 07:13:38.806  3389  3402 D SubscriptionController: [getActiveSubInfoList]+
03-23 07:13:38.844  2883  3423 D TelephonyRegistry: listen oscl: hasNotifySubscriptionInfoChangedOccurred==false no callback
03-23 07:13:38.847  3389  3402 D SubscriptionController: [getActiveSubInfoList] Sub Controller not ready
03-23 07:13:38.847  3389  3389 D Dcc     : E ctor
03-23 07:13:38.847  3389  3389 D Dcc     : X ctor
03-23 07:13:38.857  3389  3389 D SubscriptionController: [getPhoneId] asked for default subId=-1
03-23 07:13:38.857  3389  3389 D SubscriptionController: [getPhoneId]- invalid subId return=-1
03-23 07:13:38.875  3389  3389 D DcTesterFailBrinupAll: register for intent action=com.android.internal.telephony.dataconnection.action_fail_bringup
03-23 07:13:38.875  3389  3652 D DcTesterDeacativeAll: register for intent action=com.android.internal.telephony.dataconnection.action_deactivate_all
03-23 07:13:38.875  3389  3389 D DcTesterFailBrinupAll: register for intent action=com.android.internal.telephony.gsm.action_detached
03-23 07:13:38.875  3389  3652 D DcTesterDeacativeAll: register for intent action=com.android.internal.telephony.gsm.action_detached
03-23 07:13:38.875  3389  3389 D DcTesterFailBrinupAll: register for intent action=com.android.internal.telephony.gsm.action_attached
03-23 07:13:38.881  3389  3389 D DCT     : [1]GsmDCT.constructor
03-23 07:13:38.881  3389  3389 D GsmSST  : [GsmSST] notifyDataRegStateRilRadioTechnologyChanged: drs=1 rat=0
03-23 07:13:38.881  3389  3389 D TelephonyManager: setTelephonyProperty: success phoneId=1 property=gsm.network.type value: Unknown propVal=Unknown,Unknown
03-23 07:13:38.882  3389  3389 D SubscriptionController: [getSubId]- sSlotIdxToSubId.size == 0, return DummySubIds slotIdx=1
03-23 07:13:38.882  3389  3389 D DCT     : [1]update sub = -3
03-23 07:13:38.882  3389  3389 D DCT     : [1]update(): Active DDS, register for all events now!
03-23 07:13:38.882  3389  3389 D DCT     : [1]onUpdateIcc: newIccRecords null
03-23 07:13:38.882  3389  3389 D SubscriptionController: [getSubId]- sSlotIdxToSubId.size == 0, return DummySubIds slotIdx=1
03-23 07:13:38.882  3389  3389 D DCT     : [1]getDataEnabled: getIntWithSubId retVal=true
03-23 07:13:38.915  3389  3389 D SubscriptionController: [getSubId]- sSlotIdxToSubId.size == 0, return DummySubIds slotIdx=1
03-23 07:13:38.915  3389  3389 D GSMPhone: [GSMPhone] updateCurrentCarrierInProvider: mSubId = -3 currentDds = -1 operatorNumeric = null
03-23 07:13:38.926  3389  3389 D DCT     : [1]initApnContexts: E
03-23 07:13:38.926  3389  3389 D DCT     : [1]initApnContexts: skipping unknown type=1
03-23 07:13:38.926  3389  3389 D DCT     : [1]initApnContexts: apnContext={mApnType=default mState=IDLE mWaitingApns={null} mWaitingApnsPermanentFailureCountDown=0 mApnSetting={null} mReason=dataEnabled mDataEnabled=false mDependencyMet=true}
03-23 07:13:38.926  3389  3389 D DCT     : [1]initApnContexts: apnContext={mApnType=mms mState=IDLE mWaitingApns={null} mWaitingApnsPermanentFailureCountDown=0 mApnSetting={null} mReason=dataEnabled mDataEnabled=false mDependencyMet=true}
03-23 07:13:38.926  3389  3389 D DCT     : [1]initApnContexts: apnContext={mApnType=supl mState=IDLE mWaitingApns={null} mWaitingApnsPermanentFailureCountDown=0 mApnSetting={null} mReason=dataEnabled mDataEnabled=false mDependencyMet=true}
03-23 07:13:38.926  3389  3389 D DCT     : [1]initApnContexts: apnContext={mApnType=dun mState=IDLE mWaitingApns={null} mWaitingApnsPermanentFailureCountDown=0 mApnSetting={null} mReason=dataEnabled mDataEnabled=false mDependencyMet=true}
03-23 07:13:38.926  3389  3389 D DCT     : [1]initApnContexts: apnContext={mApnType=hipri mState=IDLE mWaitingApns={null} mWaitingApnsPermanentFailureCountDown=0 mApnSetting={null} mReason=dataEnabled mDataEnabled=false mDependencyMet=true}
03-23 07:13:38.927  3389  3389 D DCT     : [1]initApnContexts: apnContext={mApnType=fota mState=IDLE mWaitingApns={null} mWaitingApnsPermanentFailureCountDown=0 mApnSetting={null} mReason=dataEnabled mDataEnabled=false mDependencyMet=true}
03-23 07:13:38.927  3389  3389 D DCT     : [1]initApnContexts: apnContext={mApnType=ims mState=IDLE mWaitingApns={null} mWaitingApnsPermanentFailureCountDown=0 mApnSetting={null} mReason=dataEnabled mDataEnabled=false mDependencyMet=true}
03-23 07:13:38.927  3389  3389 D DCT     : [1]initApnContexts: apnContext={mApnType=cbs mState=IDLE mWaitingApns={null} mWaitingApnsPermanentFailureCountDown=0 mApnSetting={null} mReason=dataEnabled mDataEnabled=false mDependencyMet=true}
03-23 07:13:38.927  3389  3389 D DCT     : [1]initApnContexts: apnContext={mApnType=ia mState=IDLE mWaitingApns={null} mWaitingApnsPermanentFailureCountDown=0 mApnSetting={null} mReason=dataEnabled mDataEnabled=false mDependencyMet=true}
03-23 07:13:38.927  3389  3389 D DCT     : [1]initApnContexts: skipping unknown type=7
03-23 07:13:38.927  3389  3389 D DCT     : [1]initApnContexts: X mApnContexts={default={mApnType=default mState=IDLE mWaitingApns={null} mWaitingApnsPermanentFailureCountDown=0 mApnSetting={null} mReason=dataEnabled mDataEnabled=false mDependencyMet=true}, mms={mApnType=mms mState=IDLE mWaitingApns={null} mWaitingApnsPermanentFailureCountDown=0 mApnSetting={null} mReason=dataEnabled mDataEnabled=false mDependencyMet=true}, cbs={mApnType=cbs mState=IDLE mWaitingApns={null} mWaitingApnsPermanentFailureCountDown=0 mApnSetting={null} mReason=dataEnabled mDataEnabled=false mDependencyMet=true}, fota={mApnType=fota mState=IDLE mWaitingApns={null} mWaitingApnsPermanentFailureCountDown=0 mApnSetting={null} mReason=dataEnabled mDataEnabled=false mDependencyMet=true}, supl={mApnType=supl mState=IDLE mWaitingApns={null} mWaitingApnsPermanentFailureCountDown=0 mApnSetting={null} mReason=dataEnabled mDataEnabled=false mDependencyMet=true}, ia={mApnType=ia mState=IDLE mWaitingApns={null} mWaitingApnsPermanentFailureCountDown=0 mApnSetting={null} mReason=dataEnabled mDataEnabled=false mDependencyMet=true}, dun={mApnType=dun mState=IDLE mWaitingApns={null} mWaitingApnsPermanentFailureCountDown=0 mApnSetting={null} mReason=dataEnabled mDataEnabled=false mDependencyMet=true}, hipri={mApnType=hipri mState=IDLE mWaitingApns={null} mWaitingApnsPermanentFailureCountDown=0 mApnSetting={null} mReason=dataEnabled mDataEnabled=false mDependencyMet=true}, ims={mApnType=ims mState=IDLE mWaitingApns={null} mWaitingApnsPermanentFailureCountDown=0 mApnSetting={null} mReason=dataEnabled mDataEnabled=false mDependencyMet=true}}
03-23 07:13:39.032  3389  3389 D TelephonyManager: setTelephonyProperty: success phoneId=1 property=gsm.current.phone-type value: 1 propVal=1,1
03-23 07:13:39.032  3389  3389 D GSMPhone: [GSMPhone] GSMPhone: constructor: sub = 1
03-23 07:13:39.033  3389  3389 D TelephonyManager: setTelephonyProperty: success phoneId=1 property=gsm.current.phone-type value: 1 propVal=1,1
03-23 07:13:39.034  3389  3389 D SubscriptionController: [getSubId]- sSlotIdxToSubId.size == 0, return DummySubIds slotIdx=1
03-23 07:13:39.039  3389  3389 I PhoneFactory: Creating Phone with type = 1 sub = 1
03-23 07:13:39.056  3389  3389 E RIL_ImsSms: getFormat should never be called from here!
03-23 07:13:39.056  3389  3389 D SMSDispatcher: SMSDispatcher: ctor mSmsCapable=true format=unknown mSmsSendDisabled=false
03-23 07:13:39.056  3389  3389 D RIL_ImsSms: ImsSMSDispatcher created
03-23 07:13:39.058  3389  3389 D SMSDispatcher: SMSDispatcher: ctor mSmsCapable=true format=3gpp2 mSmsSendDisabled=false
03-23 07:13:39.058  3389  3389 D CdmaSMSDispatcher: CdmaSMSDispatcher created
03-23 07:13:39.097  3389  3389 D GsmInboundSmsHandler: created InboundSmsHandler
03-23 07:13:39.122  3389  3389 D CdmaInboundSmsHandler: created InboundSmsHandler
03-23 07:13:39.132  3389  3389 D SMSDispatcher: SMSDispatcher: ctor mSmsCapable=true format=3gpp mSmsSendDisabled=false
03-23 07:13:39.132  3389  3389 D GsmSMSDispatcher: GsmSMSDispatcher created
03-23 07:13:39.132  3389  3389 D IccCardProxy: ctor: ci=com.android.internal.telephony.hi6210sftRIL@49a35c phoneId=1
03-23 07:13:39.132  3389  3389 D IccCardProxy: update icc_operator_numeric=
03-23 07:13:39.132  3389  3389 D TelephonyManager: setTelephonyProperty: success phoneId=1 property=gsm.sim.operator.numeric value:  propVal=,
03-23 07:13:39.133  3389  3389 D TelephonyManager: setTelephonyProperty: success phoneId=1 property=gsm.sim.operator.iso-country value:  propVal=,
03-23 07:13:39.134  3389  3389 D TelephonyManager: setTelephonyProperty: success phoneId=1 property=gsm.sim.operator.alpha value:  propVal=,
03-23 07:13:39.134  3389  3663 D SmsBroadcastUndelivered: scanning raw table for undelivered messages
03-23 07:13:39.135  3389  3389 E IccCardProxy: setExternalState: set mPhoneId=1 mExternalState=NOT_READY
03-23 07:13:39.136  3389  3389 D TelephonyManager: setTelephonyProperty: success phoneId=1 property=gsm.sim.state value: NOT_READY propVal=NOT_READY,NOT_READY
03-23 07:13:39.137  3389  3389 D SubscriptionController: [getSubId]- sSlotIdxToSubId.size == 0, return DummySubIds slotIdx=1
03-23 07:13:39.138  3389  3389 D IccCardProxy: broadcastIccStateChangedIntent intent ACTION_SIM_STATE_CHANGED value=NOT_READY reason=null for mPhoneId=1
03-23 07:13:39.141  3389  3389 D IccCardProxy: Setting radio tech UMTS
03-23 07:13:39.141  3389  3389 D IccCardProxy: updateQuietMode: 3GPP subscription -> newQuietMode=false
03-23 07:13:39.141  3389  3389 D IccCardProxy: updateQuietMode: no changes don't setExternalState
03-23 07:13:39.141  3389  3389 D IccCardProxy: updateQuietMode: QuietMode is false (app_type=1 cdmaSource=-1)
03-23 07:13:39.143  3389  3389 D ProxyController: Constructor - Enter
03-23 07:13:39.144  3389  3389 D DctController: makeDctController: new DctController phones.length=2
03-23 07:13:39.144  3389  3389 D DctController: DctController(): phones.length=2
03-23 07:13:39.145  3389  3663 D SmsBroadcastUndelivered: finished scanning raw table in 11 ms
03-23 07:13:39.146  3389  3660 D CdmaInboundSmsHandler: StartupState.processMessage:6
03-23 07:13:39.146  3389  3658 D GsmInboundSmsHandler: StartupState.processMessage:6
03-23 07:13:39.146  3389  3658 D GsmInboundSmsHandler: entering Idle state
03-23 07:13:39.146  3389  3660 D CdmaInboundSmsHandler: entering Idle state
03-23 07:13:39.146  3389  3658 D GsmInboundSmsHandler: IdleState.processMessage:5
03-23 07:13:39.146  3389  3658 D GsmInboundSmsHandler: Idle state processing message type 5
03-23 07:13:39.146  3389  3660 D CdmaInboundSmsHandler: IdleState.processMessage:5
03-23 07:13:39.146  3389  3660 D CdmaInboundSmsHandler: Idle state processing message type 5
03-23 07:13:39.147  3389  3660 D CdmaInboundSmsHandler: mWakeLock released wakelockcount = 0
03-23 07:13:39.147  3389  3658 D GsmInboundSmsHandler: mWakeLock released wakelockcount = 0
03-23 07:13:39.151  3389  3389 D DcSwitchSM: [DcSwitchStateMachine-0] DcSwitchState constructor E
03-23 07:13:39.151  3389  3389 D DcSwitchSM: [DcSwitchStateMachine-0] DcSwitchState constructor X
03-23 07:13:39.151  3389  3401 D SubscriptionController: [getActiveSubInfoList]+
03-23 07:13:39.151  3389  3664 D DcSwitchSM: [DcSwitchStateMachine-0] IdleState: enter
03-23 07:13:39.152  3389  3648 D SubscriptionController: [getSlotId]- subId invalid
03-23 07:13:39.154  3389  3401 D SubscriptionController: [getActiveSubInfoList] Sub Controller not ready
03-23 07:13:39.155  3389  3389 D DctController: DctController(phones): Connect success: 0
03-23 07:13:39.155  3389  3389 D DctController: updatePhoneBaseForIndex for phone index=0
03-23 07:13:39.155  3389  3389 D DctController: unregister TelephonyNetworkFactory for phone index=0
03-23 07:13:39.157  3389  3389 D SubscriptionController: [getSubId]- sSlotIdxToSubId.size == 0, return DummySubIds slotIdx=0
03-23 07:13:39.157  3389  3389 D DctController: [TNF -2]NetworkCapabilities: [ Transports: CELLULAR Capabilities: MMS&SUPL&DUN&FOTA&IMS&CBS&IA&RCS&XCAP&EIMS&INTERNET&NOT_RESTRICTED&TRUSTED&NOT_VPN]
03-23 07:13:39.159  3389  3389 D DcSwitchSM: [DcSwitchStateMachine-1] DcSwitchState constructor E
03-23 07:13:39.159  3389  3389 D DcSwitchSM: [DcSwitchStateMachine-1] DcSwitchState constructor X
03-23 07:13:39.159  3389  3666 D DcSwitchSM: [DcSwitchStateMachine-1] IdleState: enter
03-23 07:13:39.160  3389  3389 D DctController: DctController(phones): Connect success: 1
03-23 07:13:39.160  3389  3389 D DctController: updatePhoneBaseForIndex for phone index=1
03-23 07:13:39.160  3389  3389 D DctController: unregister TelephonyNetworkFactory for phone index=1
03-23 07:13:39.162  3389  3389 D SubscriptionController: [getSubId]- sSlotIdxToSubId.size == 0, return DummySubIds slotIdx=1
03-23 07:13:39.162  3389  3389 D DctController: [TNF -3]NetworkCapabilities: [ Transports: CELLULAR Capabilities: MMS&SUPL&DUN&FOTA&IMS&CBS&IA&RCS&XCAP&EIMS&INTERNET&NOT_RESTRICTED&TRUSTED&NOT_VPN]
03-23 07:13:39.169  2883  3061 D TelephonyRegistry: listen oscl: hasNotifySubscriptionInfoChangedOccurred==false no callback
03-23 07:13:39.181  3389  3389 D DctController: makeDctController: X sDctController=Handler (com.android.internal.telephony.dataconnection.DctController) {7dd0751}
03-23 07:13:39.219  3389  3389 D ProxyController: clearTransaction
03-23 07:13:39.220  3389  3389 D ProxyController: clearTransaction: phoneId=0 status=IDLE
03-23 07:13:39.220  3389  3389 D ProxyController: clearTransaction: phoneId=1 status=IDLE
03-23 07:13:39.220  3389  3389 D ProxyController: Constructor - Exit
03-23 07:13:39.345  3389  3389 I PhoneFactory: defaultSmsApplication: com.android.messaging
03-23 07:13:39.355  3389  3389 I PhoneFactory: Creating SubInfoRecordUpdater 
03-23 07:13:39.356  3389  3389 D SubscriptionInfoUpdater: Constructor invoked
