03-20 11:45:05.441  3186  3186 D SST     : Poll ServiceState done:  oldSS=[1 1 voice home data home null null null null null null  Unknown Unknown CSS not supported -1 -1 RoamInd=-1 DefRoamInd=-1 EmergOnly=false IsDataRoamingFromRegistration=false IsUsingCarrierAggregation=false] newSS=[1 1 voice home data home null null null null null null  Unknown Unknown CSS not supported -1 -1 RoamInd=-1 DefRoamInd=-1 EmergOnly=false IsDataRoamingFromRegistration=false IsUsingCarrierAggregation=false] oldMaxDataCalls=1 mNewMaxDataCalls=1 oldReasonDataDenied=-1 mNewReasonDataDenied=-1
03-20 11:45:05.441  3186  3186 D DCT     : [1]onRadioOffOrNotAvailable: is off and clean up all connections
03-20 11:45:05.441  3186  3186 D DCT     : [1]cleanUpAllConnections: tearDown=false reason=radioTurnedOff
03-20 11:45:05.441  3186  3186 D GsmCdmaPhone: [GsmCdmaPhone] getDataConnectionState apnType=default ret=DISCONNECTED
03-20 11:45:05.451  3186  3186 D CdmaSSM : subscriptionSource from settings: 0
03-20 11:45:05.456  3186  3186 D DCT     : [1]setupDataForSinglePdn: reason = radioTurnedOff isDisconnected = true
03-20 11:45:05.457  3186  3186 D DCT     : [1]isOnlySingleDcAllowed(0): false
03-20 11:45:05.457  3186  3186 D DCT     : [1]cleanUpConnection: X tearDown=false reason=radioTurnedOff apnContext={mApnType=default mState=IDLE mWaitingApns={null} mApnSetting={null} mReason=radioTurnedOff mDataEnabled=false mDependencyMet=true} dcac=null
03-20 11:45:05.457  3186  3186 D GsmCdmaPhone: [GsmCdmaPhone] getDataConnectionState apnType=mms ret=DISCONNECTED
03-20 11:45:05.468  3186  3186 D CdmaSSM : subscriptionSource from settings: 0
03-20 11:45:05.471  3186  3186 D DCT     : [1]setupDataForSinglePdn: reason = radioTurnedOff isDisconnected = true
03-20 11:45:05.471  3186  3186 D DCT     : [1]isOnlySingleDcAllowed(0): false
03-20 11:45:05.471  3186  3186 D DCT     : [1]cleanUpConnection: X tearDown=false reason=radioTurnedOff apnContext={mApnType=mms mState=IDLE mWaitingApns={null} mApnSetting={null} mReason=radioTurnedOff mDataEnabled=false mDependencyMet=true} dcac=null
03-20 11:45:05.471  3186  3186 D GsmCdmaPhone: [GsmCdmaPhone] getDataConnectionState apnType=cbs ret=DISCONNECTED
03-20 11:45:05.476  3186  3186 D CdmaSSM : subscriptionSource from settings: 0
03-20 11:45:05.478  3186  3186 D DCT     : [1]setupDataForSinglePdn: reason = radioTurnedOff isDisconnected = true
03-20 11:45:05.478  3186  3186 D DCT     : [1]isOnlySingleDcAllowed(0): false
03-20 11:45:05.478  3186  3186 D DCT     : [1]cleanUpConnection: X tearDown=false reason=radioTurnedOff apnContext={mApnType=cbs mState=IDLE mWaitingApns={null} mApnSetting={null} mReason=radioTurnedOff mDataEnabled=false mDependencyMet=true} dcac=null
03-20 11:45:05.479  3186  3186 D GsmCdmaPhone: [GsmCdmaPhone] getDataConnectionState apnType=fota ret=DISCONNECTED
03-20 11:45:05.479  3186  3186 D CdmaSSM : subscriptionSource from settings: 0
03-20 11:45:05.481  3186  3186 D DCT     : [1]setupDataForSinglePdn: reason = radioTurnedOff isDisconnected = true
03-20 11:45:05.482  3186  3186 D DCT     : [1]isOnlySingleDcAllowed(0): false
03-20 11:45:05.482  3186  3186 D DCT     : [1]cleanUpConnection: X tearDown=false reason=radioTurnedOff apnContext={mApnType=fota mState=IDLE mWaitingApns={null} mApnSetting={null} mReason=radioTurnedOff mDataEnabled=false mDependencyMet=true} dcac=null
03-20 11:45:05.482  3186  3186 D GsmCdmaPhone: [GsmCdmaPhone] getDataConnectionState apnType=supl ret=DISCONNECTED
03-20 11:45:05.482  3186  3186 D CdmaSSM : subscriptionSource from settings: 0
03-20 11:45:05.484  3186  3186 D DCT     : [1]setupDataForSinglePdn: reason = radioTurnedOff isDisconnected = true
03-20 11:45:05.485  3186  3186 D DCT     : [1]isOnlySingleDcAllowed(0): false
03-20 11:45:05.485  3186  3186 D DCT     : [1]cleanUpConnection: X tearDown=false reason=radioTurnedOff apnContext={mApnType=supl mState=IDLE mWaitingApns={null} mApnSetting={null} mReason=radioTurnedOff mDataEnabled=false mDependencyMet=true} dcac=null
03-20 11:45:05.485  3186  3186 D GsmCdmaPhone: [GsmCdmaPhone] getDataConnectionState apnType=ia ret=DISCONNECTED
03-20 11:45:05.485  3186  3186 D CdmaSSM : subscriptionSource from settings: 0
03-20 11:45:05.518  3186  3186 D DCT     : [1]setupDataForSinglePdn: reason = radioTurnedOff isDisconnected = true
03-20 11:45:05.518  3186  3186 D DCT     : [1]isOnlySingleDcAllowed(0): false
03-20 11:45:05.519  3186  3186 D DCT     : [1]cleanUpConnection: X tearDown=false reason=radioTurnedOff apnContext={mApnType=ia mState=IDLE mWaitingApns={null} mApnSetting={null} mReason=radioTurnedOff mDataEnabled=false mDependencyMet=true} dcac=null
03-20 11:45:05.519  3186  3186 D GsmCdmaPhone: [GsmCdmaPhone] getDataConnectionState apnType=dun ret=DISCONNECTED
03-20 11:45:05.519  3186  3186 D CdmaSSM : subscriptionSource from settings: 0
03-20 11:45:05.522  3186  3186 D DCT     : [1]setupDataForSinglePdn: reason = radioTurnedOff isDisconnected = true
03-20 11:45:05.522  3186  3186 D DCT     : [1]isOnlySingleDcAllowed(0): false
03-20 11:45:05.522  3186  3186 D DCT     : [1]cleanUpConnection: X tearDown=false reason=radioTurnedOff apnContext={mApnType=dun mState=IDLE mWaitingApns={null} mApnSetting={null} mReason=radioTurnedOff mDataEnabled=false mDependencyMet=true} dcac=null
03-20 11:45:05.522  3186  3186 D GsmCdmaPhone: [GsmCdmaPhone] getDataConnectionState apnType=hipri ret=DISCONNECTED
03-20 11:45:05.522  3186  3186 D CdmaSSM : subscriptionSource from settings: 0
03-20 11:45:05.526  3186  3186 D DCT     : [1]setupDataForSinglePdn: reason = radioTurnedOff isDisconnected = true
03-20 11:45:05.526  3186  3186 D DCT     : [1]isOnlySingleDcAllowed(0): false
03-20 11:45:05.526  3186  3186 D DCT     : [1]cleanUpConnection: X tearDown=false reason=radioTurnedOff apnContext={mApnType=hipri mState=IDLE mWaitingApns={null} mApnSetting={null} mReason=radioTurnedOff mDataEnabled=false mDependencyMet=true} dcac=null
03-20 11:45:05.526  3186  3186 D GsmCdmaPhone: [GsmCdmaPhone] getDataConnectionState apnType=ims ret=DISCONNECTED
03-20 11:45:05.527  3186  3186 D CdmaSSM : subscriptionSource from settings: 0
03-20 11:45:05.529  3186  3186 D DCT     : [1]setupDataForSinglePdn: reason = radioTurnedOff isDisconnected = true
03-20 11:45:05.529  3186  3186 D DCT     : [1]isOnlySingleDcAllowed(0): false
03-20 11:45:05.529  3186  3186 D DCT     : [1]cleanUpConnection: X tearDown=false reason=radioTurnedOff apnContext={mApnType=ims mState=IDLE mWaitingApns={null} mApnSetting={null} mReason=radioTurnedOff mDataEnabled=false mDependencyMet=true} dcac=null
03-20 11:45:05.529  3186  3186 D DCT     : [1]stopNetStatPoll
03-20 11:45:05.529  3186  3186 D DCT     : [1]cleanUpConnection: mDisconnectPendingCount = 0
03-20 11:45:05.529  3186  3186 D CdmaSSM : subscriptionSource from settings: 0
03-20 11:45:05.530  3186  3186 D DCT     : [1]isDataAllowed: No - defaultDataSelected= false - SIM not loaded - Not attached
03-20 11:45:05.530  3186  3186 D CdmaSSM : subscriptionSource from settings: 0
03-20 11:45:05.564  3186  3186 D CdmaSSM : subscriptionSource from settings: 0
03-20 11:45:05.568  3186  3186 D CdmaSSM : subscriptionSource from settings: 0
03-20 11:45:05.573  3186  3186 D CdmaSSM : subscriptionSource from settings: 0
03-20 11:45:05.584  3186  3186 D CdmaSSM : subscriptionSource from settings: 0
03-20 11:45:05.586  3186  3186 D CdmaSSM : subscriptionSource from settings: 0
03-20 11:45:05.589  3186  3186 D CdmaSSM : subscriptionSource from settings: 0
03-20 11:45:05.592  3186  3186 D CdmaSSM : subscriptionSource from settings: 0
03-20 11:45:05.608  3186  3186 D CdmaSSM : subscriptionSource from settings: 0
03-20 11:45:05.610  3186  3186 D DCT     : [1]onDataConnectionDetached: stop polling and notify detached
03-20 11:45:05.610  3186  3186 D DCT     : [1]stopNetStatPoll
03-20 11:45:05.611  3186  3186 D DCT     : [1]notifyDataConnection: reason=dataDetached
03-20 11:45:05.611  3186  3186 D CdmaSSM : subscriptionSource from settings: 0
03-20 11:45:05.611  3186  3186 D DCT     : [1]isDataAllowed: No - defaultDataSelected= false - SIM not loaded - Not attached
03-20 11:45:05.612  3186  3186 D CdmaSSM : subscriptionSource from settings: 0
03-20 11:45:05.614  3186  3186 D CdmaSSM : subscriptionSource from settings: 0
03-20 11:45:05.617  3186  3186 D CdmaSSM : subscriptionSource from settings: 0
03-20 11:45:05.644  3186  3186 D CdmaSSM : subscriptionSource from settings: 0
03-20 11:45:05.646  3186  3186 D CdmaSSM : subscriptionSource from settings: 0
03-20 11:45:05.659  3186  3186 D CdmaSSM : subscriptionSource from settings: 0
03-20 11:45:05.663  3186  3186 D CdmaSSM : subscriptionSource from settings: 0
03-20 11:45:05.665  3186  3186 D CdmaSSM : subscriptionSource from settings: 0
03-20 11:45:05.668  3186  3186 D CdmaSSM : subscriptionSource from settings: 0
03-20 11:45:05.670  3186  3186 D DCT     : [1]onRoamingOff
03-20 11:45:05.674  3186  3186 D CdmaSSM : subscriptionSource from settings: 0
03-20 11:45:05.674  3186  3186 D DCT     : [1]isDataAllowed: No - defaultDataSelected= false - SIM not loaded - Not attached
03-20 11:45:05.675  3186  3186 D CdmaSSM : subscriptionSource from settings: 0
03-20 11:45:05.715  3186  3186 D CdmaSSM : subscriptionSource from settings: 0
03-20 11:45:05.717  3186  3186 D CdmaSSM : subscriptionSource from settings: 0
03-20 11:45:05.720  3186  3186 D CdmaSSM : subscriptionSource from settings: 0
03-20 11:45:05.723  3186  3186 D CdmaSSM : subscriptionSource from settings: 0
03-20 11:45:05.726  3186  3186 D CdmaSSM : subscriptionSource from settings: 0
03-20 11:45:05.729  3186  3186 D CdmaSSM : subscriptionSource from settings: 0
03-20 11:45:05.739  3186  3186 D CdmaSSM : subscriptionSource from settings: 0
03-20 11:45:05.758  3186  3186 D CdmaSSM : subscriptionSource from settings: 0
03-20 11:45:05.761  3186  3186 D DCT     : [1]setupDataOnConnectableApns: roamingOff hipri:[state=IDLE,enabled=false] mms:[state=IDLE,enabled=false] supl:[state=IDLE,enabled=false] cbs:[state=IDLE,enabled=false] dun:[state=IDLE,enabled=false] fota:[state=IDLE,enabled=false] ims:[state=IDLE,enabled=false] default:[state=IDLE,enabled=false] ia:[state=IDLE,enabled=false] 
03-20 11:45:05.761  3186  3186 D DCT     : [1]setupDataOnConnectableApns: nwTypeChanged hipri:[state=IDLE,enabled=false] mms:[state=IDLE,enabled=false] supl:[state=IDLE,enabled=false] cbs:[state=IDLE,enabled=false] dun:[state=IDLE,enabled=false] fota:[state=IDLE,enabled=false] ims:[state=IDLE,enabled=false] default:[state=IDLE,enabled=false] ia:[state=IDLE,enabled=false] 
03-20 11:45:05.805  3186  3186 D SubscriptionInfoUpdater: [Receiver]+
03-20 11:45:05.805  3186  3186 D SubscriptionInfoUpdater: Action: android.intent.action.SIM_STATE_CHANGED
03-20 11:45:05.805  3186  3186 D SubscriptionInfoUpdater: slotId: 1
03-20 11:45:05.805  3186  3186 D SubscriptionInfoUpdater: simStatus: NOT_READY
03-20 11:45:05.805  3186  3186 D SubscriptionInfoUpdater: Ignoring simStatus: NOT_READY
03-20 11:45:05.805  3186  3186 D SubscriptionInfoUpdater: [Receiver]-
03-20 11:45:05.841  3186  3186 D WAP PUSH: Received broadcast android.intent.action.USER_UNLOCKED
03-20 11:45:05.842  3186  3186 D WAP PUSH: Received broadcast android.intent.action.USER_UNLOCKED
03-20 11:45:05.843  3186  3186 D SmsBroadcastUndelivered: Received broadcast android.intent.action.USER_UNLOCKED
03-20 11:45:05.843  3186  3186 D WAP PUSH: Received broadcast android.intent.action.USER_UNLOCKED
03-20 11:45:05.843  3186  3186 D WAP PUSH: Received broadcast android.intent.action.USER_UNLOCKED
03-20 11:45:07.207  3480  3670 D TelephonyManager: getSimState: default sim:-1, sim state for slotIdx=0 is 6, return state as unknown
03-20 11:45:07.457  3480  3680 D TelephonyManager: getSimState: default sim:-1, sim state for slotIdx=0 is 6, return state as unknown
03-20 11:45:08.922  3186  3374 I RILJ    : Couldn't find 'rild' socket; retrying after timeout
03-20 11:45:08.950  3186  3376 I RILJ    : Couldn't find 'rild2' socket; retrying after timeout
03-20 11:45:10.981  3186  3186 D DCT     : [0]Wifi state changed
03-20 11:45:10.981  3186  3186 D DCT     : [0]WIFI_STATE_CHANGED_ACTION: enabled=false mIsWifiConnected=false
03-20 11:45:10.987  3186  3186 D DCT     : [1]Wifi state changed
03-20 11:45:10.987  3186  3186 D DCT     : [1]WIFI_STATE_CHANGED_ACTION: enabled=false mIsWifiConnected=false
03-20 11:45:12.923  3186  3374 I RILJ    : Couldn't find 'rild' socket; retrying after timeout
03-20 11:45:12.952  3186  3376 I RILJ    : Couldn't find 'rild2' socket; retrying after timeout
03-20 11:45:14.526  3186  3186 D SubscriptionController: [getPhoneId] asked for default subId=-1
03-20 11:45:14.585  3186  3223 D DCT     : [0]hasMatchedTetherApnSetting: APN=null
03-20 11:45:15.549  3186  3186 D GsmCdmaPhone: mBroadcastReceiver: action android.telephony.action.CARRIER_CONFIG_CHANGED
03-20 11:45:15.550  3186  3186 D GsmCdmaPhone: mBroadcastReceiver: action android.telephony.action.CARRIER_CONFIG_CHANGED
03-20 11:45:15.551  3186  3186 D GsmCdmaPhone: mBroadcastReceiver: action android.telephony.action.CARRIER_CONFIG_CHANGED
03-20 11:45:15.553  3186  3186 D GsmCdmaPhone: mBroadcastReceiver: action android.telephony.action.CARRIER_CONFIG_CHANGED
03-20 11:45:15.565  3186  3186 D ImsManager: updateVolteFeatureValue: available = false, enabled = true, nonTTY = true
03-20 11:45:15.566  3186  3186 E ImsManager: updateImsServiceConfig: 
03-20 11:45:15.566  3186  3186 E ImsManager: com.android.ims.ImsException: Service is unavailable, code = 106
03-20 11:45:15.566  3186  3186 E ImsManager: 	at com.android.ims.ImsManager.checkAndThrowExceptionIfServiceUnavailable(ImsManager.java:1353)
03-20 11:45:15.566  3186  3186 E ImsManager: 	at com.android.ims.ImsManager.getConfigInterface(ImsManager.java:1232)
03-20 11:45:15.566  3186  3186 E ImsManager: 	at com.android.ims.ImsManager.updateVolteFeatureValue(ImsManager.java:814)
03-20 11:45:15.566  3186  3186 E ImsManager: 	at com.android.ims.ImsManager.updateImsServiceConfig(ImsManager.java:774)
03-20 11:45:15.566  3186  3186 E ImsManager: 	at com.android.internal.telephony.GsmCdmaPhone.handleMessage(GsmCdmaPhone.java:2144)
03-20 11:45:15.566  3186  3186 E ImsManager: 	at android.os.Handler.dispatchMessage(Handler.java:102)
03-20 11:45:15.566  3186  3186 E ImsManager: 	at android.os.Looper.loop(Looper.java:154)
03-20 11:45:15.566  3186  3186 E ImsManager: 	at android.app.ActivityThread.main(ActivityThread.java:6126)
03-20 11:45:15.566  3186  3186 E ImsManager: 	at java.lang.reflect.Method.invoke(Native Method)
03-20 11:45:15.566  3186  3186 E ImsManager: 	at com.android.internal.os.ZygoteInit$MethodAndArgsCaller.run(ZygoteInit.java:886)
03-20 11:45:15.566  3186  3186 E ImsManager: 	at com.android.internal.os.ZygoteInit.main(ZygoteInit.java:776)
03-20 11:45:15.567  3186  3186 D GsmCdmaPhone: [GsmCdmaPhone] broadcastEmergencyCallStateChanges = false
03-20 11:45:15.567  3186  3186 E GsmCdmaPhone: [GsmCdmaPhone] Invalid cdma_roaming_mode settings: -1
03-20 11:45:15.567  3186  3186 D EriManager: loadEriFileFromXml: check for alternate file
03-20 11:45:15.568  3186  3186 D EriManager: loadEriFileFromXml: no alternate file
03-20 11:45:15.569  3186  3186 D EriManager: eriFile = eri.xml
03-20 11:45:15.599  3186  3186 D EriManager: loadEriFileFromXml: eri parsing successful, file loaded. ver = 1357, # of entries = 176
03-20 11:45:15.599  3186  3186 D GsmCdmaPhone: [GsmCdmaPhone] ERI read, notify registrants
03-20 11:45:15.691  3186  3186 D ImsManager: updateVolteFeatureValue: available = false, enabled = true, nonTTY = true
03-20 11:45:15.692  3186  3186 E ImsManager: updateImsServiceConfig: 
03-20 11:45:15.692  3186  3186 E ImsManager: com.android.ims.ImsException: Service is unavailable, code = 106
03-20 11:45:15.692  3186  3186 E ImsManager: 	at com.android.ims.ImsManager.checkAndThrowExceptionIfServiceUnavailable(ImsManager.java:1353)
03-20 11:45:15.692  3186  3186 E ImsManager: 	at com.android.ims.ImsManager.getConfigInterface(ImsManager.java:1232)
03-20 11:45:15.692  3186  3186 E ImsManager: 	at com.android.ims.ImsManager.updateVolteFeatureValue(ImsManager.java:814)
03-20 11:45:15.692  3186  3186 E ImsManager: 	at com.android.ims.ImsManager.updateImsServiceConfig(ImsManager.java:774)
03-20 11:45:15.692  3186  3186 E ImsManager: 	at com.android.internal.telephony.GsmCdmaPhone.handleMessage(GsmCdmaPhone.java:2144)
03-20 11:45:15.692  3186  3186 E ImsManager: 	at android.os.Handler.dispatchMessage(Handler.java:102)
03-20 11:45:15.692  3186  3186 E ImsManager: 	at android.os.Looper.loop(Looper.java:154)
03-20 11:45:15.692  3186  3186 E ImsManager: 	at android.app.ActivityThread.main(ActivityThread.java:6126)
03-20 11:45:15.692  3186  3186 E ImsManager: 	at java.lang.reflect.Method.invoke(Native Method)
03-20 11:45:15.692  3186  3186 E ImsManager: 	at com.android.internal.os.ZygoteInit$MethodAndArgsCaller.run(ZygoteInit.java:886)
03-20 11:45:15.692  3186  3186 E ImsManager: 	at com.android.internal.os.ZygoteInit.main(ZygoteInit.java:776)
03-20 11:45:15.693  3186  3186 D GsmCdmaPhone: [GsmCdmaPhone] broadcastEmergencyCallStateChanges = false
03-20 11:45:15.693  3186  3186 E GsmCdmaPhone: [GsmCdmaPhone] Invalid cdma_roaming_mode settings: -1
03-20 11:45:15.693  3186  3186 D EriManager: loadEriFileFromXml: check for alternate file
03-20 11:45:15.693  3186  3186 D EriManager: loadEriFileFromXml: no alternate file
03-20 11:45:15.694  3186  3186 D EriManager: eriFile = eri.xml
03-20 11:45:15.700  3186  3186 D EriManager: loadEriFileFromXml: eri parsing successful, file loaded. ver = 1357, # of entries = 176
03-20 11:45:15.700  3186  3186 D GsmCdmaPhone: [GsmCdmaPhone] ERI read, notify registrants
03-20 11:45:16.924  3186  3374 I RILJ    : Couldn't find 'rild' socket; retrying after timeout
03-20 11:45:16.953  3186  3376 I RILJ    : Couldn't find 'rild2' socket; retrying after timeout
03-20 11:45:19.060  3186  3384 D SubscriptionController: [getPhoneId] asked for default subId=-1
03-20 11:45:19.133  3186  3223 D SubscriptionController: [getActiveSubInfoList] Sub Controller not ready
03-20 11:45:19.158  3186  3227 D SubscriptionController: [getActiveSubInfoList] Sub Controller not ready
03-20 11:45:19.379  3186  3384 D SubscriptionController: [getActiveSubInfoList] Sub Controller not ready
03-20 11:45:19.508  3186  3384 D SubscriptionController: [getActiveSubInfoList] Sub Controller not ready
03-20 11:45:19.528  3186  3223 D SubscriptionController: [getActiveSubInfoList] Sub Controller not ready
03-20 11:45:19.890  3186  3227 D SubscriptionController: [getActiveSubInfoList] Sub Controller not ready
03-20 11:45:19.932  3186  3223 D SubscriptionController: [getPhoneId] asked for default subId=-1
03-20 11:45:20.924  3186  3374 I RILJ    : Couldn't find 'rild' socket; retrying after timeout
03-20 11:45:20.957  3186  3376 I RILJ    : Couldn't find 'rild2' socket; retrying after timeout
03-20 11:45:21.040  3186  3186 D CAT     : com.android.stk.BootCompletedReceiver: [ACTION_BOOT_COMPLETED]
03-20 11:45:21.057  3186  3186 D CAT     : com.android.stk.StkAppService: onCreate()+
03-20 11:45:21.057  3186  3186 D CAT     : com.android.stk.StkAppService: simCount: 2
03-20 11:45:21.060  3186  3186 D CAT     : com.android.stk.StkAppService: slotId: 0
03-20 11:45:21.133  3186  3186 D CAT     : com.android.stk.StkAppService: slotId: 1
03-20 11:45:21.135  3186  3186 D CAT     : com.android.stk.StkAppService: onStart sim id: 0, op: 5, *****
03-20 11:45:21.136  3186  3186 D CAT     : com.android.stk.StkAppService: mStkService is: -1
03-20 11:45:21.238  3186  3186 D DCT     : [0]Wifi state changed
03-20 11:45:21.238  3186  3186 D DCT     : [0]WIFI_STATE_CHANGED_ACTION: enabled=false mIsWifiConnected=false
03-20 11:45:21.238  3186  3186 D DCT     : [1]Wifi state changed
03-20 11:45:21.238  3186  3186 D DCT     : [1]WIFI_STATE_CHANGED_ACTION: enabled=false mIsWifiConnected=false
03-20 11:45:21.239  3186  4074 D CAT     : com.android.stk.StkAppService: handleMessage opcode[5], sim id[0]
03-20 11:45:21.239  3186  4074 D CAT     : com.android.stk.StkAppService:  OP_BOOT_COMPLETED
03-20 11:45:21.239  3186  4074 D CAT     : StkAppInstaller: [setAppState]+
03-20 11:45:21.240  3186  4074 D CAT     : StkAppInstaller: Change app state[false]
03-20 11:45:21.241  3186  4074 D CAT     : StkAppInstaller: [setAppState]-
03-20 11:45:24.925  3186  3374 I RILJ    : Couldn't find 'rild' socket; retrying after timeout
03-20 11:45:24.958  3186  3376 I RILJ    : Couldn't find 'rild2' socket; retrying after timeout
03-20 11:45:28.927  3186  3374 I RILJ    : Couldn't find 'rild' socket; retrying after timeout
03-20 11:45:28.959  3186  3376 I RILJ    : Couldn't find 'rild2' socket; retrying after timeout
03-20 11:45:32.928  3186  3374 E RILJ    : Couldn't find 'rild' socket after 8 times, continuing to retry silently
03-20 11:45:32.959  3186  3376 E RILJ    : Couldn't find 'rild2' socket after 8 times, continuing to retry silently
03-20 11:45:41.222  3186  3186 D DCT     : [0]Wifi state changed
03-20 11:45:41.222  3186  3186 D DCT     : [0]WIFI_STATE_CHANGED_ACTION: enabled=false mIsWifiConnected=false
03-20 11:45:41.222  3186  3186 D DCT     : [1]Wifi state changed
03-20 11:45:41.222  3186  3186 D DCT     : [1]WIFI_STATE_CHANGED_ACTION: enabled=false mIsWifiConnected=false
03-20 11:45:41.891  3186  3227 D SubscriptionController: [getActiveSubInfoList] Sub Controller not ready
03-20 11:45:43.214  3186  3384 D SubscriptionController: [getActiveSubInfoList] Sub Controller not ready
03-20 11:46:01.407  3186  3186 D DCT     : [0]Wifi state changed
03-20 11:46:01.407  3186  3186 D DCT     : [0]WIFI_STATE_CHANGED_ACTION: enabled=false mIsWifiConnected=false
03-20 11:46:01.407  3186  3186 D DCT     : [1]Wifi state changed
03-20 11:46:01.407  3186  3186 D DCT     : [1]WIFI_STATE_CHANGED_ACTION: enabled=false mIsWifiConnected=false
03-20 11:46:44.643  3186  3186 D DCT     : [0]Wifi state changed
03-20 11:46:44.643  3186  3186 D DCT     : [0]WIFI_STATE_CHANGED_ACTION: enabled=false mIsWifiConnected=false
03-20 11:46:44.643  3186  3186 D DCT     : [1]Wifi state changed
03-20 11:46:44.643  3186  3186 D DCT     : [1]WIFI_STATE_CHANGED_ACTION: enabled=false mIsWifiConnected=false
03-20 11:46:44.659  3186  3186 D DCT     : [0]onTrySetupData: reason=dataEnabled
03-20 11:46:44.659  3186  3186 D DCT     : [0]setupDataOnConnectableApns: dataEnabled hipri:[state=IDLE,enabled=false] mms:[state=IDLE,enabled=false] supl:[state=IDLE,enabled=false] cbs:[state=IDLE,enabled=false] dun:[state=IDLE,enabled=false] fota:[state=IDLE,enabled=false] ims:[state=IDLE,enabled=false] default:[state=IDLE,enabled=false] ia:[state=IDLE,enabled=false] 
03-20 11:46:44.661  3186  3186 D DCT     : [1]onTrySetupData: reason=dataEnabled
03-20 11:46:44.661  3186  3186 D DCT     : [1]setupDataOnConnectableApns: dataEnabled hipri:[state=IDLE,enabled=false] mms:[state=IDLE,enabled=false] supl:[state=IDLE,enabled=false] cbs:[state=IDLE,enabled=false] dun:[state=IDLE,enabled=false] fota:[state=IDLE,enabled=false] ims:[state=IDLE,enabled=false] default:[state=IDLE,enabled=false] ia:[state=IDLE,enabled=false] 
03-20 11:47:04.828  3186  3186 D DCT     : [0]Wifi state changed
03-20 11:47:04.828  3186  3186 D DCT     : [0]WIFI_STATE_CHANGED_ACTION: enabled=false mIsWifiConnected=false
03-20 11:47:04.828  3186  3186 D DCT     : [1]Wifi state changed
03-20 11:47:04.828  3186  3186 D DCT     : [1]WIFI_STATE_CHANGED_ACTION: enabled=false mIsWifiConnected=false
03-20 11:47:43.094  3186  3186 D RILJ    : [3662]> SCREEN_STATE: true [SUB0]
03-20 11:47:43.095  3186  3186 D RilRequest: [3662]< SCREEN_STATE error: com.android.internal.telephony.CommandException: RADIO_NOT_AVAILABLE ret=
03-20 11:47:43.102  3186  3186 D RILJ    : [3663]> SCREEN_STATE: true [SUB1]
03-20 11:47:43.102  3186  3186 D RilRequest: [3663]< SCREEN_STATE error: com.android.internal.telephony.CommandException: RADIO_NOT_AVAILABLE ret=
03-20 11:47:43.338  3186  3186 D DCT     : [0]screen on
03-20 11:47:43.338  3186  3186 D DCT     : [0]stopNetStatPoll
03-20 11:47:43.341  3186  3186 D DCT     : [1]screen on
03-20 11:47:43.341  3186  3186 D DCT     : [1]stopNetStatPoll
03-20 11:47:43.367  3186  3186 D DCT     : [0]screen off
03-20 11:47:43.367  3186  3186 D DCT     : [0]stopNetStatPoll
03-20 11:47:43.370  3186  3186 D DCT     : [1]screen off
03-20 11:47:43.370  3186  3186 D DCT     : [1]stopNetStatPoll
03-20 11:47:47.635  3186  3223 D SubscriptionController: [getSlotId]- subId invalid
03-20 11:47:47.636  3038  3362 D TelephonyManager: getSimState: default sim:-1, sim state for slotIdx=0 is 6, return state as unknown
03-20 11:47:47.643  3186  3223 D SubscriptionController: [getSlotId]- subId invalid
03-20 11:47:47.643  3038  3362 D TelephonyManager: getSimState: default sim:-1, sim state for slotIdx=0 is 6, return state as unknown
03-20 11:47:47.645  3186  3223 D SubscriptionController: [getSlotId]- subId invalid
03-20 11:47:47.645  3038  3362 D TelephonyManager: getSimState: default sim:-1, sim state for slotIdx=0 is 6, return state as unknown
03-20 11:47:47.647  3186  3223 D SubscriptionController: [getSlotId]- subId invalid
03-20 11:47:47.648  3038  3362 D TelephonyManager: getSimState: default sim:-1, sim state for slotIdx=0 is 6, return state as unknown
03-20 11:48:28.455  3186  3186 D DCT     : [0]screen on
03-20 11:48:28.455  3186  3186 D DCT     : [0]stopNetStatPoll
03-20 11:48:28.457  3186  3186 D DCT     : [1]screen on
03-20 11:48:28.457  3186  3186 D DCT     : [1]stopNetStatPoll
03-20 11:48:30.231  3186  3384 D SubscriptionController: [getSlotId]- subId invalid
03-20 11:48:30.232  3038  3362 D TelephonyManager: getSimState: default sim:-1, sim state for slotIdx=0 is 6, return state as unknown
03-20 11:48:35.450  3186  3186 D RILJ    : [3664]> RIL_REQUEST_GET_ACTIVITY_INFO [SUB0]
03-20 11:48:35.450  3186  3186 I RILJ    : hi6210sftRIL: Unsupported request 135
03-20 11:48:35.451  3186  3186 D RilRequest: [3664]< RIL_REQUEST_GET_ACTIVITY_INFO error: com.android.internal.telephony.CommandException: REQUEST_NOT_SUPPORTED ret=
03-20 11:48:36.252  3186  3227 D SubscriptionController: [getSlotId]- subId invalid
03-20 11:48:36.253  3241  3241 D TelephonyManager: getSimState: default sim:-1, sim state for slotIdx=0 is 6, return state as unknown
03-20 11:48:36.738  3186  3384 D SubscriptionController: [getSlotId]- subId invalid
03-20 11:48:36.739  3186  3223 D SubscriptionController: [getSubId]- invalid slotIdx=-1
03-20 11:48:36.896  3186  3227 D DCT     : [0]hasMatchedTetherApnSetting: APN=null
03-20 11:48:40.437  3186  3186 D RILJ    : [3665]> RIL_REQUEST_GET_ACTIVITY_INFO [SUB0]
03-20 11:48:40.437  3186  3186 I RILJ    : hi6210sftRIL: Unsupported request 135
03-20 11:48:40.437  3186  3186 D RilRequest: [3665]< RIL_REQUEST_GET_ACTIVITY_INFO error: com.android.internal.telephony.CommandException: REQUEST_NOT_SUPPORTED ret=
03-20 11:48:46.127  3186  3186 D RILJ    : [3666]> RIL_REQUEST_GET_ACTIVITY_INFO [SUB0]
03-20 11:48:46.128  3186  3186 I RILJ    : hi6210sftRIL: Unsupported request 135
03-20 11:48:46.128  3186  3186 D RilRequest: [3666]< RIL_REQUEST_GET_ACTIVITY_INFO error: com.android.internal.telephony.CommandException: REQUEST_NOT_SUPPORTED ret=
03-20 11:48:46.347  3186  3223 D SubscriptionController: [getSlotId]- subId invalid
03-20 11:48:46.348  3241  3241 D TelephonyManager: getSimState: default sim:-1, sim state for slotIdx=0 is 6, return state as unknown
03-20 11:48:50.394  3186  3186 D DCT     : [0]Wifi state changed
03-20 11:48:50.394  3186  3186 D DCT     : [0]WIFI_STATE_CHANGED_ACTION: enabled=false mIsWifiConnected=false
03-20 11:48:50.394  3186  3186 D DCT     : [1]Wifi state changed
03-20 11:48:50.394  3186  3186 D DCT     : [1]WIFI_STATE_CHANGED_ACTION: enabled=false mIsWifiConnected=false
03-20 11:48:51.602  3186  3384 D SubscriptionController: [getSlotId]- subId invalid
03-20 11:48:51.608  3241  3241 D TelephonyManager: getSimState: default sim:-1, sim state for slotIdx=0 is 6, return state as unknown
03-20 11:48:51.923  3186  3186 D RILJ    : [3667]> RIL_REQUEST_GET_ACTIVITY_INFO [SUB0]
03-20 11:48:51.923  3186  3186 I RILJ    : hi6210sftRIL: Unsupported request 135
03-20 11:48:51.924  3186  3186 D RilRequest: [3667]< RIL_REQUEST_GET_ACTIVITY_INFO error: com.android.internal.telephony.CommandException: REQUEST_NOT_SUPPORTED ret=
03-20 11:48:57.439  3186  3384 D SubscriptionController: [getSlotId]- subId invalid
03-20 11:48:57.440  3241  3241 D TelephonyManager: getSimState: default sim:-1, sim state for slotIdx=0 is 6, return state as unknown
03-20 11:48:57.797  3186  3186 D RILJ    : [3668]> RIL_REQUEST_GET_ACTIVITY_INFO [SUB0]
03-20 11:48:57.797  3186  3186 I RILJ    : hi6210sftRIL: Unsupported request 135
03-20 11:48:57.797  3186  3186 D RilRequest: [3668]< RIL_REQUEST_GET_ACTIVITY_INFO error: com.android.internal.telephony.CommandException: REQUEST_NOT_SUPPORTED ret=
03-20 11:49:03.374  3186  3223 D DCT     : [0]hasMatchedTetherApnSetting: APN=null
03-20 11:49:03.378  3186  3227 D DCT     : [0]hasMatchedTetherApnSetting: APN=null
03-20 11:49:03.386  3186  3384 D DCT     : [0]hasMatchedTetherApnSetting: APN=null
03-20 11:49:03.389  3186  3223 D DCT     : [0]hasMatchedTetherApnSetting: APN=null
03-20 11:49:08.232  3186  3384 D SubscriptionController: [getSlotId]- subId invalid
03-20 11:49:08.232  3241  3241 D TelephonyManager: getSimState: default sim:-1, sim state for slotIdx=0 is 6, return state as unknown
03-20 11:49:08.489  3186  3186 D RILJ    : [3669]> RIL_REQUEST_GET_ACTIVITY_INFO [SUB0]
03-20 11:49:08.490  3186  3186 I RILJ    : hi6210sftRIL: Unsupported request 135
03-20 11:49:08.490  3186  3186 D RilRequest: [3669]< RIL_REQUEST_GET_ACTIVITY_INFO error: com.android.internal.telephony.CommandException: REQUEST_NOT_SUPPORTED ret=
03-20 11:49:12.812  3186  3384 D SubscriptionController: [getSlotId]- subId invalid
03-20 11:49:12.813  3241  3241 D TelephonyManager: getSimState: default sim:-1, sim state for slotIdx=0 is 6, return state as unknown
03-20 11:49:13.656  3186  3186 D RILJ    : [3670]> RIL_REQUEST_GET_ACTIVITY_INFO [SUB0]
03-20 11:49:13.656  3186  3186 I RILJ    : hi6210sftRIL: Unsupported request 135
03-20 11:49:13.656  3186  3186 D RilRequest: [3670]< RIL_REQUEST_GET_ACTIVITY_INFO error: com.android.internal.telephony.CommandException: REQUEST_NOT_SUPPORTED ret=
03-20 11:49:21.134  3186  3227 D SubscriptionController: [getSlotId]- subId invalid
03-20 11:49:21.138  3038  3362 D TelephonyManager: getSimState: default sim:-1, sim state for slotIdx=0 is 6, return state as unknown
03-20 11:49:21.196  3186  3227 D SubscriptionController: [getSlotId]- subId invalid
03-20 11:49:21.197  3038  3362 D TelephonyManager: getSimState: default sim:-1, sim state for slotIdx=0 is 6, return state as unknown
03-20 11:49:21.198  3186  3227 D SubscriptionController: [getSlotId]- subId invalid
03-20 11:49:21.199  3038  3362 D TelephonyManager: getSimState: default sim:-1, sim state for slotIdx=0 is 6, return state as unknown
03-20 11:49:21.200  3186  3227 D SubscriptionController: [getSlotId]- subId invalid
03-20 11:49:21.201  3038  3362 D TelephonyManager: getSimState: default sim:-1, sim state for slotIdx=0 is 6, return state as unknown
03-20 11:49:21.736  3186  3227 D SubscriptionController: [getSlotId]- subId invalid
03-20 11:49:21.736  3038  3362 D TelephonyManager: getSimState: default sim:-1, sim state for slotIdx=0 is 6, return state as unknown
03-20 11:49:27.966  3186  3384 D SubscriptionController: [getSlotId]- subId invalid
03-20 11:49:27.967  3241  3241 D TelephonyManager: getSimState: default sim:-1, sim state for slotIdx=0 is 6, return state as unknown
03-20 11:49:28.276  3186  3186 D RILJ    : [3671]> RIL_REQUEST_GET_ACTIVITY_INFO [SUB0]
03-20 11:49:28.276  3186  3186 I RILJ    : hi6210sftRIL: Unsupported request 135
03-20 11:49:28.276  3186  3186 D RilRequest: [3671]< RIL_REQUEST_GET_ACTIVITY_INFO error: com.android.internal.telephony.CommandException: REQUEST_NOT_SUPPORTED ret=
03-20 11:49:40.574  3186  3227 D SubscriptionController: [getSlotId]- subId invalid
03-20 11:49:40.575  3241  3241 D TelephonyManager: getSimState: default sim:-1, sim state for slotIdx=0 is 6, return state as unknown
03-20 11:49:40.890  3186  3186 D RILJ    : [3672]> RIL_REQUEST_GET_ACTIVITY_INFO [SUB0]
03-20 11:49:40.891  3186  3186 I RILJ    : hi6210sftRIL: Unsupported request 135
03-20 11:49:40.891  3186  3186 D RilRequest: [3672]< RIL_REQUEST_GET_ACTIVITY_INFO error: com.android.internal.telephony.CommandException: REQUEST_NOT_SUPPORTED ret=
03-20 11:49:51.202  3186  3227 D SubscriptionController: [getSlotId]- subId invalid
03-20 11:49:51.203  3038  3362 D TelephonyManager: getSimState: default sim:-1, sim state for slotIdx=0 is 6, return state as unknown
03-20 11:49:51.240  3186  3384 D SubscriptionController: [getSlotId]- subId invalid
03-20 11:49:51.242  3038  3362 D TelephonyManager: getSimState: default sim:-1, sim state for slotIdx=0 is 6, return state as unknown
03-20 11:49:51.265  3186  3223 D SubscriptionController: [getSlotId]- subId invalid
03-20 11:49:51.269  3038  3362 D TelephonyManager: getSimState: default sim:-1, sim state for slotIdx=0 is 6, return state as unknown
03-20 11:49:51.272  3186  4604 D SubscriptionController: [getSlotId]- subId invalid
03-20 11:49:51.273  3038  3362 D TelephonyManager: getSimState: default sim:-1, sim state for slotIdx=0 is 6, return state as unknown
03-20 11:49:51.639  3186  3227 D SubscriptionController: [getSlotId]- subId invalid
03-20 11:49:51.639  3038  3362 D TelephonyManager: getSimState: default sim:-1, sim state for slotIdx=0 is 6, return state as unknown
03-20 11:50:04.157  3186  3227 D SubscriptionController: [getSlotId]- subId invalid
03-20 11:50:04.159  3241  3241 D TelephonyManager: getSimState: default sim:-1, sim state for slotIdx=0 is 6, return state as unknown
03-20 11:50:05.084  3186  3186 D RILJ    : [3673]> RIL_REQUEST_GET_ACTIVITY_INFO [SUB0]
03-20 11:50:05.085  3186  3186 I RILJ    : hi6210sftRIL: Unsupported request 135
03-20 11:50:05.085  3186  3186 D RilRequest: [3673]< RIL_REQUEST_GET_ACTIVITY_INFO error: com.android.internal.telephony.CommandException: REQUEST_NOT_SUPPORTED ret=
03-20 11:50:12.940  3186  3227 D SubscriptionController: [getSlotId]- subId invalid
03-20 11:50:12.940  3241  3241 D TelephonyManager: getSimState: default sim:-1, sim state for slotIdx=0 is 6, return state as unknown
03-20 11:50:13.573  3186  3186 D RILJ    : [3674]> RIL_REQUEST_GET_ACTIVITY_INFO [SUB0]
03-20 11:50:13.573  3186  3186 I RILJ    : hi6210sftRIL: Unsupported request 135
03-20 11:50:13.573  3186  3186 D RilRequest: [3674]< RIL_REQUEST_GET_ACTIVITY_INFO error: com.android.internal.telephony.CommandException: REQUEST_NOT_SUPPORTED ret=
03-20 11:51:30.537  3186  3186 D DCT     : [0]screen off
03-20 11:51:30.537  3186  3186 D DCT     : [0]stopNetStatPoll
03-20 11:51:30.540  3186  3186 D DCT     : [1]screen off
03-20 11:51:30.540  3186  3186 D DCT     : [1]stopNetStatPoll
03-20 11:51:35.030  3186  3384 D SubscriptionController: [getSlotId]- subId invalid
03-20 11:51:35.031  3038  3362 D TelephonyManager: getSimState: default sim:-1, sim state for slotIdx=0 is 6, return state as unknown
03-20 11:51:35.040  3186  3223 D SubscriptionController: [getSlotId]- subId invalid
03-20 11:51:35.040  3038  3362 D TelephonyManager: getSimState: default sim:-1, sim state for slotIdx=0 is 6, return state as unknown
03-20 11:51:35.062  3186  4604 D SubscriptionController: [getSlotId]- subId invalid
03-20 11:51:35.089  3038  3362 D TelephonyManager: getSimState: default sim:-1, sim state for slotIdx=0 is 6, return state as unknown
03-20 11:51:35.127  3186  3227 D SubscriptionController: [getSlotId]- subId invalid
03-20 11:51:35.128  3038  3362 D TelephonyManager: getSimState: default sim:-1, sim state for slotIdx=0 is 6, return state as unknown
03-20 11:53:56.077  3186  3186 D RILJ    : [3675]> RIL_REQUEST_GET_ACTIVITY_INFO [SUB0]
03-20 11:53:56.077  3186  3186 I RILJ    : hi6210sftRIL: Unsupported request 135
03-20 11:53:56.078  3186  3186 D RilRequest: [3675]< RIL_REQUEST_GET_ACTIVITY_INFO error: com.android.internal.telephony.CommandException: REQUEST_NOT_SUPPORTED ret=
03-20 11:55:00.373  3186  3186 D DCT     : [0]screen on
03-20 11:55:00.373  3186  3186 D DCT     : [0]stopNetStatPoll
03-20 11:55:00.411  3186  3186 D DCT     : [1]screen on
03-20 11:55:00.411  3186  3186 D DCT     : [1]stopNetStatPoll
03-20 11:55:01.941  3186  4604 D SubscriptionController: [getSlotId]- subId invalid
03-20 11:55:01.964  3038  3362 D TelephonyManager: getSimState: default sim:-1, sim state for slotIdx=0 is 6, return state as unknown
03-20 11:55:02.908  3186  3227 D SubscriptionController: [getSlotId]- subId invalid
03-20 11:55:02.908  3038  3362 D TelephonyManager: getSimState: default sim:-1, sim state for slotIdx=0 is 6, return state as unknown
03-20 11:55:02.957  3186  3384 D SubscriptionController: [getSlotId]- subId invalid
03-20 11:55:02.958  3038  3362 D TelephonyManager: getSimState: default sim:-1, sim state for slotIdx=0 is 6, return state as unknown
03-20 11:55:02.970  3186  3223 D SubscriptionController: [getSlotId]- subId invalid
03-20 11:55:02.971  3038  3362 D TelephonyManager: getSimState: default sim:-1, sim state for slotIdx=0 is 6, return state as unknown
03-20 11:55:02.974  3186  4604 D SubscriptionController: [getSlotId]- subId invalid
03-20 11:55:02.975  3038  3362 D TelephonyManager: getSimState: default sim:-1, sim state for slotIdx=0 is 6, return state as unknown
03-20 11:56:44.735  3186  3186 D DCT     : [0]screen off
03-20 11:56:44.735  3186  3186 D DCT     : [0]stopNetStatPoll
03-20 11:56:44.738  3186  3186 D DCT     : [1]screen off
03-20 11:56:44.738  3186  3186 D DCT     : [1]stopNetStatPoll
03-20 11:56:48.131  3186  3384 D SubscriptionController: [getSlotId]- subId invalid
03-20 11:56:48.132  3038  3362 D TelephonyManager: getSimState: default sim:-1, sim state for slotIdx=0 is 6, return state as unknown
03-20 11:56:48.139  3186  3223 D SubscriptionController: [getSlotId]- subId invalid
03-20 11:56:48.140  3038  3362 D TelephonyManager: getSimState: default sim:-1, sim state for slotIdx=0 is 6, return state as unknown
03-20 11:56:48.142  3186  4604 D SubscriptionController: [getSlotId]- subId invalid
03-20 11:56:48.182  3038  3362 D TelephonyManager: getSimState: default sim:-1, sim state for slotIdx=0 is 6, return state as unknown
03-20 11:56:48.213  3186  3227 D SubscriptionController: [getSlotId]- subId invalid
03-20 11:56:48.216  3038  3362 D TelephonyManager: getSimState: default sim:-1, sim state for slotIdx=0 is 6, return state as unknown
03-20 11:57:36.518  3186  3186 D RILJ    : [3676]> RIL_REQUEST_GET_ACTIVITY_INFO [SUB0]
03-20 11:57:36.519  3186  3186 I RILJ    : hi6210sftRIL: Unsupported request 135
03-20 11:57:36.519  3186  3186 D RilRequest: [3676]< RIL_REQUEST_GET_ACTIVITY_INFO error: com.android.internal.telephony.CommandException: REQUEST_NOT_SUPPORTED ret=
