03-23 08:39:02.922  3527  3542 D SubscriptionController: [getActiveSubInfoList]+
03-23 08:39:02.923  3527  3542 D SubscriptionController: [getActiveSubInfoList] Sub Controller not ready
03-23 08:39:02.923  3527  3527 D ProxyController: Constructor - Enter
03-23 08:39:02.924  3527  3527 D DctController: makeDctController: new DctController phones.length=2
03-23 08:39:02.924  3527  3527 D DctController: DctController(): phones.length=2
03-23 08:39:02.925  2382  2479 D use-Rlog/RLOG-RILC: p_info 0x7fb7205000 free in userTimerCallback
03-23 08:39:02.926  3527  3527 D DcSwitchSM: [DcSwitchStateMachine-0] DcSwitchState constructor E
03-23 08:39:02.926  3527  3527 D DcSwitchSM: [DcSwitchStateMachine-0] DcSwitchState constructor X
03-23 08:39:02.926  3527  4010 D DcSwitchSM: [DcSwitchStateMachine-0] IdleState: enter
03-23 08:39:02.927  2382  2479 D use-Rlog/RLOG-RILC: p_info 0x7fb7692180 free in userTimerCallback
03-23 08:39:02.928  3527  3527 D DctController: DctController(phones): Connect success: 0
03-23 08:39:02.928  3527  3527 D DctController: updatePhoneBaseForIndex for phone index=0
03-23 08:39:02.928  3527  3527 D DctController: unregister TelephonyNetworkFactory for phone index=0
03-23 08:39:02.930  3527  3527 D SubscriptionController: [getSubId]- sSlotIdxToSubId.size == 0, return DummySubIds slotIdx=0
03-23 08:39:02.930  3527  3527 D DctController: [TNF -2]NetworkCapabilities: [ Transports: CELLULAR Capabilities: MMS&SUPL&DUN&FOTA&IMS&CBS&IA&RCS&XCAP&EIMS&INTERNET&NOT_RESTRICTED&TRUSTED&NOT_VPN]
03-23 08:39:02.931  3527  3527 D DcSwitchSM: [DcSwitchStateMachine-1] DcSwitchState constructor E
03-23 08:39:02.932  3527  3527 D DcSwitchSM: [DcSwitchStateMachine-1] DcSwitchState constructor X
03-23 08:39:02.932  3527  4012 D DcSwitchSM: [DcSwitchStateMachine-1] IdleState: enter
03-23 08:39:02.932  3527  3527 D DctController: DctController(phones): Connect success: 1
03-23 08:39:02.932  3527  3527 D DctController: updatePhoneBaseForIndex for phone index=1
03-23 08:39:02.932  3527  3527 D DctController: unregister TelephonyNetworkFactory for phone index=1
03-23 08:39:02.933  3527  3527 D SubscriptionController: [getSubId]- sSlotIdxToSubId.size == 0, return DummySubIds slotIdx=1
03-23 08:39:02.933  3527  3527 D DctController: [TNF -3]NetworkCapabilities: [ Transports: CELLULAR Capabilities: MMS&SUPL&DUN&FOTA&IMS&CBS&IA&RCS&XCAP&EIMS&INTERNET&NOT_RESTRICTED&TRUSTED&NOT_VPN]
03-23 08:39:02.934  2890  3491 D TelephonyRegistry: listen oscl: hasNotifySubscriptionInfoChangedOccurred==false no callback
03-23 08:39:02.936  3527  3527 D DctController: makeDctController: X sDctController=Handler (com.android.internal.telephony.dataconnection.DctController) {fc5983f}
03-23 08:39:02.938  3527  3996 D SmsBroadcastUndelivered: finished scanning raw table in 103 ms
03-23 08:39:02.938  3527  3979 D GsmInboundSmsHandler: StartupState.processMessage:6
03-23 08:39:02.938  3527  4009 D SmsBroadcastUndelivered: finished scanning raw table in 21 ms
03-23 08:39:02.939  3527  3979 D GsmInboundSmsHandler: entering Idle state
03-23 08:39:02.939  3527  4004 D GsmInboundSmsHandler: StartupState.processMessage:6
03-23 08:39:02.939  3527  4004 D GsmInboundSmsHandler: entering Idle state
03-23 08:39:02.939  3527  4004 D GsmInboundSmsHandler: IdleState.processMessage:5
03-23 08:39:02.939  3527  3979 D GsmInboundSmsHandler: IdleState.processMessage:5
03-23 08:39:02.939  3527  3979 D GsmInboundSmsHandler: Idle state processing message type 5
03-23 08:39:02.939  3527  4004 D GsmInboundSmsHandler: Idle state processing message type 5
03-23 08:39:02.939  3527  4006 D CdmaInboundSmsHandler: StartupState.processMessage:6
03-23 08:39:02.939  3527  4006 D CdmaInboundSmsHandler: entering Idle state
03-23 08:39:02.939  3527  4006 D CdmaInboundSmsHandler: IdleState.processMessage:5
03-23 08:39:02.939  3527  4006 D CdmaInboundSmsHandler: Idle state processing message type 5
03-23 08:39:02.939  3527  3992 D CdmaInboundSmsHandler: StartupState.processMessage:6
03-23 08:39:02.939  3527  3992 D CdmaInboundSmsHandler: entering Idle state
03-23 08:39:02.939  3527  3992 D CdmaInboundSmsHandler: IdleState.processMessage:5
03-23 08:39:02.939  3527  3992 D CdmaInboundSmsHandler: Idle state processing message type 5
03-23 08:39:02.940  3527  3979 D GsmInboundSmsHandler: mWakeLock released wakelockcount = 0
03-23 08:39:02.940  3527  4004 D GsmInboundSmsHandler: mWakeLock released wakelockcount = 0
03-23 08:39:02.941  3527  3992 D CdmaInboundSmsHandler: mWakeLock released wakelockcount = 0
03-23 08:39:02.941  3527  4006 D CdmaInboundSmsHandler: mWakeLock released wakelockcount = 0
03-23 08:39:02.941  3527  3527 D ProxyController: clearTransaction
03-23 08:39:02.941  3527  3527 D ProxyController: clearTransaction: phoneId=0 status=IDLE
03-23 08:39:02.941  3527  3527 D ProxyController: clearTransaction: phoneId=1 status=IDLE
03-23 08:39:02.941  3527  3527 D ProxyController: Constructor - Exit
03-23 08:39:02.957  3527  3527 I PhoneFactory: defaultSmsApplication: com.android.messaging
03-23 08:39:02.959  3527  3527 I PhoneFactory: Creating SubInfoRecordUpdater 
03-23 08:39:02.960  3527  3527 D SubscriptionInfoUpdater: Constructor invoked
03-23 08:39:02.969  3527  3527 D SubscriptionController: [getSubId]- sSlotIdxToSubId.size == 0, return DummySubIds slotIdx=0
03-23 08:39:02.970  3527  3527 D SubscriptionController: [getActiveSubInfoList]+
03-23 08:39:02.970  3527  3527 D SubscriptionController: selection:sim_id>=0 null
03-23 08:39:02.974  3527  3527 D SubscriptionController: [getActiveSubInfoList]- no info return
03-23 08:39:02.974  3527  3527 D SubscriptionController: [getActiveSubInfoForSubscriber]- subId=-2 subList=null subInfo=null
03-23 08:39:02.974  3527  3527 E SubscriptionController: getUserNwMode: invalid subId = -2
03-23 08:39:02.976  3527  3527 D SubscriptionController: [getSubId]- sSlotIdxToSubId.size == 0, return DummySubIds slotIdx=1
03-23 08:39:02.976  3527  3527 D SubscriptionController: [getActiveSubInfoList]+
03-23 08:39:02.976  3527  3527 D SubscriptionController: selection:sim_id>=0 null
03-23 08:39:02.979  3527  3527 D SubscriptionController: [getActiveSubInfoList]- no info return
03-23 08:39:02.980  3527  3527 D SubscriptionController: [getActiveSubInfoForSubscriber]- subId=-3 subList=null subInfo=null
03-23 08:39:02.980  3527  3527 E SubscriptionController: getUserNwMode: invalid subId = -3
03-23 08:39:02.980  3527  3541 D SubscriptionController: getSimStateForSlotIdx:  simState=NOT_READY ordinal=6
03-23 08:39:02.980  3599  3599 D SubscriptionManager: getSimStateForSubscriber: simState=6 slotIdx=0
03-23 08:39:02.981  3527  4000 D SubscriptionController: getSimStateForSlotIdx:  simState=NOT_READY ordinal=6
03-23 08:39:02.981  3599  3599 D SubscriptionManager: getSimStateForSubscriber: simState=6 slotIdx=1
03-23 08:39:02.981  3527  3998 D SubscriptionController: [getActiveSubInfoCount]+
03-23 08:39:02.981  3527  3998 D SubscriptionController: [getActiveSubInfoList]+
03-23 08:39:02.982  3527  3998 D SubscriptionController: selection:sim_id>=0 null
03-23 08:39:02.984  3527  3527 D CallManager: registerPhone(GSM Handler (com.android.internal.telephony.PhoneProxy) {3319ad1})
03-23 08:39:02.985  3527  3527 D RILJ    : [3660]> SET_SUPP_SVC_NOTIFICATION [SUB0]
03-23 08:39:02.987  3527  3527 D CallManager: registerPhone(GSM Handler (com.android.internal.telephony.PhoneProxy) {4985037})
03-23 08:39:02.987  2368  2485 D use-Rlog/RLOG-RIL_GU: [modem_0]onRequest[62]:<unknown request>[1]
03-23 08:39:02.987  2368  2485 D use-Rlog/RLOG-RIL_GU: [modem_0]onRequest: <unknown request> failed, sState= 1
03-23 08:39:02.987  2368  2485 I RILC    : RIL_onRequestComplete: free RIL_Token 0x7fb7221040
03-23 08:39:02.987  3527  3527 D RILJ    : [3661]> SET_SUPP_SVC_NOTIFICATION [SUB1]
03-23 08:39:02.987  3527  3970 D RilRequest: [3660]< SET_SUPP_SVC_NOTIFICATION error: com.android.internal.telephony.CommandException: RADIO_NOT_AVAILABLE ret=
03-23 08:39:02.987  3527  3998 D SubscriptionController: [getActiveSubInfoList]- no info return
03-23 08:39:02.988  3527  3998 D SubscriptionController: [getActiveSubInfoCount] records null
03-23 08:39:02.989  3527  3541 D SubscriptionController: getSimStateForSlotIdx:  simState=NOT_READY ordinal=6
03-23 08:39:02.990  2382  2479 D use-Rlog/RLOG-RIL_GU: [modem_1]onRequest[62]:<unknown request>[1]
03-23 08:39:02.990  2382  2479 D use-Rlog/RLOG-RIL_GU: [modem_1]onRequest: <unknown request> failed, sState= 1
03-23 08:39:02.990  2382  2479 I RILC    : RIL_onRequestComplete: free RIL_Token 0x7fb76a1140
03-23 08:39:02.990  3527  3972 D RilRequest: [3661]< SET_SUPP_SVC_NOTIFICATION error: com.android.internal.telephony.CommandException: RADIO_NOT_AVAILABLE ret=
03-23 08:39:02.990  3599  3599 D SubscriptionManager: getSimStateForSubscriber: simState=6 slotIdx=0
03-23 08:39:02.991  3527  4000 D SubscriptionController: getSimStateForSlotIdx:  simState=NOT_READY ordinal=6
03-23 08:39:02.991  3599  3599 D SubscriptionManager: getSimStateForSubscriber: simState=6 slotIdx=1
03-23 08:39:02.992  3527  3542 D SubscriptionController: getSimStateForSlotIdx:  simState=NOT_READY ordinal=6
03-23 08:39:02.992  3599  3599 D SubscriptionManager: getSimStateForSubscriber: simState=6 slotIdx=0
03-23 08:39:02.993  3527  3998 D SubscriptionController: getSimStateForSlotIdx:  simState=NOT_READY ordinal=6
03-23 08:39:02.993  3599  3599 D SubscriptionManager: getSimStateForSubscriber: simState=6 slotIdx=1
03-23 08:39:02.995  3527  4000 D SubscriptionController: getSimStateForSlotIdx:  simState=NOT_READY ordinal=6
03-23 08:39:02.996  3599  3599 D SubscriptionManager: getSimStateForSubscriber: simState=6 slotIdx=0
03-23 08:39:02.996  3527  3998 D SubscriptionController: getSimStateForSlotIdx:  simState=NOT_READY ordinal=6
03-23 08:39:02.996  3599  3599 D SubscriptionManager: getSimStateForSubscriber: simState=6 slotIdx=1
03-23 08:39:02.997  3527  3542 D SubscriptionController: [getActiveSubInfoCount]+
03-23 08:39:02.997  3527  3542 D SubscriptionController: [getActiveSubInfoList]+
03-23 08:39:02.998  3527  3542 D SubscriptionController: selection:sim_id>=0 null
03-23 08:39:03.002  3527  3542 D SubscriptionController: [getActiveSubInfoList]- no info return
03-23 08:39:03.002  3527  3542 D SubscriptionController: [getActiveSubInfoCount] records null
03-23 08:39:03.003  3527  3541 D SubscriptionController: getSimStateForSlotIdx:  simState=NOT_READY ordinal=6
03-23 08:39:03.003  3599  3599 D SubscriptionManager: getSimStateForSubscriber: simState=6 slotIdx=0
03-23 08:39:03.004  3527  4000 D SubscriptionController: getSimStateForSlotIdx:  simState=NOT_READY ordinal=6
03-23 08:39:03.004  3599  3599 D SubscriptionManager: getSimStateForSubscriber: simState=6 slotIdx=1
03-23 08:39:03.006  3527  3998 D SubscriptionController: getSimStateForSlotIdx:  simState=NOT_READY ordinal=6
03-23 08:39:03.007  3599  3599 D SubscriptionManager: getSimStateForSubscriber: simState=6 slotIdx=0
03-23 08:39:03.007  3527  3542 D SubscriptionController: getSimStateForSlotIdx:  simState=NOT_READY ordinal=6
03-23 08:39:03.008  3599  3599 D SubscriptionManager: getSimStateForSubscriber: simState=6 slotIdx=1
03-23 08:39:03.017  2890  3133 D TelephonyRegistry: listen oscl: hasNotifySubscriptionInfoChangedOccurred==false no callback
03-23 08:39:03.037  3527  3527 D RILJ    : [3662]> RIL_REQUEST_SET_TTY_MODE : 0 [SUB0]
03-23 08:39:03.038  2368  2485 D use-Rlog/RLOG-RIL_GU: [modem_0]onRequest[80]:SET_TTY_MODE[0]
03-23 08:39:03.038  2368  2485 D use-Rlog/RLOG-RIL_GU: [modem_0]onRequest: SET_TTY_MODE failed, sState= 1
03-23 08:39:03.038  2368  2485 I RILC    : RIL_onRequestComplete: free RIL_Token 0x7fb7221040
03-23 08:39:03.039  3527  3970 D RilRequest: [3662]< RIL_REQUEST_SET_TTY_MODE error: com.android.internal.telephony.CommandException: RADIO_NOT_AVAILABLE ret=
03-23 08:39:03.042  3527  3527 D RILJ    : [3663]> RIL_REQUEST_SET_TTY_MODE : 0 [SUB1]
03-23 08:39:03.043  2382  2479 D use-Rlog/RLOG-RIL_GU: [modem_1]onRequest[80]:SET_TTY_MODE[0]
03-23 08:39:03.043  2382  2479 D use-Rlog/RLOG-RIL_GU: [modem_1]onRequest: SET_TTY_MODE failed, sState= 1
03-23 08:39:03.043  2382  2479 I RILC    : RIL_onRequestComplete: free RIL_Token 0x7fb76a1140
03-23 08:39:03.043  3527  3972 D RilRequest: [3663]< RIL_REQUEST_SET_TTY_MODE error: com.android.internal.telephony.CommandException: RADIO_NOT_AVAILABLE ret=
03-23 08:39:03.045  2890  3136 D TelephonyRegistry: listen oscl: hasNotifySubscriptionInfoChangedOccurred==false no callback
03-23 08:39:03.046  3527  3527 D SubscriptionController: [getPhoneId] asked for default subId=-1
03-23 08:39:03.046  3527  3527 D SubscriptionController: [getPhoneId]- invalid subId return=-1
03-23 08:39:03.048  3527  3527 D SubscriptionController: [getPhoneId] asked for default subId=-1
03-23 08:39:03.048  3527  3527 D SubscriptionController: [getPhoneId]- invalid subId return=-1
03-23 08:39:03.049  3527  3527 D UiccController: EVENT_RADIO_UNAVAILABLE, dispose card
03-23 08:39:03.049  3527  3527 D UiccController: EVENT_RADIO_UNAVAILABLE, dispose card
03-23 08:39:03.049  3527  3527 D PhoneBase: config LCE service failed: com.android.internal.telephony.CommandException: RADIO_NOT_AVAILABLE
03-23 08:39:03.050  3527  3527 D RILJ    : [3664]> GET_CURRENT_CALLS [SUB0]
03-23 08:39:03.051  3527  3527 D GsmSST  : [GsmSST] mDeviceShuttingDown = false
03-23 08:39:03.051  3527  3527 D GsmSST  : [GsmSST] mDesiredPowerState = true
03-23 08:39:03.051  3527  3527 D GsmSST  : [GsmSST] getRadioState = RADIO_UNAVAILABLE
03-23 08:39:03.051  2368  2485 D use-Rlog/RLOG-RIL_GU: [modem_0]onRequest: GET_CURRENT_CALLS
03-23 08:39:03.051  3527  3527 D GsmSST  : [GsmSST] mPowerOffDelayNeed = true
03-23 08:39:03.051  3527  3527 D GsmSST  : [GsmSST] mAlarmSwitch = false
03-23 08:39:03.051  2368  2485 D use-Rlog/RLOG-RIL_GU: [modem_0]onRequest: GET_CURRENT_CALLS failed, sState= 1
03-23 08:39:03.051  3527  3527 D PHONE   : [ServiceState] setNullState=1
03-23 08:39:03.051  2368  2485 I RILC    : RIL_onRequestComplete: free RIL_Token 0x7fb7221040
03-23 08:39:03.051  3527  3527 D GsmSST  : [GsmSST] Poll ServiceState done:  oldSS=[1 1 voice home data home null null null null null null  Unknown Unknown CSS not supported 0 0 RoamInd=0 DefRoamInd=0 EmergOnly=false IsDataRoamingFromRegistration=false] newSS=[1 1 voice home data home null null null null null null  Unknown Unknown CSS not supported -1 -1 RoamInd=-1 DefRoamInd=-1 EmergOnly=false IsDataRoamingFromRegistration=false] oldMaxDataCalls=1 mNewMaxDataCalls=1 oldReasonDataDenied=-1 mNewReasonDataDenied=-1
03-23 08:39:03.051  3527  3970 D RilRequest: [3664]< GET_CURRENT_CALLS error: com.android.internal.telephony.CommandException: RADIO_NOT_AVAILABLE ret=
03-23 08:39:03.051  3527  3527 D PHONE   : [ServiceState] setNullState=1
03-23 08:39:03.052  3527  3527 D GsmSST  : [GsmSST] updateSpnDisplay: radio is on but out of service, set plmn='No service.'
03-23 08:39:03.052  3527  3527 D SubscriptionController: [getSubId]- sSlotIdxToSubId.size == 0, return DummySubIds slotIdx=0
03-23 08:39:03.053  3527  3527 D GsmSST  : [GsmSST] updateSpnDisplay: changed sending intent rule=0 showPlmn='true' plmn='No service.' showSpn='false' spn='' dataSpn='' subId='-2'
03-23 08:39:03.053  3527  3527 D SubscriptionController: [getSubId]- sSlotIdxToSubId.size == 0, return DummySubIds slotIdx=0
03-23 08:39:03.061  3527  3527 D SubscriptionController: [getSubId]- sSlotIdxToSubId.size == 0, return DummySubIds slotIdx=0
03-23 08:39:03.062  3527  3527 D SubscriptionController: [setPlmnSpn] No valid subscription to store info
03-23 08:39:03.062  3527  3527 D SubscriptionController: notifySubscriptionInfoChanged:
03-23 08:39:03.062  2890  3526 D TelephonyRegistry: notifySubscriptionInfoChanged: first invocation mRecords.size=19
03-23 08:39:03.064  3527  3542 D SubscriptionController: [getActiveSubInfoList]+
03-23 08:39:03.066  3527  3542 D SubscriptionController: selection:sim_id>=0 null
03-23 08:39:03.066  3527  3998 D SubscriptionController: [getActiveSubInfoList]+
03-23 08:39:03.067  3527  3527 D TelephonyManager: setTelephonyProperty: success phoneId=0 property=gsm.operator.alpha value:  propVal=
03-23 08:39:03.067  3527  3998 D SubscriptionController: selection:sim_id>=0 null
03-23 08:39:03.068  3527  3527 D TelephonyManager: setTelephonyProperty: success phoneId=0 property=gsm.operator.numeric value:  propVal=
03-23 08:39:03.068  3527  3527 D GsmSST  : [GsmSST] operatorNumeric is null
03-23 08:39:03.068  3527  3527 D TelephonyManager: setTelephonyProperty: success phoneId=0 property=gsm.operator.iso-country value:  propVal=
03-23 08:39:03.069  3527  3527 D TelephonyManager: setTelephonyProperty: success phoneId=0 property=gsm.operator.isroaming value: false propVal=false
03-23 08:39:03.070  3527  3527 D GsmSST  : [GsmSST] Broadcasting ServiceState : 1 1 voice home data home null null null null null null  Unknown Unknown CSS not supported -1 -1 RoamInd=-1 DefRoamInd=-1 EmergOnly=false IsDataRoamingFromRegistration=false
03-23 08:39:03.070  3527  3527 D SubscriptionController: [getSubId]- sSlotIdxToSubId.size == 0, return DummySubIds slotIdx=0
03-23 08:39:03.070  3527  3527 D DefaultPhoneNotifier: nofityServiceState: mRegistry=com.android.internal.telephony.ITelephonyRegistry$Stub$Proxy@a3f681a ss=1 1 voice home data home null null null null null null  Unknown Unknown CSS not supported -1 -1 RoamInd=-1 DefRoamInd=-1 EmergOnly=false IsDataRoamingFromRegistration=false sender=Handler (com.android.internal.telephony.gsm.GSMPhone) {7f0c936} phondId=0 subId=-2
03-23 08:39:03.071  3527  3542 D SubscriptionController: [getActiveSubInfoList]- no info return
03-23 08:39:03.072  3527  4000 D SubscriptionController: [getSubId]- sSlotIdxToSubId.size == 0, return DummySubIds slotIdx=0
03-23 08:39:03.073  3527  3527 D SubscriptionController: [getSlotId]- subId invalid
03-23 08:39:03.074  3527  3541 D SubscriptionController: [getSubId]- sSlotIdxToSubId.size == 0, return DummySubIds slotIdx=1
03-23 08:39:03.075  3527  3527 D SubscriptionController: getSimStateForSlotIdx:  simState=NOT_READY ordinal=6
03-23 08:39:03.075  2890  3135 D SubscriptionManager: getSimStateForSubscriber: simState=6 slotIdx=0
03-23 08:39:03.075  2890  3135 D TelephonyManager: getSimState: default sim:-1, sim state for slotIdx=0 is 6, return state as unknown
03-23 08:39:03.077  3527  3527 D DCT     : [0]handleMessage msg={ when=-317ms what=270369 obj=android.os.AsyncResult@cd36f4b target=com.android.internal.telephony.dataconnection.DcTracker }
03-23 08:39:03.077  3527  3527 D DCT     : [0]onUpdateIcc: newIccRecords null
03-23 08:39:03.077  3527  3527 D DCT     : [0]onReceive: action=android.net.wifi.STATE_CHANGE
03-23 08:39:03.077  3527  3527 D DCT     : [0]NETWORK_STATE_CHANGED_ACTION: mIsWifiConnected=false
03-23 08:39:03.077  3527  3527 D DCT     : [0]onReceive: action=android.net.wifi.WIFI_STATE_CHANGED
03-23 08:39:03.077  3527  3527 D DCT     : [0]WIFI_STATE_CHANGED_ACTION: enabled=true mIsWifiConnected=false
03-23 08:39:03.077  3527  3527 D DCT     : [0]handleMessage msg={ when=-304ms what=270342 obj=android.os.AsyncResult@5dbebe6 target=com.android.internal.telephony.dataconnection.DcTracker }
03-23 08:39:03.077  3527  3527 D DCT     : [0]onRadioOffOrNotAvailable: is off and clean up all connections
03-23 08:39:03.077  3527  3527 D DCT     : [0]cleanUpAllConnections: tearDown=false reason=radioTurnedOff
03-23 08:39:03.078  3527  3527 D DCT     : [0]cleanUpConnection: tearDown=false reason=radioTurnedOff apnContext={mApnType=default mState=IDLE mWaitingApns={null} mWaitingApnsPermanentFailureCountDown=0 mApnSetting={null} mReason=radioTurnedOff mDataEnabled=false mDependencyMet=true}
03-23 08:39:03.078  3527  3527 D GSMPhone: getDataConnectionState: Data is Out of Service. ret = DISCONNECTED
03-23 08:39:03.078  3527  3527 D SubscriptionController: [getSubId]- sSlotIdxToSubId.size == 0, return DummySubIds slotIdx=0
03-23 08:39:03.081  3527  3527 D DCT     : [0]isDataAllowed: not allowed due to - Attached= false - SIM not loaded - SIM not loaded and not NV subscription - defaultDataSelected= false
03-23 08:39:03.081  3527  3998 D SubscriptionController: [getActiveSubInfoList]- no info return
03-23 08:39:03.082  3527  3527 D SubscriptionController: [getPhoneId]- invalid subId return=-1
03-23 08:39:03.087  3527  3527 D DCT     : [0]setupDataForSinglePdn: reason = radioTurnedOff isDisconnected = true
03-23 08:39:03.087  3527  3541 D SubscriptionController: getSimStateForSlotIdx:  simState=NOT_READY ordinal=6
03-23 08:39:03.087  3599  3599 D SubscriptionManager: getSimStateForSubscriber: simState=6 slotIdx=0
03-23 08:39:03.087  3527  3527 D DCT     : [0]isOnlySingleDcAllowed(0): false
03-23 08:39:03.087  3527  3527 D DCT     : [0]cleanUpConnection: X tearDown=false reason=radioTurnedOff apnContext={mApnType=default mState=IDLE mWaitingApns={null} mWaitingApnsPermanentFailureCountDown=0 mApnSetting={null} mReason=radioTurnedOff mDataEnabled=false mDependencyMet=true} dcac=null
03-23 08:39:03.087  3527  3527 D DCT     : [0]cleanUpConnection: tearDown=false reason=radioTurnedOff apnContext={mApnType=mms mState=IDLE mWaitingApns={null} mWaitingApnsPermanentFailureCountDown=0 mApnSetting={null} mReason=radioTurnedOff mDataEnabled=false mDependencyMet=true}
03-23 08:39:03.087  3527  3527 D GSMPhone: getDataConnectionState: Data is Out of Service. ret = DISCONNECTED
03-23 08:39:03.087  3527  3527 D SubscriptionController: [getSubId]- sSlotIdxToSubId.size == 0, return DummySubIds slotIdx=0
03-23 08:39:03.088  3527  3542 D SubscriptionController: getSimStateForSlotIdx:  simState=NOT_READY ordinal=6
03-23 08:39:03.088  3599  3599 D SubscriptionManager: getSimStateForSubscriber: simState=6 slotIdx=1
03-23 08:39:03.088  3527  3527 D DCT     : [0]isDataAllowed: not allowed due to - Attached= false - SIM not loaded - SIM not loaded and not NV subscription - defaultDataSelected= false
03-23 08:39:03.089  3527  3527 D SubscriptionController: [getPhoneId]- invalid subId return=-1
03-23 08:39:03.091  3527  3527 D DCT     : [0]setupDataForSinglePdn: reason = radioTurnedOff isDisconnected = true
03-23 08:39:03.091  3527  3527 D DCT     : [0]isOnlySingleDcAllowed(0): false
03-23 08:39:03.091  3527  3527 D DCT     : [0]cleanUpConnection: X tearDown=false reason=radioTurnedOff apnContext={mApnType=mms mState=IDLE mWaitingApns={null} mWaitingApnsPermanentFailureCountDown=0 mApnSetting={null} mReason=radioTurnedOff mDataEnabled=false mDependencyMet=true} dcac=null
03-23 08:39:03.091  3527  3541 D SubscriptionController: getSimStateForSlotIdx:  simState=NOT_READY ordinal=6
03-23 08:39:03.091  3527  3527 D DCT     : [0]cleanUpConnection: tearDown=false reason=radioTurnedOff apnContext={mApnType=cbs mState=IDLE mWaitingApns={null} mWaitingApnsPermanentFailureCountDown=0 mApnSetting={null} mReason=radioTurnedOff mDataEnabled=false mDependencyMet=true}
03-23 08:39:03.091  3527  3527 D GSMPhone: getDataConnectionState: Data is Out of Service. ret = DISCONNECTED
03-23 08:39:03.091  3599  3599 D SubscriptionManager: getSimStateForSubscriber: simState=6 slotIdx=0
03-23 08:39:03.091  3527  3527 D SubscriptionController: [getSubId]- sSlotIdxToSubId.size == 0, return DummySubIds slotIdx=0
03-23 08:39:03.092  3527  3998 D SubscriptionController: getSimStateForSlotIdx:  simState=NOT_READY ordinal=6
03-23 08:39:03.092  3599  3599 D SubscriptionManager: getSimStateForSubscriber: simState=6 slotIdx=1
03-23 08:39:03.094  3527  3527 D DCT     : [0]isDataAllowed: not allowed due to - Attached= false - SIM not loaded - SIM not loaded and not NV subscription - defaultDataSelected= false
03-23 08:39:03.094  3527  3527 D SubscriptionController: [getPhoneId]- invalid subId return=-1
03-23 08:39:03.097  3527  3527 D DCT     : [0]setupDataForSinglePdn: reason = radioTurnedOff isDisconnected = true
03-23 08:39:03.097  3527  3527 D DCT     : [0]isOnlySingleDcAllowed(0): false
03-23 08:39:03.098  3527  3527 D DCT     : [0]cleanUpConnection: X tearDown=false reason=radioTurnedOff apnContext={mApnType=cbs mState=IDLE mWaitingApns={null} mWaitingApnsPermanentFailureCountDown=0 mApnSetting={null} mReason=radioTurnedOff mDataEnabled=false mDependencyMet=true} dcac=null
03-23 08:39:03.098  3527  3527 D DCT     : [0]cleanUpConnection: tearDown=false reason=radioTurnedOff apnContext={mApnType=fota mState=IDLE mWaitingApns={null} mWaitingApnsPermanentFailureCountDown=0 mApnSetting={null} mReason=radioTurnedOff mDataEnabled=false mDependencyMet=true}
03-23 08:39:03.098  3527  3527 D GSMPhone: getDataConnectionState: Data is Out of Service. ret = DISCONNECTED
03-23 08:39:03.098  3527  3527 D SubscriptionController: [getSubId]- sSlotIdxToSubId.size == 0, return DummySubIds slotIdx=0
03-23 08:39:03.098  3527  3527 D DCT     : [0]isDataAllowed: not allowed due to - Attached= false - SIM not loaded - SIM not loaded and not NV subscription - defaultDataSelected= false
03-23 08:39:03.099  3527  3527 D SubscriptionController: [getPhoneId]- invalid subId return=-1
03-23 08:39:03.100  3527  3527 D DCT     : [0]setupDataForSinglePdn: reason = radioTurnedOff isDisconnected = true
03-23 08:39:03.100  3527  3527 D DCT     : [0]isOnlySingleDcAllowed(0): false
03-23 08:39:03.100  3527  3527 D DCT     : [0]cleanUpConnection: X tearDown=false reason=radioTurnedOff apnContext={mApnType=fota mState=IDLE mWaitingApns={null} mWaitingApnsPermanentFailureCountDown=0 mApnSetting={null} mReason=radioTurnedOff mDataEnabled=false mDependencyMet=true} dcac=null
03-23 08:39:03.100  3527  3527 D DCT     : [0]cleanUpConnection: tearDown=false reason=radioTurnedOff apnContext={mApnType=supl mState=IDLE mWaitingApns={null} mWaitingApnsPermanentFailureCountDown=0 mApnSetting={null} mReason=radioTurnedOff mDataEnabled=false mDependencyMet=true}
03-23 08:39:03.100  3527  3527 D GSMPhone: getDataConnectionState: Data is Out of Service. ret = DISCONNECTED
03-23 08:39:03.100  3527  3527 D SubscriptionController: [getSubId]- sSlotIdxToSubId.size == 0, return DummySubIds slotIdx=0
03-23 08:39:03.101  3527  3527 D DCT     : [0]isDataAllowed: not allowed due to - Attached= false - SIM not loaded - SIM not loaded and not NV subscription - defaultDataSelected= false
03-23 08:39:03.101  3527  3527 D SubscriptionController: [getPhoneId]- invalid subId return=-1
03-23 08:39:03.103  3527  3527 D DCT     : [0]setupDataForSinglePdn: reason = radioTurnedOff isDisconnected = true
03-23 08:39:03.103  3527  3527 D DCT     : [0]isOnlySingleDcAllowed(0): false
03-23 08:39:03.103  3527  3527 D DCT     : [0]cleanUpConnection: X tearDown=false reason=radioTurnedOff apnContext={mApnType=supl mState=IDLE mWaitingApns={null} mWaitingApnsPermanentFailureCountDown=0 mApnSetting={null} mReason=radioTurnedOff mDataEnabled=false mDependencyMet=true} dcac=null
03-23 08:39:03.103  3527  3527 D DCT     : [0]cleanUpConnection: tearDown=false reason=radioTurnedOff apnContext={mApnType=ia mState=IDLE mWaitingApns={null} mWaitingApnsPermanentFailureCountDown=0 mApnSetting={null} mReason=radioTurnedOff mDataEnabled=false mDependencyMet=true}
03-23 08:39:03.103  3527  3527 D GSMPhone: getDataConnectionState: Data is Out of Service. ret = DISCONNECTED
03-23 08:39:03.103  3527  3527 D SubscriptionController: [getSubId]- sSlotIdxToSubId.size == 0, return DummySubIds slotIdx=0
03-23 08:39:03.103  3527  3527 D DCT     : [0]isDataAllowed: not allowed due to - Attached= false - SIM not loaded - SIM not loaded and not NV subscription - defaultDataSelected= false
03-23 08:39:03.105  3527  3527 D SubscriptionController: [getPhoneId]- invalid subId return=-1
03-23 08:39:03.106  3527  3527 D DCT     : [0]setupDataForSinglePdn: reason = radioTurnedOff isDisconnected = true
03-23 08:39:03.106  3527  3527 D DCT     : [0]isOnlySingleDcAllowed(0): false
03-23 08:39:03.106  3527  3527 D DCT     : [0]cleanUpConnection: X tearDown=false reason=radioTurnedOff apnContext={mApnType=ia mState=IDLE mWaitingApns={null} mWaitingApnsPermanentFailureCountDown=0 mApnSetting={null} mReason=radioTurnedOff mDataEnabled=false mDependencyMet=true} dcac=null
03-23 08:39:03.106  3527  3527 D DCT     : [0]cleanUpConnection: tearDown=false reason=radioTurnedOff apnContext={mApnType=dun mState=IDLE mWaitingApns={null} mWaitingApnsPermanentFailureCountDown=0 mApnSetting={null} mReason=radioTurnedOff mDataEnabled=false mDependencyMet=true}
03-23 08:39:03.107  3527  3527 D GSMPhone: getDataConnectionState: Data is Out of Service. ret = DISCONNECTED
03-23 08:39:03.107  3527  3527 D SubscriptionController: [getSubId]- sSlotIdxToSubId.size == 0, return DummySubIds slotIdx=0
03-23 08:39:03.107  3527  3527 D DCT     : [0]isDataAllowed: not allowed due to - Attached= false - SIM not loaded - SIM not loaded and not NV subscription - defaultDataSelected= false
03-23 08:39:03.108  3527  3527 D SubscriptionController: [getPhoneId]- invalid subId return=-1
03-23 08:39:03.111  3527  3527 D DCT     : [0]setupDataForSinglePdn: reason = radioTurnedOff isDisconnected = true
03-23 08:39:03.111  3527  3527 D DCT     : [0]isOnlySingleDcAllowed(0): false
03-23 08:39:03.111  3527  3527 D DCT     : [0]cleanUpConnection: X tearDown=false reason=radioTurnedOff apnContext={mApnType=dun mState=IDLE mWaitingApns={null} mWaitingApnsPermanentFailureCountDown=0 mApnSetting={null} mReason=radioTurnedOff mDataEnabled=false mDependencyMet=true} dcac=null
03-23 08:39:03.111  3527  3527 D DCT     : [0]cleanUpConnection: tearDown=false reason=radioTurnedOff apnContext={mApnType=hipri mState=IDLE mWaitingApns={null} mWaitingApnsPermanentFailureCountDown=0 mApnSetting={null} mReason=radioTurnedOff mDataEnabled=false mDependencyMet=true}
03-23 08:39:03.111  3527  3527 D GSMPhone: getDataConnectionState: Data is Out of Service. ret = DISCONNECTED
03-23 08:39:03.111  3527  3527 D SubscriptionController: [getSubId]- sSlotIdxToSubId.size == 0, return DummySubIds slotIdx=0
03-23 08:39:03.112  3527  4000 D SubscriptionController: getSimStateForSlotIdx:  simState=NOT_READY ordinal=6
03-23 08:39:03.113  3599  3599 D SubscriptionManager: getSimStateForSubscriber: simState=6 slotIdx=0
03-23 08:39:03.113  3527  3527 D DCT     : [0]isDataAllowed: not allowed due to - Attached= false - SIM not loaded - SIM not loaded and not NV subscription - defaultDataSelected= false
03-23 08:39:03.113  3527  3541 D SubscriptionController: getSimStateForSlotIdx:  simState=NOT_READY ordinal=6
03-23 08:39:03.113  3599  3599 D SubscriptionManager: getSimStateForSubscriber: simState=6 slotIdx=1
03-23 08:39:03.114  3527  3527 D SubscriptionController: [getPhoneId]- invalid subId return=-1
03-23 08:39:03.114  3527  3998 D SubscriptionController: getSimStateForSlotIdx:  simState=NOT_READY ordinal=6
03-23 08:39:03.115  3599  3599 D SubscriptionManager: getSimStateForSubscriber: simState=6 slotIdx=0
03-23 08:39:03.116  3527  3527 D DCT     : [0]setupDataForSinglePdn: reason = radioTurnedOff isDisconnected = true
03-23 08:39:03.116  3527  3527 D DCT     : [0]isOnlySingleDcAllowed(0): false
03-23 08:39:03.116  3527  3527 D DCT     : [0]cleanUpConnection: X tearDown=false reason=radioTurnedOff apnContext={mApnType=hipri mState=IDLE mWaitingApns={null} mWaitingApnsPermanentFailureCountDown=0 mApnSetting={null} mReason=radioTurnedOff mDataEnabled=false mDependencyMet=true} dcac=null
03-23 08:39:03.116  3527  3541 D SubscriptionController: getSimStateForSlotIdx:  simState=NOT_READY ordinal=6
03-23 08:39:03.116  3527  3527 D DCT     : [0]cleanUpConnection: tearDown=false reason=radioTurnedOff apnContext={mApnType=ims mState=IDLE mWaitingApns={null} mWaitingApnsPermanentFailureCountDown=0 mApnSetting={null} mReason=radioTurnedOff mDataEnabled=false mDependencyMet=true}
03-23 08:39:03.116  3527  3527 D GSMPhone: getDataConnectionState: Data is Out of Service. ret = DISCONNECTED
03-23 08:39:03.116  3599  3599 D SubscriptionManager: getSimStateForSubscriber: simState=6 slotIdx=1
03-23 08:39:03.116  3527  3527 D SubscriptionController: [getSubId]- sSlotIdxToSubId.size == 0, return DummySubIds slotIdx=0
03-23 08:39:03.117  3527  3542 D SubscriptionController: getSimStateForSlotIdx:  simState=NOT_READY ordinal=6
03-23 08:39:03.117  3527  3527 D DCT     : [0]isDataAllowed: not allowed due to - Attached= false - SIM not loaded - SIM not loaded and not NV subscription - defaultDataSelected= false
03-23 08:39:03.117  3599  3599 D SubscriptionManager: getSimStateForSubscriber: simState=6 slotIdx=0
03-23 08:39:03.118  3527  3998 D SubscriptionController: getSimStateForSlotIdx:  simState=NOT_READY ordinal=6
03-23 08:39:03.118  3527  3527 D SubscriptionController: [getPhoneId]- invalid subId return=-1
03-23 08:39:03.118  3599  3599 D SubscriptionManager: getSimStateForSubscriber: simState=6 slotIdx=1
03-23 08:39:03.119  3527  4000 D SubscriptionController: getSimStateForSlotIdx:  simState=NOT_READY ordinal=6
03-23 08:39:03.120  3527  3527 D DCT     : [0]setupDataForSinglePdn: reason = radioTurnedOff isDisconnected = true
03-23 08:39:03.120  3599  3599 D SubscriptionManager: getSimStateForSubscriber: simState=6 slotIdx=0
03-23 08:39:03.120  3527  3527 D DCT     : [0]isOnlySingleDcAllowed(0): false
03-23 08:39:03.120  3527  3527 D DCT     : [0]cleanUpConnection: X tearDown=false reason=radioTurnedOff apnContext={mApnType=ims mState=IDLE mWaitingApns={null} mWaitingApnsPermanentFailureCountDown=0 mApnSetting={null} mReason=radioTurnedOff mDataEnabled=false mDependencyMet=true} dcac=null
03-23 08:39:03.120  3527  3527 D DCT     : [0]stopNetStatPoll
03-23 08:39:03.120  3527  3527 D SubscriptionController: [getSubId]- sSlotIdxToSubId.size == 0, return DummySubIds slotIdx=0
03-23 08:39:03.120  3527  3998 D SubscriptionController: getSimStateForSlotIdx:  simState=NOT_READY ordinal=6
03-23 08:39:03.121  3599  3599 D SubscriptionManager: getSimStateForSubscriber: simState=6 slotIdx=1
03-23 08:39:03.121  3527  3527 D DCT     : [0]cleanUpConnection: mDisconnectPendingCount = 0
03-23 08:39:03.121  3527  3527 D SubscriptionController: [getSubId]- sSlotIdxToSubId.size == 0, return DummySubIds slotIdx=0
03-23 08:39:03.121  3527  3542 D SubscriptionController: getSimStateForSlotIdx:  simState=NOT_READY ordinal=6
03-23 08:39:03.122  3599  3599 D SubscriptionManager: getSimStateForSubscriber: simState=6 slotIdx=0
03-23 08:39:03.122  3527  3527 D DCT     : [0]isDataAllowed: not allowed due to - Attached= false - SIM not loaded - SIM not loaded and not NV subscription - defaultDataSelected= false
03-23 08:39:03.122  3527  3541 D SubscriptionController: getSimStateForSlotIdx:  simState=NOT_READY ordinal=6
03-23 08:39:03.122  3599  3599 D SubscriptionManager: getSimStateForSubscriber: simState=6 slotIdx=1
03-23 08:39:03.122  3527  3527 D SubscriptionController: [getPhoneId]- invalid subId return=-1
03-23 08:39:03.123  3527  4000 D SubscriptionController: getSimStateForSlotIdx:  simState=NOT_READY ordinal=6
03-23 08:39:03.123  3527  3527 D SubscriptionController: [getSubId]- sSlotIdxToSubId.size == 0, return DummySubIds slotIdx=0
03-23 08:39:03.123  3599  3599 D SubscriptionManager: getSimStateForSubscriber: simState=6 slotIdx=0
03-23 08:39:03.125  3527  3541 D SubscriptionController: getSimStateForSlotIdx:  simState=NOT_READY ordinal=6
03-23 08:39:03.125  3527  3527 D DCT     : [0]isDataAllowed: not allowed due to - Attached= false - SIM not loaded - SIM not loaded and not NV subscription - defaultDataSelected= false
03-23 08:39:03.125  3599  3599 D SubscriptionManager: getSimStateForSubscriber: simState=6 slotIdx=1
03-23 08:39:03.128  3527  4000 D SubscriptionController: getSimStateForSlotIdx:  simState=NOT_READY ordinal=6
03-23 08:39:03.128  3527  3527 D SubscriptionController: [getPhoneId]- invalid subId return=-1
03-23 08:39:03.128  3599  3599 D SubscriptionManager: getSimStateForSubscriber: simState=6 slotIdx=0
03-23 08:39:03.129  3527  3542 D SubscriptionController: getSimStateForSlotIdx:  simState=NOT_READY ordinal=6
03-23 08:39:03.129  3599  3599 D SubscriptionManager: getSimStateForSubscriber: simState=6 slotIdx=1
03-23 08:39:03.130  3527  3527 D SubscriptionController: [getSubId]- sSlotIdxToSubId.size == 0, return DummySubIds slotIdx=0
03-23 08:39:03.130  3527  3541 D SubscriptionController: getSimStateForSlotIdx:  simState=NOT_READY ordinal=6
03-23 08:39:03.130  3599  3599 D SubscriptionManager: getSimStateForSubscriber: simState=6 slotIdx=0
03-23 08:39:03.131  3527  3527 D DCT     : [0]isDataAllowed: not allowed due to - Attached= false - SIM not loaded - SIM not loaded and not NV subscription - defaultDataSelected= false
03-23 08:39:03.131  3527  4000 D SubscriptionController: getSimStateForSlotIdx:  simState=NOT_READY ordinal=6
03-23 08:39:03.131  3599  3599 D SubscriptionManager: getSimStateForSubscriber: simState=6 slotIdx=1
03-23 08:39:03.132  3527  3527 D SubscriptionController: [getPhoneId]- invalid subId return=-1
03-23 08:39:03.134  3527  3527 D SubscriptionController: [getSubId]- sSlotIdxToSubId.size == 0, return DummySubIds slotIdx=0
03-23 08:39:03.135  3527  3998 D SubscriptionController: getSimStateForSlotIdx:  simState=NOT_READY ordinal=6
03-23 08:39:03.135  3599  3599 D SubscriptionManager: getSimStateForSubscriber: simState=6 slotIdx=0
03-23 08:39:03.135  3527  3527 D DCT     : [0]isDataAllowed: not allowed due to - Attached= false - SIM not loaded - SIM not loaded and not NV subscription - defaultDataSelected= false
03-23 08:39:03.136  3527  3541 D SubscriptionController: getSimStateForSlotIdx:  simState=NOT_READY ordinal=6
03-23 08:39:03.136  3599  3599 D SubscriptionManager: getSimStateForSubscriber: simState=6 slotIdx=1
03-23 08:39:03.137  3527  3527 D SubscriptionController: [getPhoneId]- invalid subId return=-1
03-23 08:39:03.138  3527  4000 D SubscriptionController: getSimStateForSlotIdx:  simState=NOT_READY ordinal=6
03-23 08:39:03.138  3527  3527 D SubscriptionController: [getSubId]- sSlotIdxToSubId.size == 0, return DummySubIds slotIdx=0
03-23 08:39:03.138  3599  3599 D SubscriptionManager: getSimStateForSubscriber: simState=6 slotIdx=0
03-23 08:39:03.139  3527  3527 D DCT     : [0]isDataAllowed: not allowed due to - Attached= false - SIM not loaded - SIM not loaded and not NV subscription - defaultDataSelected= false
03-23 08:39:03.139  3527  3541 D SubscriptionController: getSimStateForSlotIdx:  simState=NOT_READY ordinal=6
03-23 08:39:03.140  3599  3599 D SubscriptionManager: getSimStateForSubscriber: simState=6 slotIdx=1
03-23 08:39:03.140  3527  3527 D SubscriptionController: [getPhoneId]- invalid subId return=-1
03-23 08:39:03.140  3527  3998 D SubscriptionController: getSimStateForSlotIdx:  simState=NOT_READY ordinal=6
03-23 08:39:03.140  3599  3599 D SubscriptionManager: getSimStateForSubscriber: simState=6 slotIdx=0
03-23 08:39:03.141  3527  3542 D SubscriptionController: getSimStateForSlotIdx:  simState=NOT_READY ordinal=6
03-23 08:39:03.141  3599  3599 D SubscriptionManager: getSimStateForSubscriber: simState=6 slotIdx=1
03-23 08:39:03.142  3527  3527 D SubscriptionController: [getSubId]- sSlotIdxToSubId.size == 0, return DummySubIds slotIdx=0
03-23 08:39:03.144  3527  3542 D SubscriptionController: getSimStateForSlotIdx:  simState=NOT_READY ordinal=6
03-23 08:39:03.144  3527  3527 D DCT     : [0]isDataAllowed: not allowed due to - Attached= false - SIM not loaded - SIM not loaded and not NV subscription - defaultDataSelected= false
03-23 08:39:03.145  3599  3599 D SubscriptionManager: getSimStateForSubscriber: simState=6 slotIdx=0
03-23 08:39:03.145  3527  3527 D SubscriptionController: [getPhoneId]- invalid subId return=-1
03-23 08:39:03.147  3527  4000 D SubscriptionController: getSimStateForSlotIdx:  simState=NOT_READY ordinal=6
03-23 08:39:03.147  3527  3527 D SubscriptionController: [getSubId]- sSlotIdxToSubId.size == 0, return DummySubIds slotIdx=0
03-23 08:39:03.148  3599  3599 D SubscriptionManager: getSimStateForSubscriber: simState=6 slotIdx=1
03-23 08:39:03.149  3527  3527 D DCT     : [0]isDataAllowed: not allowed due to - Attached= false - SIM not loaded - SIM not loaded and not NV subscription - defaultDataSelected= false
03-23 08:39:03.149  3527  3542 D SubscriptionController: getSimStateForSlotIdx:  simState=NOT_READY ordinal=6
03-23 08:39:03.149  3599  3599 D SubscriptionManager: getSimStateForSubscriber: simState=6 slotIdx=0
03-23 08:39:03.149  3527  3998 D SubscriptionController: getSimStateForSlotIdx:  simState=NOT_READY ordinal=6
03-23 08:39:03.149  3527  3527 D SubscriptionController: [getPhoneId]- invalid subId return=-1
03-23 08:39:03.149  3599  3599 D SubscriptionManager: getSimStateForSubscriber: simState=6 slotIdx=1
03-23 08:39:03.151  3527  3527 D SubscriptionController: [getSubId]- sSlotIdxToSubId.size == 0, return DummySubIds slotIdx=0
03-23 08:39:03.152  3527  3527 D DCT     : [0]isDataAllowed: not allowed due to - Attached= false - SIM not loaded - SIM not loaded and not NV subscription - defaultDataSelected= false
03-23 08:39:03.152  3527  3541 D SubscriptionController: getSimStateForSlotIdx:  simState=NOT_READY ordinal=6
03-23 08:39:03.153  3599  3599 D SubscriptionManager: getSimStateForSubscriber: simState=6 slotIdx=0
03-23 08:39:03.154  3527  3527 D SubscriptionController: [getPhoneId]- invalid subId return=-1
03-23 08:39:03.154  3527  3542 D SubscriptionController: getSimStateForSlotIdx:  simState=NOT_READY ordinal=6
03-23 08:39:03.154  3599  3599 D SubscriptionManager: getSimStateForSubscriber: simState=6 slotIdx=1
03-23 08:39:03.155  3527  3527 D SubscriptionController: [getSubId]- sSlotIdxToSubId.size == 0, return DummySubIds slotIdx=0
03-23 08:39:03.156  3527  4000 D SubscriptionController: getSimStateForSlotIdx:  simState=NOT_READY ordinal=6
03-23 08:39:03.156  3599  3599 D SubscriptionManager: getSimStateForSubscriber: simState=6 slotIdx=0
03-23 08:39:03.156  3527  3527 D DCT     : [0]isDataAllowed: not allowed due to - Attached= false - SIM not loaded - SIM not loaded and not NV subscription - defaultDataSelected= false
03-23 08:39:03.156  3527  3541 D SubscriptionController: getSimStateForSlotIdx:  simState=NOT_READY ordinal=6
03-23 08:39:03.156  3599  3599 D SubscriptionManager: getSimStateForSubscriber: simState=6 slotIdx=1
03-23 08:39:03.157  3527  3527 D SubscriptionController: [getPhoneId]- invalid subId return=-1
03-23 08:39:03.158  3527  3527 D DCT     : [0]handleMessage msg={ when=-384ms what=270345 obj=android.os.AsyncResult@a67b527 target=com.android.internal.telephony.dataconnection.DcTracker }
03-23 08:39:03.158  3527  3527 D DCT     : [0]onDataConnectionDetached: stop polling and notify detached
03-23 08:39:03.158  3527  3527 D DCT     : [0]stopNetStatPoll
03-23 08:39:03.158  3527  3527 D SubscriptionController: [getSubId]- sSlotIdxToSubId.size == 0, return DummySubIds slotIdx=0
03-23 08:39:03.158  3527  3527 D DCT     : [0]notifyDataConnection: reason=dataDetached
03-23 08:39:03.158  3527  3527 D SubscriptionController: [getSubId]- sSlotIdxToSubId.size == 0, return DummySubIds slotIdx=0
03-23 08:39:03.159  3527  3998 D SubscriptionController: getSimStateForSlotIdx:  simState=NOT_READY ordinal=6
03-23 08:39:03.159  3599  3599 D SubscriptionManager: getSimStateForSubscriber: simState=6 slotIdx=0
03-23 08:39:03.159  3527  3527 D DCT     : [0]isDataAllowed: not allowed due to - Attached= false - SIM not loaded - SIM not loaded and not NV subscription - defaultDataSelected= false
03-23 08:39:03.159  3527  4000 D SubscriptionController: getSimStateForSlotIdx:  simState=NOT_READY ordinal=6
03-23 08:39:03.159  3599  3599 D SubscriptionManager: getSimStateForSubscriber: simState=6 slotIdx=1
03-23 08:39:03.160  3527  3527 D SubscriptionController: [getPhoneId]- invalid subId return=-1
03-23 08:39:03.161  3527  3527 D SubscriptionController: [getSubId]- sSlotIdxToSubId.size == 0, return DummySubIds slotIdx=0
03-23 08:39:03.162  3527  3542 D SubscriptionController: getSimStateForSlotIdx:  simState=NOT_READY ordinal=6
03-23 08:39:03.163  3599  3599 D SubscriptionManager: getSimStateForSubscriber: simState=6 slotIdx=0
03-23 08:39:03.163  3527  3527 D DCT     : [0]isDataAllowed: not allowed due to - Attached= false - SIM not loaded - SIM not loaded and not NV subscription - defaultDataSelected= false
03-23 08:39:03.164  3527  3998 D SubscriptionController: getSimStateForSlotIdx:  simState=NOT_READY ordinal=6
03-23 08:39:03.164  3599  3599 D SubscriptionManager: getSimStateForSubscriber: simState=6 slotIdx=1
03-23 08:39:03.165  3527  3527 D SubscriptionController: [getPhoneId]- invalid subId return=-1
03-23 08:39:03.167  3527  3527 D SubscriptionController: [getSubId]- sSlotIdxToSubId.size == 0, return DummySubIds slotIdx=0
03-23 08:39:03.168  3527  3527 D DCT     : [0]isDataAllowed: not allowed due to - Attached= false - SIM not loaded - SIM not loaded and not NV subscription - defaultDataSelected= false
03-23 08:39:03.169  3527  3527 D SubscriptionController: [getPhoneId]- invalid subId return=-1
03-23 08:39:03.171  3527  3527 D SubscriptionController: [getSubId]- sSlotIdxToSubId.size == 0, return DummySubIds slotIdx=0
03-23 08:39:03.172  3527  3527 D DCT     : [0]isDataAllowed: not allowed due to - Attached= false - SIM not loaded - SIM not loaded and not NV subscription - defaultDataSelected= false
03-23 08:39:03.173  3527  3527 D SubscriptionController: [getPhoneId]- invalid subId return=-1
03-23 08:39:03.174  3527  3527 D SubscriptionController: [getSubId]- sSlotIdxToSubId.size == 0, return DummySubIds slotIdx=0
03-23 08:39:03.178  3527  3527 D DCT     : [0]isDataAllowed: not allowed due to - Attached= false - SIM not loaded - SIM not loaded and not NV subscription - defaultDataSelected= false
03-23 08:39:03.182  3527  3527 D SubscriptionController: [getPhoneId]- invalid subId return=-1
03-23 08:39:03.184  3527  3527 D SubscriptionController: [getSubId]- sSlotIdxToSubId.size == 0, return DummySubIds slotIdx=0
03-23 08:39:03.185  3527  3527 D DCT     : [0]isDataAllowed: not allowed due to - Attached= false - SIM not loaded - SIM not loaded and not NV subscription - defaultDataSelected= false
03-23 08:39:03.186  3527  3527 D SubscriptionController: [getPhoneId]- invalid subId return=-1
03-23 08:39:03.188  3527  3527 D SubscriptionController: [getSubId]- sSlotIdxToSubId.size == 0, return DummySubIds slotIdx=0
03-23 08:39:03.189  3527  3527 D DCT     : [0]isDataAllowed: not allowed due to - Attached= false - SIM not loaded - SIM not loaded and not NV subscription - defaultDataSelected= false
03-23 08:39:03.190  3527  3527 D SubscriptionController: [getPhoneId]- invalid subId return=-1
03-23 08:39:03.192  3527  3527 D SubscriptionController: [getSubId]- sSlotIdxToSubId.size == 0, return DummySubIds slotIdx=0
03-23 08:39:03.192  3527  3527 D DCT     : [0]isDataAllowed: not allowed due to - Attached= false - SIM not loaded - SIM not loaded and not NV subscription - defaultDataSelected= false
03-23 08:39:03.192  3527  3542 D SubscriptionController: getSimStateForSlotIdx:  simState=NOT_READY ordinal=6
03-23 08:39:03.192  3599  3599 D SubscriptionManager: getSimStateForSubscriber: simState=6 slotIdx=0
03-23 08:39:03.193  3527  3527 D SubscriptionController: [getPhoneId]- invalid subId return=-1
03-23 08:39:03.193  3527  4000 D SubscriptionController: getSimStateForSlotIdx:  simState=NOT_READY ordinal=6
03-23 08:39:03.194  3599  3599 D SubscriptionManager: getSimStateForSubscriber: simState=6 slotIdx=1
03-23 08:39:03.195  3527  3541 D SubscriptionController: getSimStateForSlotIdx:  simState=NOT_READY ordinal=6
03-23 08:39:03.196  3527  3527 D SubscriptionController: [getSubId]- sSlotIdxToSubId.size == 0, return DummySubIds slotIdx=0
03-23 08:39:03.197  3527  3527 D DCT     : [0]isDataAllowed: not allowed due to - Attached= false - SIM not loaded - SIM not loaded and not NV subscription - defaultDataSelected= false
03-23 08:39:03.197  3599  3599 D SubscriptionManager: getSimStateForSubscriber: simState=6 slotIdx=0
03-23 08:39:03.198  3527  3527 D SubscriptionController: [getPhoneId]- invalid subId return=-1
03-23 08:39:03.198  3527  4000 D SubscriptionController: getSimStateForSlotIdx:  simState=NOT_READY ordinal=6
03-23 08:39:03.199  3599  3599 D SubscriptionManager: getSimStateForSubscriber: simState=6 slotIdx=1
03-23 08:39:03.199  3527  3542 D SubscriptionController: getSimStateForSlotIdx:  simState=NOT_READY ordinal=6
03-23 08:39:03.200  3599  3599 D SubscriptionManager: getSimStateForSubscriber: simState=6 slotIdx=0
03-23 08:39:03.200  3527  3527 D DCT     : [0]handleMessage msg={ when=-426ms what=270348 obj=android.os.AsyncResult@a8433d4 target=com.android.internal.telephony.dataconnection.DcTracker }
03-23 08:39:03.200  3527  3527 D DCT     : [0]onRoamingOff
03-23 08:39:03.200  3527  3527 D DCT     : [0]handleMessage msg={ when=-425ms what=270377 obj=android.os.AsyncResult@c0cd97d target=com.android.internal.telephony.dataconnection.DcTracker }
03-23 08:39:03.200  3527  3527 D DCT     : [0]onUpdateIcc: newIccRecords null
03-23 08:39:03.200  3527  3527 D DCT     : [0]setupDataOnConnectableApns: nwTypeChanged
03-23 08:39:03.200  3527  3527 D DCT     : [0]setupDataOnConnectableApns: apnContext {mApnType=hipri mState=IDLE mWaitingApns={null} mWaitingApnsPermanentFailureCountDown=0 mApnSetting={null} mReason=radioTurnedOff mDataEnabled=false mDependencyMet=true}
03-23 08:39:03.200  3527  3527 D DCT     : [0]setupDataOnConnectableApns: apnContext {mApnType=mms mState=IDLE mWaitingApns={null} mWaitingApnsPermanentFailureCountDown=0 mApnSetting={null} mReason=radioTurnedOff mDataEnabled=false mDependencyMet=true}
03-23 08:39:03.200  3527  3527 D DCT     : [0]setupDataOnConnectableApns: apnContext {mApnType=supl mState=IDLE mWaitingApns={null} mWaitingApnsPermanentFailureCountDown=0 mApnSetting={null} mReason=radioTurnedOff mDataEnabled=false mDependencyMet=true}
03-23 08:39:03.200  3527  3527 D DCT     : [0]setupDataOnConnectableApns: apnContext {mApnType=cbs mState=IDLE mWaitingApns={null} mWaitingApnsPermanentFailureCountDown=0 mApnSetting={null} mReason=radioTurnedOff mDataEnabled=false mDependencyMet=true}
