03-23 07:13:41.046  3389  3389 D DCT     : [1]cleanUpConnection: X tearDown=false reason=radioTurnedOff apnContext={mApnType=hipri mState=IDLE mWaitingApns={null} mWaitingApnsPermanentFailureCountDown=0 mApnSetting={null} mReason=radioTurnedOff mDataEnabled=false mDependencyMet=true} dcac=null
03-23 07:13:41.046  3389  3389 D DCT     : [1]cleanUpConnection: tearDown=false reason=radioTurnedOff apnContext={mApnType=ims mState=IDLE mWaitingApns={null} mWaitingApnsPermanentFailureCountDown=0 mApnSetting={null} mReason=radioTurnedOff mDataEnabled=false mDependencyMet=true}
03-23 07:13:41.046  3389  3389 D GSMPhone: getDataConnectionState: Data is Out of Service. ret = DISCONNECTED
03-23 07:13:41.046  3389  3389 D SubscriptionController: [getSubId]- sSlotIdxToSubId.size == 0, return DummySubIds slotIdx=1
03-23 07:13:41.050  3389  3389 D DCT     : [1]isDataAllowed: not allowed due to - Attached= false - SIM not loaded - SIM not loaded and not NV subscription - defaultDataSelected= false
03-23 07:13:41.052  3389  3389 D SubscriptionController: [getPhoneId]- invalid subId return=-1
03-23 07:13:41.054  3389  3389 D DCT     : [1]setupDataForSinglePdn: reason = radioTurnedOff isDisconnected = true
03-23 07:13:41.054  3389  3389 D DCT     : [1]isOnlySingleDcAllowed(0): false
03-23 07:13:41.055  3389  3389 D DCT     : [1]cleanUpConnection: X tearDown=false reason=radioTurnedOff apnContext={mApnType=ims mState=IDLE mWaitingApns={null} mWaitingApnsPermanentFailureCountDown=0 mApnSetting={null} mReason=radioTurnedOff mDataEnabled=false mDependencyMet=true} dcac=null
03-23 07:13:41.055  3389  3389 D DCT     : [1]stopNetStatPoll
03-23 07:13:41.055  3389  3389 D SubscriptionController: [getSubId]- sSlotIdxToSubId.size == 0, return DummySubIds slotIdx=1
03-23 07:13:41.055  3389  3389 D DCT     : [1]cleanUpConnection: mDisconnectPendingCount = 0
03-23 07:13:41.055  3389  3389 D SubscriptionController: [getSubId]- sSlotIdxToSubId.size == 0, return DummySubIds slotIdx=1
03-23 07:13:41.057  3389  3389 D DCT     : [1]isDataAllowed: not allowed due to - Attached= false - SIM not loaded - SIM not loaded and not NV subscription - defaultDataSelected= false
03-23 07:13:41.058  3389  3389 D SubscriptionController: [getPhoneId]- invalid subId return=-1
03-23 07:13:41.060  3389  3389 D SubscriptionController: [getSubId]- sSlotIdxToSubId.size == 0, return DummySubIds slotIdx=1
03-23 07:13:41.062  3389  3389 D DCT     : [1]isDataAllowed: not allowed due to - Attached= false - SIM not loaded - SIM not loaded and not NV subscription - defaultDataSelected= false
03-23 07:13:41.062  3389  3648 D SubscriptionController: [getActiveSubInfoList]- no info return
03-23 07:13:41.064  3389  3389 D SubscriptionController: [getPhoneId]- invalid subId return=-1
03-23 07:13:41.066  3389  3389 D SubscriptionController: [getSubId]- sSlotIdxToSubId.size == 0, return DummySubIds slotIdx=1
03-23 07:13:41.067  3389  3389 D DCT     : [1]isDataAllowed: not allowed due to - Attached= false - SIM not loaded - SIM not loaded and not NV subscription - defaultDataSelected= false
03-23 07:13:41.068  3389  3389 D SubscriptionController: [getPhoneId]- invalid subId return=-1
03-23 07:13:41.070  3389  3389 D SubscriptionController: [getSubId]- sSlotIdxToSubId.size == 0, return DummySubIds slotIdx=1
03-23 07:13:41.070  3389  3389 D DCT     : [1]isDataAllowed: not allowed due to - Attached= false - SIM not loaded - SIM not loaded and not NV subscription - defaultDataSelected= false
03-23 07:13:41.073  3389  3389 D SubscriptionController: [getPhoneId]- invalid subId return=-1
03-23 07:13:41.077  3389  3389 D SubscriptionController: [getSubId]- sSlotIdxToSubId.size == 0, return DummySubIds slotIdx=1
03-23 07:13:41.079  3389  3389 D DCT     : [1]isDataAllowed: not allowed due to - Attached= false - SIM not loaded - SIM not loaded and not NV subscription - defaultDataSelected= false
03-23 07:13:41.081  3389  3389 D SubscriptionController: [getPhoneId]- invalid subId return=-1
03-23 07:13:41.082  3389  3389 D SubscriptionController: [getSubId]- sSlotIdxToSubId.size == 0, return DummySubIds slotIdx=1
03-23 07:13:41.085  3389  3389 D DCT     : [1]isDataAllowed: not allowed due to - Attached= false - SIM not loaded - SIM not loaded and not NV subscription - defaultDataSelected= false
03-23 07:13:41.086  3389  3389 D SubscriptionController: [getPhoneId]- invalid subId return=-1
03-23 07:13:41.088  3389  3389 D SubscriptionController: [getSubId]- sSlotIdxToSubId.size == 0, return DummySubIds slotIdx=1
03-23 07:13:41.089  3389  3389 D DCT     : [1]isDataAllowed: not allowed due to - Attached= false - SIM not loaded - SIM not loaded and not NV subscription - defaultDataSelected= false
03-23 07:13:41.091  3389  3389 D SubscriptionController: [getPhoneId]- invalid subId return=-1
03-23 07:13:41.095  3389  3389 D SubscriptionController: [getSubId]- sSlotIdxToSubId.size == 0, return DummySubIds slotIdx=1
03-23 07:13:41.098  3389  3389 D DCT     : [1]isDataAllowed: not allowed due to - Attached= false - SIM not loaded - SIM not loaded and not NV subscription - defaultDataSelected= false
03-23 07:13:41.101  3389  3389 D SubscriptionController: [getPhoneId]- invalid subId return=-1
03-23 07:13:41.103  3389  3389 D SubscriptionController: [getSubId]- sSlotIdxToSubId.size == 0, return DummySubIds slotIdx=1
03-23 07:13:41.105  3389  3389 D DCT     : [1]isDataAllowed: not allowed due to - Attached= false - SIM not loaded - SIM not loaded and not NV subscription - defaultDataSelected= false
03-23 07:13:41.107  3389  3389 D SubscriptionController: [getPhoneId]- invalid subId return=-1
03-23 07:13:41.113  3389  3389 D DCT     : [1]handleMessage msg={ when=-2s231ms what=270345 obj=android.os.AsyncResult@c849fb5 target=com.android.internal.telephony.dataconnection.DcTracker }
03-23 07:13:41.113  3389  3389 D DCT     : [1]onDataConnectionDetached: stop polling and notify detached
03-23 07:13:41.113  3389  3389 D DCT     : [1]stopNetStatPoll
03-23 07:13:41.113  3389  3389 D SubscriptionController: [getSubId]- sSlotIdxToSubId.size == 0, return DummySubIds slotIdx=1
03-23 07:13:41.114  3389  3389 D DCT     : [1]notifyDataConnection: reason=dataDetached
03-23 07:13:41.114  3389  3389 D SubscriptionController: [getSubId]- sSlotIdxToSubId.size == 0, return DummySubIds slotIdx=1
03-23 07:13:41.115  3389  3389 D DCT     : [1]isDataAllowed: not allowed due to - Attached= false - SIM not loaded - SIM not loaded and not NV subscription - defaultDataSelected= false
03-23 07:13:41.117  3389  3389 D SubscriptionController: [getPhoneId]- invalid subId return=-1
03-23 07:13:41.128  3389  3402 D SubscriptionController: [getActiveSubInfoList]+
03-23 07:13:41.137  3389  3401 D DCT     : [0]hasMatchedTetherApnSetting: APN=null
03-23 07:13:41.141  3389  3402 D SubscriptionController: selection:sim_id>=0 null
03-23 07:13:41.150  3389  3389 D SubscriptionController: [getSubId]- sSlotIdxToSubId.size == 0, return DummySubIds slotIdx=1
03-23 07:13:41.153  3389  3389 D DCT     : [1]isDataAllowed: not allowed due to - Attached= false - SIM not loaded - SIM not loaded and not NV subscription - defaultDataSelected= false
03-23 07:13:41.154  3389  3389 D SubscriptionController: [getPhoneId]- invalid subId return=-1
03-23 07:13:41.156  3389  3389 D SubscriptionController: [getSubId]- sSlotIdxToSubId.size == 0, return DummySubIds slotIdx=1
03-23 07:13:41.159  3389  3389 D DCT     : [1]isDataAllowed: not allowed due to - Attached= false - SIM not loaded - SIM not loaded and not NV subscription - defaultDataSelected= false
03-23 07:13:41.160  3389  3389 D SubscriptionController: [getPhoneId]- invalid subId return=-1
03-23 07:13:41.163  3389  3389 D SubscriptionController: [getSubId]- sSlotIdxToSubId.size == 0, return DummySubIds slotIdx=1
03-23 07:13:41.164  3389  3389 D DCT     : [1]isDataAllowed: not allowed due to - Attached= false - SIM not loaded - SIM not loaded and not NV subscription - defaultDataSelected= false
03-23 07:13:41.165  3389  3389 D SubscriptionController: [getPhoneId]- invalid subId return=-1
03-23 07:13:41.168  3389  3389 D SubscriptionController: [getSubId]- sSlotIdxToSubId.size == 0, return DummySubIds slotIdx=1
03-23 07:13:41.171  3389  3401 D DCT     : [0]hasMatchedTetherApnSetting: APN=null
03-23 07:13:41.171  3389  3389 D DCT     : [1]isDataAllowed: not allowed due to - Attached= false - SIM not loaded - SIM not loaded and not NV subscription - defaultDataSelected= false
03-23 07:13:41.172  3389  3389 D SubscriptionController: [getPhoneId]- invalid subId return=-1
03-23 07:13:41.174  3389  3389 D SubscriptionController: [getSubId]- sSlotIdxToSubId.size == 0, return DummySubIds slotIdx=1
03-23 07:13:41.176  3389  3389 D DCT     : [1]isDataAllowed: not allowed due to - Attached= false - SIM not loaded - SIM not loaded and not NV subscription - defaultDataSelected= false
03-23 07:13:41.179  3389  3389 D SubscriptionController: [getPhoneId]- invalid subId return=-1
03-23 07:13:41.182  3389  3389 D SubscriptionController: [getSubId]- sSlotIdxToSubId.size == 0, return DummySubIds slotIdx=1
03-23 07:13:41.187  3389  3389 D DCT     : [1]isDataAllowed: not allowed due to - Attached= false - SIM not loaded - SIM not loaded and not NV subscription - defaultDataSelected= false
03-23 07:13:41.191  3389  3389 D SubscriptionController: [getPhoneId]- invalid subId return=-1
03-23 07:13:41.193  3389  3389 D SubscriptionController: [getSubId]- sSlotIdxToSubId.size == 0, return DummySubIds slotIdx=1
03-23 07:13:41.195  3389  3389 D DCT     : [1]isDataAllowed: not allowed due to - Attached= false - SIM not loaded - SIM not loaded and not NV subscription - defaultDataSelected= false
03-23 07:13:41.197  3389  3389 D SubscriptionController: [getPhoneId]- invalid subId return=-1
03-23 07:13:41.198  3389  3389 D SubscriptionController: [getSubId]- sSlotIdxToSubId.size == 0, return DummySubIds slotIdx=1
03-23 07:13:41.200  3389  3389 D DCT     : [1]isDataAllowed: not allowed due to - Attached= false - SIM not loaded - SIM not loaded and not NV subscription - defaultDataSelected= false
03-23 07:13:41.202  3389  3389 D SubscriptionController: [getPhoneId]- invalid subId return=-1
03-23 07:13:41.204  3389  3389 D DCT     : [1]handleMessage msg={ when=-2s322ms what=270348 obj=android.os.AsyncResult@81f564a target=com.android.internal.telephony.dataconnection.DcTracker }
03-23 07:13:41.204  3389  3389 D DCT     : [1]onRoamingOff
03-23 07:13:41.204  3389  3389 D SubscriptionController: [getSubId]- sSlotIdxToSubId.size == 0, return DummySubIds slotIdx=1
03-23 07:13:41.204  3389  3389 D DCT     : [1]getDataOnRoamingEnabled: phoneSubId=-3 isDataRoamingEnabled=false
03-23 07:13:41.204  3389  3389 D SubscriptionController: [getSubId]- sSlotIdxToSubId.size == 0, return DummySubIds slotIdx=1
03-23 07:13:41.208  3389  3389 D DCT     : [1]isDataAllowed: not allowed due to - Attached= false - SIM not loaded - SIM not loaded and not NV subscription - defaultDataSelected= false
03-23 07:13:41.210  3389  3389 D SubscriptionController: [getPhoneId]- invalid subId return=-1
03-23 07:13:41.213  3389  3389 D SubscriptionController: [getSubId]- sSlotIdxToSubId.size == 0, return DummySubIds slotIdx=1
03-23 07:13:41.216  3389  3389 D DCT     : [1]isDataAllowed: not allowed due to - Attached= false - SIM not loaded - SIM not loaded and not NV subscription - defaultDataSelected= false
03-23 07:13:41.218  3389  3389 D SubscriptionController: [getPhoneId]- invalid subId return=-1
03-23 07:13:41.220  3389  3389 D SubscriptionController: [getSubId]- sSlotIdxToSubId.size == 0, return DummySubIds slotIdx=1
03-23 07:13:41.223  3389  3389 D DCT     : [1]isDataAllowed: not allowed due to - Attached= false - SIM not loaded - SIM not loaded and not NV subscription - defaultDataSelected= false
03-23 07:13:41.224  3389  3389 D SubscriptionController: [getPhoneId]- invalid subId return=-1
03-23 07:13:41.226  3389  3389 D SubscriptionController: [getSubId]- sSlotIdxToSubId.size == 0, return DummySubIds slotIdx=1
03-23 07:13:41.226  3389  3389 D DCT     : [1]isDataAllowed: not allowed due to - Attached= false - SIM not loaded - SIM not loaded and not NV subscription - defaultDataSelected= false
03-23 07:13:41.227  3389  3389 D SubscriptionController: [getPhoneId]- invalid subId return=-1
03-23 07:13:41.230  3389  3389 D SubscriptionController: [getSubId]- sSlotIdxToSubId.size == 0, return DummySubIds slotIdx=1
03-23 07:13:41.232  3389  3389 D DCT     : [1]isDataAllowed: not allowed due to - Attached= false - SIM not loaded - SIM not loaded and not NV subscription - defaultDataSelected= false
03-23 07:13:41.233  3389  3389 D SubscriptionController: [getPhoneId]- invalid subId return=-1
03-23 07:13:41.234  3389  3389 D SubscriptionController: [getSubId]- sSlotIdxToSubId.size == 0, return DummySubIds slotIdx=1
03-23 07:13:41.247  3389  3389 D DCT     : [1]isDataAllowed: not allowed due to - Attached= false - SIM not loaded - SIM not loaded and not NV subscription - defaultDataSelected= false
03-23 07:13:41.248  3389  3389 D SubscriptionController: [getPhoneId]- invalid subId return=-1
03-23 07:13:41.250  3389  3389 D SubscriptionController: [getSubId]- sSlotIdxToSubId.size == 0, return DummySubIds slotIdx=1
03-23 07:13:41.251  3389  3389 D DCT     : [1]isDataAllowed: not allowed due to - Attached= false - SIM not loaded - SIM not loaded and not NV subscription - defaultDataSelected= false
03-23 07:13:41.252  3389  3389 D SubscriptionController: [getPhoneId]- invalid subId return=-1
03-23 07:13:41.254  3389  3389 D SubscriptionController: [getSubId]- sSlotIdxToSubId.size == 0, return DummySubIds slotIdx=1
03-23 07:13:41.254  3389  3389 D DCT     : [1]isDataAllowed: not allowed due to - Attached= false - SIM not loaded - SIM not loaded and not NV subscription - defaultDataSelected= false
03-23 07:13:41.255  3389  3389 D SubscriptionController: [getPhoneId]- invalid subId return=-1
03-23 07:13:41.257  3389  3389 D SubscriptionController: [getSubId]- sSlotIdxToSubId.size == 0, return DummySubIds slotIdx=1
03-23 07:13:41.259  3389  3389 D DCT     : [1]isDataAllowed: not allowed due to - Attached= false - SIM not loaded - SIM not loaded and not NV subscription - defaultDataSelected= false
03-23 07:13:41.261  3389  3389 D SubscriptionController: [getPhoneId]- invalid subId return=-1
03-23 07:13:41.262  3389  3402 D SubscriptionController: [getActiveSubInfoList]- no info return
03-23 07:13:41.263  3389  3389 D DCT     : [1]setupDataOnConnectableApns: roamingOff
03-23 07:13:41.263  3389  3389 D DCT     : [1]setupDataOnConnectableApns: apnContext {mApnType=hipri mState=IDLE mWaitingApns={null} mWaitingApnsPermanentFailureCountDown=0 mApnSetting={null} mReason=radioTurnedOff mDataEnabled=false mDependencyMet=true}
03-23 07:13:41.263  3389  3389 D DCT     : [1]setupDataOnConnectableApns: apnContext {mApnType=mms mState=IDLE mWaitingApns={null} mWaitingApnsPermanentFailureCountDown=0 mApnSetting={null} mReason=radioTurnedOff mDataEnabled=false mDependencyMet=true}
03-23 07:13:41.263  3389  3389 D DCT     : [1]setupDataOnConnectableApns: apnContext {mApnType=supl mState=IDLE mWaitingApns={null} mWaitingApnsPermanentFailureCountDown=0 mApnSetting={null} mReason=radioTurnedOff mDataEnabled=false mDependencyMet=true}
03-23 07:13:41.263  3389  3389 D DCT     : [1]setupDataOnConnectableApns: apnContext {mApnType=cbs mState=IDLE mWaitingApns={null} mWaitingApnsPermanentFailureCountDown=0 mApnSetting={null} mReason=radioTurnedOff mDataEnabled=false mDependencyMet=true}
03-23 07:13:41.263  3389  3389 D DCT     : [1]setupDataOnConnectableApns: apnContext {mApnType=dun mState=IDLE mWaitingApns={null} mWaitingApnsPermanentFailureCountDown=0 mApnSetting={null} mReason=radioTurnedOff mDataEnabled=false mDependencyMet=true}
03-23 07:13:41.263  3389  3389 D DCT     : [1]setupDataOnConnectableApns: apnContext {mApnType=fota mState=IDLE mWaitingApns={null} mWaitingApnsPermanentFailureCountDown=0 mApnSetting={null} mReason=radioTurnedOff mDataEnabled=false mDependencyMet=true}
03-23 07:13:41.263  3389  3389 D DCT     : [1]setupDataOnConnectableApns: apnContext {mApnType=ims mState=IDLE mWaitingApns={null} mWaitingApnsPermanentFailureCountDown=0 mApnSetting={null} mReason=radioTurnedOff mDataEnabled=false mDependencyMet=true}
03-23 07:13:41.263  3389  3389 D DCT     : [1]setupDataOnConnectableApns: apnContext {mApnType=default mState=IDLE mWaitingApns={null} mWaitingApnsPermanentFailureCountDown=0 mApnSetting={null} mReason=radioTurnedOff mDataEnabled=false mDependencyMet=true}
03-23 07:13:41.263  3389  3389 D DCT     : [1]setupDataOnConnectableApns: apnContext {mApnType=ia mState=IDLE mWaitingApns={null} mWaitingApnsPermanentFailureCountDown=0 mApnSetting={null} mReason=radioTurnedOff mDataEnabled=false mDependencyMet=true}
03-23 07:13:41.263  3389  3389 D DCT     : [1]handleMessage msg={ when=-2s381ms what=270377 obj=android.os.AsyncResult@8de79bb target=com.android.internal.telephony.dataconnection.DcTracker }
03-23 07:13:41.263  3389  3389 D DCT     : [1]onUpdateIcc: newIccRecords null
03-23 07:13:41.263  3389  3389 D DCT     : [1]setupDataOnConnectableApns: nwTypeChanged
03-23 07:13:41.263  3389  3389 D DCT     : [1]setupDataOnConnectableApns: apnContext {mApnType=hipri mState=IDLE mWaitingApns={null} mWaitingApnsPermanentFailureCountDown=0 mApnSetting={null} mReason=radioTurnedOff mDataEnabled=false mDependencyMet=true}
03-23 07:13:41.263  3389  3389 D DCT     : [1]setupDataOnConnectableApns: apnContext {mApnType=mms mState=IDLE mWaitingApns={null} mWaitingApnsPermanentFailureCountDown=0 mApnSetting={null} mReason=radioTurnedOff mDataEnabled=false mDependencyMet=true}
03-23 07:13:41.263  3389  3389 D DCT     : [1]setupDataOnConnectableApns: apnContext {mApnType=supl mState=IDLE mWaitingApns={null} mWaitingApnsPermanentFailureCountDown=0 mApnSetting={null} mReason=radioTurnedOff mDataEnabled=false mDependencyMet=true}
03-23 07:13:41.263  3389  3389 D DCT     : [1]setupDataOnConnectableApns: apnContext {mApnType=cbs mState=IDLE mWaitingApns={null} mWaitingApnsPermanentFailureCountDown=0 mApnSetting={null} mReason=radioTurnedOff mDataEnabled=false mDependencyMet=true}
03-23 07:13:41.263  3389  3389 D DCT     : [1]setupDataOnConnectableApns: apnContext {mApnType=dun mState=IDLE mWaitingApns={null} mWaitingApnsPermanentFailureCountDown=0 mApnSetting={null} mReason=radioTurnedOff mDataEnabled=false mDependencyMet=true}
03-23 07:13:41.263  3389  3389 D DCT     : [1]setupDataOnConnectableApns: apnContext {mApnType=fota mState=IDLE mWaitingApns={null} mWaitingApnsPermanentFailureCountDown=0 mApnSetting={null} mReason=radioTurnedOff mDataEnabled=false mDependencyMet=true}
03-23 07:13:41.263  3389  3389 D DCT     : [1]setupDataOnConnectableApns: apnContext {mApnType=ims mState=IDLE mWaitingApns={null} mWaitingApnsPermanentFailureCountDown=0 mApnSetting={null} mReason=radioTurnedOff mDataEnabled=false mDependencyMet=true}
03-23 07:13:41.263  3389  3389 D DCT     : [1]setupDataOnConnectableApns: apnContext {mApnType=default mState=IDLE mWaitingApns={null} mWaitingApnsPermanentFailureCountDown=0 mApnSetting={null} mReason=radioTurnedOff mDataEnabled=false mDependencyMet=true}
03-23 07:13:41.264  3389  3389 D DCT     : [1]setupDataOnConnectableApns: apnContext {mApnType=ia mState=IDLE mWaitingApns={null} mWaitingApnsPermanentFailureCountDown=0 mApnSetting={null} mReason=radioTurnedOff mDataEnabled=false mDependencyMet=true}
03-23 07:13:41.264  3389  3389 E PhoneProxy: [PhoneProxy] Error! This handler was not registered for this message type. Message: 9
03-23 07:13:41.264  3389  3389 D SubscriptionController: [getSubId]- sSlotIdxToSubId.size == 0, return DummySubIds slotIdx=1
03-23 07:13:41.264  3389  3389 D GsmSMSDispatcher: GsmSMSDispatcher: subId = -3 slotId = 1
03-23 07:13:41.264  3389  3389 E IccCardProxy: setExternalState: !override and newstate unchanged from NOT_READY
03-23 07:13:41.264  3389  3389 E IccCardProxy: setExternalState: !override and newstate unchanged from NOT_READY
03-23 07:13:41.264  3389  3389 E IccCardProxy: setExternalState: !override and newstate unchanged from NOT_READY
03-23 07:13:41.264  3389  3389 D DctController: EVENT_PHONE1_DATA_DETACH.
03-23 07:13:41.264  3389  3664 D DcSwitchSM: [DcSwitchStateMachine-0] DefaultState: shouldn't happen but ignore msg.what=0x44008
03-23 07:13:41.264  3389  3389 D DctController: EVENT_PHONE2_DATA_DETACH.
03-23 07:13:41.264  3389  3389 D SubscriptionController: [getSubId]- sSlotIdxToSubId.size == 0, return DummySubIds slotIdx=0
03-23 07:13:41.264  3389  3389 D DctController: [TNF -2]got request NetworkRequest [ id=1, legacyType=-1, [ Capabilities: INTERNET&NOT_RESTRICTED&TRUSTED&NOT_VPN] ] with score 0
03-23 07:13:41.265  3389  3389 D SubscriptionController: [getSubId]- sSlotIdxToSubId.size == 0, return DummySubIds slotIdx=0
03-23 07:13:41.265  3389  3389 D DctController: [TNF -2]Cellular needs Network for NetworkRequest [ id=1, legacyType=-1, [ Capabilities: INTERNET&NOT_RESTRICTED&TRUSTED&NOT_VPN] ]
03-23 07:13:41.265  3389  3666 D DcSwitchSM: [DcSwitchStateMachine-1] DefaultState: shouldn't happen but ignore msg.what=0x44008
03-23 07:13:41.265  3389  3389 D SubscriptionController: [getSubId]- sSlotIdxToSubId.size == 0, return DummySubIds slotIdx=0
03-23 07:13:41.265  3389  3389 D SubscriptionController: [getSubId]- sSlotIdxToSubId.size == 0, return DummySubIds slotIdx=0
03-23 07:13:41.265  3389  3389 D DctController: [TNF -2]Request not useable, pending request.
03-23 07:13:41.265  3389  3389 D SubscriptionController: [getSubId]- sSlotIdxToSubId.size == 0, return DummySubIds slotIdx=1
03-23 07:13:41.266  3389  3389 D DctController: [TNF -3]got request NetworkRequest [ id=1, legacyType=-1, [ Capabilities: INTERNET&NOT_RESTRICTED&TRUSTED&NOT_VPN] ] with score 0
03-23 07:13:41.266  3389  3389 D SubscriptionController: [getSubId]- sSlotIdxToSubId.size == 0, return DummySubIds slotIdx=1
03-23 07:13:41.266  3389  3389 D DctController: [TNF -3]Cellular needs Network for NetworkRequest [ id=1, legacyType=-1, [ Capabilities: INTERNET&NOT_RESTRICTED&TRUSTED&NOT_VPN] ]
03-23 07:13:41.266  3389  3389 D SubscriptionController: [getSubId]- sSlotIdxToSubId.size == 0, return DummySubIds slotIdx=1
03-23 07:13:41.266  3389  3389 D SubscriptionController: [getSubId]- sSlotIdxToSubId.size == 0, return DummySubIds slotIdx=1
03-23 07:13:41.266  3389  3389 D DctController: [TNF -3]Request not useable, pending request.
03-23 07:13:41.266  3389  3389 D SubscriptionInfoUpdater: [Receiver]+
03-23 07:13:41.266  3389  3389 D SubscriptionInfoUpdater: Action: android.intent.action.SIM_STATE_CHANGED
03-23 07:13:41.266  3389  3389 D SubscriptionInfoUpdater: slotId: 1
03-23 07:13:41.266  3389  3389 D SubscriptionInfoUpdater: simStatus: NOT_READY
03-23 07:13:41.266  3389  3389 D SubscriptionInfoUpdater: Ignoring simStatus: NOT_READY
03-23 07:13:41.266  3389  3389 D SubscriptionInfoUpdater: Wait for SIM1 IccId
03-23 07:13:41.266  3389  3389 D SubscriptionInfoUpdater: [Receiver]-
03-23 07:13:41.267  3389  3389 D DebugService: DebugService DebugService:
03-23 07:13:41.273  3389  3389 D SipService: SipService: started!
03-23 07:13:41.286  3389  3389 D SipService: start:
03-23 07:13:41.287  3389  3389 D RILJ    : [3663]> RIL_REQUEST_QUERY_TTY_MODE [SUB0]
03-23 07:13:41.289  3389  3389 D RILJ    : [3664]> RIL_REQUEST_QUERY_TTY_MODE [SUB1]
03-23 07:13:41.289  3389  3389 D RilRequest: [3664]< RIL_REQUEST_QUERY_TTY_MODE error: com.android.internal.telephony.CommandException: RADIO_NOT_AVAILABLE ret=
03-23 07:13:41.289  3389  3389 D DCT     : [0]handleMessage msg={ when=-1s535ms what=270369 obj=android.os.AsyncResult@e048d16 target=com.android.internal.telephony.dataconnection.DcTracker }
03-23 07:13:41.289  3389  3389 D DCT     : [0]onUpdateIcc: newIccRecords null
03-23 07:13:41.289  3389  3389 D SubscriptionController: [getSubId]- sSlotIdxToSubId.size == 0, return DummySubIds slotIdx=0
03-23 07:13:41.289  3389  3389 D GsmSMSDispatcher: GsmSMSDispatcher: subId = -2 slotId = 0
03-23 07:13:41.289  3389  3389 E IccCardProxy: setExternalState: !override and newstate unchanged from NOT_READY
03-23 07:13:41.289  3389  3389 D DCT     : [1]handleMessage msg={ when=-1s535ms what=270369 obj=android.os.AsyncResult@ff0f697 target=com.android.internal.telephony.dataconnection.DcTracker }
03-23 07:13:41.289  3389  3389 D DCT     : [1]onUpdateIcc: newIccRecords null
03-23 07:13:41.289  3389  3389 D SubscriptionController: [getSubId]- sSlotIdxToSubId.size == 0, return DummySubIds slotIdx=1
03-23 07:13:41.289  3389  3389 D GsmSMSDispatcher: GsmSMSDispatcher: subId = -3 slotId = 1
03-23 07:13:41.289  3389  3389 E IccCardProxy: setExternalState: !override and newstate unchanged from NOT_READY
03-23 07:13:41.289  3389  3389 D DCT     : [0]handleMessage msg={ when=-1s535ms what=270369 obj=android.os.AsyncResult@4853084 target=com.android.internal.telephony.dataconnection.DcTracker }
03-23 07:13:41.289  3389  3389 D DCT     : [0]onUpdateIcc: newIccRecords null
03-23 07:13:41.289  3389  3389 D SubscriptionController: [getSubId]- sSlotIdxToSubId.size == 0, return DummySubIds slotIdx=0
03-23 07:13:41.289  3389  3389 D GsmSMSDispatcher: GsmSMSDispatcher: subId = -2 slotId = 0
03-23 07:13:41.289  3389  3389 E IccCardProxy: setExternalState: !override and newstate unchanged from NOT_READY
03-23 07:13:41.289  3389  3389 D DCT     : [1]handleMessage msg={ when=-1s535ms what=270369 obj=android.os.AsyncResult@b96106d target=com.android.internal.telephony.dataconnection.DcTracker }
03-23 07:13:41.289  3389  3389 D DCT     : [1]onUpdateIcc: newIccRecords null
03-23 07:13:41.290  3389  3389 D SubscriptionController: [getSubId]- sSlotIdxToSubId.size == 0, return DummySubIds slotIdx=1
03-23 07:13:41.290  3389  3389 D GsmSMSDispatcher: GsmSMSDispatcher: subId = -3 slotId = 1
03-23 07:13:41.290  3389  3389 E IccCardProxy: setExternalState: !override and newstate unchanged from NOT_READY
03-23 07:13:41.292  3389  3389 D GsmSST  : [GsmSST] SubscriptionListener.onSubscriptionInfoChanged
03-23 07:13:41.292  2424  2486 D use-Rlog/RLOG-RIL_GU: [modem_0]onRequest: QUERY_TTY_MODE
03-23 07:13:41.292  2424  2486 D use-Rlog/RLOG-RIL_GU: [modem_0]onRequest: QUERY_TTY_MODE failed, sState= 1
03-23 07:13:41.292  3389  3389 D SubscriptionController: [getSubId]- sSlotIdxToSubId.size == 0, return DummySubIds slotIdx=0
03-23 07:13:41.292  2424  2486 I RILC    : RIL_onRequestComplete: free RIL_Token 0x7fb76a1140
03-23 07:13:41.292  3389  3389 D DCT     : [0]SubscriptionListener.onSubscriptionInfoChanged
03-23 07:13:41.293  3389  3389 D SubscriptionController: [getSubId]- sSlotIdxToSubId.size == 0, return DummySubIds slotIdx=0
03-23 07:13:41.293  3389  3389 D GsmSST  : [GsmSST] SubscriptionListener.onSubscriptionInfoChanged
03-23 07:13:41.293  3389  3389 D SubscriptionController: [getSubId]- sSlotIdxToSubId.size == 0, return DummySubIds slotIdx=1
03-23 07:13:41.293  3389  3389 D DCT     : [1]SubscriptionListener.onSubscriptionInfoChanged
03-23 07:13:41.293  3389  3389 D SubscriptionController: [getSubId]- sSlotIdxToSubId.size == 0, return DummySubIds slotIdx=1
03-23 07:13:41.293  3389  3514 D RilRequest: [3663]< RIL_REQUEST_QUERY_TTY_MODE error: com.android.internal.telephony.CommandException: RADIO_NOT_AVAILABLE ret=
03-23 07:13:41.294  3389  3389 D SubscriptionController: [getActiveSubInfoList]+
03-23 07:13:41.295  3389  3389 D SubscriptionController: selection:sim_id>=0 null
03-23 07:13:41.300  3389  3389 D SubscriptionController: [getActiveSubInfoList]- no info return
03-23 07:13:41.302  3389  3389 D SubscriptionController: [getSubId]- sSlotIdxToSubId.size == 0, return DummySubIds slotIdx=0
03-23 07:13:41.302  3389  3389 D SubscriptionController: [getSubId]- sSlotIdxToSubId.size == 0, return DummySubIds slotIdx=1
03-23 07:13:41.304  3389  3389 D SubscriptionController: [getSubId]- sSlotIdxToSubId.size == 0, return DummySubIds slotIdx=0
03-23 07:13:41.306  3389  3389 D SubscriptionController: [getPhoneId]- invalid subId return=-1
03-23 07:13:41.309  3389  3389 D SubscriptionController: [getSubId]- sSlotIdxToSubId.size == 0, return DummySubIds slotIdx=0
03-23 07:13:41.310  3389  3389 D SubscriptionController: [getSubId]- sSlotIdxToSubId.size == 0, return DummySubIds slotIdx=0
03-23 07:13:41.310  3389  3389 D SubscriptionController: [getSubId]- sSlotIdxToSubId.size == 0, return DummySubIds slotIdx=0
03-23 07:13:41.327  3389  3778 D SubscriptionController: [getSlotId]- subId invalid
03-23 07:13:41.338  3389  3648 D SubscriptionController: getSimStateForSlotIdx:  simState=NOT_READY ordinal=6
03-23 07:13:41.340  3389  3389 E PhoneBase: Error! registerForCallWaiting() in PhoneBase should not be called, CDMAPhone inactive.
03-23 07:13:41.344  3023  3601 D SubscriptionManager: getSimStateForSubscriber: simState=6 slotIdx=0
03-23 07:13:41.344  3023  3601 D TelephonyManager: getSimState: default sim:-1, sim state for slotIdx=0 is 6, return state as unknown
03-23 07:13:41.372  3389  3389 D SubscriptionController: [getSubId]- sSlotIdxToSubId.size == 0, return DummySubIds slotIdx=0
03-23 07:13:41.372  3389  3389 D SubscriptionController: [getSubId]- sSlotIdxToSubId.size == 0, return DummySubIds slotIdx=0
03-23 07:13:41.373  3389  3389 D DCT     : [0]getDataOnRoamingEnabled: phoneSubId=-2 isDataRoamingEnabled=false
03-23 07:13:41.373  3389  3389 D SubscriptionController: [getSubId]- sSlotIdxToSubId.size == 0, return DummySubIds slotIdx=0
03-23 07:13:41.374  3389  3389 D DCT     : [0]getDataOnRoamingEnabled: phoneSubId=-2 isDataRoamingEnabled=false
03-23 07:13:41.374  3389  3389 D SubscriptionController: [getSubId]- sSlotIdxToSubId.size == 0, return DummySubIds slotIdx=0
03-23 07:13:41.374  3389  3389 D DCT     : [0]getDataOnRoamingEnabled: phoneSubId=-2 isDataRoamingEnabled=false
03-23 07:13:41.374  3389  3389 D SubscriptionController: [getSubId]- sSlotIdxToSubId.size == 0, return DummySubIds slotIdx=0
03-23 07:13:41.374  3389  3389 D DCT     : [0]getDataOnRoamingEnabled: phoneSubId=-2 isDataRoamingEnabled=false
03-23 07:13:41.374  3389  3389 D SubscriptionController: [getSubId]- sSlotIdxToSubId.size == 0, return DummySubIds slotIdx=0
03-23 07:13:41.374  3389  3389 D DCT     : [0]getDataOnRoamingEnabled: phoneSubId=-2 isDataRoamingEnabled=false
03-23 07:13:41.374  3389  3389 D SubscriptionController: [getSubId]- sSlotIdxToSubId.size == 0, return DummySubIds slotIdx=0
03-23 07:13:41.374  3389  3389 D DCT     : [0]getDataOnRoamingEnabled: phoneSubId=-2 isDataRoamingEnabled=false
03-23 07:13:41.374  3389  3389 D SubscriptionController: [getSubId]- sSlotIdxToSubId.size == 0, return DummySubIds slotIdx=0
03-23 07:13:41.374  3389  3389 D DCT     : [0]getDataOnRoamingEnabled: phoneSubId=-2 isDataRoamingEnabled=false
03-23 07:13:41.374  3389  3389 D SubscriptionController: [getSubId]- sSlotIdxToSubId.size == 0, return DummySubIds slotIdx=0
03-23 07:13:41.374  3389  3389 D DCT     : [0]getDataOnRoamingEnabled: phoneSubId=-2 isDataRoamingEnabled=false
03-23 07:13:41.374  3389  3389 D SubscriptionController: [getSubId]- sSlotIdxToSubId.size == 0, return DummySubIds slotIdx=0
03-23 07:13:41.374  3389  3389 D DCT     : [0]getDataOnRoamingEnabled: phoneSubId=-2 isDataRoamingEnabled=false
03-23 07:13:41.375  3389  3389 D SubscriptionController: [getSubId]- sSlotIdxToSubId.size == 0, return DummySubIds slotIdx=0
03-23 07:13:41.375  3389  3389 D DCT     : [0]getDataOnRoamingEnabled: phoneSubId=-2 isDataRoamingEnabled=false
03-23 07:13:41.375  3389  3389 D SubscriptionController: [getSubId]- sSlotIdxToSubId.size == 0, return DummySubIds slotIdx=0
03-23 07:13:41.375  3389  3389 D DCT     : [0]getDataOnRoamingEnabled: phoneSubId=-2 isDataRoamingEnabled=false
03-23 07:13:41.375  3389  3389 D SubscriptionController: [getSubId]- sSlotIdxToSubId.size == 0, return DummySubIds slotIdx=0
03-23 07:13:41.375  3389  3389 D DCT     : [0]getDataOnRoamingEnabled: phoneSubId=-2 isDataRoamingEnabled=false
03-23 07:13:41.375  3389  3389 D SubscriptionController: [getSubId]- sSlotIdxToSubId.size == 0, return DummySubIds slotIdx=0
03-23 07:13:41.375  3389  3389 D DCT     : [0]getDataOnRoamingEnabled: phoneSubId=-2 isDataRoamingEnabled=false
03-23 07:13:41.375  3389  3389 D SubscriptionController: [getSubId]- sSlotIdxToSubId.size == 0, return DummySubIds slotIdx=0
03-23 07:13:41.375  3389  3389 D DCT     : [0]getDataOnRoamingEnabled: phoneSubId=-2 isDataRoamingEnabled=false
03-23 07:13:41.375  3389  3389 D SubscriptionController: [getSubId]- sSlotIdxToSubId.size == 0, return DummySubIds slotIdx=0
03-23 07:13:41.376  3389  3389 D DCT     : [0]getDataOnRoamingEnabled: phoneSubId=-2 isDataRoamingEnabled=false
03-23 07:13:41.376  3389  3389 D SubscriptionController: [getSubId]- sSlotIdxToSubId.size == 0, return DummySubIds slotIdx=0
03-23 07:13:41.376  3389  3389 D DCT     : [0]getDataOnRoamingEnabled: phoneSubId=-2 isDataRoamingEnabled=false
03-23 07:13:41.376  3389  3389 D SubscriptionController: [getSubId]- sSlotIdxToSubId.size == 0, return DummySubIds slotIdx=0
03-23 07:13:41.376  3389  3389 D DCT     : [0]getDataOnRoamingEnabled: phoneSubId=-2 isDataRoamingEnabled=false
03-23 07:13:41.376  3389  3389 D SubscriptionController: [getSubId]- sSlotIdxToSubId.size == 0, return DummySubIds slotIdx=0
03-23 07:13:41.376  3389  3389 D DCT     : [0]getDataOnRoamingEnabled: phoneSubId=-2 isDataRoamingEnabled=false
03-23 07:13:41.376  3389  3389 D SubscriptionController: [getSubId]- sSlotIdxToSubId.size == 0, return DummySubIds slotIdx=0
03-23 07:13:41.376  3389  3389 D DCT     : [0]getDataOnRoamingEnabled: phoneSubId=-2 isDataRoamingEnabled=false
03-23 07:13:41.376  3389  3389 D SubscriptionController: [getSubId]- sSlotIdxToSubId.size == 0, return DummySubIds slotIdx=0
03-23 07:13:41.376  3389  3389 D DCT     : [0]getDataOnRoamingEnabled: phoneSubId=-2 isDataRoamingEnabled=false
03-23 07:13:41.376  3389  3389 D SubscriptionController: [getSubId]- sSlotIdxToSubId.size == 0, return DummySubIds slotIdx=0
03-23 07:13:41.376  3389  3389 D DCT     : [0]getDataOnRoamingEnabled: phoneSubId=-2 isDataRoamingEnabled=false
03-23 07:13:41.376  3389  3389 D SubscriptionController: [getSubId]- sSlotIdxToSubId.size == 0, return DummySubIds slotIdx=0
03-23 07:13:41.376  3389  3389 D DCT     : [0]getDataOnRoamingEnabled: phoneSubId=-2 isDataRoamingEnabled=false
03-23 07:13:41.377  3389  3389 D SubscriptionController: [getSubId]- sSlotIdxToSubId.size == 0, return DummySubIds slotIdx=0
03-23 07:13:41.377  3389  3389 D DCT     : [0]getDataOnRoamingEnabled: phoneSubId=-2 isDataRoamingEnabled=false
03-23 07:13:41.377  3389  3389 D SubscriptionController: [getSubId]- sSlotIdxToSubId.size == 0, return DummySubIds slotIdx=0
03-23 07:13:41.377  3389  3389 D DCT     : [0]getDataOnRoamingEnabled: phoneSubId=-2 isDataRoamingEnabled=false
03-23 07:13:41.377  3389  3389 D SubscriptionController: [getSubId]- sSlotIdxToSubId.size == 0, return DummySubIds slotIdx=0
03-23 07:13:41.377  3389  3389 D DCT     : [0]getDataOnRoamingEnabled: phoneSubId=-2 isDataRoamingEnabled=false
03-23 07:13:41.377  3389  3389 D SubscriptionController: [getSubId]- sSlotIdxToSubId.size == 0, return DummySubIds slotIdx=0
03-23 07:13:41.377  3389  3389 D DCT     : [0]getDataOnRoamingEnabled: phoneSubId=-2 isDataRoamingEnabled=false
03-23 07:13:41.377  3389  3389 D SubscriptionController: [getSubId]- sSlotIdxToSubId.size == 0, return DummySubIds slotIdx=0
03-23 07:13:41.377  3389  3389 D DCT     : [0]getDataOnRoamingEnabled: phoneSubId=-2 isDataRoamingEnabled=false
03-23 07:13:41.377  3389  3389 D GsmSST  : [GsmSST] SubscriptionListener.onSubscriptionInfoChanged
03-23 07:13:41.377  3389  3389 D SubscriptionController: [getSubId]- sSlotIdxToSubId.size == 0, return DummySubIds slotIdx=0
03-23 07:13:41.377  3389  3389 D DCT     : [0]SubscriptionListener.onSubscriptionInfoChanged
03-23 07:13:41.377  3389  3389 D SubscriptionController: [getSubId]- sSlotIdxToSubId.size == 0, return DummySubIds slotIdx=0
03-23 07:13:41.377  3389  3389 D GsmSST  : [GsmSST] SubscriptionListener.onSubscriptionInfoChanged
03-23 07:13:41.377  3389  3389 D SubscriptionController: [getSubId]- sSlotIdxToSubId.size == 0, return DummySubIds slotIdx=1
03-23 07:13:41.377  3389  3389 D DCT     : [1]SubscriptionListener.onSubscriptionInfoChanged
03-23 07:13:41.377  3389  3389 D SubscriptionController: [getSubId]- sSlotIdxToSubId.size == 0, return DummySubIds slotIdx=1
03-23 07:13:41.384  3389  3389 D SubscriptionController: [getActiveSubInfoList]+
03-23 07:13:41.386  3389  3389 D SubscriptionController: selection:sim_id>=0 null
03-23 07:13:41.397  3389  3389 D SubscriptionController: [getActiveSubInfoList]- no info return
03-23 07:13:41.398  3389  3389 E PhoneBase: Error! unregisterForCallWaiting() in PhoneBase should not be called, CDMAPhone inactive.
03-23 07:13:41.410  3389  3389 D SubscriptionController: [getSubId]- sSlotIdxToSubId.size == 0, return DummySubIds slotIdx=0
03-23 07:13:41.410  3389  3389 D SubscriptionController: [getSubId]- sSlotIdxToSubId.size == 0, return DummySubIds slotIdx=1
03-23 07:13:41.411  3389  3389 D SubscriptionController: [getSubId]- sSlotIdxToSubId.size == 0, return DummySubIds slotIdx=0
03-23 07:13:41.415  3389  3389 D SubscriptionController: [getPhoneId]- invalid subId return=-1
03-23 07:13:41.417  3389  3389 D SubscriptionController: [getSubId]- sSlotIdxToSubId.size == 0, return DummySubIds slotIdx=0
03-23 07:13:41.418  3389  3389 D SubscriptionController: [getSubId]- sSlotIdxToSubId.size == 0, return DummySubIds slotIdx=0
03-23 07:13:41.419  3389  3389 D SubscriptionController: [getSubId]- sSlotIdxToSubId.size == 0, return DummySubIds slotIdx=0
03-23 07:13:41.438  3389  3402 D DCT     : [0]hasMatchedTetherApnSetting: APN=null
03-23 07:13:41.441  3389  3518 I RILJ    : Couldn't find 'rild2' socket; retrying after timeout
03-23 07:13:41.452  3389  3618 D GsmCellBroadcastHandler: mWakeLock released
03-23 07:13:41.460  3389  3389 E PhoneBase: Error! registerForCallWaiting() in PhoneBase should not be called, CDMAPhone inactive.
03-23 07:13:41.494  3389  3389 D SubscriptionController: [getSubId]- sSlotIdxToSubId.size == 0, return DummySubIds slotIdx=0
03-23 07:13:41.495  3389  3389 D SubscriptionController: [getSubId]- sSlotIdxToSubId.size == 0, return DummySubIds slotIdx=0
03-23 07:13:41.495  3389  3389 D DCT     : [0]getDataOnRoamingEnabled: phoneSubId=-2 isDataRoamingEnabled=false
03-23 07:13:41.495  3389  3389 D SubscriptionController: [getSubId]- sSlotIdxToSubId.size == 0, return DummySubIds slotIdx=0
03-23 07:13:41.495  3389  3389 D DCT     : [0]getDataOnRoamingEnabled: phoneSubId=-2 isDataRoamingEnabled=false
03-23 07:13:41.495  3389  3389 D SubscriptionController: [getSubId]- sSlotIdxToSubId.size == 0, return DummySubIds slotIdx=0
03-23 07:13:41.495  3389  3389 D DCT     : [0]getDataOnRoamingEnabled: phoneSubId=-2 isDataRoamingEnabled=false
03-23 07:13:41.495  3389  3389 D SubscriptionController: [getSubId]- sSlotIdxToSubId.size == 0, return DummySubIds slotIdx=0
03-23 07:13:41.495  3389  3389 D DCT     : [0]getDataOnRoamingEnabled: phoneSubId=-2 isDataRoamingEnabled=false
03-23 07:13:41.495  3389  3389 D SubscriptionController: [getSubId]- sSlotIdxToSubId.size == 0, return DummySubIds slotIdx=0
03-23 07:13:41.495  3389  3389 D DCT     : [0]getDataOnRoamingEnabled: phoneSubId=-2 isDataRoamingEnabled=false
03-23 07:13:41.496  3389  3389 D SubscriptionController: [getSubId]- sSlotIdxToSubId.size == 0, return DummySubIds slotIdx=0
03-23 07:13:41.496  3389  3389 D DCT     : [0]getDataOnRoamingEnabled: phoneSubId=-2 isDataRoamingEnabled=false
03-23 07:13:41.496  3389  3389 D SubscriptionController: [getSubId]- sSlotIdxToSubId.size == 0, return DummySubIds slotIdx=0
03-23 07:13:41.496  3389  3389 D DCT     : [0]getDataOnRoamingEnabled: phoneSubId=-2 isDataRoamingEnabled=false
03-23 07:13:41.496  3389  3389 D SubscriptionController: [getSubId]- sSlotIdxToSubId.size == 0, return DummySubIds slotIdx=0
03-23 07:13:41.496  3389  3389 D DCT     : [0]getDataOnRoamingEnabled: phoneSubId=-2 isDataRoamingEnabled=false
03-23 07:13:41.496  3389  3389 D SubscriptionController: [getSubId]- sSlotIdxToSubId.size == 0, return DummySubIds slotIdx=0
03-23 07:13:41.496  3389  3389 D DCT     : [0]getDataOnRoamingEnabled: phoneSubId=-2 isDataRoamingEnabled=false
03-23 07:13:41.496  3389  3389 D SubscriptionController: [getSubId]- sSlotIdxToSubId.size == 0, return DummySubIds slotIdx=0
03-23 07:13:41.496  3389  3389 D DCT     : [0]getDataOnRoamingEnabled: phoneSubId=-2 isDataRoamingEnabled=false
03-23 07:13:41.496  3389  3389 D SubscriptionController: [getSubId]- sSlotIdxToSubId.size == 0, return DummySubIds slotIdx=0
03-23 07:13:41.496  3389  3389 D DCT     : [0]getDataOnRoamingEnabled: phoneSubId=-2 isDataRoamingEnabled=false
03-23 07:13:41.496  3389  3389 D SubscriptionController: [getSubId]- sSlotIdxToSubId.size == 0, return DummySubIds slotIdx=0
03-23 07:13:41.496  3389  3389 D DCT     : [0]getDataOnRoamingEnabled: phoneSubId=-2 isDataRoamingEnabled=false
03-23 07:13:41.496  3389  3389 D SubscriptionController: [getSubId]- sSlotIdxToSubId.size == 0, return DummySubIds slotIdx=0
03-23 07:13:41.496  3389  3389 D DCT     : [0]getDataOnRoamingEnabled: phoneSubId=-2 isDataRoamingEnabled=false
03-23 07:13:41.496  3389  3389 D SubscriptionController: [getSubId]- sSlotIdxToSubId.size == 0, return DummySubIds slotIdx=0
03-23 07:13:41.496  3389  3389 D DCT     : [0]getDataOnRoamingEnabled: phoneSubId=-2 isDataRoamingEnabled=false
03-23 07:13:41.497  3389  3389 D SubscriptionController: [getSubId]- sSlotIdxToSubId.size == 0, return DummySubIds slotIdx=0
03-23 07:13:41.497  3389  3389 D DCT     : [0]getDataOnRoamingEnabled: phoneSubId=-2 isDataRoamingEnabled=false
03-23 07:13:41.497  3389  3389 D SubscriptionController: [getSubId]- sSlotIdxToSubId.size == 0, return DummySubIds slotIdx=0
03-23 07:13:41.497  3389  3389 D DCT     : [0]getDataOnRoamingEnabled: phoneSubId=-2 isDataRoamingEnabled=false
03-23 07:13:41.497  3389  3389 D SubscriptionController: [getSubId]- sSlotIdxToSubId.size == 0, return DummySubIds slotIdx=0
03-23 07:13:41.497  3389  3389 D DCT     : [0]getDataOnRoamingEnabled: phoneSubId=-2 isDataRoamingEnabled=false
03-23 07:13:41.497  3389  3389 D SubscriptionController: [getSubId]- sSlotIdxToSubId.size == 0, return DummySubIds slotIdx=0
03-23 07:13:41.497  3389  3389 D DCT     : [0]getDataOnRoamingEnabled: phoneSubId=-2 isDataRoamingEnabled=false
03-23 07:13:41.497  3389  3389 D SubscriptionController: [getSubId]- sSlotIdxToSubId.size == 0, return DummySubIds slotIdx=0
03-23 07:13:41.497  3389  3389 D DCT     : [0]getDataOnRoamingEnabled: phoneSubId=-2 isDataRoamingEnabled=false
03-23 07:13:41.497  3389  3389 D SubscriptionController: [getSubId]- sSlotIdxToSubId.size == 0, return DummySubIds slotIdx=0
03-23 07:13:41.497  3389  3389 D DCT     : [0]getDataOnRoamingEnabled: phoneSubId=-2 isDataRoamingEnabled=false
03-23 07:13:41.499  3389  3389 D SubscriptionController: [getSubId]- sSlotIdxToSubId.size == 0, return DummySubIds slotIdx=0
03-23 07:13:41.500  3389  3389 D DCT     : [0]getDataOnRoamingEnabled: phoneSubId=-2 isDataRoamingEnabled=false
03-23 07:13:41.501  3389  3389 D SubscriptionController: [getSubId]- sSlotIdxToSubId.size == 0, return DummySubIds slotIdx=0
03-23 07:13:41.501  3389  3389 D DCT     : [0]getDataOnRoamingEnabled: phoneSubId=-2 isDataRoamingEnabled=false
03-23 07:13:41.501  3389  3389 D SubscriptionController: [getSubId]- sSlotIdxToSubId.size == 0, return DummySubIds slotIdx=0
03-23 07:13:41.501  3389  3389 D DCT     : [0]getDataOnRoamingEnabled: phoneSubId=-2 isDataRoamingEnabled=false
03-23 07:13:41.501  3389  3389 D SubscriptionController: [getSubId]- sSlotIdxToSubId.size == 0, return DummySubIds slotIdx=0
03-23 07:13:41.501  3389  3389 D DCT     : [0]getDataOnRoamingEnabled: phoneSubId=-2 isDataRoamingEnabled=false
03-23 07:13:41.502  3389  3389 D SubscriptionController: [getSubId]- sSlotIdxToSubId.size == 0, return DummySubIds slotIdx=0
03-23 07:13:41.502  3389  3389 D DCT     : [0]getDataOnRoamingEnabled: phoneSubId=-2 isDataRoamingEnabled=false
03-23 07:13:41.502  3389  3389 D SubscriptionController: [getSubId]- sSlotIdxToSubId.size == 0, return DummySubIds slotIdx=0
03-23 07:13:41.502  3389  3389 D DCT     : [0]getDataOnRoamingEnabled: phoneSubId=-2 isDataRoamingEnabled=false
03-23 07:13:41.502  3389  3389 D SubscriptionController: [getSubId]- sSlotIdxToSubId.size == 0, return DummySubIds slotIdx=0
03-23 07:13:41.502  3389  3389 D DCT     : [0]getDataOnRoamingEnabled: phoneSubId=-2 isDataRoamingEnabled=false
03-23 07:13:41.502  3389  3389 D SubscriptionController: [getSubId]- sSlotIdxToSubId.size == 0, return DummySubIds slotIdx=0
03-23 07:13:41.502  3389  3389 D DCT     : [0]getDataOnRoamingEnabled: phoneSubId=-2 isDataRoamingEnabled=false
03-23 07:13:41.502  3389  3389 D SubscriptionController: [getSubId]- sSlotIdxToSubId.size == 0, return DummySubIds slotIdx=0
03-23 07:13:41.502  3389  3389 D DCT     : [0]getDataOnRoamingEnabled: phoneSubId=-2 isDataRoamingEnabled=false
03-23 07:13:41.502  3389  3389 D SubscriptionController: [getSubId]- sSlotIdxToSubId.size == 0, return DummySubIds slotIdx=0
03-23 07:13:41.502  3389  3389 D DCT     : [0]getDataOnRoamingEnabled: phoneSubId=-2 isDataRoamingEnabled=false
03-23 07:13:41.502  3389  3389 D SubscriptionController: [getSubId]- sSlotIdxToSubId.size == 0, return DummySubIds slotIdx=0
03-23 07:13:41.502  3389  3389 D DCT     : [0]getDataOnRoamingEnabled: phoneSubId=-2 isDataRoamingEnabled=false
03-23 07:13:41.502  3389  3389 D SubscriptionController: [getSubId]- sSlotIdxToSubId.size == 0, return DummySubIds slotIdx=0
03-23 07:13:41.502  3389  3389 D DCT     : [0]getDataOnRoamingEnabled: phoneSubId=-2 isDataRoamingEnabled=false
03-23 07:13:41.503  3389  3389 D SubscriptionController: [getSubId]- sSlotIdxToSubId.size == 0, return DummySubIds slotIdx=0
03-23 07:13:41.503  3389  3389 D DCT     : [0]getDataOnRoamingEnabled: phoneSubId=-2 isDataRoamingEnabled=false
03-23 07:13:41.503  3389  3389 D SubscriptionController: [getSubId]- sSlotIdxToSubId.size == 0, return DummySubIds slotIdx=0
03-23 07:13:41.503  3389  3389 D DCT     : [0]getDataOnRoamingEnabled: phoneSubId=-2 isDataRoamingEnabled=false
03-23 07:13:41.503  3389  3389 D SubscriptionController: [getSubId]- sSlotIdxToSubId.size == 0, return DummySubIds slotIdx=0
03-23 07:13:41.503  3389  3389 D DCT     : [0]getDataOnRoamingEnabled: phoneSubId=-2 isDataRoamingEnabled=false
03-23 07:13:41.503  3389  3389 D SubscriptionController: [getSubId]- sSlotIdxToSubId.size == 0, return DummySubIds slotIdx=0
03-23 07:13:41.503  3389  3389 D DCT     : [0]getDataOnRoamingEnabled: phoneSubId=-2 isDataRoamingEnabled=false
03-23 07:13:41.503  3389  3389 D DctController: handleMessage msg={ when=-211ms what=107 target=com.android.internal.telephony.dataconnection.DctController }
03-23 07:13:41.503  3389  3389 D DctController: onSubInfoReady mPhoneNum=2
03-23 07:13:41.503  3389  3389 D SubscriptionController: [getSubId]- sSlotIdxToSubId.size == 0, return DummySubIds slotIdx=0
03-23 07:13:41.503  3389  3389 D DctController: onSubInfoReady handle pending requests subId=-2
03-23 07:13:41.503  3389  3389 D DctController: onSubInfoReady: SIM card absent on phoneId = 0
03-23 07:13:41.503  3389  3389 D SubscriptionController: [getSubId]- sSlotIdxToSubId.size == 0, return DummySubIds slotIdx=0
03-23 07:13:41.503  3389  3389 D DctController: [TNF -2]evalPendingRequest, pending request size is 1
03-23 07:13:41.503  3389  3389 D SubscriptionController: [getSubId]- sSlotIdxToSubId.size == 0, return DummySubIds slotIdx=0
03-23 07:13:41.503  3389  3389 D DctController: [TNF -2]evalPendingRequest: request = NetworkRequest [ id=1, legacyType=-1, [ Capabilities: INTERNET&NOT_RESTRICTED&TRUSTED&NOT_VPN] ]
03-23 07:13:41.503  3389  3389 D SubscriptionController: [getSubId]- sSlotIdxToSubId.size == 0, return DummySubIds slotIdx=0
03-23 07:13:41.503  3389  3389 D DctController: [TNF -2]Cellular needs Network for NetworkRequest [ id=1, legacyType=-1, [ Capabilities: INTERNET&NOT_RESTRICTED&TRUSTED&NOT_VPN] ]
03-23 07:13:41.503  3389  3389 D SubscriptionController: [getSubId]- sSlotIdxToSubId.size == 0, return DummySubIds slotIdx=0
03-23 07:13:41.504  3389  3389 D SubscriptionController: [getSubId]- sSlotIdxToSubId.size == 0, return DummySubIds slotIdx=0
03-23 07:13:41.504  3389  3389 D DctController: [TNF -2]Request not useable, pending request.
03-23 07:13:41.504  3389  3389 D SubscriptionController: [getSubId]- sSlotIdxToSubId.size == 0, return DummySubIds slotIdx=1
03-23 07:13:41.504  3389  3389 D DctController: onSubInfoReady handle pending requests subId=-3
03-23 07:13:41.504  3389  3389 D DctController: onSubInfoReady: SIM card absent on phoneId = 1
03-23 07:13:41.504  3389  3389 D SubscriptionController: [getSubId]- sSlotIdxToSubId.size == 0, return DummySubIds slotIdx=1
03-23 07:13:41.504  3389  3389 D DctController: [TNF -3]evalPendingRequest, pending request size is 1
03-23 07:13:41.504  3389  3389 D SubscriptionController: [getSubId]- sSlotIdxToSubId.size == 0, return DummySubIds slotIdx=1
03-23 07:13:41.504  3389  3389 D DctController: [TNF -3]evalPendingRequest: request = NetworkRequest [ id=1, legacyType=-1, [ Capabilities: INTERNET&NOT_RESTRICTED&TRUSTED&NOT_VPN] ]
03-23 07:13:41.504  3389  3389 D SubscriptionController: [getSubId]- sSlotIdxToSubId.size == 0, return DummySubIds slotIdx=1
03-23 07:13:41.504  3389  3389 D DctController: [TNF -3]Cellular needs Network for NetworkRequest [ id=1, legacyType=-1, [ Capabilities: INTERNET&NOT_RESTRICTED&TRUSTED&NOT_VPN] ]
03-23 07:13:41.504  3389  3389 D SubscriptionController: [getSubId]- sSlotIdxToSubId.size == 0, return DummySubIds slotIdx=1
03-23 07:13:41.504  3389  3389 D SubscriptionController: [getSubId]- sSlotIdxToSubId.size == 0, return DummySubIds slotIdx=1
03-23 07:13:41.504  3389  3389 D DctController: [TNF -3]Request not useable, pending request.
03-23 07:13:41.504  3389  3389 D DctController: processRequests
03-23 07:13:41.504  3389  3389 D SubscriptionController: [getSubId]- sSlotIdxToSubId.size == 0, return DummySubIds slotIdx=0
