03-03 15:42:46.844  4581  4581 I RILD    :     rild_main: o: rild1 boot config read prop rild.rild1_ready_to_start, result=4, value=NULL
03-03 15:42:46.844  4581  4581 I RILD    :     rild_main: o: read prop ro.multi.rild, result=4, value=true
03-03 15:42:46.844  4581  4581 I RILD    :     rild_main: o: read prop ro.config.hw_dsda, result=4, value=true
03-03 15:42:46.844  4581  4581 I RILD    :     rild_main: o: read prop persist.dsds.enabled, result=4, value=true
03-03 15:42:46.844  4581  4581 I RILD    :     rild_main: o: read prop ro.config.dsds_mode, result=8, value=umts_gsm
03-03 15:42:46.844  4581  4581 I RILD    :     rild_main: o: read prop ro.telephony.default_network, result=1, value=0
03-03 15:42:46.844  4581  4581 I RILD    :     rild_main: o: read prop ro.config.hw_device_mode, result=4, value=NULL
03-03 15:42:46.844  4581  4581 I RILD    :     rild_main: o: read prop ro.config.hw_sglte, result=0, value=
03-03 15:42:46.844  4581  4581 I RILD    :     rild_main: o: read prop ro.config.full_network_support, result=0, value=
03-03 15:42:46.844  4581  4581 D RILD    : setCommrilModePropforUTL: update mode to ULG
03-03 15:42:46.849  4581  4581 I RILD    :     rild_main: i: rilLibPath = NULL
03-03 15:42:46.849  4581  4581 I RILD    :     rild_main: e: open rilLibPath file failed
03-03 15:42:51.897  4751  4751 I RILD    : rild_main: i: begin
03-03 15:42:51.897  4751  4751 I RILD    :     rild_main: i: argc=1
03-03 15:42:51.897  4751  4751 I RILD    :     rild_main: i: argv[0]=/system/bin/rild
03-03 15:42:51.897  4751  4751 I RILD    :     rild_main: i: ClientId=0, argv rilLibPath=(null)
03-03 15:42:51.897  4751  4751 I RILD    :     rild_main: o: read prop rild.libargs, result=4, value=NULL
03-03 15:42:51.897  4751  4751 I RILD    :     rild_main: o: read prop rild.libpath1, result=4, value=NULL
03-03 15:42:51.897  4751  4751 I RILD    :     rild_main: o: read prop rild.libargs1, result=4, value=NULL
03-03 15:42:51.897  4751  4751 I RILD    :     rild_main: o: read prop rild.libpath2, result=4, value=NULL
03-03 15:42:51.897  4751  4751 I RILD    :     rild_main: o: read prop rild.libargs2, result=4, value=NULL
03-03 15:42:51.897  4751  4751 I RILD    :     rild_main: o: rild1 boot config read prop rild.rild1_ready_to_start, result=4, value=NULL
03-03 15:42:51.897  4751  4751 I RILD    :     rild_main: o: read prop ro.multi.rild, result=4, value=true
03-03 15:42:51.897  4751  4751 I RILD    :     rild_main: o: read prop ro.config.hw_dsda, result=4, value=true
03-03 15:42:51.897  4751  4751 I RILD    :     rild_main: o: read prop persist.dsds.enabled, result=4, value=true
03-03 15:42:51.897  4751  4751 I RILD    :     rild_main: o: read prop ro.config.dsds_mode, result=8, value=umts_gsm
03-03 15:42:51.897  4751  4751 I RILD    :     rild_main: o: read prop ro.telephony.default_network, result=1, value=0
03-03 15:42:51.897  4751  4751 I RILD    :     rild_main: o: read prop ro.config.hw_device_mode, result=4, value=NULL
03-03 15:42:51.897  4751  4751 I RILD    :     rild_main: o: read prop ro.config.hw_sglte, result=0, value=
03-03 15:42:51.897  4751  4751 I RILD    :     rild_main: o: read prop ro.config.full_network_support, result=0, value=
03-03 15:42:51.898  4751  4751 D RILD    : setCommrilModePropforUTL: update mode to ULG
03-03 15:42:51.927  4751  4751 I RILD    :     rild_main: i: rilLibPath = NULL
03-03 15:42:51.927  4751  4751 I RILD    :     rild_main: e: open rilLibPath file failed
03-03 15:42:55.973  3024  3024 W SmsApplication: com.android.phone does not have OP_WRITE_SMS:  (fixing)
03-03 15:42:55.973  3024  3024 W SmsApplication: com.android.bluetooth does not have OP_WRITE_SMS:  (fixing)
03-03 15:42:55.974  3024  3024 W SmsApplication: com.android.mms.service does not have OP_WRITE_SMS:  (fixing)
03-03 15:42:55.975  3024  3024 W SmsApplication: com.android.providers.telephony does not have OP_WRITE_SMS:  (fixing)
03-03 15:42:55.990  3024  3024 W CarrierConfigManager: Error getting config for subId -1 ICarrierConfigLoader is null
03-03 15:42:56.024  3024  4945 D TelephonyRegistry: listen oscl: hasNotifySubscriptionInfoChangedOccurred==false no callback
03-03 15:42:56.223  5058  5058 I RILD    : rild_main: i: begin
03-03 15:42:56.223  5058  5058 I RILD    :     rild_main: i: argc=1
03-03 15:42:56.223  5058  5058 I RILD    :     rild_main: i: argv[0]=/system/bin/rild
03-03 15:42:56.223  5058  5058 I RILD    :     rild_main: i: ClientId=0, argv rilLibPath=(null)
03-03 15:42:56.223  5058  5058 I RILD    :     rild_main: o: read prop rild.libargs, result=4, value=NULL
03-03 15:42:56.223  5058  5058 I RILD    :     rild_main: o: read prop rild.libpath1, result=4, value=NULL
03-03 15:42:56.223  5058  5058 I RILD    :     rild_main: o: read prop rild.libargs1, result=4, value=NULL
03-03 15:42:56.223  5058  5058 I RILD    :     rild_main: o: read prop rild.libpath2, result=4, value=NULL
03-03 15:42:56.223  5058  5058 I RILD    :     rild_main: o: read prop rild.libargs2, result=4, value=NULL
03-03 15:42:56.223  5058  5058 I RILD    :     rild_main: o: rild1 boot config read prop rild.rild1_ready_to_start, result=4, value=NULL
03-03 15:42:56.223  5058  5058 I RILD    :     rild_main: o: read prop ro.multi.rild, result=4, value=true
03-03 15:42:56.223  5058  5058 I RILD    :     rild_main: o: read prop ro.config.hw_dsda, result=4, value=true
03-03 15:42:56.223  5058  5058 I RILD    :     rild_main: o: read prop persist.dsds.enabled, result=4, value=true
03-03 15:42:56.223  5058  5058 I RILD    :     rild_main: o: read prop ro.config.dsds_mode, result=8, value=umts_gsm
03-03 15:42:56.223  5058  5058 I RILD    :     rild_main: o: read prop ro.telephony.default_network, result=1, value=0
03-03 15:42:56.223  5058  5058 I RILD    :     rild_main: o: read prop ro.config.hw_device_mode, result=4, value=NULL
03-03 15:42:56.223  5058  5058 I RILD    :     rild_main: o: read prop ro.config.hw_sglte, result=0, value=
03-03 15:42:56.223  5058  5058 I RILD    :     rild_main: o: read prop ro.config.full_network_support, result=0, value=
03-03 15:42:56.223  5058  5058 D RILD    : setCommrilModePropforUTL: update mode to ULG
03-03 15:42:56.237  5058  5058 I RILD    :     rild_main: i: rilLibPath = NULL
03-03 15:42:56.237  5058  5058 I RILD    :     rild_main: e: open rilLibPath file failed
03-03 15:42:57.060  3024  3101 D TelephonyRegistry: systemRunning register for intents
03-03 15:42:57.627  3024  3024 D TelephonyRegistry: notifyCellLocationForSubscriber: subId=0 cellLocation=Bundle[{}]
03-03 15:42:58.302  3024  4946 D TelephonyRegistry: listen oscl: hasNotifySubscriptionInfoChangedOccurred==false no callback
03-03 15:43:01.629  5461  5461 I RILD    : rild_main: i: begin
03-03 15:43:01.629  5461  5461 I RILD    :     rild_main: i: argc=1
03-03 15:43:01.629  5461  5461 I RILD    :     rild_main: i: argv[0]=/system/bin/rild
03-03 15:43:01.629  5461  5461 I RILD    :     rild_main: i: ClientId=0, argv rilLibPath=(null)
03-03 15:43:01.629  5461  5461 I RILD    :     rild_main: o: read prop rild.libargs, result=4, value=NULL
03-03 15:43:01.629  5461  5461 I RILD    :     rild_main: o: read prop rild.libpath1, result=4, value=NULL
03-03 15:43:01.629  5461  5461 I RILD    :     rild_main: o: read prop rild.libargs1, result=4, value=NULL
03-03 15:43:01.629  5461  5461 I RILD    :     rild_main: o: read prop rild.libpath2, result=4, value=NULL
03-03 15:43:01.629  5461  5461 I RILD    :     rild_main: o: read prop rild.libargs2, result=4, value=NULL
03-03 15:43:01.629  5461  5461 I RILD    :     rild_main: o: rild1 boot config read prop rild.rild1_ready_to_start, result=4, value=NULL
03-03 15:43:01.629  5461  5461 I RILD    :     rild_main: o: read prop ro.multi.rild, result=4, value=true
03-03 15:43:01.629  5461  5461 I RILD    :     rild_main: o: read prop ro.config.hw_dsda, result=4, value=true
03-03 15:43:01.629  5461  5461 I RILD    :     rild_main: o: read prop persist.dsds.enabled, result=4, value=true
03-03 15:43:01.629  5461  5461 I RILD    :     rild_main: o: read prop ro.config.dsds_mode, result=8, value=umts_gsm
03-03 15:43:01.629  5461  5461 I RILD    :     rild_main: o: read prop ro.telephony.default_network, result=1, value=0
03-03 15:43:01.629  5461  5461 I RILD    :     rild_main: o: read prop ro.config.hw_device_mode, result=4, value=NULL
03-03 15:43:01.629  5461  5461 I RILD    :     rild_main: o: read prop ro.config.hw_sglte, result=0, value=
03-03 15:43:01.629  5461  5461 I RILD    :     rild_main: o: read prop ro.config.full_network_support, result=0, value=
03-03 15:43:01.629  5461  5461 D RILD    : setCommrilModePropforUTL: update mode to ULG
03-03 15:43:01.657  5461  5461 I RILD    :     rild_main: i: rilLibPath = NULL
03-03 15:43:01.657  5461  5461 I RILD    :     rild_main: e: open rilLibPath file failed
03-03 15:43:03.358  5225  5225 D TelephonyPluginDelegate: Extension = @/system/framework/
03-03 15:43:03.359  5225  5225 D TelephonyPluginDelegate: classLoader = dalvik.system.PathClassLoader[DexPathList[[directory "/system/framework"],nativeLibraryDirectories=[/vendor/lib64, /system/lib64]]]
03-03 15:43:03.359  5225  5225 D TelephonyPluginDelegate: No customized TelephonyPlugin available, fallback to default
03-03 15:43:03.359  5225  5225 D TelephonyPluginDelegate: cls = class com.android.internal.telephony.DefaultTelephonyPlugin
03-03 15:43:03.359  5225  5225 D TelephonyPluginDelegate: constructor method = public com.android.internal.telephony.DefaultTelephonyPlugin()
03-03 15:43:03.360  5225  5225 D TDC     : updateOrInsert: inserting: Modem { uuid=modem, state=0, rilModel=0, rat={}, maxActiveVoiceCall=1, maxActiveDataCall=1, maxStandby=1 }
03-03 15:43:03.361  5225  5225 D TDC     : updateOrInsert: inserting: Sim { uuid=sim, modemUuid=modem, state=0 }
03-03 15:43:03.364  5225  5225 D CdmaSSM : subscriptionSource from settings: 1
03-03 15:43:03.365  5225  5225 I PhoneFactory: Cdma Subscription set to 1
03-03 15:43:03.371  5225  5225 I PhoneFactory: RILClassname is HwHisiRIL
03-03 15:43:03.372  5225  5225 I PhoneFactory: Network Mode set to 0
03-03 15:43:03.373  5225  5225 D RILJ    : RIL(context, preferredNetworkType=0 cdmaSubscription=1)
03-03 15:43:03.375  5225  5225 D RILJ    : Starting RILReceiver0 [SUB0]
03-03 15:43:03.379  5225  5225 D RILJ    : [3648]> GET_HARDWARE_CONFIG [SUB0]
03-03 15:43:03.379  5225  5467 I RILJ    : Couldn't find 'rild' socket; retrying after timeout
03-03 15:43:03.380  5225  5225 D RilRequest: [3648]< GET_HARDWARE_CONFIG error: com.android.internal.telephony.CommandException: RADIO_NOT_AVAILABLE ret=
03-03 15:43:03.381  5225  5225 I PhoneFactory: Creating SubscriptionController
03-03 15:43:03.383  5225  5225 D SubscriptionController: [SubscriptionController] init by Context
03-03 15:43:03.384  5225  5225 D UiccController: Creating UiccController
03-03 15:43:03.389  5225  5225 D TelephonyTester: register for intent action=com.android.internal.telephony.gsm.action_detached
03-03 15:43:03.389  5225  5225 D TelephonyTester: register for intent action=com.android.internal.telephony.gsm.action_attached
03-03 15:43:03.391  5225  5225 D PhoneBase: mDoesRilSendMultipleCallRing=true
03-03 15:43:03.391  5225  5225 D PhoneBase: mCallRingDelay=3000
03-03 15:43:03.396  5225  5225 D RILJ    : [3649]> RIL_REQUEST_START_LCE [SUB0]
03-03 15:43:03.397  5225  5225 D RilRequest: [3649]< RIL_REQUEST_START_LCE error: com.android.internal.telephony.CommandException: RADIO_NOT_AVAILABLE ret=
03-03 15:43:03.397  5225  5225 D PhoneBase: mOosIsDisconnect=true
03-03 15:43:03.397  5225  5225 D RILJ    : setPhoneType=1 old value=0 [SUB0]
03-03 15:43:03.403  3024  4945 D TelephonyRegistry: listen oscl: hasNotifySubscriptionInfoChangedOccurred==false no callback
03-03 15:43:03.403  5225  5225 D TelephonyManager: setTelephonyProperty: success phoneId=0 property=gsm.network.type value: Unknown propVal=Unknown
03-03 15:43:03.409  5225  5225 D RILJ    : [3650]> SIGNAL_STRENGTH [SUB0]
03-03 15:43:03.409  5225  5225 D RilRequest: [3650]< SIGNAL_STRENGTH error: com.android.internal.telephony.CommandException: RADIO_NOT_AVAILABLE ret=
03-03 15:43:03.413  5225  5225 D SubscriptionController: [getSubId]- sSlotIdxToSubId.size == 0, return DummySubIds slotIdx=0
03-03 15:43:03.415  3024  4946 D TelephonyRegistry: listen oscl: hasNotifySubscriptionInfoChangedOccurred==false no callback
03-03 15:43:03.418  5225  5225 D Dcc     : E ctor
03-03 15:43:03.418  5225  5225 D Dcc     : X ctor
03-03 15:43:03.420  5225  5225 D SubscriptionController: [getPhoneId] asked for default subId=-1
03-03 15:43:03.421  5225  5225 D SubscriptionController: [getPhoneId]- invalid subId return=-1
03-03 15:43:03.422  5225  5481 D DcTesterDeacativeAll: register for intent action=com.android.internal.telephony.dataconnection.action_deactivate_all
03-03 15:43:03.422  5225  5481 D DcTesterDeacativeAll: register for intent action=com.android.internal.telephony.gsm.action_detached
03-03 15:43:03.423  5225  5225 D DcTesterFailBrinupAll: register for intent action=com.android.internal.telephony.dataconnection.action_fail_bringup
03-03 15:43:03.423  5225  5225 D DcTesterFailBrinupAll: register for intent action=com.android.internal.telephony.gsm.action_detached
03-03 15:43:03.424  5225  5225 D DcTesterFailBrinupAll: register for intent action=com.android.internal.telephony.gsm.action_attached
03-03 15:43:03.425  5225  5225 D GsmSST  : [GsmSST] notifyDataRegStateRilRadioTechnologyChanged: drs=1 rat=0
03-03 15:43:03.425  5225  5225 D TelephonyManager: setTelephonyProperty: success phoneId=0 property=gsm.network.type value: Unknown propVal=Unknown
03-03 15:43:03.425  5225  5225 D SubscriptionController: [getSubId]- sSlotIdxToSubId.size == 0, return DummySubIds slotIdx=0
03-03 15:43:03.425  5225  5225 D DCT     : [0]update sub = -2
03-03 15:43:03.425  5225  5225 D DCT     : [0]update(): Active DDS, register for all events now!
03-03 15:43:03.425  5225  5225 D DCT     : [0]onUpdateIcc: newIccRecords null
03-03 15:43:03.429  5225  5225 D SubscriptionController: [getSubId]- sSlotIdxToSubId.size == 0, return DummySubIds slotIdx=0
03-03 15:43:03.429  5225  5225 D GSMPhone: [GSMPhone] updateCurrentCarrierInProvider: mSubId = -2 currentDds = -1 operatorNumeric = null
03-03 15:43:03.430  5225  5225 D DCT     : [0]initApnContexts: E
03-03 15:43:03.431  5225  5225 D DCT     : [0]initApnContexts: skipping unknown type=1
03-03 15:43:03.431  5225  5225 D DCT     : [0]initApnContexts: apnContext={mApnType=default mState=IDLE mWaitingApns={null} mWaitingApnsPermanentFailureCountDown=0 mApnSetting={null} mReason=dataEnabled mDataEnabled=false mDependencyMet=true}
03-03 15:43:03.431  5225  5225 D DCT     : [0]initApnContexts: apnContext={mApnType=mms mState=IDLE mWaitingApns={null} mWaitingApnsPermanentFailureCountDown=0 mApnSetting={null} mReason=dataEnabled mDataEnabled=false mDependencyMet=true}
03-03 15:43:03.431  5225  5225 D DCT     : [0]initApnContexts: apnContext={mApnType=supl mState=IDLE mWaitingApns={null} mWaitingApnsPermanentFailureCountDown=0 mApnSetting={null} mReason=dataEnabled mDataEnabled=false mDependencyMet=true}
03-03 15:43:03.431  5225  5225 D DCT     : [0]initApnContexts: apnContext={mApnType=dun mState=IDLE mWaitingApns={null} mWaitingApnsPermanentFailureCountDown=0 mApnSetting={null} mReason=dataEnabled mDataEnabled=false mDependencyMet=true}
03-03 15:43:03.431  5225  5225 D DCT     : [0]initApnContexts: apnContext={mApnType=hipri mState=IDLE mWaitingApns={null} mWaitingApnsPermanentFailureCountDown=0 mApnSetting={null} mReason=dataEnabled mDataEnabled=false mDependencyMet=true}
03-03 15:43:03.431  5225  5225 D DCT     : [0]initApnContexts: apnContext={mApnType=fota mState=IDLE mWaitingApns={null} mWaitingApnsPermanentFailureCountDown=0 mApnSetting={null} mReason=dataEnabled mDataEnabled=false mDependencyMet=true}
03-03 15:43:03.431  5225  5225 D DCT     : [0]initApnContexts: apnContext={mApnType=ims mState=IDLE mWaitingApns={null} mWaitingApnsPermanentFailureCountDown=0 mApnSetting={null} mReason=dataEnabled mDataEnabled=false mDependencyMet=true}
03-03 15:43:03.432  5225  5225 D DCT     : [0]initApnContexts: apnContext={mApnType=cbs mState=IDLE mWaitingApns={null} mWaitingApnsPermanentFailureCountDown=0 mApnSetting={null} mReason=dataEnabled mDataEnabled=false mDependencyMet=true}
03-03 15:43:03.432  5225  5225 D DCT     : [0]initApnContexts: apnContext={mApnType=ia mState=IDLE mWaitingApns={null} mWaitingApnsPermanentFailureCountDown=0 mApnSetting={null} mReason=dataEnabled mDataEnabled=false mDependencyMet=true}
03-03 15:43:03.432  5225  5225 D DCT     : [0]initApnContexts: skipping unknown type=7
03-03 15:43:03.432  5225  5225 D DCT     : [0]initApnContexts: X mApnContexts={default={mApnType=default mState=IDLE mWaitingApns={null} mWaitingApnsPermanentFailureCountDown=0 mApnSetting={null} mReason=dataEnabled mDataEnabled=false mDependencyMet=true}, mms={mApnType=mms mState=IDLE mWaitingApns={null} mWaitingApnsPermanentFailureCountDown=0 mApnSetting={null} mReason=dataEnabled mDataEnabled=false mDependencyMet=true}, cbs={mApnType=cbs mState=IDLE mWaitingApns={null} mWaitingApnsPermanentFailureCountDown=0 mApnSetting={null} mReason=dataEnabled mDataEnabled=false mDependencyMet=true}, fota={mApnType=fota mState=IDLE mWaitingApns={null} mWaitingApnsPermanentFailureCountDown=0 mApnSetting={null} mReason=dataEnabled mDataEnabled=false mDependencyMet=true}, supl={mApnType=supl mState=IDLE mWaitingApns={null} mWaitingApnsPermanentFailureCountDown=0 mApnSetting={null} mReason=dataEnabled mDataEnabled=false mDependencyMet=true}, ia={mApnType=ia mState=IDLE mWaitingApns={null} mWaitingApnsPermanentFailureCountDown=0 mApnSetting={null} mReason=dataEnabled mDataEnabled=false mDependencyMet=true}, dun={mApnType=dun mState=IDLE mWaitingApns={null} mWaitingApnsPermanentFailureCountDown=0 mApnSetting={null} mReason=dataEnabled mDataEnabled=false mDependencyMet=true}, hipri={mApnType=hipri mState=IDLE mWaitingApns={null} mWaitingApnsPermanentFailureCountDown=0 mApnSetting={null} mReason=dataEnabled mDataEnabled=false mDependencyMet=true}, ims={mApnType=ims mState=IDLE mWaitingApns={null} mWaitingApnsPermanentFailureCountDown=0 mApnSetting={null} mReason=dataEnabled mDataEnabled=false mDependencyMet=true}}
03-03 15:43:03.444  5225  5225 D TelephonyManager: setTelephonyProperty: success phoneId=0 property=gsm.current.phone-type value: 1 propVal=1
03-03 15:43:03.444  5225  5225 D GSMPhone: [GSMPhone] GSMPhone: constructor: sub = 0
03-03 15:43:03.444  5225  5225 D TelephonyManager: setTelephonyProperty: success phoneId=0 property=gsm.current.phone-type value: 1 propVal=1
03-03 15:43:03.445  5225  5225 D SubscriptionController: [getSubId]- sSlotIdxToSubId.size == 0, return DummySubIds slotIdx=0
03-03 15:43:03.448  5225  5225 I PhoneFactory: Creating Phone with type = 1 sub = 0
03-03 15:43:03.452  5225  5225 E RIL_ImsSms: getFormat should never be called from here!
03-03 15:43:03.452  5225  5225 D SMSDispatcher: SMSDispatcher: ctor mSmsCapable=true format=unknown mSmsSendDisabled=false
03-03 15:43:03.452  5225  5225 D RIL_ImsSms: ImsSMSDispatcher created
03-03 15:43:03.453  5225  5225 D SMSDispatcher: SMSDispatcher: ctor mSmsCapable=true format=3gpp2 mSmsSendDisabled=false
03-03 15:43:03.453  5225  5225 D CdmaSMSDispatcher: CdmaSMSDispatcher created
03-03 15:43:03.474  5225  5225 D GsmInboundSmsHandler: created InboundSmsHandler
03-03 15:43:03.484  5225  5225 D CdmaInboundSmsHandler: created InboundSmsHandler
03-03 15:43:03.488  5225  5225 D SMSDispatcher: SMSDispatcher: ctor mSmsCapable=true format=3gpp mSmsSendDisabled=false
03-03 15:43:03.488  5225  5225 D GsmSMSDispatcher: GsmSMSDispatcher created
03-03 15:43:03.489  5225  5500 D SmsBroadcastUndelivered: scanning raw table for undelivered messages
03-03 15:43:03.490  5225  5225 D IccCardProxy: ctor: ci=com.android.internal.telephony.HwHisiRIL@ee0952d phoneId=0
03-03 15:43:03.490  5225  5225 D CdmaSSM : subscriptionSource from settings: 1
03-03 15:43:03.490  5225  5225 D CdmaSSM : cdmaSSM constructor: 1
03-03 15:43:03.490  5225  5225 D IccCardProxy: update icc_operator_numeric=
03-03 15:43:03.490  5225  5225 D TelephonyManager: setTelephonyProperty: success phoneId=0 property=gsm.sim.operator.numeric value:  propVal=
03-03 15:43:03.491  5225  5225 D TelephonyManager: setTelephonyProperty: success phoneId=0 property=gsm.sim.operator.iso-country value:  propVal=
03-03 15:43:03.492  5225  5225 D TelephonyManager: setTelephonyProperty: success phoneId=0 property=gsm.sim.operator.alpha value:  propVal=
03-03 15:43:03.492  5225  5225 E IccCardProxy: setExternalState: set mPhoneId=0 mExternalState=NOT_READY
03-03 15:43:03.492  5225  5225 D TelephonyManager: setTelephonyProperty: success phoneId=0 property=gsm.sim.state value: NOT_READY propVal=NOT_READY
03-03 15:43:03.497  5225  5225 D SubscriptionController: [getSubId]- sSlotIdxToSubId.size == 0, return DummySubIds slotIdx=0
03-03 15:43:03.497  5225  5225 D IccCardProxy: broadcastIccStateChangedIntent intent ACTION_SIM_STATE_CHANGED value=NOT_READY reason=null for mPhoneId=0
03-03 15:43:03.498  5225  5225 D IccCardProxy: Setting radio tech UMTS
03-03 15:43:03.498  5225  5225 D TelephonyManager: getLteOnCdmaMode=0 curVal=-1 product_type='' lteOnCdmaProductType=''
03-03 15:43:03.499  5225  5225 D IccCardProxy: updateQuietMode: 3GPP subscription -> newQuietMode=false
03-03 15:43:03.499  5225  5225 D IccCardProxy: updateQuietMode: no changes don't setExternalState
03-03 15:43:03.499  5225  5225 D IccCardProxy: updateQuietMode: QuietMode is false (app_type=1 isLteOnCdmaMode=false cdmaSource=-1)
03-03 15:43:03.501  5225  5240 D SubscriptionController: [getActiveSubInfoList]+
03-03 15:43:03.503  5225  5240 D SubscriptionController: [getActiveSubInfoList] Sub Controller not ready
03-03 15:43:03.512  5225  5225 D ProxyController: Constructor - Enter
03-03 15:43:03.514  5225  5225 D DctController: makeDctController: new DctController phones.length=1
03-03 15:43:03.516  5225  5225 D DctController: DctController(): phones.length=1
03-03 15:43:03.525  5225  5225 D DcSwitchSM: [DcSwitchStateMachine-0] DcSwitchState constructor E
03-03 15:43:03.526  5225  5225 D DcSwitchSM: [DcSwitchStateMachine-0] DcSwitchState constructor X
03-03 15:43:03.526  5225  5509 D DcSwitchSM: [DcSwitchStateMachine-0] IdleState: enter
03-03 15:43:03.529  5225  5225 D DctController: DctController(phones): Connect success: 0
03-03 15:43:03.529  5225  5225 D DctController: updatePhoneBaseForIndex for phone index=0
03-03 15:43:03.530  5225  5225 D DctController: unregister TelephonyNetworkFactory for phone index=0
03-03 15:43:03.532  5225  5225 D SubscriptionController: [getSubId]- sSlotIdxToSubId.size == 0, return DummySubIds slotIdx=0
03-03 15:43:03.532  5225  5225 D DctController: [TNF -2]NetworkCapabilities: [ Transports: CELLULAR Capabilities: MMS&SUPL&DUN&FOTA&IMS&CBS&IA&RCS&XCAP&EIMS&INTERNET&NOT_RESTRICTED&TRUSTED&NOT_VPN]
03-03 15:43:03.546  3024  3098 D TelephonyRegistry: listen oscl: hasNotifySubscriptionInfoChangedOccurred==false no callback
03-03 15:43:03.567  5225  5225 D DctController: makeDctController: X sDctController=Handler (com.android.internal.telephony.dataconnection.DctController) {e98c261}
03-03 15:43:03.571  5225  5225 D ProxyController: clearTransaction
03-03 15:43:03.571  5225  5225 D ProxyController: clearTransaction: phoneId=0 status=IDLE
03-03 15:43:03.571  5225  5225 D ProxyController: Constructor - Exit
03-03 15:43:03.596  5225  5225 I PhoneFactory: defaultSmsApplication: com.android.messaging
03-03 15:43:03.600  5225  5225 I PhoneFactory: Creating SubInfoRecordUpdater 
03-03 15:43:03.601  5225  5225 D SubscriptionInfoUpdater: Constructor invoked
03-03 15:43:03.612  5225  5500 D SmsBroadcastUndelivered: finished scanning raw table in 122 ms
03-03 15:43:03.612  5225  5483 D GsmInboundSmsHandler: StartupState.processMessage:6
03-03 15:43:03.612  5225  5498 D CdmaInboundSmsHandler: StartupState.processMessage:6
03-03 15:43:03.612  5225  5498 D CdmaInboundSmsHandler: entering Idle state
03-03 15:43:03.612  5225  5483 D GsmInboundSmsHandler: entering Idle state
03-03 15:43:03.615  5225  5225 D CallManager: registerPhone(GSM Handler (com.android.internal.telephony.PhoneProxy) {8bd3012})
03-03 15:43:03.637  3024  3856 D TelephonyRegistry: listen oscl: hasNotifySubscriptionInfoChangedOccurred==false no callback
03-03 15:43:03.655  5225  5225 D RILJ    : [3651]> RIL_REQUEST_SET_TTY_MODE : 0 [SUB0]
03-03 15:43:03.655  5225  5225 D RilRequest: [3651]< RIL_REQUEST_SET_TTY_MODE error: com.android.internal.telephony.CommandException: RADIO_NOT_AVAILABLE ret=
03-03 15:43:03.657  3024  5269 D TelephonyRegistry: listen oscl: hasNotifySubscriptionInfoChangedOccurred==false no callback
03-03 15:43:03.658  5225  5225 D SubscriptionController: [getPhoneId] asked for default subId=-1
03-03 15:43:03.658  5225  5225 D SubscriptionController: [getPhoneId]- invalid subId return=-1
03-03 15:43:03.658  5225  5225 D UiccController: EVENT_RADIO_UNAVAILABLE, dispose card
03-03 15:43:03.658  5225  5225 D PhoneBase: config LCE service failed: com.android.internal.telephony.CommandException: RADIO_NOT_AVAILABLE
03-03 15:43:03.659  5225  5225 D RILJ    : [3652]> GET_CURRENT_CALLS [SUB0]
03-03 15:43:03.659  5225  5225 D RilRequest: [3652]< GET_CURRENT_CALLS error: com.android.internal.telephony.CommandException: RADIO_NOT_AVAILABLE ret=
03-03 15:43:03.659  5225  5225 D GsmSST  : [GsmSST] mDeviceShuttingDown = false
03-03 15:43:03.659  5225  5225 D GsmSST  : [GsmSST] mDesiredPowerState = true
03-03 15:43:03.659  5225  5225 D GsmSST  : [GsmSST] getRadioState = RADIO_UNAVAILABLE
03-03 15:43:03.659  5225  5225 D GsmSST  : [GsmSST] mPowerOffDelayNeed = true
03-03 15:43:03.659  5225  5225 D GsmSST  : [GsmSST] mAlarmSwitch = false
03-03 15:43:03.659  5225  5225 D PHONE   : [ServiceState] setNullState=1
03-03 15:43:03.659  5225  5225 D GsmSST  : [GsmSST] Poll ServiceState done:  oldSS=[1 1 voice home data home null null null null null null  Unknown Unknown CSS not supported 0 0 RoamInd=0 DefRoamInd=0 EmergOnly=false IsDataRoamingFromRegistration=false] newSS=[1 1 voice home data home null null null null null null  Unknown Unknown CSS not supported -1 -1 RoamInd=-1 DefRoamInd=-1 EmergOnly=false IsDataRoamingFromRegistration=false] oldMaxDataCalls=1 mNewMaxDataCalls=1 oldReasonDataDenied=-1 mNewReasonDataDenied=-1
03-03 15:43:03.660  5225  5225 D PHONE   : [ServiceState] setNullState=1
03-03 15:43:03.661  5225  5225 D GsmSST  : [GsmSST] updateSpnDisplay: radio is on but out of service, set plmn='No service.'
03-03 15:43:03.661  5225  5225 D SubscriptionController: [getSubId]- sSlotIdxToSubId.size == 0, return DummySubIds slotIdx=0
03-03 15:43:03.661  5225  5225 D GsmSST  : [GsmSST] updateSpnDisplay: changed sending intent rule=0 showPlmn='true' plmn='No service.' showSpn='false' spn='' dataSpn='' subId='-2'
03-03 15:43:03.664  5225  5225 D SubscriptionController: [getSubId]- sSlotIdxToSubId.size == 0, return DummySubIds slotIdx=0
03-03 15:43:03.665  5225  5225 D SubscriptionController: [getSubId]- sSlotIdxToSubId.size == 0, return DummySubIds slotIdx=0
03-03 15:43:03.666  5225  5225 D SubscriptionController: [setPlmnSpn] No valid subscription to store info
03-03 15:43:03.666  5225  5225 D SubscriptionController: notifySubscriptionInfoChanged:
03-03 15:43:03.666  3024  4946 D TelephonyRegistry: notifySubscriptionInfoChanged: first invocation mRecords.size=13
03-03 15:43:03.669  5225  5240 D SubscriptionController: [getActiveSubInfoList]+
03-03 15:43:03.669  5225  5240 D SubscriptionController: [getActiveSubInfoList] Sub Controller not ready
03-03 15:43:03.670  5225  5225 D TelephonyManager: setTelephonyProperty: success phoneId=0 property=gsm.operator.alpha value:  propVal=
03-03 15:43:03.670  5225  5225 D TelephonyManager: setTelephonyProperty: success phoneId=0 property=gsm.operator.numeric value:  propVal=
03-03 15:43:03.671  5225  5225 D GsmSST  : [GsmSST] operatorNumeric is null
03-03 15:43:03.671  5225  5225 D TelephonyManager: setTelephonyProperty: success phoneId=0 property=gsm.operator.iso-country value:  propVal=
03-03 15:43:03.671  5225  5225 D TelephonyManager: setTelephonyProperty: success phoneId=0 property=gsm.operator.isroaming value: false propVal=false
03-03 15:43:03.672  5225  5241 D SubscriptionController: [getActiveSubInfoList]+
03-03 15:43:03.673  5225  5225 D GsmSST  : [GsmSST] Broadcasting ServiceState : 1 1 voice home data home null null null null null null  Unknown Unknown CSS not supported -1 -1 RoamInd=-1 DefRoamInd=-1 EmergOnly=false IsDataRoamingFromRegistration=false
03-03 15:43:03.673  5225  5225 D SubscriptionController: [getSubId]- sSlotIdxToSubId.size == 0, return DummySubIds slotIdx=0
03-03 15:43:03.673  5225  5225 D DefaultPhoneNotifier: nofityServiceState: mRegistry=com.android.internal.telephony.ITelephonyRegistry$Stub$Proxy@7eaaf6a ss=1 1 voice home data home null null null null null null  Unknown Unknown CSS not supported -1 -1 RoamInd=-1 DefRoamInd=-1 EmergOnly=false IsDataRoamingFromRegistration=false sender=Handler (com.android.internal.telephony.gsm.GSMPhone) {d1f23e3} phondId=0 subId=-2
03-03 15:43:03.673  5225  5241 D SubscriptionController: [getActiveSubInfoList] Sub Controller not ready
03-03 15:43:03.674  5225  5225 D SubscriptionController: [getSlotId]- subId invalid
03-03 15:43:03.675  5225  5225 D SubscriptionController: getSimStateForSlotIdx:  simState=NOT_READY ordinal=6
03-03 15:43:03.675  3024  5224 D SubscriptionManager: getSimStateForSubscriber: simState=6 slotIdx=0
03-03 15:43:03.675  3024  5224 D TelephonyManager: getSimState: default sim:-1, sim state for slotIdx=0 is 6, return state as unknown
03-03 15:43:03.677  5225  5225 D DCT     : [0]onUpdateIcc: newIccRecords null
03-03 15:43:03.678  5225  5225 D GSMPhone: getDataConnectionState: Data is Out of Service. ret = DISCONNECTED
03-03 15:43:03.678  5225  5225 D SubscriptionController: [getSubId]- sSlotIdxToSubId.size == 0, return DummySubIds slotIdx=0
03-03 15:43:03.682  5225  5225 D SubscriptionController: [getPhoneId]- invalid subId return=-1
03-03 15:43:03.686  5225  5225 D GSMPhone: getDataConnectionState: Data is Out of Service. ret = DISCONNECTED
03-03 15:43:03.686  5225  5225 D SubscriptionController: [getSubId]- sSlotIdxToSubId.size == 0, return DummySubIds slotIdx=0
03-03 15:43:03.687  5225  5225 D SubscriptionController: [getPhoneId]- invalid subId return=-1
03-03 15:43:03.688  5225  5225 D GSMPhone: getDataConnectionState: Data is Out of Service. ret = DISCONNECTED
03-03 15:43:03.688  5225  5225 D SubscriptionController: [getSubId]- sSlotIdxToSubId.size == 0, return DummySubIds slotIdx=0
03-03 15:43:03.689  5225  5225 D SubscriptionController: [getPhoneId]- invalid subId return=-1
03-03 15:43:03.690  5225  5225 D GSMPhone: getDataConnectionState: Data is Out of Service. ret = DISCONNECTED
03-03 15:43:03.690  5225  5225 D SubscriptionController: [getSubId]- sSlotIdxToSubId.size == 0, return DummySubIds slotIdx=0
03-03 15:43:03.691  5225  5225 D SubscriptionController: [getPhoneId]- invalid subId return=-1
03-03 15:43:03.692  5225  5225 D GSMPhone: getDataConnectionState: Data is Out of Service. ret = DISCONNECTED
03-03 15:43:03.692  5225  5225 D SubscriptionController: [getSubId]- sSlotIdxToSubId.size == 0, return DummySubIds slotIdx=0
03-03 15:43:03.692  5225  5225 D SubscriptionController: [getPhoneId]- invalid subId return=-1
03-03 15:43:03.694  5225  5225 D GSMPhone: getDataConnectionState: Data is Out of Service. ret = DISCONNECTED
03-03 15:43:03.694  5225  5225 D SubscriptionController: [getSubId]- sSlotIdxToSubId.size == 0, return DummySubIds slotIdx=0
03-03 15:43:03.695  5225  5225 D SubscriptionController: [getPhoneId]- invalid subId return=-1
03-03 15:43:03.697  5225  5225 D GSMPhone: getDataConnectionState: Data is Out of Service. ret = DISCONNECTED
03-03 15:43:03.698  5225  5225 D SubscriptionController: [getSubId]- sSlotIdxToSubId.size == 0, return DummySubIds slotIdx=0
03-03 15:43:03.698  5225  5225 D SubscriptionController: [getPhoneId]- invalid subId return=-1
03-03 15:43:03.699  5225  5225 D GSMPhone: getDataConnectionState: Data is Out of Service. ret = DISCONNECTED
03-03 15:43:03.699  5225  5225 D SubscriptionController: [getSubId]- sSlotIdxToSubId.size == 0, return DummySubIds slotIdx=0
03-03 15:43:03.700  5225  5225 D SubscriptionController: [getPhoneId]- invalid subId return=-1
03-03 15:43:03.701  5225  5225 D GSMPhone: getDataConnectionState: Data is Out of Service. ret = DISCONNECTED
03-03 15:43:03.701  5225  5225 D SubscriptionController: [getSubId]- sSlotIdxToSubId.size == 0, return DummySubIds slotIdx=0
03-03 15:43:03.702  5225  5225 D SubscriptionController: [getPhoneId]- invalid subId return=-1
03-03 15:43:03.703  5225  5225 D SubscriptionController: [getSubId]- sSlotIdxToSubId.size == 0, return DummySubIds slotIdx=0
03-03 15:43:03.704  5225  5225 D DCT     : [0]cleanUpConnection: mDisconnectPendingCount = 0
03-03 15:43:03.704  5225  5225 D SubscriptionController: [getSubId]- sSlotIdxToSubId.size == 0, return DummySubIds slotIdx=0
03-03 15:43:03.705  5225  5225 D SubscriptionController: [getPhoneId]- invalid subId return=-1
03-03 15:43:03.706  5225  5225 D SubscriptionController: [getSubId]- sSlotIdxToSubId.size == 0, return DummySubIds slotIdx=0
03-03 15:43:03.707  5225  5225 D SubscriptionController: [getPhoneId]- invalid subId return=-1
03-03 15:43:03.708  5225  5225 D SubscriptionController: [getSubId]- sSlotIdxToSubId.size == 0, return DummySubIds slotIdx=0
03-03 15:43:03.708  5225  5225 D SubscriptionController: [getPhoneId]- invalid subId return=-1
03-03 15:43:03.709  5225  5225 D SubscriptionController: [getSubId]- sSlotIdxToSubId.size == 0, return DummySubIds slotIdx=0
03-03 15:43:03.710  5225  5225 D SubscriptionController: [getPhoneId]- invalid subId return=-1
03-03 15:43:03.711  5225  5225 D SubscriptionController: [getSubId]- sSlotIdxToSubId.size == 0, return DummySubIds slotIdx=0
03-03 15:43:03.712  5225  5225 D SubscriptionController: [getPhoneId]- invalid subId return=-1
03-03 15:43:03.714  5225  5225 D SubscriptionController: [getSubId]- sSlotIdxToSubId.size == 0, return DummySubIds slotIdx=0
03-03 15:43:03.715  5225  5225 D SubscriptionController: [getPhoneId]- invalid subId return=-1
03-03 15:43:03.716  5225  5225 D SubscriptionController: [getSubId]- sSlotIdxToSubId.size == 0, return DummySubIds slotIdx=0
03-03 15:43:03.716  5225  5225 D SubscriptionController: [getPhoneId]- invalid subId return=-1
03-03 15:43:03.717  5225  5225 D SubscriptionController: [getSubId]- sSlotIdxToSubId.size == 0, return DummySubIds slotIdx=0
03-03 15:43:03.718  5225  5225 D SubscriptionController: [getPhoneId]- invalid subId return=-1
03-03 15:43:03.719  5225  5225 D SubscriptionController: [getSubId]- sSlotIdxToSubId.size == 0, return DummySubIds slotIdx=0
03-03 15:43:03.720  5225  5225 D SubscriptionController: [getPhoneId]- invalid subId return=-1
03-03 15:43:03.721  5225  5225 D SubscriptionController: [getSubId]- sSlotIdxToSubId.size == 0, return DummySubIds slotIdx=0
03-03 15:43:03.721  5225  5225 D SubscriptionController: [getSubId]- sSlotIdxToSubId.size == 0, return DummySubIds slotIdx=0
03-03 15:43:03.722  5225  5225 D SubscriptionController: [getPhoneId]- invalid subId return=-1
03-03 15:43:03.723  5225  5225 D SubscriptionController: [getSubId]- sSlotIdxToSubId.size == 0, return DummySubIds slotIdx=0
03-03 15:43:03.723  5225  5225 D SubscriptionController: [getPhoneId]- invalid subId return=-1
03-03 15:43:03.724  5225  5225 D SubscriptionController: [getSubId]- sSlotIdxToSubId.size == 0, return DummySubIds slotIdx=0
03-03 15:43:03.725  5225  5225 D SubscriptionController: [getPhoneId]- invalid subId return=-1
03-03 15:43:03.726  5225  5225 D SubscriptionController: [getSubId]- sSlotIdxToSubId.size == 0, return DummySubIds slotIdx=0
03-03 15:43:03.727  5225  5225 D SubscriptionController: [getPhoneId]- invalid subId return=-1
03-03 15:43:03.728  5225  5225 D SubscriptionController: [getSubId]- sSlotIdxToSubId.size == 0, return DummySubIds slotIdx=0
03-03 15:43:03.729  5225  5225 D SubscriptionController: [getPhoneId]- invalid subId return=-1
03-03 15:43:03.731  5225  5225 D SubscriptionController: [getSubId]- sSlotIdxToSubId.size == 0, return DummySubIds slotIdx=0
03-03 15:43:03.731  5225  5225 D SubscriptionController: [getPhoneId]- invalid subId return=-1
03-03 15:43:03.732  5225  5225 D SubscriptionController: [getSubId]- sSlotIdxToSubId.size == 0, return DummySubIds slotIdx=0
03-03 15:43:03.733  5225  5225 D SubscriptionController: [getPhoneId]- invalid subId return=-1
03-03 15:43:03.734  5225  5225 D SubscriptionController: [getSubId]- sSlotIdxToSubId.size == 0, return DummySubIds slotIdx=0
03-03 15:43:03.735  5225  5225 D SubscriptionController: [getPhoneId]- invalid subId return=-1
03-03 15:43:03.735  5225  5225 D SubscriptionController: [getSubId]- sSlotIdxToSubId.size == 0, return DummySubIds slotIdx=0
03-03 15:43:03.737  5225  5225 D SubscriptionController: [getPhoneId]- invalid subId return=-1
03-03 15:43:03.738  5225  5225 D SubscriptionController: [getSubId]- sSlotIdxToSubId.size == 0, return DummySubIds slotIdx=0
03-03 15:43:03.738  5225  5225 D SubscriptionController: [getSubId]- sSlotIdxToSubId.size == 0, return DummySubIds slotIdx=0
03-03 15:43:03.739  5225  5225 D SubscriptionController: [getPhoneId]- invalid subId return=-1
03-03 15:43:03.740  5225  5225 D SubscriptionController: [getSubId]- sSlotIdxToSubId.size == 0, return DummySubIds slotIdx=0
03-03 15:43:03.740  5225  5225 D SubscriptionController: [getPhoneId]- invalid subId return=-1
03-03 15:43:03.741  5225  5225 D SubscriptionController: [getSubId]- sSlotIdxToSubId.size == 0, return DummySubIds slotIdx=0
03-03 15:43:03.742  5225  5225 D SubscriptionController: [getPhoneId]- invalid subId return=-1
03-03 15:43:03.743  5225  5225 D SubscriptionController: [getSubId]- sSlotIdxToSubId.size == 0, return DummySubIds slotIdx=0
03-03 15:43:03.744  5225  5225 D SubscriptionController: [getPhoneId]- invalid subId return=-1
03-03 15:43:03.746  5225  5225 D SubscriptionController: [getSubId]- sSlotIdxToSubId.size == 0, return DummySubIds slotIdx=0
03-03 15:43:03.747  5225  5225 D SubscriptionController: [getPhoneId]- invalid subId return=-1
03-03 15:43:03.748  5225  5225 D SubscriptionController: [getSubId]- sSlotIdxToSubId.size == 0, return DummySubIds slotIdx=0
03-03 15:43:03.749  5225  5225 D SubscriptionController: [getPhoneId]- invalid subId return=-1
03-03 15:43:03.750  5225  5225 D SubscriptionController: [getSubId]- sSlotIdxToSubId.size == 0, return DummySubIds slotIdx=0
03-03 15:43:03.750  5225  5225 D SubscriptionController: [getPhoneId]- invalid subId return=-1
03-03 15:43:03.751  5225  5225 D SubscriptionController: [getSubId]- sSlotIdxToSubId.size == 0, return DummySubIds slotIdx=0
03-03 15:43:03.752  5225  5225 D SubscriptionController: [getPhoneId]- invalid subId return=-1
03-03 15:43:03.753  5225  5225 D SubscriptionController: [getSubId]- sSlotIdxToSubId.size == 0, return DummySubIds slotIdx=0
03-03 15:43:03.754  5225  5225 D SubscriptionController: [getPhoneId]- invalid subId return=-1
03-03 15:43:03.756  5225  5225 D DCT     : [0]onUpdateIcc: newIccRecords null
03-03 15:43:03.756  5225  5225 D SubscriptionController: [getSubId]- sSlotIdxToSubId.size == 0, return DummySubIds slotIdx=0
03-03 15:43:03.756  5225  5225 D GsmSMSDispatcher: GsmSMSDispatcher: subId = -2 slotId = 0
03-03 15:43:03.756  5225  5225 E IccCardProxy: setExternalState: !override and newstate unchanged from NOT_READY
03-03 15:43:03.756  5225  5225 E IccCardProxy: setExternalState: !override and newstate unchanged from NOT_READY
03-03 15:43:03.756  5225  5225 E IccCardProxy: setExternalState: !override and newstate unchanged from NOT_READY
03-03 15:43:03.757  5225  5225 D DctController: EVENT_PHONE1_DATA_DETACH.
03-03 15:43:03.757  5225  5509 D DcSwitchSM: [DcSwitchStateMachine-0] DefaultState: shouldn't happen but ignore msg.what=0x44008
03-03 15:43:03.757  5225  5225 D SubscriptionController: [getSubId]- sSlotIdxToSubId.size == 0, return DummySubIds slotIdx=0
03-03 15:43:03.757  5225  5225 D DctController: [TNF -2]got request NetworkRequest [ id=1, legacyType=-1, [ Capabilities: INTERNET&NOT_RESTRICTED&TRUSTED&NOT_VPN] ] with score 0
03-03 15:43:03.757  5225  5225 D SubscriptionController: [getSubId]- sSlotIdxToSubId.size == 0, return DummySubIds slotIdx=0
03-03 15:43:03.757  5225  5225 D DctController: [TNF -2]Cellular needs Network for NetworkRequest [ id=1, legacyType=-1, [ Capabilities: INTERNET&NOT_RESTRICTED&TRUSTED&NOT_VPN] ]
03-03 15:43:03.758  5225  5225 D SubscriptionController: [getSubId]- sSlotIdxToSubId.size == 0, return DummySubIds slotIdx=0
03-03 15:43:03.758  5225  5225 D SubscriptionController: [getSubId]- sSlotIdxToSubId.size == 0, return DummySubIds slotIdx=0
03-03 15:43:03.758  5225  5225 D DctController: [TNF -2]Request not useable, pending request.
03-03 15:43:03.759  5225  5225 D SubscriptionInfoUpdater: [Receiver]+
03-03 15:43:03.759  5225  5225 D SubscriptionInfoUpdater: Action: android.intent.action.SIM_STATE_CHANGED
03-03 15:43:03.759  5225  5225 D SubscriptionInfoUpdater: slotId: 0
03-03 15:43:03.759  5225  5225 D SubscriptionInfoUpdater: simStatus: NOT_READY
03-03 15:43:03.759  5225  5225 D SubscriptionInfoUpdater: Ignoring simStatus: NOT_READY
03-03 15:43:03.759  5225  5225 D SubscriptionInfoUpdater: [Receiver]-
03-03 15:43:03.759  5225  5225 D DebugService: DebugService DebugService:
03-03 15:43:03.762  5225  5225 D SipService: SipService: started!
03-03 15:43:03.772  5225  5225 D SipService: start:
03-03 15:43:03.782  5225  5225 D RILJ    : [3653]> RIL_REQUEST_QUERY_TTY_MODE [SUB0]
03-03 15:43:03.783  5225  5225 D RilRequest: [3653]< RIL_REQUEST_QUERY_TTY_MODE error: com.android.internal.telephony.CommandException: RADIO_NOT_AVAILABLE ret=
03-03 15:43:03.783  5225  5225 D DCT     : [0]onUpdateIcc: newIccRecords null
03-03 15:43:03.783  5225  5225 D SubscriptionController: [getSubId]- sSlotIdxToSubId.size == 0, return DummySubIds slotIdx=0
03-03 15:43:03.783  5225  5225 D GsmSMSDispatcher: GsmSMSDispatcher: subId = -2 slotId = 0
03-03 15:43:03.783  5225  5225 E IccCardProxy: setExternalState: !override and newstate unchanged from NOT_READY
03-03 15:43:03.786  5225  5225 D SubscriptionController: [getSubId]- sSlotIdxToSubId.size == 0, return DummySubIds slotIdx=0
03-03 15:43:03.786  5225  5225 D GsmSST  : [GsmSST] SubscriptionListener.onSubscriptionInfoChanged
03-03 15:43:03.786  5225  5225 D SubscriptionController: [getSubId]- sSlotIdxToSubId.size == 0, return DummySubIds slotIdx=0
03-03 15:43:03.786  5225  5225 D SubscriptionController: [getActiveSubInfoList]+
03-03 15:43:03.787  5225  5225 D SubscriptionController: [getActiveSubInfoList] Sub Controller not ready
03-03 15:43:03.788  5225  5225 D SubscriptionController: [getSubId]- sSlotIdxToSubId.size == 0, return DummySubIds slotIdx=0
03-03 15:43:03.790  5225  5225 D SubscriptionController: [getSubId]- sSlotIdxToSubId.size == 0, return DummySubIds slotIdx=0
03-03 15:43:03.790  5225  5225 D SubscriptionController: [getPhoneId]- invalid subId return=-1
03-03 15:43:03.792  5225  5225 D SubscriptionController: [getSubId]- sSlotIdxToSubId.size == 0, return DummySubIds slotIdx=0
03-03 15:43:03.792  5225  5225 D SubscriptionController: [getSubId]- sSlotIdxToSubId.size == 0, return DummySubIds slotIdx=0
03-03 15:43:03.793  5225  5225 D SubscriptionController: [getSubId]- sSlotIdxToSubId.size == 0, return DummySubIds slotIdx=0
03-03 15:43:03.818  5225  5225 E PhoneBase: Error! registerForCallWaiting() in PhoneBase should not be called, CDMAPhone inactive.
03-03 15:43:03.826  5225  5225 D SubscriptionController: [getSubId]- sSlotIdxToSubId.size == 0, return DummySubIds slotIdx=0
03-03 15:43:03.826  5225  5225 D SubscriptionController: [getSubId]- sSlotIdxToSubId.size == 0, return DummySubIds slotIdx=0
03-03 15:43:03.826  5225  5225 D SubscriptionController: [getSubId]- sSlotIdxToSubId.size == 0, return DummySubIds slotIdx=0
03-03 15:43:03.827  5225  5225 D SubscriptionController: [getSubId]- sSlotIdxToSubId.size == 0, return DummySubIds slotIdx=0
03-03 15:43:03.827  5225  5225 D SubscriptionController: [getSubId]- sSlotIdxToSubId.size == 0, return DummySubIds slotIdx=0
03-03 15:43:03.827  5225  5225 D SubscriptionController: [getSubId]- sSlotIdxToSubId.size == 0, return DummySubIds slotIdx=0
03-03 15:43:03.827  5225  5225 D SubscriptionController: [getSubId]- sSlotIdxToSubId.size == 0, return DummySubIds slotIdx=0
03-03 15:43:03.827  5225  5225 D SubscriptionController: [getSubId]- sSlotIdxToSubId.size == 0, return DummySubIds slotIdx=0
03-03 15:43:03.827  5225  5225 D SubscriptionController: [getSubId]- sSlotIdxToSubId.size == 0, return DummySubIds slotIdx=0
03-03 15:43:03.827  5225  5225 D SubscriptionController: [getSubId]- sSlotIdxToSubId.size == 0, return DummySubIds slotIdx=0
03-03 15:43:03.827  5225  5225 D SubscriptionController: [getSubId]- sSlotIdxToSubId.size == 0, return DummySubIds slotIdx=0
03-03 15:43:03.827  5225  5225 D SubscriptionController: [getSubId]- sSlotIdxToSubId.size == 0, return DummySubIds slotIdx=0
03-03 15:43:03.827  5225  5225 D SubscriptionController: [getSubId]- sSlotIdxToSubId.size == 0, return DummySubIds slotIdx=0
03-03 15:43:03.827  5225  5225 D SubscriptionController: [getSubId]- sSlotIdxToSubId.size == 0, return DummySubIds slotIdx=0
03-03 15:43:03.827  5225  5225 D SubscriptionController: [getSubId]- sSlotIdxToSubId.size == 0, return DummySubIds slotIdx=0
03-03 15:43:03.827  5225  5225 D SubscriptionController: [getSubId]- sSlotIdxToSubId.size == 0, return DummySubIds slotIdx=0
03-03 15:43:03.827  5225  5225 D SubscriptionController: [getSubId]- sSlotIdxToSubId.size == 0, return DummySubIds slotIdx=0
03-03 15:43:03.828  5225  5225 D SubscriptionController: [getSubId]- sSlotIdxToSubId.size == 0, return DummySubIds slotIdx=0
03-03 15:43:03.828  5225  5225 D SubscriptionController: [getSubId]- sSlotIdxToSubId.size == 0, return DummySubIds slotIdx=0
03-03 15:43:03.828  5225  5225 D SubscriptionController: [getSubId]- sSlotIdxToSubId.size == 0, return DummySubIds slotIdx=0
03-03 15:43:03.828  5225  5225 D SubscriptionController: [getSubId]- sSlotIdxToSubId.size == 0, return DummySubIds slotIdx=0
03-03 15:43:03.828  5225  5225 D SubscriptionController: [getSubId]- sSlotIdxToSubId.size == 0, return DummySubIds slotIdx=0
03-03 15:43:03.828  5225  5225 D SubscriptionController: [getSubId]- sSlotIdxToSubId.size == 0, return DummySubIds slotIdx=0
03-03 15:43:03.828  5225  5225 D SubscriptionController: [getSubId]- sSlotIdxToSubId.size == 0, return DummySubIds slotIdx=0
03-03 15:43:03.828  5225  5225 D SubscriptionController: [getSubId]- sSlotIdxToSubId.size == 0, return DummySubIds slotIdx=0
03-03 15:43:03.828  5225  5225 D SubscriptionController: [getSubId]- sSlotIdxToSubId.size == 0, return DummySubIds slotIdx=0
03-03 15:43:03.828  5225  5225 D SubscriptionController: [getSubId]- sSlotIdxToSubId.size == 0, return DummySubIds slotIdx=0
03-03 15:43:03.828  5225  5225 D SubscriptionController: [getSubId]- sSlotIdxToSubId.size == 0, return DummySubIds slotIdx=0
03-03 15:43:03.829  5225  5225 D SubscriptionController: [getSubId]- sSlotIdxToSubId.size == 0, return DummySubIds slotIdx=0
03-03 15:43:03.829  5225  5225 D SubscriptionController: [getSubId]- sSlotIdxToSubId.size == 0, return DummySubIds slotIdx=0
03-03 15:43:03.829  5225  5225 D SubscriptionController: [getSubId]- sSlotIdxToSubId.size == 0, return DummySubIds slotIdx=0
03-03 15:43:03.829  5225  5225 D SubscriptionController: [getSubId]- sSlotIdxToSubId.size == 0, return DummySubIds slotIdx=0
03-03 15:43:03.829  5225  5225 D SubscriptionController: [getSubId]- sSlotIdxToSubId.size == 0, return DummySubIds slotIdx=0
03-03 15:43:03.829  5225  5225 D SubscriptionController: [getSubId]- sSlotIdxToSubId.size == 0, return DummySubIds slotIdx=0
03-03 15:43:03.829  5225  5225 D SubscriptionController: [getSubId]- sSlotIdxToSubId.size == 0, return DummySubIds slotIdx=0
03-03 15:43:03.829  5225  5225 D SubscriptionController: [getSubId]- sSlotIdxToSubId.size == 0, return DummySubIds slotIdx=0
03-03 15:43:03.829  5225  5225 D SubscriptionController: [getSubId]- sSlotIdxToSubId.size == 0, return DummySubIds slotIdx=0
03-03 15:43:03.830  5225  5225 D DctController: handleMessage msg={ when=-44ms what=107 target=com.android.internal.telephony.dataconnection.DctController }
03-03 15:43:03.830  5225  5225 D DctController: onSubInfoReady mPhoneNum=1
03-03 15:43:03.830  5225  5225 D SubscriptionController: [getSubId]- sSlotIdxToSubId.size == 0, return DummySubIds slotIdx=0
03-03 15:43:03.830  5225  5225 D DctController: onSubInfoReady handle pending requests subId=-2
03-03 15:43:03.830  5225  5225 D SubscriptionController: [getSubId]- sSlotIdxToSubId.size == 0, return DummySubIds slotIdx=0
03-03 15:43:03.830  5225  5225 D DctController: [TNF -2]evalPendingRequest, pending request size is 1
03-03 15:43:03.830  5225  5225 D SubscriptionController: [getSubId]- sSlotIdxToSubId.size == 0, return DummySubIds slotIdx=0
03-03 15:43:03.830  5225  5225 D DctController: [TNF -2]evalPendingRequest: request = NetworkRequest [ id=1, legacyType=-1, [ Capabilities: INTERNET&NOT_RESTRICTED&TRUSTED&NOT_VPN] ]
03-03 15:43:03.830  5225  5225 D SubscriptionController: [getSubId]- sSlotIdxToSubId.size == 0, return DummySubIds slotIdx=0
03-03 15:43:03.831  5225  5225 D DctController: [TNF -2]Cellular needs Network for NetworkRequest [ id=1, legacyType=-1, [ Capabilities: INTERNET&NOT_RESTRICTED&TRUSTED&NOT_VPN] ]
03-03 15:43:03.831  5225  5225 D SubscriptionController: [getSubId]- sSlotIdxToSubId.size == 0, return DummySubIds slotIdx=0
03-03 15:43:03.831  5225  5225 D SubscriptionController: [getSubId]- sSlotIdxToSubId.size == 0, return DummySubIds slotIdx=0
03-03 15:43:03.831  5225  5225 D DctController: [TNF -2]Request not useable, pending request.
03-03 15:43:03.831  5225  5225 D DctController: processRequests
