03-23 08:39:03.200  3527  3527 D DCT     : [0]setupDataOnConnectableApns: apnContext {mApnType=dun mState=IDLE mWaitingApns={null} mWaitingApnsPermanentFailureCountDown=0 mApnSetting={null} mReason=radioTurnedOff mDataEnabled=false mDependencyMet=true}
03-23 08:39:03.200  3527  3527 D DCT     : [0]setupDataOnConnectableApns: apnContext {mApnType=fota mState=IDLE mWaitingApns={null} mWaitingApnsPermanentFailureCountDown=0 mApnSetting={null} mReason=radioTurnedOff mDataEnabled=false mDependencyMet=true}
03-23 08:39:03.200  3527  3527 D DCT     : [0]setupDataOnConnectableApns: apnContext {mApnType=ims mState=IDLE mWaitingApns={null} mWaitingApnsPermanentFailureCountDown=0 mApnSetting={null} mReason=radioTurnedOff mDataEnabled=false mDependencyMet=true}
03-23 08:39:03.201  3527  3527 D DCT     : [0]setupDataOnConnectableApns: apnContext {mApnType=default mState=IDLE mWaitingApns={null} mWaitingApnsPermanentFailureCountDown=0 mApnSetting={null} mReason=radioTurnedOff mDataEnabled=false mDependencyMet=true}
03-23 08:39:03.201  3527  3527 D DCT     : [0]setupDataOnConnectableApns: apnContext {mApnType=ia mState=IDLE mWaitingApns={null} mWaitingApnsPermanentFailureCountDown=0 mApnSetting={null} mReason=radioTurnedOff mDataEnabled=false mDependencyMet=true}
03-23 08:39:03.201  3527  3527 E PhoneProxy: [PhoneProxy] Error! This handler was not registered for this message type. Message: 9
03-23 08:39:03.201  3527  3527 D SubscriptionController: [getSubId]- sSlotIdxToSubId.size == 0, return DummySubIds slotIdx=0
03-23 08:39:03.201  3527  3527 D GsmSMSDispatcher: GsmSMSDispatcher: subId = -2 slotId = 0
03-23 08:39:03.201  3527  3541 D SubscriptionController: getSimStateForSlotIdx:  simState=NOT_READY ordinal=6
03-23 08:39:03.201  3599  3599 D SubscriptionManager: getSimStateForSubscriber: simState=6 slotIdx=1
03-23 08:39:03.201  3527  3527 E IccCardProxy: setExternalState: !override and newstate unchanged from NOT_READY
03-23 08:39:03.202  3527  3527 E IccCardProxy: setExternalState: !override and newstate unchanged from NOT_READY
03-23 08:39:03.202  3527  3527 E IccCardProxy: setExternalState: !override and newstate unchanged from NOT_READY
03-23 08:39:03.202  3527  3527 D RILJ    : [3665]> GET_CURRENT_CALLS [SUB1]
03-23 08:39:03.203  3527  3527 D PhoneBase: config LCE service failed: com.android.internal.telephony.CommandException: RADIO_NOT_AVAILABLE
03-23 08:39:03.203  3527  3527 D GsmSST  : [GsmSST] mDeviceShuttingDown = false
03-23 08:39:03.203  3527  3527 D GsmSST  : [GsmSST] mDesiredPowerState = true
03-23 08:39:03.203  3527  3527 D GsmSST  : [GsmSST] getRadioState = RADIO_UNAVAILABLE
03-23 08:39:03.203  3527  3527 D GsmSST  : [GsmSST] mPowerOffDelayNeed = true
03-23 08:39:03.203  3527  3527 D GsmSST  : [GsmSST] mAlarmSwitch = false
03-23 08:39:03.203  3527  3527 D PHONE   : [ServiceState] setNullState=1
03-23 08:39:03.203  3527  3527 D GsmSST  : [GsmSST] Poll ServiceState done:  oldSS=[1 1 voice home data home null null null null null null  Unknown Unknown CSS not supported 0 0 RoamInd=0 DefRoamInd=0 EmergOnly=false IsDataRoamingFromRegistration=false] newSS=[1 1 voice home data home null null null null null null  Unknown Unknown CSS not supported -1 -1 RoamInd=-1 DefRoamInd=-1 EmergOnly=false IsDataRoamingFromRegistration=false] oldMaxDataCalls=1 mNewMaxDataCalls=1 oldReasonDataDenied=-1 mNewReasonDataDenied=-1
03-23 08:39:03.204  3527  3527 D PHONE   : [ServiceState] setNullState=1
03-23 08:39:03.204  3527  3527 D GsmSST  : [GsmSST] updateSpnDisplay: radio is on but out of service, set plmn='No service.'
03-23 08:39:03.204  2382  2479 D use-Rlog/RLOG-RIL_GU: [modem_1]onRequest: GET_CURRENT_CALLS
03-23 08:39:03.204  2382  2479 D use-Rlog/RLOG-RIL_GU: [modem_1]onRequest: GET_CURRENT_CALLS failed, sState= 1
03-23 08:39:03.204  2382  2479 I RILC    : RIL_onRequestComplete: free RIL_Token 0x7fb76a1140
03-23 08:39:03.204  3527  3527 D SubscriptionController: [getSubId]- sSlotIdxToSubId.size == 0, return DummySubIds slotIdx=1
03-23 08:39:03.205  3527  3972 D RilRequest: [3665]< GET_CURRENT_CALLS error: com.android.internal.telephony.CommandException: RADIO_NOT_AVAILABLE ret=
03-23 08:39:03.206  3527  3527 D GsmSST  : [GsmSST] updateSpnDisplay: changed sending intent rule=0 showPlmn='true' plmn='No service.' showSpn='false' spn='' dataSpn='' subId='-3'
03-23 08:39:03.206  3527  4000 D SubscriptionController: [getPhoneId] asked for default subId=-1
03-23 08:39:03.207  3527  4000 D SubscriptionController: [getPhoneId]- invalid subId return=-1
03-23 08:39:03.207  3527  3527 D SubscriptionController: [getSubId]- sSlotIdxToSubId.size == 0, return DummySubIds slotIdx=1
03-23 08:39:03.208  3527  3527 D SubscriptionController: [getSubId]- sSlotIdxToSubId.size == 0, return DummySubIds slotIdx=1
03-23 08:39:03.208  3527  3527 D SubscriptionController: [setPlmnSpn] No valid subscription to store info
03-23 08:39:03.210  3527  3527 D SubscriptionController: notifySubscriptionInfoChanged:
03-23 08:39:03.213  3527  3542 D SubscriptionController: [getActiveSubInfoList]+
03-23 08:39:03.219  3527  3542 D SubscriptionController: selection:sim_id>=0 null
03-23 08:39:03.224  3527  3527 D TelephonyManager: setTelephonyProperty: success phoneId=1 property=gsm.operator.alpha value:  propVal=,
03-23 08:39:03.224  3527  3998 D SubscriptionController: getSimStateForSlotIdx:  simState=NOT_READY ordinal=6
03-23 08:39:03.225  3599  3599 D SubscriptionManager: getSimStateForSubscriber: simState=6 slotIdx=0
03-23 08:39:03.226  3527  3527 D TelephonyManager: setTelephonyProperty: success phoneId=1 property=gsm.operator.numeric value:  propVal=,
03-23 08:39:03.226  3527  3527 D GsmSST  : [GsmSST] operatorNumeric is null
03-23 08:39:03.226  3527  3527 D TelephonyManager: setTelephonyProperty: success phoneId=1 property=gsm.operator.iso-country value:  propVal=,
03-23 08:39:03.227  3527  3527 D TelephonyManager: setTelephonyProperty: success phoneId=1 property=gsm.operator.isroaming value: false propVal=false,false
03-23 08:39:03.227  3527  3527 D GsmSST  : [GsmSST] Broadcasting ServiceState : 1 1 voice home data home null null null null null null  Unknown Unknown CSS not supported -1 -1 RoamInd=-1 DefRoamInd=-1 EmergOnly=false IsDataRoamingFromRegistration=false
03-23 08:39:03.227  3527  3527 D SubscriptionController: [getSubId]- sSlotIdxToSubId.size == 0, return DummySubIds slotIdx=1
03-23 08:39:03.227  3527  3527 D DefaultPhoneNotifier: nofityServiceState: mRegistry=com.android.internal.telephony.ITelephonyRegistry$Stub$Proxy@a3f681a ss=1 1 voice home data home null null null null null null  Unknown Unknown CSS not supported -1 -1 RoamInd=-1 DefRoamInd=-1 EmergOnly=false IsDataRoamingFromRegistration=false sender=Handler (com.android.internal.telephony.gsm.GSMPhone) {ed519a4} phondId=1 subId=-3
03-23 08:39:03.229  3527  3541 D SubscriptionController: getSimStateForSlotIdx:  simState=NOT_READY ordinal=6
03-23 08:39:03.230  3599  3599 D SubscriptionManager: getSimStateForSubscriber: simState=6 slotIdx=1
03-23 08:39:03.233  3527  3542 D SubscriptionController: [getActiveSubInfoList]- no info return
03-23 08:39:03.233  3527  3998 D SubscriptionController: getSimStateForSlotIdx:  simState=NOT_READY ordinal=6
03-23 08:39:03.234  3599  3599 D SubscriptionManager: getSimStateForSubscriber: simState=6 slotIdx=0
03-23 08:39:03.234  3527  3527 D SubscriptionController: [getSlotId]- subId invalid
03-23 08:39:03.235  3527  3541 D SubscriptionController: [getSubId]- sSlotIdxToSubId.size == 0, return DummySubIds slotIdx=0
03-23 08:39:03.235  3527  3527 D SubscriptionController: getSimStateForSlotIdx:  simState=NOT_READY ordinal=6
03-23 08:39:03.235  2890  3491 D SubscriptionManager: getSimStateForSubscriber: simState=6 slotIdx=0
03-23 08:39:03.235  2890  3491 D TelephonyManager: getSimState: default sim:-1, sim state for slotIdx=0 is 6, return state as unknown
03-23 08:39:03.235  3527  3542 D SubscriptionController: getSimStateForSlotIdx:  simState=NOT_READY ordinal=6
03-23 08:39:03.237  3599  3599 D SubscriptionManager: getSimStateForSubscriber: simState=6 slotIdx=1
03-23 08:39:03.238  3527  3527 D DCT     : [1]handleMessage msg={ when=-370ms what=270369 obj=android.os.AsyncResult@f6ae072 target=com.android.internal.telephony.dataconnection.DcTracker }
03-23 08:39:03.238  3527  3527 D DCT     : [1]onUpdateIcc: newIccRecords null
03-23 08:39:03.238  3527  3527 D DCT     : [1]onReceive: action=android.net.wifi.STATE_CHANGE
03-23 08:39:03.238  3527  3527 D DCT     : [1]NETWORK_STATE_CHANGED_ACTION: mIsWifiConnected=false
03-23 08:39:03.238  3527  3527 D DCT     : [1]onReceive: action=android.net.wifi.WIFI_STATE_CHANGED
03-23 08:39:03.238  3527  3527 D DCT     : [1]WIFI_STATE_CHANGED_ACTION: enabled=true mIsWifiConnected=false
03-23 08:39:03.238  3527  3527 D DCT     : [1]handleMessage msg={ when=-358ms what=270342 obj=android.os.AsyncResult@b107cc3 target=com.android.internal.telephony.dataconnection.DcTracker }
03-23 08:39:03.238  3527  3527 D DCT     : [1]onRadioOffOrNotAvailable: is off and clean up all connections
03-23 08:39:03.238  3527  3527 D DCT     : [1]cleanUpAllConnections: tearDown=false reason=radioTurnedOff
03-23 08:39:03.238  3527  3527 D DCT     : [1]cleanUpConnection: tearDown=false reason=radioTurnedOff apnContext={mApnType=default mState=IDLE mWaitingApns={null} mWaitingApnsPermanentFailureCountDown=0 mApnSetting={null} mReason=radioTurnedOff mDataEnabled=false mDependencyMet=true}
03-23 08:39:03.238  3527  3527 D GSMPhone: getDataConnectionState: Data is Out of Service. ret = DISCONNECTED
03-23 08:39:03.238  3527  3527 D SubscriptionController: [getSubId]- sSlotIdxToSubId.size == 0, return DummySubIds slotIdx=1
03-23 08:39:03.240  3527  3541 D SubscriptionController: [getSubId]- sSlotIdxToSubId.size == 0, return DummySubIds slotIdx=1
03-23 08:39:03.240  3527  4000 D SubscriptionController: getSimStateForSlotIdx:  simState=NOT_READY ordinal=6
03-23 08:39:03.240  3599  3599 D SubscriptionManager: getSimStateForSubscriber: simState=6 slotIdx=0
03-23 08:39:03.241  3527  3527 D DCT     : [1]isDataAllowed: not allowed due to - Attached= false - SIM not loaded - SIM not loaded and not NV subscription - defaultDataSelected= false
03-23 08:39:03.243  3527  3542 D SubscriptionController: getSimStateForSlotIdx:  simState=NOT_READY ordinal=6
03-23 08:39:03.243  3599  3599 D SubscriptionManager: getSimStateForSubscriber: simState=6 slotIdx=1
03-23 08:39:03.244  3527  3527 D SubscriptionController: [getPhoneId]- invalid subId return=-1
03-23 08:39:03.245  3527  3998 D SubscriptionController: getSimStateForSlotIdx:  simState=NOT_READY ordinal=6
03-23 08:39:03.246  3599  3599 D SubscriptionManager: getSimStateForSubscriber: simState=6 slotIdx=0
03-23 08:39:03.248  3527  3527 D DCT     : [1]setupDataForSinglePdn: reason = radioTurnedOff isDisconnected = true
03-23 08:39:03.248  3527  3527 D DCT     : [1]isOnlySingleDcAllowed(0): false
03-23 08:39:03.248  3527  3527 D DCT     : [1]cleanUpConnection: X tearDown=false reason=radioTurnedOff apnContext={mApnType=default mState=IDLE mWaitingApns={null} mWaitingApnsPermanentFailureCountDown=0 mApnSetting={null} mReason=radioTurnedOff mDataEnabled=false mDependencyMet=true} dcac=null
03-23 08:39:03.249  3527  3527 D DCT     : [1]cleanUpConnection: tearDown=false reason=radioTurnedOff apnContext={mApnType=mms mState=IDLE mWaitingApns={null} mWaitingApnsPermanentFailureCountDown=0 mApnSetting={null} mReason=radioTurnedOff mDataEnabled=false mDependencyMet=true}
03-23 08:39:03.249  3527  3527 D GSMPhone: getDataConnectionState: Data is Out of Service. ret = DISCONNECTED
03-23 08:39:03.249  3527  3527 D SubscriptionController: [getSubId]- sSlotIdxToSubId.size == 0, return DummySubIds slotIdx=1
03-23 08:39:03.249  3527  3541 D SubscriptionController: getSimStateForSlotIdx:  simState=NOT_READY ordinal=6
03-23 08:39:03.249  3599  3599 D SubscriptionManager: getSimStateForSubscriber: simState=6 slotIdx=1
03-23 08:39:03.250  3527  3998 D SubscriptionController: [getActiveSubInfoList]+
03-23 08:39:03.250  3527  4000 D SubscriptionController: getSimStateForSlotIdx:  simState=NOT_READY ordinal=6
03-23 08:39:03.251  3527  3527 D DCT     : [1]isDataAllowed: not allowed due to - Attached= false - SIM not loaded - SIM not loaded and not NV subscription - defaultDataSelected= false
03-23 08:39:03.251  3599  3599 D SubscriptionManager: getSimStateForSubscriber: simState=6 slotIdx=0
03-23 08:39:03.252  3527  3998 D SubscriptionController: selection:sim_id>=0 null
03-23 08:39:03.252  3527  3541 D SubscriptionController: getSimStateForSlotIdx:  simState=NOT_READY ordinal=6
03-23 08:39:03.253  3527  3527 D SubscriptionController: [getPhoneId]- invalid subId return=-1
03-23 08:39:03.253  3599  3599 D SubscriptionManager: getSimStateForSubscriber: simState=6 slotIdx=1
03-23 08:39:03.254  3527  3542 D SubscriptionController: getSimStateForSlotIdx:  simState=NOT_READY ordinal=6
03-23 08:39:03.255  3527  3527 D DCT     : [1]setupDataForSinglePdn: reason = radioTurnedOff isDisconnected = true
03-23 08:39:03.255  3599  3599 D SubscriptionManager: getSimStateForSubscriber: simState=6 slotIdx=0
03-23 08:39:03.255  3527  3527 D DCT     : [1]isOnlySingleDcAllowed(0): false
03-23 08:39:03.255  3527  3527 D DCT     : [1]cleanUpConnection: X tearDown=false reason=radioTurnedOff apnContext={mApnType=mms mState=IDLE mWaitingApns={null} mWaitingApnsPermanentFailureCountDown=0 mApnSetting={null} mReason=radioTurnedOff mDataEnabled=false mDependencyMet=true} dcac=null
03-23 08:39:03.255  3527  3527 D DCT     : [1]cleanUpConnection: tearDown=false reason=radioTurnedOff apnContext={mApnType=cbs mState=IDLE mWaitingApns={null} mWaitingApnsPermanentFailureCountDown=0 mApnSetting={null} mReason=radioTurnedOff mDataEnabled=false mDependencyMet=true}
03-23 08:39:03.255  3527  3527 D GSMPhone: getDataConnectionState: Data is Out of Service. ret = DISCONNECTED
03-23 08:39:03.255  3527  3527 D SubscriptionController: [getSubId]- sSlotIdxToSubId.size == 0, return DummySubIds slotIdx=1
03-23 08:39:03.256  3527  3541 D SubscriptionController: getSimStateForSlotIdx:  simState=NOT_READY ordinal=6
03-23 08:39:03.256  3599  3599 D SubscriptionManager: getSimStateForSubscriber: simState=6 slotIdx=1
03-23 08:39:03.256  3527  3527 D DCT     : [1]isDataAllowed: not allowed due to - Attached= false - SIM not loaded - SIM not loaded and not NV subscription - defaultDataSelected= false
03-23 08:39:03.257  3527  3542 D SubscriptionController: getSimStateForSlotIdx:  simState=NOT_READY ordinal=6
03-23 08:39:03.258  3527  3527 D SubscriptionController: [getPhoneId]- invalid subId return=-1
03-23 08:39:03.258  3599  3599 D SubscriptionManager: getSimStateForSubscriber: simState=6 slotIdx=0
03-23 08:39:03.262  3527  3527 D DCT     : [1]setupDataForSinglePdn: reason = radioTurnedOff isDisconnected = true
03-23 08:39:03.262  3527  3527 D DCT     : [1]isOnlySingleDcAllowed(0): false
03-23 08:39:03.262  3527  3527 D DCT     : [1]cleanUpConnection: X tearDown=false reason=radioTurnedOff apnContext={mApnType=cbs mState=IDLE mWaitingApns={null} mWaitingApnsPermanentFailureCountDown=0 mApnSetting={null} mReason=radioTurnedOff mDataEnabled=false mDependencyMet=true} dcac=null
03-23 08:39:03.262  3527  3527 D DCT     : [1]cleanUpConnection: tearDown=false reason=radioTurnedOff apnContext={mApnType=fota mState=IDLE mWaitingApns={null} mWaitingApnsPermanentFailureCountDown=0 mApnSetting={null} mReason=radioTurnedOff mDataEnabled=false mDependencyMet=true}
03-23 08:39:03.262  3527  3527 D GSMPhone: getDataConnectionState: Data is Out of Service. ret = DISCONNECTED
03-23 08:39:03.263  3527  3527 D SubscriptionController: [getSubId]- sSlotIdxToSubId.size == 0, return DummySubIds slotIdx=1
03-23 08:39:03.264  3527  3542 D SubscriptionController: getSimStateForSlotIdx:  simState=NOT_READY ordinal=6
03-23 08:39:03.266  3599  3599 D SubscriptionManager: getSimStateForSubscriber: simState=6 slotIdx=1
03-23 08:39:03.271  3527  3527 D DCT     : [1]isDataAllowed: not allowed due to - Attached= false - SIM not loaded - SIM not loaded and not NV subscription - defaultDataSelected= false
03-23 08:39:03.283  3527  4000 D SubscriptionController: getSimStateForSlotIdx:  simState=NOT_READY ordinal=6
03-23 08:39:03.284  3599  3599 D SubscriptionManager: getSimStateForSubscriber: simState=6 slotIdx=0
03-23 08:39:03.287  3527  3527 D SubscriptionController: [getPhoneId]- invalid subId return=-1
03-23 08:39:03.288  3527  3541 D SubscriptionController: getSimStateForSlotIdx:  simState=NOT_READY ordinal=6
03-23 08:39:03.288  3599  3599 D SubscriptionManager: getSimStateForSubscriber: simState=6 slotIdx=1
03-23 08:39:03.291  3527  3527 D DCT     : [1]setupDataForSinglePdn: reason = radioTurnedOff isDisconnected = true
03-23 08:39:03.291  3527  3527 D DCT     : [1]isOnlySingleDcAllowed(0): false
03-23 08:39:03.291  3527  3527 D DCT     : [1]cleanUpConnection: X tearDown=false reason=radioTurnedOff apnContext={mApnType=fota mState=IDLE mWaitingApns={null} mWaitingApnsPermanentFailureCountDown=0 mApnSetting={null} mReason=radioTurnedOff mDataEnabled=false mDependencyMet=true} dcac=null
03-23 08:39:03.291  3527  3527 D DCT     : [1]cleanUpConnection: tearDown=false reason=radioTurnedOff apnContext={mApnType=supl mState=IDLE mWaitingApns={null} mWaitingApnsPermanentFailureCountDown=0 mApnSetting={null} mReason=radioTurnedOff mDataEnabled=false mDependencyMet=true}
03-23 08:39:03.291  3527  3527 D GSMPhone: getDataConnectionState: Data is Out of Service. ret = DISCONNECTED
03-23 08:39:03.291  3527  3527 D SubscriptionController: [getSubId]- sSlotIdxToSubId.size == 0, return DummySubIds slotIdx=1
03-23 08:39:03.295  3527  3541 D SubscriptionController: getSimStateForSlotIdx:  simState=NOT_READY ordinal=6
03-23 08:39:03.296  3599  3599 D SubscriptionManager: getSimStateForSubscriber: simState=6 slotIdx=0
03-23 08:39:03.301  3527  3527 D DCT     : [1]isDataAllowed: not allowed due to - Attached= false - SIM not loaded - SIM not loaded and not NV subscription - defaultDataSelected= false
03-23 08:39:03.302  3527  3542 D SubscriptionController: getSimStateForSlotIdx:  simState=NOT_READY ordinal=6
03-23 08:39:03.303  3599  3599 D SubscriptionManager: getSimStateForSubscriber: simState=6 slotIdx=1
03-23 08:39:03.303  3527  3527 D SubscriptionController: [getPhoneId]- invalid subId return=-1
03-23 08:39:03.306  3527  3527 D DCT     : [1]setupDataForSinglePdn: reason = radioTurnedOff isDisconnected = true
03-23 08:39:03.307  3527  3527 D DCT     : [1]isOnlySingleDcAllowed(0): false
03-23 08:39:03.307  3527  3527 D DCT     : [1]cleanUpConnection: X tearDown=false reason=radioTurnedOff apnContext={mApnType=supl mState=IDLE mWaitingApns={null} mWaitingApnsPermanentFailureCountDown=0 mApnSetting={null} mReason=radioTurnedOff mDataEnabled=false mDependencyMet=true} dcac=null
03-23 08:39:03.307  3527  3527 D DCT     : [1]cleanUpConnection: tearDown=false reason=radioTurnedOff apnContext={mApnType=ia mState=IDLE mWaitingApns={null} mWaitingApnsPermanentFailureCountDown=0 mApnSetting={null} mReason=radioTurnedOff mDataEnabled=false mDependencyMet=true}
03-23 08:39:03.307  3527  3527 D GSMPhone: getDataConnectionState: Data is Out of Service. ret = DISCONNECTED
03-23 08:39:03.307  3527  3527 D SubscriptionController: [getSubId]- sSlotIdxToSubId.size == 0, return DummySubIds slotIdx=1
03-23 08:39:03.311  3527  3542 D SubscriptionController: getSimStateForSlotIdx:  simState=NOT_READY ordinal=6
03-23 08:39:03.311  3527  3998 D SubscriptionController: [getActiveSubInfoList]- no info return
03-23 08:39:03.312  3599  3599 D SubscriptionManager: getSimStateForSubscriber: simState=6 slotIdx=0
03-23 08:39:03.316  3527  3527 D DCT     : [1]isDataAllowed: not allowed due to - Attached= false - SIM not loaded - SIM not loaded and not NV subscription - defaultDataSelected= false
03-23 08:39:03.317  3527  3541 D SubscriptionController: getSimStateForSlotIdx:  simState=NOT_READY ordinal=6
03-23 08:39:03.318  3599  3599 D SubscriptionManager: getSimStateForSubscriber: simState=6 slotIdx=1
03-23 08:39:03.318  3527  3527 D SubscriptionController: [getPhoneId]- invalid subId return=-1
03-23 08:39:03.322  3527  3527 D DCT     : [1]setupDataForSinglePdn: reason = radioTurnedOff isDisconnected = true
03-23 08:39:03.322  3527  3527 D DCT     : [1]isOnlySingleDcAllowed(0): false
03-23 08:39:03.322  3527  3527 D DCT     : [1]cleanUpConnection: X tearDown=false reason=radioTurnedOff apnContext={mApnType=ia mState=IDLE mWaitingApns={null} mWaitingApnsPermanentFailureCountDown=0 mApnSetting={null} mReason=radioTurnedOff mDataEnabled=false mDependencyMet=true} dcac=null
03-23 08:39:03.322  3527  3527 D DCT     : [1]cleanUpConnection: tearDown=false reason=radioTurnedOff apnContext={mApnType=dun mState=IDLE mWaitingApns={null} mWaitingApnsPermanentFailureCountDown=0 mApnSetting={null} mReason=radioTurnedOff mDataEnabled=false mDependencyMet=true}
03-23 08:39:03.322  3527  3527 D GSMPhone: getDataConnectionState: Data is Out of Service. ret = DISCONNECTED
03-23 08:39:03.322  3527  3527 D SubscriptionController: [getSubId]- sSlotIdxToSubId.size == 0, return DummySubIds slotIdx=1
03-23 08:39:03.323  3527  3542 D SubscriptionController: getSimStateForSlotIdx:  simState=NOT_READY ordinal=6
03-23 08:39:03.323  3599  3599 D SubscriptionManager: getSimStateForSubscriber: simState=6 slotIdx=0
03-23 08:39:03.324  3527  3998 D SubscriptionController: getSimStateForSlotIdx:  simState=NOT_READY ordinal=6
03-23 08:39:03.326  3599  3599 D SubscriptionManager: getSimStateForSubscriber: simState=6 slotIdx=1
03-23 08:39:03.326  3527  3527 D DCT     : [1]isDataAllowed: not allowed due to - Attached= false - SIM not loaded - SIM not loaded and not NV subscription - defaultDataSelected= false
03-23 08:39:03.332  3527  3527 D SubscriptionController: [getPhoneId]- invalid subId return=-1
03-23 08:39:03.334  3527  3527 D DCT     : [1]setupDataForSinglePdn: reason = radioTurnedOff isDisconnected = true
03-23 08:39:03.334  3527  3527 D DCT     : [1]isOnlySingleDcAllowed(0): false
03-23 08:39:03.334  3527  3527 D DCT     : [1]cleanUpConnection: X tearDown=false reason=radioTurnedOff apnContext={mApnType=dun mState=IDLE mWaitingApns={null} mWaitingApnsPermanentFailureCountDown=0 mApnSetting={null} mReason=radioTurnedOff mDataEnabled=false mDependencyMet=true} dcac=null
03-23 08:39:03.334  3527  3527 D DCT     : [1]cleanUpConnection: tearDown=false reason=radioTurnedOff apnContext={mApnType=hipri mState=IDLE mWaitingApns={null} mWaitingApnsPermanentFailureCountDown=0 mApnSetting={null} mReason=radioTurnedOff mDataEnabled=false mDependencyMet=true}
03-23 08:39:03.334  3527  3527 D GSMPhone: getDataConnectionState: Data is Out of Service. ret = DISCONNECTED
03-23 08:39:03.334  3527  3527 D SubscriptionController: [getSubId]- sSlotIdxToSubId.size == 0, return DummySubIds slotIdx=1
03-23 08:39:03.337  3527  4000 D SubscriptionController: getSimStateForSlotIdx:  simState=NOT_READY ordinal=6
03-23 08:39:03.338  3599  3599 D SubscriptionManager: getSimStateForSubscriber: simState=6 slotIdx=0
03-23 08:39:03.339  3527  3542 D SubscriptionController: getSimStateForSlotIdx:  simState=NOT_READY ordinal=6
03-23 08:39:03.339  3527  3527 D DCT     : [1]isDataAllowed: not allowed due to - Attached= false - SIM not loaded - SIM not loaded and not NV subscription - defaultDataSelected= false
03-23 08:39:03.339  3599  3599 D SubscriptionManager: getSimStateForSubscriber: simState=6 slotIdx=1
03-23 08:39:03.341  3527  3527 D SubscriptionController: [getPhoneId]- invalid subId return=-1
03-23 08:39:03.348  3527  3541 D SubscriptionController: getSimStateForSlotIdx:  simState=NOT_READY ordinal=6
03-23 08:39:03.348  3527  3527 D DCT     : [1]setupDataForSinglePdn: reason = radioTurnedOff isDisconnected = true
03-23 08:39:03.348  3527  3527 D DCT     : [1]isOnlySingleDcAllowed(0): false
03-23 08:39:03.348  3527  3527 D DCT     : [1]cleanUpConnection: X tearDown=false reason=radioTurnedOff apnContext={mApnType=hipri mState=IDLE mWaitingApns={null} mWaitingApnsPermanentFailureCountDown=0 mApnSetting={null} mReason=radioTurnedOff mDataEnabled=false mDependencyMet=true} dcac=null
03-23 08:39:03.348  3527  3527 D DCT     : [1]cleanUpConnection: tearDown=false reason=radioTurnedOff apnContext={mApnType=ims mState=IDLE mWaitingApns={null} mWaitingApnsPermanentFailureCountDown=0 mApnSetting={null} mReason=radioTurnedOff mDataEnabled=false mDependencyMet=true}
03-23 08:39:03.348  3527  3527 D GSMPhone: getDataConnectionState: Data is Out of Service. ret = DISCONNECTED
03-23 08:39:03.348  3527  3527 D SubscriptionController: [getSubId]- sSlotIdxToSubId.size == 0, return DummySubIds slotIdx=1
03-23 08:39:03.348  3599  3599 D SubscriptionManager: getSimStateForSubscriber: simState=6 slotIdx=0
03-23 08:39:03.350  3527  4000 D SubscriptionController: getSimStateForSlotIdx:  simState=NOT_READY ordinal=6
03-23 08:39:03.350  3527  3527 D DCT     : [1]isDataAllowed: not allowed due to - Attached= false - SIM not loaded - SIM not loaded and not NV subscription - defaultDataSelected= false
03-23 08:39:03.350  3599  3599 D SubscriptionManager: getSimStateForSubscriber: simState=6 slotIdx=1
03-23 08:39:03.350  3527  3527 D SubscriptionController: [getPhoneId]- invalid subId return=-1
03-23 08:39:03.353  3527  3998 D SubscriptionController: getSimStateForSlotIdx:  simState=NOT_READY ordinal=6
03-23 08:39:03.353  3527  3527 D DCT     : [1]setupDataForSinglePdn: reason = radioTurnedOff isDisconnected = true
03-23 08:39:03.353  3527  3527 D DCT     : [1]isOnlySingleDcAllowed(0): false
03-23 08:39:03.353  3599  3599 D SubscriptionManager: getSimStateForSubscriber: simState=6 slotIdx=0
03-23 08:39:03.353  3527  3527 D DCT     : [1]cleanUpConnection: X tearDown=false reason=radioTurnedOff apnContext={mApnType=ims mState=IDLE mWaitingApns={null} mWaitingApnsPermanentFailureCountDown=0 mApnSetting={null} mReason=radioTurnedOff mDataEnabled=false mDependencyMet=true} dcac=null
03-23 08:39:03.353  3527  3527 D DCT     : [1]stopNetStatPoll
03-23 08:39:03.353  3527  3527 D SubscriptionController: [getSubId]- sSlotIdxToSubId.size == 0, return DummySubIds slotIdx=1
03-23 08:39:03.354  3527  3541 D SubscriptionController: getSimStateForSlotIdx:  simState=NOT_READY ordinal=6
03-23 08:39:03.354  3527  3527 D DCT     : [1]cleanUpConnection: mDisconnectPendingCount = 0
03-23 08:39:03.354  3527  3527 D SubscriptionController: [getSubId]- sSlotIdxToSubId.size == 0, return DummySubIds slotIdx=1
03-23 08:39:03.354  3599  3599 D SubscriptionManager: getSimStateForSubscriber: simState=6 slotIdx=1
03-23 08:39:03.354  3527  3527 D DCT     : [1]isDataAllowed: not allowed due to - Attached= false - SIM not loaded - SIM not loaded and not NV subscription - defaultDataSelected= false
03-23 08:39:03.360  3527  3527 D SubscriptionController: [getPhoneId]- invalid subId return=-1
03-23 08:39:03.362  3527  3527 D SubscriptionController: [getSubId]- sSlotIdxToSubId.size == 0, return DummySubIds slotIdx=1
03-23 08:39:03.363  3527  3542 D SubscriptionController: getSimStateForSlotIdx:  simState=NOT_READY ordinal=6
03-23 08:39:03.363  3599  3599 D SubscriptionManager: getSimStateForSubscriber: simState=6 slotIdx=0
03-23 08:39:03.363  3527  3527 D DCT     : [1]isDataAllowed: not allowed due to - Attached= false - SIM not loaded - SIM not loaded and not NV subscription - defaultDataSelected= false
03-23 08:39:03.364  3527  3998 D SubscriptionController: getSimStateForSlotIdx:  simState=NOT_READY ordinal=6
03-23 08:39:03.364  3599  3599 D SubscriptionManager: getSimStateForSubscriber: simState=6 slotIdx=1
03-23 08:39:03.364  3527  3527 D SubscriptionController: [getPhoneId]- invalid subId return=-1
03-23 08:39:03.365  3527  3527 D SubscriptionController: [getSubId]- sSlotIdxToSubId.size == 0, return DummySubIds slotIdx=1
03-23 08:39:03.367  3527  3542 D SubscriptionController: getSimStateForSlotIdx:  simState=NOT_READY ordinal=6
03-23 08:39:03.367  3527  3527 D DCT     : [1]isDataAllowed: not allowed due to - Attached= false - SIM not loaded - SIM not loaded and not NV subscription - defaultDataSelected= false
03-23 08:39:03.367  3599  3599 D SubscriptionManager: getSimStateForSubscriber: simState=6 slotIdx=0
03-23 08:39:03.367  3527  3998 D SubscriptionController: getSimStateForSlotIdx:  simState=NOT_READY ordinal=6
03-23 08:39:03.367  3527  3527 D SubscriptionController: [getPhoneId]- invalid subId return=-1
03-23 08:39:03.367  3599  3599 D SubscriptionManager: getSimStateForSubscriber: simState=6 slotIdx=1
03-23 08:39:03.368  3527  3527 D SubscriptionController: [getSubId]- sSlotIdxToSubId.size == 0, return DummySubIds slotIdx=1
03-23 08:39:03.370  3527  3527 D DCT     : [1]isDataAllowed: not allowed due to - Attached= false - SIM not loaded - SIM not loaded and not NV subscription - defaultDataSelected= false
03-23 08:39:03.370  3527  3542 D SubscriptionController: getSimStateForSlotIdx:  simState=NOT_READY ordinal=6
03-23 08:39:03.370  3599  3599 D SubscriptionManager: getSimStateForSubscriber: simState=6 slotIdx=0
03-23 08:39:03.371  3527  3527 D SubscriptionController: [getPhoneId]- invalid subId return=-1
03-23 08:39:03.371  3527  3998 D SubscriptionController: getSimStateForSlotIdx:  simState=NOT_READY ordinal=6
03-23 08:39:03.371  3599  3599 D SubscriptionManager: getSimStateForSubscriber: simState=6 slotIdx=1
03-23 08:39:03.373  3527  3527 D SubscriptionController: [getSubId]- sSlotIdxToSubId.size == 0, return DummySubIds slotIdx=1
03-23 08:39:03.373  3527  4000 D SubscriptionController: getSimStateForSlotIdx:  simState=NOT_READY ordinal=6
03-23 08:39:03.373  3527  3527 D DCT     : [1]isDataAllowed: not allowed due to - Attached= false - SIM not loaded - SIM not loaded and not NV subscription - defaultDataSelected= false
03-23 08:39:03.373  3599  3599 D SubscriptionManager: getSimStateForSubscriber: simState=6 slotIdx=0
03-23 08:39:03.374  3527  3542 D SubscriptionController: getSimStateForSlotIdx:  simState=NOT_READY ordinal=6
03-23 08:39:03.374  3527  3527 D SubscriptionController: [getPhoneId]- invalid subId return=-1
03-23 08:39:03.375  3599  3599 D SubscriptionManager: getSimStateForSubscriber: simState=6 slotIdx=1
03-23 08:39:03.375  3527  3527 D SubscriptionController: [getSubId]- sSlotIdxToSubId.size == 0, return DummySubIds slotIdx=1
03-23 08:39:03.378  3527  3527 D DCT     : [1]isDataAllowed: not allowed due to - Attached= false - SIM not loaded - SIM not loaded and not NV subscription - defaultDataSelected= false
03-23 08:39:03.378  3527  3541 D SubscriptionController: getSimStateForSlotIdx:  simState=NOT_READY ordinal=6
03-23 08:39:03.379  3527  3527 D SubscriptionController: [getPhoneId]- invalid subId return=-1
03-23 08:39:03.379  3599  3599 D SubscriptionManager: getSimStateForSubscriber: simState=6 slotIdx=0
03-23 08:39:03.381  3527  3527 D SubscriptionController: [getSubId]- sSlotIdxToSubId.size == 0, return DummySubIds slotIdx=1
03-23 08:39:03.381  3527  3542 D SubscriptionController: getSimStateForSlotIdx:  simState=NOT_READY ordinal=6
03-23 08:39:03.381  3599  3599 D SubscriptionManager: getSimStateForSubscriber: simState=6 slotIdx=1
03-23 08:39:03.382  3527  3527 D DCT     : [1]isDataAllowed: not allowed due to - Attached= false - SIM not loaded - SIM not loaded and not NV subscription - defaultDataSelected= false
03-23 08:39:03.382  3527  3541 D SubscriptionController: getSimStateForSlotIdx:  simState=NOT_READY ordinal=6
03-23 08:39:03.382  3599  3599 D SubscriptionManager: getSimStateForSubscriber: simState=6 slotIdx=0
03-23 08:39:03.382  3527  3527 D SubscriptionController: [getPhoneId]- invalid subId return=-1
03-23 08:39:03.383  3527  4000 D SubscriptionController: getSimStateForSlotIdx:  simState=NOT_READY ordinal=6
03-23 08:39:03.383  3599  3599 D SubscriptionManager: getSimStateForSubscriber: simState=6 slotIdx=1
03-23 08:39:03.385  3527  3541 D SubscriptionController: getSimStateForSlotIdx:  simState=NOT_READY ordinal=6
03-23 08:39:03.385  3599  3599 D SubscriptionManager: getSimStateForSubscriber: simState=6 slotIdx=0
03-23 08:39:03.385  3527  3527 D SubscriptionController: [getSubId]- sSlotIdxToSubId.size == 0, return DummySubIds slotIdx=1
03-23 08:39:03.386  3527  3998 D SubscriptionController: getSimStateForSlotIdx:  simState=NOT_READY ordinal=6
03-23 08:39:03.386  3599  3599 D SubscriptionManager: getSimStateForSubscriber: simState=6 slotIdx=1
03-23 08:39:03.387  3527  3527 D DCT     : [1]isDataAllowed: not allowed due to - Attached= false - SIM not loaded - SIM not loaded and not NV subscription - defaultDataSelected= false
03-23 08:39:03.387  3527  3527 D SubscriptionController: [getPhoneId]- invalid subId return=-1
03-23 08:39:03.389  3527  3527 D SubscriptionController: [getSubId]- sSlotIdxToSubId.size == 0, return DummySubIds slotIdx=1
03-23 08:39:03.389  3527  3542 D SubscriptionController: getSimStateForSlotIdx:  simState=NOT_READY ordinal=6
03-23 08:39:03.389  3599  3599 D SubscriptionManager: getSimStateForSubscriber: simState=6 slotIdx=0
03-23 08:39:03.390  3527  3527 D DCT     : [1]isDataAllowed: not allowed due to - Attached= false - SIM not loaded - SIM not loaded and not NV subscription - defaultDataSelected= false
03-23 08:39:03.390  3527  3541 D SubscriptionController: getSimStateForSlotIdx:  simState=NOT_READY ordinal=6
03-23 08:39:03.390  3599  3599 D SubscriptionManager: getSimStateForSubscriber: simState=6 slotIdx=1
03-23 08:39:03.390  3527  3527 D SubscriptionController: [getPhoneId]- invalid subId return=-1
03-23 08:39:03.393  3527  3527 D DCT     : [1]handleMessage msg={ when=-513ms what=270345 obj=android.os.AsyncResult@ddab940 target=com.android.internal.telephony.dataconnection.DcTracker }
03-23 08:39:03.393  3527  3527 D DCT     : [1]onDataConnectionDetached: stop polling and notify detached
03-23 08:39:03.393  3527  3527 D DCT     : [1]stopNetStatPoll
03-23 08:39:03.393  3527  3527 D SubscriptionController: [getSubId]- sSlotIdxToSubId.size == 0, return DummySubIds slotIdx=1
03-23 08:39:03.393  3527  3527 D DCT     : [1]notifyDataConnection: reason=dataDetached
03-23 08:39:03.393  3527  3527 D SubscriptionController: [getSubId]- sSlotIdxToSubId.size == 0, return DummySubIds slotIdx=1
03-23 08:39:03.396  3527  4000 D SubscriptionController: getSimStateForSlotIdx:  simState=NOT_READY ordinal=6
03-23 08:39:03.397  3527  3527 D DCT     : [1]isDataAllowed: not allowed due to - Attached= false - SIM not loaded - SIM not loaded and not NV subscription - defaultDataSelected= false
03-23 08:39:03.397  3599  3599 D SubscriptionManager: getSimStateForSubscriber: simState=6 slotIdx=0
03-23 08:39:03.397  3527  3542 D SubscriptionController: getSimStateForSlotIdx:  simState=NOT_READY ordinal=6
03-23 08:39:03.398  3599  3599 D SubscriptionManager: getSimStateForSubscriber: simState=6 slotIdx=1
03-23 08:39:03.398  3527  3527 D SubscriptionController: [getPhoneId]- invalid subId return=-1
03-23 08:39:03.400  3527  3527 D SubscriptionController: [getSubId]- sSlotIdxToSubId.size == 0, return DummySubIds slotIdx=1
03-23 08:39:03.400  3527  3998 D SubscriptionController: getSimStateForSlotIdx:  simState=NOT_READY ordinal=6
03-23 08:39:03.400  3599  3599 D SubscriptionManager: getSimStateForSubscriber: simState=6 slotIdx=0
03-23 08:39:03.401  3527  3527 D DCT     : [1]isDataAllowed: not allowed due to - Attached= false - SIM not loaded - SIM not loaded and not NV subscription - defaultDataSelected= false
03-23 08:39:03.401  3527  4000 D SubscriptionController: getSimStateForSlotIdx:  simState=NOT_READY ordinal=6
03-23 08:39:03.402  3599  3599 D SubscriptionManager: getSimStateForSubscriber: simState=6 slotIdx=1
03-23 08:39:03.402  3527  3527 D SubscriptionController: [getPhoneId]- invalid subId return=-1
03-23 08:39:03.403  3527  3527 D SubscriptionController: [getSubId]- sSlotIdxToSubId.size == 0, return DummySubIds slotIdx=1
03-23 08:39:03.405  3527  3541 D SubscriptionController: getSimStateForSlotIdx:  simState=NOT_READY ordinal=6
03-23 08:39:03.405  3527  3527 D DCT     : [1]isDataAllowed: not allowed due to - Attached= false - SIM not loaded - SIM not loaded and not NV subscription - defaultDataSelected= false
03-23 08:39:03.405  3599  3599 D SubscriptionManager: getSimStateForSubscriber: simState=6 slotIdx=0
03-23 08:39:03.406  3527  3998 D SubscriptionController: getSimStateForSlotIdx:  simState=NOT_READY ordinal=6
03-23 08:39:03.406  3527  3527 D SubscriptionController: [getPhoneId]- invalid subId return=-1
03-23 08:39:03.406  3599  3599 D SubscriptionManager: getSimStateForSubscriber: simState=6 slotIdx=1
03-23 08:39:03.407  3527  3527 D SubscriptionController: [getSubId]- sSlotIdxToSubId.size == 0, return DummySubIds slotIdx=1
03-23 08:39:03.408  3527  3527 D DCT     : [1]isDataAllowed: not allowed due to - Attached= false - SIM not loaded - SIM not loaded and not NV subscription - defaultDataSelected= false
03-23 08:39:03.411  3527  3542 D SubscriptionController: getSimStateForSlotIdx:  simState=NOT_READY ordinal=6
03-23 08:39:03.411  3599  3599 D SubscriptionManager: getSimStateForSubscriber: simState=6 slotIdx=0
03-23 08:39:03.412  3527  3527 D SubscriptionController: [getPhoneId]- invalid subId return=-1
03-23 08:39:03.416  3527  3527 D SubscriptionController: [getSubId]- sSlotIdxToSubId.size == 0, return DummySubIds slotIdx=1
03-23 08:39:03.416  3527  3998 D SubscriptionController: getSimStateForSlotIdx:  simState=NOT_READY ordinal=6
03-23 08:39:03.417  3599  3599 D SubscriptionManager: getSimStateForSubscriber: simState=6 slotIdx=1
03-23 08:39:03.418  3527  3527 D DCT     : [1]isDataAllowed: not allowed due to - Attached= false - SIM not loaded - SIM not loaded and not NV subscription - defaultDataSelected= false
03-23 08:39:03.419  3527  3542 D SubscriptionController: getSimStateForSlotIdx:  simState=NOT_READY ordinal=6
03-23 08:39:03.419  3599  3599 D SubscriptionManager: getSimStateForSubscriber: simState=6 slotIdx=0
03-23 08:39:03.419  3527  3527 D SubscriptionController: [getPhoneId]- invalid subId return=-1
03-23 08:39:03.421  3527  4000 D SubscriptionController: getSimStateForSlotIdx:  simState=NOT_READY ordinal=6
03-23 08:39:03.421  3599  3599 D SubscriptionManager: getSimStateForSubscriber: simState=6 slotIdx=1
03-23 08:39:03.421  3527  3527 D SubscriptionController: [getSubId]- sSlotIdxToSubId.size == 0, return DummySubIds slotIdx=1
03-23 08:39:03.422  3527  3542 D SubscriptionController: getSimStateForSlotIdx:  simState=NOT_READY ordinal=6
03-23 08:39:03.422  3527  3527 D DCT     : [1]isDataAllowed: not allowed due to - Attached= false - SIM not loaded - SIM not loaded and not NV subscription - defaultDataSelected= false
03-23 08:39:03.422  3599  3599 D SubscriptionManager: getSimStateForSubscriber: simState=6 slotIdx=0
03-23 08:39:03.423  3527  3527 D SubscriptionController: [getPhoneId]- invalid subId return=-1
03-23 08:39:03.423  3527  3998 D SubscriptionController: getSimStateForSlotIdx:  simState=NOT_READY ordinal=6
03-23 08:39:03.423  3599  3599 D SubscriptionManager: getSimStateForSubscriber: simState=6 slotIdx=1
03-23 08:39:03.425  3527  3527 D SubscriptionController: [getSubId]- sSlotIdxToSubId.size == 0, return DummySubIds slotIdx=1
03-23 08:39:03.425  3527  4000 D SubscriptionController: getSimStateForSlotIdx:  simState=NOT_READY ordinal=6
03-23 08:39:03.425  3599  3599 D SubscriptionManager: getSimStateForSubscriber: simState=6 slotIdx=0
03-23 08:39:03.426  3527  3527 D DCT     : [1]isDataAllowed: not allowed due to - Attached= false - SIM not loaded - SIM not loaded and not NV subscription - defaultDataSelected= false
03-23 08:39:03.426  3527  3998 D SubscriptionController: getSimStateForSlotIdx:  simState=NOT_READY ordinal=6
03-23 08:39:03.427  3599  3599 D SubscriptionManager: getSimStateForSubscriber: simState=6 slotIdx=1
03-23 08:39:03.431  3527  3527 D SubscriptionController: [getPhoneId]- invalid subId return=-1
03-23 08:39:03.432  3527  3527 D SubscriptionController: [getSubId]- sSlotIdxToSubId.size == 0, return DummySubIds slotIdx=1
03-23 08:39:03.433  3527  3527 D DCT     : [1]isDataAllowed: not allowed due to - Attached= false - SIM not loaded - SIM not loaded and not NV subscription - defaultDataSelected= false
03-23 08:39:03.433  3527  3542 D SubscriptionController: getSimStateForSlotIdx:  simState=NOT_READY ordinal=6
03-23 08:39:03.433  3599  3599 D SubscriptionManager: getSimStateForSubscriber: simState=6 slotIdx=0
03-23 08:39:03.434  3527  3998 D SubscriptionController: getSimStateForSlotIdx:  simState=NOT_READY ordinal=6
03-23 08:39:03.434  3527  3527 D SubscriptionController: [getPhoneId]- invalid subId return=-1
03-23 08:39:03.434  3599  3599 D SubscriptionManager: getSimStateForSubscriber: simState=6 slotIdx=1
03-23 08:39:03.435  3527  3527 D SubscriptionController: [getSubId]- sSlotIdxToSubId.size == 0, return DummySubIds slotIdx=1
03-23 08:39:03.437  3527  3527 D DCT     : [1]isDataAllowed: not allowed due to - Attached= false - SIM not loaded - SIM not loaded and not NV subscription - defaultDataSelected= false
03-23 08:39:03.437  3527  3542 D SubscriptionController: getSimStateForSlotIdx:  simState=NOT_READY ordinal=6
03-23 08:39:03.437  3599  3599 D SubscriptionManager: getSimStateForSubscriber: simState=6 slotIdx=0
03-23 08:39:03.438  3527  3527 D SubscriptionController: [getPhoneId]- invalid subId return=-1
03-23 08:39:03.438  3527  3998 D SubscriptionController: getSimStateForSlotIdx:  simState=NOT_READY ordinal=6
03-23 08:39:03.438  3599  3599 D SubscriptionManager: getSimStateForSubscriber: simState=6 slotIdx=1
03-23 08:39:03.439  3527  3527 D DCT     : [1]handleMessage msg={ when=-559ms what=270348 obj=android.os.AsyncResult@2129079 target=com.android.internal.telephony.dataconnection.DcTracker }
03-23 08:39:03.439  3527  3527 D DCT     : [1]onRoamingOff
03-23 08:39:03.439  3527  3527 D SubscriptionController: [getSubId]- sSlotIdxToSubId.size == 0, return DummySubIds slotIdx=1
03-23 08:39:03.440  3527  4000 D SubscriptionController: getSimStateForSlotIdx:  simState=NOT_READY ordinal=6
03-23 08:39:03.440  3599  3599 D SubscriptionManager: getSimStateForSubscriber: simState=6 slotIdx=0
03-23 08:39:03.440  3527  3542 D SubscriptionController: getSimStateForSlotIdx:  simState=NOT_READY ordinal=6
03-23 08:39:03.440  3599  3599 D SubscriptionManager: getSimStateForSubscriber: simState=6 slotIdx=1
03-23 08:39:03.445  3527  3527 D DCT     : [1]getDataOnRoamingEnabled: phoneSubId=-3 isDataRoamingEnabled=false
03-23 08:39:03.445  3527  3527 D SubscriptionController: [getSubId]- sSlotIdxToSubId.size == 0, return DummySubIds slotIdx=1
03-23 08:39:03.447  3527  3527 D DCT     : [1]isDataAllowed: not allowed due to - Attached= false - SIM not loaded - SIM not loaded and not NV subscription - defaultDataSelected= false
03-23 08:39:03.447  3527  3527 D SubscriptionController: [getPhoneId]- invalid subId return=-1
03-23 08:39:03.449  3527  3527 D SubscriptionController: [getSubId]- sSlotIdxToSubId.size == 0, return DummySubIds slotIdx=1
03-23 08:39:03.450  3527  3527 D DCT     : [1]isDataAllowed: not allowed due to - Attached= false - SIM not loaded - SIM not loaded and not NV subscription - defaultDataSelected= false
03-23 08:39:03.450  3527  4000 D SubscriptionController: getSimStateForSlotIdx:  simState=NOT_READY ordinal=6
03-23 08:39:03.450  3599  3599 D SubscriptionManager: getSimStateForSubscriber: simState=6 slotIdx=0
03-23 08:39:03.451  3527  3527 D SubscriptionController: [getPhoneId]- invalid subId return=-1
03-23 08:39:03.451  3527  3541 D SubscriptionController: getSimStateForSlotIdx:  simState=NOT_READY ordinal=6
03-23 08:39:03.451  3599  3599 D SubscriptionManager: getSimStateForSubscriber: simState=6 slotIdx=1
03-23 08:39:03.453  3527  3527 D SubscriptionController: [getSubId]- sSlotIdxToSubId.size == 0, return DummySubIds slotIdx=1
03-23 08:39:03.454  3527  4000 D SubscriptionController: getSimStateForSlotIdx:  simState=NOT_READY ordinal=6
03-23 08:39:03.454  3599  3599 D SubscriptionManager: getSimStateForSubscriber: simState=6 slotIdx=0
03-23 08:39:03.454  3527  3527 D DCT     : [1]isDataAllowed: not allowed due to - Attached= false - SIM not loaded - SIM not loaded and not NV subscription - defaultDataSelected= false
03-23 08:39:03.455  3527  3542 D SubscriptionController: getSimStateForSlotIdx:  simState=NOT_READY ordinal=6
03-23 08:39:03.455  3599  3599 D SubscriptionManager: getSimStateForSubscriber: simState=6 slotIdx=1
03-23 08:39:03.455  3527  3527 D SubscriptionController: [getPhoneId]- invalid subId return=-1
03-23 08:39:03.456  3527  3527 D SubscriptionController: [getSubId]- sSlotIdxToSubId.size == 0, return DummySubIds slotIdx=1
03-23 08:39:03.462  3527  3998 D SubscriptionController: getSimStateForSlotIdx:  simState=NOT_READY ordinal=6
03-23 08:39:03.463  3599  3599 D SubscriptionManager: getSimStateForSubscriber: simState=6 slotIdx=0
03-23 08:39:03.463  3527  3527 D DCT     : [1]isDataAllowed: not allowed due to - Attached= false - SIM not loaded - SIM not loaded and not NV subscription - defaultDataSelected= false
03-23 08:39:03.464  3527  4000 D SubscriptionController: getSimStateForSlotIdx:  simState=NOT_READY ordinal=6
03-23 08:39:03.465  3527  3527 D SubscriptionController: [getPhoneId]- invalid subId return=-1
03-23 08:39:03.465  3599  3599 D SubscriptionManager: getSimStateForSubscriber: simState=6 slotIdx=1
03-23 08:39:03.467  3527  3527 D SubscriptionController: [getSubId]- sSlotIdxToSubId.size == 0, return DummySubIds slotIdx=1
03-23 08:39:03.468  3527  3998 D SubscriptionController: getSimStateForSlotIdx:  simState=NOT_READY ordinal=6
03-23 08:39:03.468  3599  3599 D SubscriptionManager: getSimStateForSubscriber: simState=6 slotIdx=0
03-23 08:39:03.468  3527  3527 D DCT     : [1]isDataAllowed: not allowed due to - Attached= false - SIM not loaded - SIM not loaded and not NV subscription - defaultDataSelected= false
03-23 08:39:03.469  3527  4000 D SubscriptionController: getSimStateForSlotIdx:  simState=NOT_READY ordinal=6
03-23 08:39:03.470  3599  3599 D SubscriptionManager: getSimStateForSubscriber: simState=6 slotIdx=1
03-23 08:39:03.470  3527  3527 D SubscriptionController: [getPhoneId]- invalid subId return=-1
03-23 08:39:03.501  3527  3527 D SubscriptionController: [getSubId]- sSlotIdxToSubId.size == 0, return DummySubIds slotIdx=1
03-23 08:39:03.501  3527  3542 D SubscriptionController: getSimStateForSlotIdx:  simState=NOT_READY ordinal=6
03-23 08:39:03.502  3599  3599 D SubscriptionManager: getSimStateForSubscriber: simState=6 slotIdx=0
03-23 08:39:03.503  3527  4000 D SubscriptionController: getSimStateForSlotIdx:  simState=NOT_READY ordinal=6
03-23 08:39:03.503  3599  3599 D SubscriptionManager: getSimStateForSubscriber: simState=6 slotIdx=1
03-23 08:39:03.503  3527  3527 D DCT     : [1]isDataAllowed: not allowed due to - Attached= false - SIM not loaded - SIM not loaded and not NV subscription - defaultDataSelected= false
03-23 08:39:03.504  3527  3527 D SubscriptionController: [getPhoneId]- invalid subId return=-1
03-23 08:39:03.505  3527  3527 D SubscriptionController: [getSubId]- sSlotIdxToSubId.size == 0, return DummySubIds slotIdx=1
03-23 08:39:03.506  3527  3527 D DCT     : [1]isDataAllowed: not allowed due to - Attached= false - SIM not loaded - SIM not loaded and not NV subscription - defaultDataSelected= false
03-23 08:39:03.507  3527  3542 D SubscriptionController: getSimStateForSlotIdx:  simState=NOT_READY ordinal=6
03-23 08:39:03.507  3599  3599 D SubscriptionManager: getSimStateForSubscriber: simState=6 slotIdx=0
03-23 08:39:03.507  3527  3527 D SubscriptionController: [getPhoneId]- invalid subId return=-1
03-23 08:39:03.507  3527  4000 D SubscriptionController: getSimStateForSlotIdx:  simState=NOT_READY ordinal=6
03-23 08:39:03.507  3599  3599 D SubscriptionManager: getSimStateForSubscriber: simState=6 slotIdx=1
03-23 08:39:03.509  3527  3527 D SubscriptionController: [getSubId]- sSlotIdxToSubId.size == 0, return DummySubIds slotIdx=1
03-23 08:39:03.510  3527  3527 D DCT     : [1]isDataAllowed: not allowed due to - Attached= false - SIM not loaded - SIM not loaded and not NV subscription - defaultDataSelected= false
03-23 08:39:03.510  3527  3527 D SubscriptionController: [getPhoneId]- invalid subId return=-1
03-23 08:39:03.515  3527  3527 D SubscriptionController: [getSubId]- sSlotIdxToSubId.size == 0, return DummySubIds slotIdx=1
03-23 08:39:03.516  3527  3542 D SubscriptionController: getSimStateForSlotIdx:  simState=NOT_READY ordinal=6
03-23 08:39:03.516  3599  3599 D SubscriptionManager: getSimStateForSubscriber: simState=6 slotIdx=0
03-23 08:39:03.517  3527  3527 D DCT     : [1]isDataAllowed: not allowed due to - Attached= false - SIM not loaded - SIM not loaded and not NV subscription - defaultDataSelected= false
03-23 08:39:03.517  3527  4000 D SubscriptionController: getSimStateForSlotIdx:  simState=NOT_READY ordinal=6
03-23 08:39:03.525  3599  3599 D SubscriptionManager: getSimStateForSubscriber: simState=6 slotIdx=1
03-23 08:39:03.526  3527  3527 D SubscriptionController: [getPhoneId]- invalid subId return=-1
03-23 08:39:03.527  3527  3998 D SubscriptionController: getSimStateForSlotIdx:  simState=NOT_READY ordinal=6
03-23 08:39:03.528  3599  3599 D SubscriptionManager: getSimStateForSubscriber: simState=6 slotIdx=0
03-23 08:39:03.529  3527  3527 D DCT     : [1]setupDataOnConnectableApns: roamingOff
03-23 08:39:03.529  3527  3527 D DCT     : [1]setupDataOnConnectableApns: apnContext {mApnType=hipri mState=IDLE mWaitingApns={null} mWaitingApnsPermanentFailureCountDown=0 mApnSetting={null} mReason=radioTurnedOff mDataEnabled=false mDependencyMet=true}
03-23 08:39:03.529  3527  3527 D DCT     : [1]setupDataOnConnectableApns: apnContext {mApnType=mms mState=IDLE mWaitingApns={null} mWaitingApnsPermanentFailureCountDown=0 mApnSetting={null} mReason=radioTurnedOff mDataEnabled=false mDependencyMet=true}
