03-23 08:38:26.621  2382  2382 I RILD    : rild_main: i: begin
03-23 08:38:26.621  2368  2368 I RILD    : rild_main: i: begin
03-23 08:38:26.621  2368  2368 I RILD    :     rild_main: i: argc=1
03-23 08:38:26.621  2382  2382 I RILD    :     rild_main: i: argc=3
03-23 08:38:26.621  2368  2368 I RILD    :     rild_main: i: argv[0]=/system/bin/rild
03-23 08:38:26.621  2382  2382 I RILD    :     rild_main: i: argv[0]=/system/bin/rild
03-23 08:38:26.621  2382  2382 I RILD    :     rild_main: i: argv[1]=-c
03-23 08:38:26.621  2368  2368 I RILD    :     rild_main: i: ClientId=0, argv rilLibPath=(null)
03-23 08:38:26.621  2382  2382 I RILD    :     rild_main: i: argv[2]=1
03-23 08:38:26.621  2382  2382 I RILD    :     rild_main: i: ClientId=1, argv rilLibPath=(null)
03-23 08:38:26.621  2368  2368 I RILD    :     rild_main: o: read prop rild.libargs, result=9, value=-m modem0
03-23 08:38:26.621  2368  2368 I RILD    :     rild_main: o: read prop rild.libpath1, result=32, value=/system/lib64/libbalong-ril-1.so
03-23 08:38:26.621  2382  2382 I RILD    :     rild_main: o: read prop rild.libargs, result=9, value=-m modem0
03-23 08:38:26.621  2368  2368 I RILD    :     rild_main: o: read prop rild.libargs1, result=9, value=-m modem1
03-23 08:38:26.621  2382  2382 I RILD    :     rild_main: o: read prop rild.libpath1, result=32, value=/system/lib64/libbalong-ril-1.so
03-23 08:38:26.621  2368  2368 I RILD    :     rild_main: o: read prop rild.libpath2, result=30, value=/system/lib64/libbalong-ril.so
03-23 08:38:26.621  2382  2382 I RILD    :     rild_main: o: read prop rild.libargs1, result=9, value=-m modem1
03-23 08:38:26.621  2368  2368 I RILD    :     rild_main: o: read prop rild.libargs2, result=9, value=-m modem0
03-23 08:38:26.621  2382  2382 I RILD    :     rild_main: o: read prop rild.libpath2, result=30, value=/system/lib64/libbalong-ril.so
03-23 08:38:26.621  2382  2382 I RILD    :     rild_main: o: read prop rild.libargs2, result=9, value=-m modem0
03-23 08:38:26.621  2368  2368 I RILD    :     rild_main: o: rild1 boot config read prop rild.rild1_ready_to_start, result=4, value=true
03-23 08:38:26.621  2382  2382 I RILD    :     rild_main: o: rild1 boot config read prop rild.rild1_ready_to_start, result=4, value=true
03-23 08:38:26.621  2368  2368 I RILD    :     rild_main: o: read prop ro.multi.rild, result=4, value=true
03-23 08:38:26.621  2382  2382 I RILD    :     rild_main: o: read prop ro.multi.rild, result=4, value=true
03-23 08:38:26.621  2368  2368 I RILD    :     rild_main: o: read prop ro.config.hw_dsda, result=4, value=true
03-23 08:38:26.621  2382  2382 I RILD    :     rild_main: o: read prop ro.config.hw_dsda, result=4, value=true
03-23 08:38:26.621  2368  2368 I RILD    :     rild_main: o: read prop persist.dsds.enabled, result=4, value=true
03-23 08:38:26.621  2382  2382 I RILD    :     rild_main: o: read prop persist.dsds.enabled, result=4, value=true
03-23 08:38:26.621  2368  2368 I RILD    :     rild_main: o: read prop ro.config.dsds_mode, result=8, value=umts_gsm
03-23 08:38:26.621  2382  2382 I RILD    :     rild_main: o: read prop ro.config.dsds_mode, result=8, value=umts_gsm
03-23 08:38:26.621  2368  2368 I RILD    :     rild_main: o: read prop ro.telephony.default_network, result=1, value=9
03-23 08:38:26.621  2382  2382 I RILD    :     rild_main: o: read prop ro.telephony.default_network, result=1, value=9
03-23 08:38:26.621  2368  2368 I RILD    :     rild_main: o: read prop ro.config.hw_device_mode, result=4, value=NULL
03-23 08:38:26.621  2382  2382 I RILD    :     rild_main: o: read prop ro.config.hw_device_mode, result=4, value=NULL
03-23 08:38:26.621  2368  2368 I RILD    :     rild_main: o: read prop ro.config.hw_sglte, result=0, value=
03-23 08:38:26.621  2382  2382 I RILD    :     rild_main: o: read prop ro.config.hw_sglte, result=0, value=
03-23 08:38:26.621  2368  2368 I RILD    :     rild_main: o: read prop ro.config.full_network_support, result=0, value=
03-23 08:38:26.621  2382  2382 I RILD    :     rild_main: o: read prop ro.config.full_network_support, result=0, value=
03-23 08:38:26.621  2368  2368 D RILD    : setCommrilModePropforUTL: update mode to ULG
03-23 08:38:26.621  2382  2382 D RILD    : setCommrilModePropforUTL: update mode to ULG
03-23 08:38:26.674  2382  2382 I RILD    :     rild_main: i: rilLibPath = /system/lib64/libbalong-ril-1.so
03-23 08:38:26.714  2368  2368 I RILD    :     rild_main: i: rilLibPath = /system/lib64/libbalong-ril.so
03-23 08:38:26.786  2382  2382 D use-Rlog/RLOG-RIL_GU: [] RIL_Init: argc is 3.
03-23 08:38:26.786  2382  2382 D use-Rlog/RLOG-RIL_GU: [] RIL_Init: aucModemId is modem1.
03-23 08:38:26.786  2382  2382 D use-Rlog/RLOG-RIL_GU: [RIL_ReadPlatformCfg] ModemId is 1, AtChanIndex0 is 5, AtChanIndex1 is 6, AtChanIndex3 is 14.
03-23 08:38:26.786  2382  2382 I use-Rlog/RLOG-RIL_GU: ro.hisi.test = false
03-23 08:38:26.786  2382  2382 E use-Rlog/RLOG-RIL_GU: level_std = 3
03-23 08:38:26.789  2368  2368 D use-Rlog/RLOG-RIL_GU: [] RIL_Init: argc is 3.
03-23 08:38:26.789  2368  2368 D use-Rlog/RLOG-RIL_GU: [] RIL_Init: aucModemId is modem0.
03-23 08:38:26.789  2368  2368 D use-Rlog/RLOG-RIL_GU: [RIL_ReadPlatformCfg] ModemId is 0, AtChanIndex0 is 0, AtChanIndex1 is 1, AtChanIndex3 is 13.
03-23 08:38:26.789  2368  2368 I use-Rlog/RLOG-RIL_GU: ro.hisi.test = false
03-23 08:38:26.789  2368  2368 E use-Rlog/RLOG-RIL_GU: level_std = 3
03-23 08:38:26.791  2382  2382 I use-Rlog/RLOG-RIL_GU: RIL_balong# init_pdp_context_tbl: START
03-23 08:38:26.791  2382  2382 D use-Rlog/RLOG-RIL_GU: [init_pdp_context_tbl] g_PdpContextTblSize is 2.
03-23 08:38:26.791  2382  2382 I use-Rlog/RLOG-RIL_GU: RIL_balong# init_pdp_context_tbl: END
03-23 08:38:26.791  2382  2500 I use-Rlog/RLOG-RIL_GU: [modem_1] mainLoop enter.
03-23 08:38:26.791  2382  2500 D use-Rlog/RLOG-RIL_GU: [modem_1]setRadioState newState = 1, oldState = 1
03-23 08:38:26.792  2368  2368 I use-Rlog/RLOG-RIL_GU: RIL_balong# init_pdp_context_tbl: START
03-23 08:38:26.792  2368  2368 D use-Rlog/RLOG-RIL_GU: [init_pdp_context_tbl] g_PdpContextTblSize is 3.
03-23 08:38:26.792  2368  2368 I use-Rlog/RLOG-RIL_GU: RIL_balong# init_pdp_context_tbl: END
03-23 08:38:26.792  2382  2500 D use-Rlog/RLOG-RIL_GU: [modem_1] modem_power_on.
03-23 08:38:26.793  2382  2500 D use-Rlog/RLOG-RIL_GU: [modem_1][soc_modem_power_on] at_chan_0 is /dev/appvcom5, at_chan_1 is /dev/appvcom6.
03-23 08:38:26.793  2382  2500 I use-Rlog/RLOG-RIL_GU: [asyncCmdInit] devpath is /dev/appvcom5.
03-23 08:38:26.793  2382  2500 I use-Rlog/RLOG-RIL_GU: [asyncCmdInit] devpath is /dev/appvcom6.
03-23 08:38:26.793  2382  2500 I use-Rlog/RLOG-RIL_GU: [asyncCmdInit] devpath is /dev/appvcom15.
03-23 08:38:26.793  2382  2500 I use-Rlog/RLOG-RIL_GU: [asyncCmdInit] devpath is /dev/appvcom14.
03-23 08:38:26.793  2382  2500 D use-Rlog/RLOG-RIL_GU: [modem_1][soc_modem_power_on] power on success
03-23 08:38:26.794  2368  2501 I use-Rlog/RLOG-RIL_GU: [modem_0] mainLoop enter.
03-23 08:38:26.794  2368  2501 D use-Rlog/RLOG-RIL_GU: [modem_0]setRadioState newState = 1, oldState = 1
03-23 08:38:26.795  2382  2502 I use-Rlog/RLOG-RIL_GU: cmdloop[0] > Start...
03-23 08:38:26.795  2382  2503 I use-Rlog/RLOG-RIL_GU: cmdloop[1] > Start...
03-23 08:38:26.795  2382  2502 I use-Rlog/RLOG-RIL_GU: cmdloop[0] open[/dev/appvcom5] ret 8, openTryCount 30.
03-23 08:38:26.795  2382  2503 I use-Rlog/RLOG-RIL_GU: cmdloop[1] open[/dev/appvcom6] ret 10, openTryCount 30.
03-23 08:38:26.795  2382  2503 D use-Rlog/RLOG-RIL_GU: cmdloop[1] dev = /dev/appvcom6
03-23 08:38:26.795  2382  2502 D use-Rlog/RLOG-RIL_GU: cmdloop[0] dev = /dev/appvcom5
03-23 08:38:26.795  2382  2505 I use-Rlog/RLOG-RIL_GU: cmdloop[3] > Start...
03-23 08:38:26.795  2382  2505 I use-Rlog/RLOG-RIL_GU: cmdloop[3] open[/dev/appvcom14] ret 14, openTryCount 30.
03-23 08:38:26.795  2382  2505 D use-Rlog/RLOG-RIL_GU: cmdloop[3] dev = /dev/appvcom14
03-23 08:38:26.795  2368  2501 D use-Rlog/RLOG-RIL_GU: [modem_0] modem_power_on.
03-23 08:38:26.795  2382  2504 I use-Rlog/RLOG-RIL_GU: cmdloop[2] > Start...
03-23 08:38:26.795  2382  2504 I use-Rlog/RLOG-RIL_GU: cmdloop[2] open[/dev/appvcom15] ret 15, openTryCount 30.
03-23 08:38:26.795  2382  2504 D use-Rlog/RLOG-RIL_GU: cmdloop[2] dev = /dev/appvcom15
03-23 08:38:26.796  2368  2501 D use-Rlog/RLOG-RIL_GU: [modem_0][soc_modem_power_on] at_chan_0 is /dev/appvcom, at_chan_1 is /dev/appvcom1.
03-23 08:38:26.796  2368  2501 I use-Rlog/RLOG-RIL_GU: [asyncCmdInit] devpath is /dev/appvcom.
03-23 08:38:26.796  2368  2501 I use-Rlog/RLOG-RIL_GU: [asyncCmdInit] devpath is /dev/appvcom1.
03-23 08:38:26.796  2368  2506 I use-Rlog/RLOG-RIL_GU: cmdloop[0] > Start...
03-23 08:38:26.796  2368  2506 I use-Rlog/RLOG-RIL_GU: cmdloop[0] open[/dev/appvcom] ret 8, openTryCount 30.
03-23 08:38:26.796  2368  2501 I use-Rlog/RLOG-RIL_GU: [asyncCmdInit] devpath is /dev/appvcom10.
03-23 08:38:26.796  2368  2506 D use-Rlog/RLOG-RIL_GU: cmdloop[0] dev = /dev/appvcom
03-23 08:38:26.796  2368  2507 I use-Rlog/RLOG-RIL_GU: cmdloop[1] > Start...
03-23 08:38:26.796  2368  2507 I use-Rlog/RLOG-RIL_GU: cmdloop[1] open[/dev/appvcom1] ret 10, openTryCount 30.
03-23 08:38:26.796  2368  2501 I use-Rlog/RLOG-RIL_GU: [asyncCmdInit] devpath is /dev/appvcom13.
03-23 08:38:26.796  2368  2507 D use-Rlog/RLOG-RIL_GU: cmdloop[1] dev = /dev/appvcom1
03-23 08:38:26.796  2368  2508 I use-Rlog/RLOG-RIL_GU: cmdloop[2] > Start...
03-23 08:38:26.796  2368  2501 D use-Rlog/RLOG-RIL_GU: [modem_0][soc_modem_power_on] power on success
03-23 08:38:26.796  2368  2508 I use-Rlog/RLOG-RIL_GU: cmdloop[2] open[/dev/appvcom10] ret 14, openTryCount 30.
03-23 08:38:26.796  2368  2508 D use-Rlog/RLOG-RIL_GU: cmdloop[2] dev = /dev/appvcom10
03-23 08:38:26.798  2368  2509 I use-Rlog/RLOG-RIL_GU: cmdloop[3] > Start...
03-23 08:38:26.798  2368  2501 D use-Rlog/RLOG-RIL_GU: [modem_0]In mainloop set radio to unavailable befor modem power on!
03-23 08:38:26.798  2368  2509 I use-Rlog/RLOG-RIL_GU: cmdloop[3] open[/dev/appvcom13] ret 15, openTryCount 30.
03-23 08:38:26.798  2368  2485 D use-Rlog/RLOG-RILC: p_info 0x7fb721e000 free in userTimerCallback
03-23 08:38:26.798  2368  2509 D use-Rlog/RLOG-RIL_GU: cmdloop[3] dev = /dev/appvcom13
03-23 08:38:26.798  2368  2506 D use-Rlog/RLOG-RIL_GU: cmdloop[0] cmdloop r->request = 1024
03-23 08:38:26.798  2368  2506 D use-Rlog/RLOG-RIL_GU: [modem_0][modem_AT_init] wait timer 60 s.
03-23 08:38:26.798  2368  2506 D use-Rlog/RLOG-RIL_GU: [modem_0]modem_AT_init : waiting modem ready.
03-23 08:38:26.798  2368  2368 E RILC    : RIL_register: RIL version 9
03-23 08:38:26.798  2368  2368 I RILC    : RIL_register: s_fdListen 13 socket rild
03-23 08:38:26.798  2382  2500 D use-Rlog/RLOG-RIL_GU: [modem_1]In mainloop set radio to unavailable befor modem power on!
03-23 08:38:26.798  2382  2479 D use-Rlog/RLOG-RILC: p_info 0x7fb7205000 free in userTimerCallback
03-23 08:38:26.798  2368  2368 D RILC    : ims socket is not connected in client 0
03-23 08:38:26.798  2382  2382 E RILC    : RIL_register: RIL version 9
03-23 08:38:26.798  2382  2382 I RILC    : RIL_register: s_fdListen 13 socket rilds2
03-23 08:38:26.798  2382  2502 D use-Rlog/RLOG-RIL_GU: cmdloop[0] cmdloop r->request = 1024
03-23 08:38:26.798  2382  2382 D RILC    : ims socket is not connected in client 0
03-23 08:38:26.798  2382  2502 D use-Rlog/RLOG-RIL_GU: [modem_1][modem_AT_init] wait timer 60 s.
03-23 08:38:26.799  2382  2502 D use-Rlog/RLOG-RIL_GU: [modem_1]modem_AT_init : waiting modem ready.
03-23 08:38:34.689  2377  2377 D TelephonyManager: /proc/cmdline=hisi_dma_print=0 vmalloc=384M maxcpus=8 coherent_pool=512K no_irq_affinity androidboot.selinux=permissive ate_enable=true selinux=0 iommu_ddr_size=0x80000000 mem=1932M boardid=0x48696220,0x00000011,0x000002cf productid=0x3db54555 androidboot.mode=normal pmu_nv_addr=0x070c89b0 low_volt_flag=0 iommu_enable  enter_recovery=0 androidboot.swtype=normal fastboot_version=DailyBuild_201611172158_FASTBOOT androidboot.serialno=QLF7N16B11010320 rescue_version=  otg.status=disable normal_reset_type=ColdReset himntn=00011100000000000000000000001000 LCD_TYPE=TM_NT35521_LCD density=320 setup_logctl=0 loglevel=5 bitmapofabnrst=0x00000010  boot_slice=0x000274f7 no_uart_console mdmlogbase=0x00000000 mdmlogsize=0x00000000 mdmlogtime=0x00000000 async_loadmodem efuse_status=0 recovery_update=0 fblock=unlocked androidboot.hardware=hi6210sft 
03-23 08:38:35.937  2378  2378 D TelephonyManager: /proc/cmdline=hisi_dma_print=0 vmalloc=384M maxcpus=8 coherent_pool=512K no_irq_affinity androidboot.selinux=permissive ate_enable=true selinux=0 iommu_ddr_size=0x80000000 mem=1932M boardid=0x48696220,0x00000011,0x000002cf productid=0x3db54555 androidboot.mode=normal pmu_nv_addr=0x070c89b0 low_volt_flag=0 iommu_enable  enter_recovery=0 androidboot.swtype=normal fastboot_version=DailyBuild_201611172158_FASTBOOT androidboot.serialno=QLF7N16B11010320 rescue_version=  otg.status=disable normal_reset_type=ColdReset himntn=00011100000000000000000000001000 LCD_TYPE=TM_NT35521_LCD density=320 setup_logctl=0 loglevel=5 bitmapofabnrst=0x00000010  boot_slice=0x000274f7 no_uart_console mdmlogbase=0x00000000 mdmlogsize=0x00000000 mdmlogtime=0x00000000 async_loadmodem efuse_status=0 recovery_update=0 fblock=unlocked androidboot.hardware=hi6210sft 
03-23 08:38:51.526  2890  2902 D TelephonyRegistry: listen oscl: hasNotifySubscriptionInfoChangedOccurred==false no callback
03-23 08:38:51.558  2890  2890 W SmsApplication: com.android.phone does not have OP_WRITE_SMS:  (fixing)
03-23 08:38:51.560  2890  2890 W SmsApplication: com.android.bluetooth does not have OP_WRITE_SMS:  (fixing)
03-23 08:38:51.560  2890  2890 W SmsApplication: com.android.mms.service does not have OP_WRITE_SMS:  (fixing)
03-23 08:38:51.561  2890  2890 W SmsApplication: com.android.providers.telephony does not have OP_WRITE_SMS:  (fixing)
03-23 08:38:51.577  2890  2890 W CarrierConfigManager: Error getting config for subId -1 ICarrierConfigLoader is null
03-23 08:38:52.793  2890  2905 D TelephonyRegistry: systemRunning register for intents
03-23 08:38:53.159  2890  2890 D TelephonyRegistry: notifyCellLocationForSubscriber: subId=0 cellLocation=Bundle[{cid=-1, lac=-1, psc=-1}]
03-23 08:38:53.184  2890  2890 D TelephonyRegistry: notifyCellLocationForSubscriber: subId=1 cellLocation=Bundle[{cid=-1, lac=-1, psc=-1}]
03-23 08:38:53.980  3599  3599 D SubscriptionManager: getSimStateForSubscriber: simState=0 slotIdx=0
03-23 08:38:53.982  3599  3599 D SubscriptionManager: getSimStateForSubscriber: simState=0 slotIdx=1
03-23 08:38:53.984  3599  3599 D SubscriptionManager: getSimStateForSubscriber: simState=0 slotIdx=0
03-23 08:38:53.984  3599  3599 D SubscriptionManager: getSimStateForSubscriber: simState=0 slotIdx=1
03-23 08:38:53.991  3599  3599 D SubscriptionManager: getSimStateForSubscriber: simState=0 slotIdx=0
03-23 08:38:53.994  3599  3599 D SubscriptionManager: getSimStateForSubscriber: simState=0 slotIdx=1
03-23 08:38:54.046  2890  3528 D TelephonyRegistry: listen oscl: hasNotifySubscriptionInfoChangedOccurred==false no callback
03-23 08:38:54.806  2890  2904 D TelephonyRegistry: listen oscl: hasNotifySubscriptionInfoChangedOccurred==false no callback
03-23 08:38:54.845  3140  3707 D SubscriptionManager: getSimStateForSubscriber: simState=0 slotIdx=0
03-23 08:38:54.845  3140  3707 D TelephonyManager: getSimState: default sim:-1, sim state for slotIdx=0 is 0, return state as unknown
03-23 08:38:54.900  3140  3707 D SubscriptionManager: getSimStateForSubscriber: simState=0 slotIdx=0
03-23 08:38:54.900  3140  3707 D TelephonyManager: getSimState: default sim:-1, sim state for slotIdx=0 is 0, return state as unknown
03-23 08:38:55.652  3140  3707 D SubscriptionManager: getSimStateForSubscriber: simState=0 slotIdx=0
03-23 08:38:55.652  3140  3707 D TelephonyManager: getSimState: default sim:-1, sim state for slotIdx=0 is 0, return state as unknown
03-23 08:38:56.025  3140  3707 D SubscriptionManager: getSimStateForSubscriber: simState=0 slotIdx=0
03-23 08:38:56.025  3140  3707 D TelephonyManager: getSimState: default sim:-1, sim state for slotIdx=0 is 0, return state as unknown
03-23 08:38:56.047  3140  3707 D SubscriptionManager: getSimStateForSubscriber: simState=0 slotIdx=0
03-23 08:38:56.047  3140  3707 D TelephonyManager: getSimState: default sim:-1, sim state for slotIdx=0 is 0, return state as unknown
03-23 08:38:56.071  3140  3707 D SubscriptionManager: getSimStateForSubscriber: simState=0 slotIdx=0
03-23 08:38:56.071  3140  3707 D TelephonyManager: getSimState: default sim:-1, sim state for slotIdx=0 is 0, return state as unknown
03-23 08:38:56.636  3599  3845 D SubscriptionManager: getSimStateForSubscriber: simState=0 slotIdx=0
03-23 08:38:56.636  3599  3845 D TelephonyManager: getSimState: default sim:-1, sim state for slotIdx=0 is 0, return state as unknown
03-23 08:39:02.695  3527  3527 D TelephonyPluginDelegate: Extension = @/system/framework/
03-23 08:39:02.696  3527  3527 D TelephonyPluginDelegate: classLoader = dalvik.system.PathClassLoader[DexPathList[[directory "/system/framework"],nativeLibraryDirectories=[/vendor/lib64, /system/lib64]]]
03-23 08:39:02.696  3527  3527 D TelephonyPluginDelegate: No customized TelephonyPlugin available, fallback to default
03-23 08:39:02.696  3527  3527 D TelephonyPluginDelegate: cls = class com.android.internal.telephony.DefaultTelephonyPlugin
03-23 08:39:02.698  3527  3527 D TelephonyPluginDelegate: constructor method = public com.android.internal.telephony.DefaultTelephonyPlugin()
03-23 08:39:02.700  3527  3527 D TDC     : updateOrInsert: inserting: Modem { uuid=modem, state=0, rilModel=0, rat={}, maxActiveVoiceCall=1, maxActiveDataCall=1, maxStandby=1 }
03-23 08:39:02.700  3527  3527 D TDC     : updateOrInsert: inserting: Sim { uuid=sim, modemUuid=modem, state=0 }
03-23 08:39:02.701  3527  3527 D TelephonyManager: getLteOnCdmaMode=0 curVal=-1 product_type='' lteOnCdmaProductType=''
03-23 08:39:02.702  3527  3527 D CdmaSSM : subscriptionSource from settings: 0
03-23 08:39:02.702  3527  3527 I PhoneFactory: Cdma Subscription set to 0
03-23 08:39:02.709  3527  3527 I PhoneFactory: RILClassname is RIL
03-23 08:39:02.709  3527  3527 I PhoneFactory: Network Mode set to 9
03-23 08:39:02.711  3527  3527 D RILJ    : RIL(context, preferredNetworkType=9 cdmaSubscription=0)
03-23 08:39:02.715  3527  3527 D RILJ    : Starting RILReceiver0 [SUB0]
03-23 08:39:02.717  3527  3970 I RILJ    : (0) Connected to 'rild' socket
03-23 08:39:02.717  2368  2485 I RILC    : **RILD ListenCallback**
03-23 08:39:02.717  2368  2485 I RILC    : listenCallback: fdListen: 13
03-23 08:39:02.717  2368  2485 I RILC    : listenCallback: new fd: 16, client id: 0
03-23 08:39:02.717  2368  2485 D use-Rlog/RLOG-RILC: fd = 16, status = 1
03-23 08:39:02.717  2368  2485 D use-Rlog/RLOG-RILC: fd = -1, status = 0
03-23 08:39:02.717  2368  2485 I RILC    : libril: new connection
03-23 08:39:02.717  2368  2485 I RILC    : RIL_onUnsolicitedSendResponse: UNSOL_RIL_CONNECTED,client_id: 0
03-23 08:39:02.717  2368  2485 I RILC    : RIL_onUnsolicitedSendResponse: UNSOL_RESPONSE_RADIO_STATE_CHANGED,client_id: 0
03-23 08:39:02.718  2368  2485 D use-Rlog/RLOG-RIL_GU: [modem_0]currentState = 1
03-23 08:39:02.718  2368  2485 D use-Rlog/RLOG-RIL_GU: Vendor RIL Build date: Mar 23 2016 00:33:22
03-23 08:39:02.718  2368  2485 I RILC    : RIL Daemon version: android hisilicon balong-ril 1.0
03-23 08:39:02.718  3527  3970 D RILJ    : [UNSL]< UNSOL_RIL_CONNECTED {9} [SUB0]
03-23 08:39:02.719  3527  3970 D RILJ    : [3648]> RADIO_POWER off [SUB0]
03-23 08:39:02.720  3527  3527 D RILJ    : [3649]> GET_HARDWARE_CONFIG [SUB0]
03-23 08:39:02.720  3527  3970 D RILJ    : [3650]> RIL_REQUEST_CDMA_SET_SUBSCRIPTION_SOURCE : 0 [SUB0]
03-23 08:39:02.720  2368  2485 D use-Rlog/RLOG-RIL_GU: [modem_0]onRequest[23]:RADIO_POWER[0]
03-23 08:39:02.720  2368  2485 D use-Rlog/RLOG-RIL_GU: [modem_0]onRequest: RADIO_POWER failed, sState= 1
03-23 08:39:02.720  2368  2485 I RILC    : RIL_onRequestComplete: free RIL_Token 0x7fb7221040
03-23 08:39:02.721  2368  2485 D use-Rlog/RLOG-RIL_GU: [modem_0]onRequest: GET_HARDWARE_CONFIG
03-23 08:39:02.721  2368  2485 D use-Rlog/RLOG-RIL_GU: [modem_0]onRequest: GET_HARDWARE_CONFIG failed, sState= 1
03-23 08:39:02.721  2368  2485 I RILC    : RIL_onRequestComplete: free RIL_Token 0x7fb7221040
03-23 08:39:02.721  3527  3527 I PhoneFactory: Network Mode set to 9
03-23 08:39:02.722  3527  3527 D RILJ    : RIL(context, preferredNetworkType=9 cdmaSubscription=0)
03-23 08:39:02.722  3527  3970 D RILJ    : setCellInfoListRate: 2147483647 [SUB0]
03-23 08:39:02.722  3527  3970 D RILJ    : [3651]> RIL_REQUEST_SET_CELL_INFO_LIST_RATE [SUB0]
03-23 08:39:02.722  2368  2485 D use-Rlog/RLOG-RIL_GU: [modem_0]onRequest[77]:CDMA_SET_SUBSCRIPTION_SOURCE[0]
03-23 08:39:02.722  2368  2485 D use-Rlog/RLOG-RIL_GU: [modem_0]onRequest: CDMA_SET_SUBSCRIPTION_SOURCE failed, sState= 1
03-23 08:39:02.722  2368  2485 I RILC    : RIL_onRequestComplete: free RIL_Token 0x7fb7221040
03-23 08:39:02.723  2368  2485 D use-Rlog/RLOG-RIL_GU: [modem_0]onRequest[110]:SET_UNSOL_CELL_INFO_LIST_RATE[2147483647]
03-23 08:39:02.723  2368  2485 D use-Rlog/RLOG-RIL_GU: [modem_0]onRequest: SET_UNSOL_CELL_INFO_LIST_RATE failed, sState= 1
03-23 08:39:02.723  2368  2485 I RILC    : RIL_onRequestComplete: free RIL_Token 0x7fb7221040
03-23 08:39:02.723  3527  3970 D RILJ    : [UNSL]< UNSOL_RESPONSE_RADIO_STATE_CHANGED RADIO_UNAVAILABLE [SUB0]
03-23 08:39:02.723  3527  3527 D RILJ    : Starting RILReceiver1 [SUB1]
03-23 08:39:02.724  3527  3970 D RilRequest: [3648]< RADIO_POWER error: com.android.internal.telephony.CommandException: RADIO_NOT_AVAILABLE ret=
03-23 08:39:02.724  3527  3970 D RilRequest: [3649]< GET_HARDWARE_CONFIG error: com.android.internal.telephony.CommandException: RADIO_NOT_AVAILABLE ret=
03-23 08:39:02.724  3527  3970 D RilRequest: [3650]< RIL_REQUEST_CDMA_SET_SUBSCRIPTION_SOURCE error: com.android.internal.telephony.CommandException: RADIO_NOT_AVAILABLE ret=
03-23 08:39:02.724  3527  3970 D RilRequest: [3651]< RIL_REQUEST_SET_CELL_INFO_LIST_RATE error: com.android.internal.telephony.CommandException: RADIO_NOT_AVAILABLE ret=
03-23 08:39:02.725  2382  2479 I RILC    : **RILD ListenCallback**
03-23 08:39:02.725  3527  3972 I RILJ    : (1) Connected to 'rild2' socket
03-23 08:39:02.725  2382  2479 I RILC    : listenCallback: fdListen: 13
03-23 08:39:02.725  2382  2479 I RILC    : listenCallback: new fd: 16, client id: 0
03-23 08:39:02.725  2382  2479 D use-Rlog/RLOG-RILC: fd = 16, status = 1
03-23 08:39:02.725  2382  2479 D use-Rlog/RLOG-RILC: fd = -1, status = 0
03-23 08:39:02.725  2382  2479 I RILC    : libril: new connection
03-23 08:39:02.725  2382  2479 I RILC    : RIL_onUnsolicitedSendResponse: UNSOL_RIL_CONNECTED,client_id: 0
03-23 08:39:02.725  3527  3972 D RILJ    : [UNSL]< UNSOL_RIL_CONNECTED {9} [SUB1]
03-23 08:39:02.725  3527  3972 D RILJ    : [3652]> RADIO_POWER off [SUB1]
03-23 08:39:02.727  2382  2479 I RILC    : RIL_onUnsolicitedSendResponse: UNSOL_RESPONSE_RADIO_STATE_CHANGED,client_id: 0
03-23 08:39:02.727  2382  2479 D use-Rlog/RLOG-RIL_GU: [modem_1]currentState = 1
03-23 08:39:02.727  2382  2479 D use-Rlog/RLOG-RIL_GU: Vendor RIL Build date: Mar 23 2016 00:33:20
03-23 08:39:02.727  2382  2479 I RILC    : RIL Daemon version: android hisilicon balong-ril 1.0
03-23 08:39:02.728  3527  3527 D RILJ    : [3653]> GET_HARDWARE_CONFIG [SUB1]
03-23 08:39:02.728  3527  3972 D RILJ    : [3654]> RIL_REQUEST_CDMA_SET_SUBSCRIPTION_SOURCE : 0 [SUB1]
03-23 08:39:02.728  2382  2479 D use-Rlog/RLOG-RIL_GU: [modem_1]onRequest[23]:RADIO_POWER[0]
03-23 08:39:02.728  2382  2479 D use-Rlog/RLOG-RIL_GU: [modem_1]onRequest: RADIO_POWER failed, sState= 1
03-23 08:39:02.728  2382  2479 I RILC    : RIL_onRequestComplete: free RIL_Token 0x7fb76a1140
03-23 08:39:02.729  3527  3527 I PhoneFactory: Creating SubscriptionController
03-23 08:39:02.729  2382  2479 D use-Rlog/RLOG-RIL_GU: [modem_1]onRequest: GET_HARDWARE_CONFIG
03-23 08:39:02.729  2382  2479 D use-Rlog/RLOG-RIL_GU: [modem_1]onRequest: GET_HARDWARE_CONFIG failed, sState= 1
03-23 08:39:02.729  2382  2479 I RILC    : RIL_onRequestComplete: free RIL_Token 0x7fb76a1140
03-23 08:39:02.731  3527  3972 D RILJ    : setCellInfoListRate: 2147483647 [SUB1]
03-23 08:39:02.731  3527  3972 D RILJ    : [3655]> RIL_REQUEST_SET_CELL_INFO_LIST_RATE [SUB1]
03-23 08:39:02.731  2382  2479 D use-Rlog/RLOG-RIL_GU: [modem_1]onRequest[77]:CDMA_SET_SUBSCRIPTION_SOURCE[0]
03-23 08:39:02.731  2382  2479 D use-Rlog/RLOG-RIL_GU: [modem_1]onRequest: CDMA_SET_SUBSCRIPTION_SOURCE failed, sState= 1
03-23 08:39:02.731  2382  2479 I RILC    : RIL_onRequestComplete: free RIL_Token 0x7fb76a1140
03-23 08:39:02.732  3527  3527 D SubscriptionController: [SubscriptionController] init by Context
03-23 08:39:02.732  3527  3972 D RILJ    : [UNSL]< UNSOL_RESPONSE_RADIO_STATE_CHANGED RADIO_UNAVAILABLE [SUB1]
03-23 08:39:02.732  2382  2479 D use-Rlog/RLOG-RIL_GU: [modem_1]onRequest[110]:SET_UNSOL_CELL_INFO_LIST_RATE[2147483647]
03-23 08:39:02.732  2382  2479 D use-Rlog/RLOG-RIL_GU: [modem_1]onRequest: SET_UNSOL_CELL_INFO_LIST_RATE failed, sState= 1
03-23 08:39:02.732  2382  2479 I RILC    : RIL_onRequestComplete: free RIL_Token 0x7fb76a1140
03-23 08:39:02.732  3527  3972 D RilRequest: [3652]< RADIO_POWER error: com.android.internal.telephony.CommandException: RADIO_NOT_AVAILABLE ret=
03-23 08:39:02.732  3527  3972 D RilRequest: [3653]< GET_HARDWARE_CONFIG error: com.android.internal.telephony.CommandException: RADIO_NOT_AVAILABLE ret=
03-23 08:39:02.732  3527  3972 D RilRequest: [3654]< RIL_REQUEST_CDMA_SET_SUBSCRIPTION_SOURCE error: com.android.internal.telephony.CommandException: RADIO_NOT_AVAILABLE ret=
03-23 08:39:02.732  3527  3972 D RilRequest: [3655]< RIL_REQUEST_SET_CELL_INFO_LIST_RATE error: com.android.internal.telephony.CommandException: RADIO_NOT_AVAILABLE ret=
03-23 08:39:02.733  3527  3527 D UiccController: Creating UiccController
03-23 08:39:02.738  3527  3527 D TelephonyTester: register for intent action=com.android.internal.telephony.gsm.action_detached
03-23 08:39:02.738  3527  3527 D TelephonyTester: register for intent action=com.android.internal.telephony.gsm.action_attached
03-23 08:39:02.740  3527  3527 D PhoneBase: mDoesRilSendMultipleCallRing=true
03-23 08:39:02.740  3527  3527 D PhoneBase: mCallRingDelay=3000
03-23 08:39:02.745  3527  3527 D RILJ    : [3656]> RIL_REQUEST_START_LCE [SUB0]
03-23 08:39:02.746  3527  3527 D PhoneBase: mOosIsDisconnect=true
03-23 08:39:02.746  2368  2485 D use-Rlog/RLOG-RIL_GU: [modem_0]onRequest[132]:<unknown request>[200]
03-23 08:39:02.746  3527  3527 D RILJ    : setPhoneType=1 old value=0 [SUB0]
03-23 08:39:02.746  2368  2485 D use-Rlog/RLOG-RIL_GU: [modem_0]onRequest: <unknown request> failed, sState= 1
03-23 08:39:02.746  2368  2485 I RILC    : RIL_onRequestComplete: free RIL_Token 0x7fb7221040
03-23 08:39:02.746  3527  3970 D RilRequest: [3656]< RIL_REQUEST_START_LCE error: com.android.internal.telephony.CommandException: RADIO_NOT_AVAILABLE ret=
03-23 08:39:02.751  2890  3543 D TelephonyRegistry: listen oscl: hasNotifySubscriptionInfoChangedOccurred==false no callback
03-23 08:39:02.752  3527  3527 D TelephonyManager: setTelephonyProperty: success phoneId=0 property=gsm.network.type value: Unknown propVal=Unknown
03-23 08:39:02.755  3527  3527 D RILJ    : [3657]> SIGNAL_STRENGTH [SUB0]
03-23 08:39:02.756  2368  2485 D use-Rlog/RLOG-RIL_GU: [modem_0]onRequest: SIGNAL_STRENGTH
03-23 08:39:02.756  2368  2485 D use-Rlog/RLOG-RIL_GU: [modem_0]onRequest: SIGNAL_STRENGTH failed, sState= 1
03-23 08:39:02.756  2368  2485 I RILC    : RIL_onRequestComplete: free RIL_Token 0x7fb7221040
03-23 08:39:02.756  3527  3970 D RilRequest: [3657]< SIGNAL_STRENGTH error: com.android.internal.telephony.CommandException: RADIO_NOT_AVAILABLE ret=
03-23 08:39:02.759  3527  3527 D         : [0]DCT.constructor
03-23 08:39:02.759  3527  3527 D SubscriptionController: [getSubId]- sSlotIdxToSubId.size == 0, return DummySubIds slotIdx=0
03-23 08:39:02.759  3527  3527 D SubscriptionController: [getSubId]- sSlotIdxToSubId.size == 0, return DummySubIds slotIdx=0
03-23 08:39:02.762  3527  3527 D         : [0]getDataEnabled: getIntWithSubId retVal=false
03-23 08:39:02.765  2890  3134 D TelephonyRegistry: listen oscl: hasNotifySubscriptionInfoChangedOccurred==false no callback
03-23 08:39:02.767  3527  3527 D Dcc     : E ctor
03-23 08:39:02.767  3527  3527 D Dcc     : X ctor
03-23 08:39:02.770  3527  3527 D SubscriptionController: [getPhoneId] asked for default subId=-1
03-23 08:39:02.770  3527  3527 D SubscriptionController: [getPhoneId]- invalid subId return=-1
03-23 08:39:02.771  3527  3976 D DcTesterDeacativeAll: register for intent action=com.android.internal.telephony.dataconnection.action_deactivate_all
03-23 08:39:02.771  3527  3976 D DcTesterDeacativeAll: register for intent action=com.android.internal.telephony.gsm.action_detached
03-23 08:39:02.772  3527  3976 D Dcc     : DccDefaultState: msg.what=EVENT_RIL_CONNECTED mRilVersion=9
03-23 08:39:02.772  3527  3527 D DcTesterFailBrinupAll: register for intent action=com.android.internal.telephony.dataconnection.action_fail_bringup
03-23 08:39:02.772  3527  3527 D DcTesterFailBrinupAll: register for intent action=com.android.internal.telephony.gsm.action_detached
03-23 08:39:02.772  3527  3527 D DcTesterFailBrinupAll: register for intent action=com.android.internal.telephony.gsm.action_attached
03-23 08:39:02.773  3527  3527 D DCT     : [0]GsmDCT.constructor
03-23 08:39:02.774  3527  3527 D GsmSST  : [GsmSST] notifyDataRegStateRilRadioTechnologyChanged: drs=1 rat=0
03-23 08:39:02.774  3527  3527 D TelephonyManager: setTelephonyProperty: success phoneId=0 property=gsm.network.type value: Unknown propVal=Unknown
03-23 08:39:02.774  3527  3527 D SubscriptionController: [getSubId]- sSlotIdxToSubId.size == 0, return DummySubIds slotIdx=0
03-23 08:39:02.774  3527  3527 D DCT     : [0]update sub = -2
03-23 08:39:02.774  3527  3527 D DCT     : [0]update(): Active DDS, register for all events now!
03-23 08:39:02.774  3527  3527 D DCT     : [0]onUpdateIcc: newIccRecords null
03-23 08:39:02.775  3527  3527 D SubscriptionController: [getSubId]- sSlotIdxToSubId.size == 0, return DummySubIds slotIdx=0
03-23 08:39:02.775  3527  3527 D DCT     : [0]getDataEnabled: getIntWithSubId retVal=false
03-23 08:39:02.778  3527  3527 D SubscriptionController: [getSubId]- sSlotIdxToSubId.size == 0, return DummySubIds slotIdx=0
03-23 08:39:02.778  3527  3527 D GSMPhone: [GSMPhone] updateCurrentCarrierInProvider: mSubId = -2 currentDds = -1 operatorNumeric = null
03-23 08:39:02.779  3527  3527 D DCT     : [0]initApnContexts: E
03-23 08:39:02.780  3527  3527 D DCT     : [0]initApnContexts: skipping unknown type=1
03-23 08:39:02.780  3527  3527 D DCT     : [0]initApnContexts: apnContext={mApnType=default mState=IDLE mWaitingApns={null} mWaitingApnsPermanentFailureCountDown=0 mApnSetting={null} mReason=dataEnabled mDataEnabled=false mDependencyMet=true}
03-23 08:39:02.780  3527  3527 D DCT     : [0]initApnContexts: apnContext={mApnType=mms mState=IDLE mWaitingApns={null} mWaitingApnsPermanentFailureCountDown=0 mApnSetting={null} mReason=dataEnabled mDataEnabled=false mDependencyMet=true}
03-23 08:39:02.780  3527  3527 D DCT     : [0]initApnContexts: apnContext={mApnType=supl mState=IDLE mWaitingApns={null} mWaitingApnsPermanentFailureCountDown=0 mApnSetting={null} mReason=dataEnabled mDataEnabled=false mDependencyMet=true}
03-23 08:39:02.780  3527  3527 D DCT     : [0]initApnContexts: apnContext={mApnType=dun mState=IDLE mWaitingApns={null} mWaitingApnsPermanentFailureCountDown=0 mApnSetting={null} mReason=dataEnabled mDataEnabled=false mDependencyMet=true}
03-23 08:39:02.780  3527  3527 D DCT     : [0]initApnContexts: apnContext={mApnType=hipri mState=IDLE mWaitingApns={null} mWaitingApnsPermanentFailureCountDown=0 mApnSetting={null} mReason=dataEnabled mDataEnabled=false mDependencyMet=true}
03-23 08:39:02.780  3527  3527 D DCT     : [0]initApnContexts: apnContext={mApnType=fota mState=IDLE mWaitingApns={null} mWaitingApnsPermanentFailureCountDown=0 mApnSetting={null} mReason=dataEnabled mDataEnabled=false mDependencyMet=true}
03-23 08:39:02.780  3527  3527 D DCT     : [0]initApnContexts: apnContext={mApnType=ims mState=IDLE mWaitingApns={null} mWaitingApnsPermanentFailureCountDown=0 mApnSetting={null} mReason=dataEnabled mDataEnabled=false mDependencyMet=true}
03-23 08:39:02.780  3527  3527 D DCT     : [0]initApnContexts: apnContext={mApnType=cbs mState=IDLE mWaitingApns={null} mWaitingApnsPermanentFailureCountDown=0 mApnSetting={null} mReason=dataEnabled mDataEnabled=false mDependencyMet=true}
03-23 08:39:02.780  3527  3527 D DCT     : [0]initApnContexts: apnContext={mApnType=ia mState=IDLE mWaitingApns={null} mWaitingApnsPermanentFailureCountDown=0 mApnSetting={null} mReason=dataEnabled mDataEnabled=false mDependencyMet=true}
03-23 08:39:02.780  3527  3527 D DCT     : [0]initApnContexts: skipping unknown type=7
03-23 08:39:02.780  3527  3527 D DCT     : [0]initApnContexts: X mApnContexts={default={mApnType=default mState=IDLE mWaitingApns={null} mWaitingApnsPermanentFailureCountDown=0 mApnSetting={null} mReason=dataEnabled mDataEnabled=false mDependencyMet=true}, mms={mApnType=mms mState=IDLE mWaitingApns={null} mWaitingApnsPermanentFailureCountDown=0 mApnSetting={null} mReason=dataEnabled mDataEnabled=false mDependencyMet=true}, cbs={mApnType=cbs mState=IDLE mWaitingApns={null} mWaitingApnsPermanentFailureCountDown=0 mApnSetting={null} mReason=dataEnabled mDataEnabled=false mDependencyMet=true}, fota={mApnType=fota mState=IDLE mWaitingApns={null} mWaitingApnsPermanentFailureCountDown=0 mApnSetting={null} mReason=dataEnabled mDataEnabled=false mDependencyMet=true}, supl={mApnType=supl mState=IDLE mWaitingApns={null} mWaitingApnsPermanentFailureCountDown=0 mApnSetting={null} mReason=dataEnabled mDataEnabled=false mDependencyMet=true}, ia={mApnType=ia mState=IDLE mWaitingApns={null} mWaitingApnsPermanentFailureCountDown=0 mApnSetting={null} mReason=dataEnabled mDataEnabled=false mDependencyMet=true}, dun={mApnType=dun mState=IDLE mWaitingApns={null} mWaitingApnsPermanentFailureCountDown=0 mApnSetting={null} mReason=dataEnabled mDataEnabled=false mDependencyMet=true}, hipri={mApnType=hipri mState=IDLE mWaitingApns={null} mWaitingApnsPermanentFailureCountDown=0 mApnSetting={null} mReason=dataEnabled mDataEnabled=false mDependencyMet=true}, ims={mApnType=ims mState=IDLE mWaitingApns={null} mWaitingApnsPermanentFailureCountDown=0 mApnSetting={null} mReason=dataEnabled mDataEnabled=false mDependencyMet=true}}
03-23 08:39:02.794  3527  3527 D TelephonyManager: setTelephonyProperty: success phoneId=0 property=gsm.current.phone-type value: 1 propVal=1
03-23 08:39:02.795  3527  3527 D GSMPhone: [GSMPhone] GSMPhone: constructor: sub = 0
03-23 08:39:02.795  3527  3527 D TelephonyManager: setTelephonyProperty: success phoneId=0 property=gsm.current.phone-type value: 1 propVal=1
03-23 08:39:02.796  3527  3527 D SubscriptionController: [getSubId]- sSlotIdxToSubId.size == 0, return DummySubIds slotIdx=0
03-23 08:39:02.797  3527  3527 I PhoneFactory: Creating Phone with type = 1 sub = 0
03-23 08:39:02.801  3527  3527 E RIL_ImsSms: getFormat should never be called from here!
03-23 08:39:02.801  3527  3527 D SMSDispatcher: SMSDispatcher: ctor mSmsCapable=true format=unknown mSmsSendDisabled=false
03-23 08:39:02.801  3527  3527 D RIL_ImsSms: ImsSMSDispatcher created
03-23 08:39:02.802  3527  3527 D SMSDispatcher: SMSDispatcher: ctor mSmsCapable=true format=3gpp2 mSmsSendDisabled=false
03-23 08:39:02.802  3527  3527 D CdmaSMSDispatcher: CdmaSMSDispatcher created
03-23 08:39:02.823  3527  3527 D GsmInboundSmsHandler: created InboundSmsHandler
03-23 08:39:02.830  3527  3527 D CdmaInboundSmsHandler: created InboundSmsHandler
03-23 08:39:02.834  3527  3527 D SMSDispatcher: SMSDispatcher: ctor mSmsCapable=true format=3gpp mSmsSendDisabled=false
03-23 08:39:02.834  3527  3527 D GsmSMSDispatcher: GsmSMSDispatcher created
03-23 08:39:02.835  3527  3996 D SmsBroadcastUndelivered: scanning raw table for undelivered messages
03-23 08:39:02.836  3527  3527 D IccCardProxy: ctor: ci=com.android.internal.telephony.RIL@276a3d9 phoneId=0
03-23 08:39:02.836  3527  3527 D CdmaSSM : subscriptionSource from settings: 0
03-23 08:39:02.837  3527  3527 D CdmaSSM : cdmaSSM constructor: 0
03-23 08:39:02.837  3527  3527 D IccCardProxy: update icc_operator_numeric=
03-23 08:39:02.837  3527  3527 D TelephonyManager: setTelephonyProperty: success phoneId=0 property=gsm.sim.operator.numeric value:  propVal=
03-23 08:39:02.837  3527  3527 D TelephonyManager: setTelephonyProperty: success phoneId=0 property=gsm.sim.operator.iso-country value:  propVal=
03-23 08:39:02.838  3527  3527 D TelephonyManager: setTelephonyProperty: success phoneId=0 property=gsm.sim.operator.alpha value:  propVal=
03-23 08:39:02.838  3527  3527 E IccCardProxy: setExternalState: set mPhoneId=0 mExternalState=NOT_READY
03-23 08:39:02.839  3527  3527 D TelephonyManager: setTelephonyProperty: success phoneId=0 property=gsm.sim.state value: NOT_READY propVal=NOT_READY
03-23 08:39:02.839  3527  3527 D SubscriptionController: [getSubId]- sSlotIdxToSubId.size == 0, return DummySubIds slotIdx=0
03-23 08:39:02.840  3527  3527 D IccCardProxy: broadcastIccStateChangedIntent intent ACTION_SIM_STATE_CHANGED value=NOT_READY reason=null for mPhoneId=0
03-23 08:39:02.846  3527  3527 D IccCardProxy: Setting radio tech UMTS
03-23 08:39:02.846  3527  3527 D IccCardProxy: updateQuietMode: 3GPP subscription -> newQuietMode=false
03-23 08:39:02.846  3527  3527 D IccCardProxy: updateQuietMode: no changes don't setExternalState
03-23 08:39:02.846  3527  3527 D IccCardProxy: updateQuietMode: QuietMode is false (app_type=1 cdmaSource=-1)
03-23 08:39:02.847  3527  3542 D SubscriptionController: [getActiveSubInfoList]+
03-23 08:39:02.848  3527  3527 D TelephonyTester: register for intent action=com.android.internal.telephony.gsm.action_detached
03-23 08:39:02.848  3527  3527 D TelephonyTester: register for intent action=com.android.internal.telephony.gsm.action_attached
03-23 08:39:02.849  3527  3542 D SubscriptionController: [getActiveSubInfoList] Sub Controller not ready
03-23 08:39:02.850  3527  3527 D PhoneBase: mDoesRilSendMultipleCallRing=true
03-23 08:39:02.850  3527  3527 D PhoneBase: mCallRingDelay=3000
03-23 08:39:02.855  3527  3527 D RILJ    : [3658]> RIL_REQUEST_START_LCE [SUB1]
03-23 08:39:02.856  3527  3527 D PhoneBase: mOosIsDisconnect=true
03-23 08:39:02.856  3527  3527 D RILJ    : setPhoneType=1 old value=0 [SUB1]
03-23 08:39:02.856  2382  2479 D use-Rlog/RLOG-RIL_GU: [modem_1]onRequest[132]:<unknown request>[200]
03-23 08:39:02.856  2382  2479 D use-Rlog/RLOG-RIL_GU: [modem_1]onRequest: <unknown request> failed, sState= 1
03-23 08:39:02.856  2382  2479 I RILC    : RIL_onRequestComplete: free RIL_Token 0x7fb76a1140
03-23 08:39:02.857  3527  3972 D RilRequest: [3658]< RIL_REQUEST_START_LCE error: com.android.internal.telephony.CommandException: RADIO_NOT_AVAILABLE ret=
03-23 08:39:02.859  2890  2902 D TelephonyRegistry: listen oscl: hasNotifySubscriptionInfoChangedOccurred==false no callback
03-23 08:39:02.859  3527  3527 D TelephonyManager: setTelephonyProperty: success phoneId=1 property=gsm.network.type value: Unknown propVal=Unknown,Unknown
03-23 08:39:02.863  3527  3527 D RILJ    : [3659]> SIGNAL_STRENGTH [SUB1]
03-23 08:39:02.865  2382  2479 D use-Rlog/RLOG-RIL_GU: [modem_1]onRequest: SIGNAL_STRENGTH
03-23 08:39:02.865  2382  2479 D use-Rlog/RLOG-RIL_GU: [modem_1]onRequest: SIGNAL_STRENGTH failed, sState= 1
03-23 08:39:02.865  2382  2479 I RILC    : RIL_onRequestComplete: free RIL_Token 0x7fb76a1140
03-23 08:39:02.865  3527  3972 D RilRequest: [3659]< SIGNAL_STRENGTH error: com.android.internal.telephony.CommandException: RADIO_NOT_AVAILABLE ret=
03-23 08:39:02.868  3527  3527 D         : [1]DCT.constructor
03-23 08:39:02.868  3527  3527 D SubscriptionController: [getSubId]- sSlotIdxToSubId.size == 0, return DummySubIds slotIdx=1
03-23 08:39:02.868  3527  3527 D SubscriptionController: [getSubId]- sSlotIdxToSubId.size == 0, return DummySubIds slotIdx=1
03-23 08:39:02.872  3527  3527 D         : [1]getDataEnabled: getIntWithSubId retVal=true
03-23 08:39:02.874  2890  3526 D TelephonyRegistry: listen oscl: hasNotifySubscriptionInfoChangedOccurred==false no callback
03-23 08:39:02.875  3527  3527 D Dcc     : E ctor
03-23 08:39:02.875  3527  3527 D Dcc     : X ctor
03-23 08:39:02.877  3527  3527 D SubscriptionController: [getPhoneId] asked for default subId=-1
03-23 08:39:02.877  3527  3527 D SubscriptionController: [getPhoneId]- invalid subId return=-1
03-23 08:39:02.878  3527  3527 D DcTesterFailBrinupAll: register for intent action=com.android.internal.telephony.dataconnection.action_fail_bringup
03-23 08:39:02.878  3527  3527 D DcTesterFailBrinupAll: register for intent action=com.android.internal.telephony.gsm.action_detached
03-23 08:39:02.878  3527  4002 D DcTesterDeacativeAll: register for intent action=com.android.internal.telephony.dataconnection.action_deactivate_all
03-23 08:39:02.878  3527  3527 D DcTesterFailBrinupAll: register for intent action=com.android.internal.telephony.gsm.action_attached
03-23 08:39:02.878  3527  4002 D DcTesterDeacativeAll: register for intent action=com.android.internal.telephony.gsm.action_detached
03-23 08:39:02.880  3527  3527 D DCT     : [1]GsmDCT.constructor
03-23 08:39:02.880  3527  4002 D Dcc     : DccDefaultState: msg.what=EVENT_RIL_CONNECTED mRilVersion=9
03-23 08:39:02.880  3527  3527 D GsmSST  : [GsmSST] notifyDataRegStateRilRadioTechnologyChanged: drs=1 rat=0
03-23 08:39:02.880  3527  3527 D TelephonyManager: setTelephonyProperty: success phoneId=1 property=gsm.network.type value: Unknown propVal=Unknown,Unknown
03-23 08:39:02.881  3527  3527 D SubscriptionController: [getSubId]- sSlotIdxToSubId.size == 0, return DummySubIds slotIdx=1
03-23 08:39:02.881  3527  3527 D DCT     : [1]update sub = -3
03-23 08:39:02.881  3527  3527 D DCT     : [1]update(): Active DDS, register for all events now!
03-23 08:39:02.881  3527  3527 D DCT     : [1]onUpdateIcc: newIccRecords null
03-23 08:39:02.881  3527  3527 D SubscriptionController: [getSubId]- sSlotIdxToSubId.size == 0, return DummySubIds slotIdx=1
03-23 08:39:02.882  3527  3527 D DCT     : [1]getDataEnabled: getIntWithSubId retVal=true
03-23 08:39:02.883  3527  3527 D SubscriptionController: [getSubId]- sSlotIdxToSubId.size == 0, return DummySubIds slotIdx=1
03-23 08:39:02.883  3527  3527 D GSMPhone: [GSMPhone] updateCurrentCarrierInProvider: mSubId = -3 currentDds = -1 operatorNumeric = null
03-23 08:39:02.884  3527  3527 D DCT     : [1]initApnContexts: E
03-23 08:39:02.884  3527  3527 D DCT     : [1]initApnContexts: skipping unknown type=1
03-23 08:39:02.884  3527  3527 D DCT     : [1]initApnContexts: apnContext={mApnType=default mState=IDLE mWaitingApns={null} mWaitingApnsPermanentFailureCountDown=0 mApnSetting={null} mReason=dataEnabled mDataEnabled=false mDependencyMet=true}
03-23 08:39:02.884  3527  3527 D DCT     : [1]initApnContexts: apnContext={mApnType=mms mState=IDLE mWaitingApns={null} mWaitingApnsPermanentFailureCountDown=0 mApnSetting={null} mReason=dataEnabled mDataEnabled=false mDependencyMet=true}
03-23 08:39:02.884  3527  3527 D DCT     : [1]initApnContexts: apnContext={mApnType=supl mState=IDLE mWaitingApns={null} mWaitingApnsPermanentFailureCountDown=0 mApnSetting={null} mReason=dataEnabled mDataEnabled=false mDependencyMet=true}
03-23 08:39:02.884  3527  3527 D DCT     : [1]initApnContexts: apnContext={mApnType=dun mState=IDLE mWaitingApns={null} mWaitingApnsPermanentFailureCountDown=0 mApnSetting={null} mReason=dataEnabled mDataEnabled=false mDependencyMet=true}
03-23 08:39:02.884  3527  3527 D DCT     : [1]initApnContexts: apnContext={mApnType=hipri mState=IDLE mWaitingApns={null} mWaitingApnsPermanentFailureCountDown=0 mApnSetting={null} mReason=dataEnabled mDataEnabled=false mDependencyMet=true}
03-23 08:39:02.884  3527  3527 D DCT     : [1]initApnContexts: apnContext={mApnType=fota mState=IDLE mWaitingApns={null} mWaitingApnsPermanentFailureCountDown=0 mApnSetting={null} mReason=dataEnabled mDataEnabled=false mDependencyMet=true}
03-23 08:39:02.885  3527  3527 D DCT     : [1]initApnContexts: apnContext={mApnType=ims mState=IDLE mWaitingApns={null} mWaitingApnsPermanentFailureCountDown=0 mApnSetting={null} mReason=dataEnabled mDataEnabled=false mDependencyMet=true}
03-23 08:39:02.885  3527  3527 D DCT     : [1]initApnContexts: apnContext={mApnType=cbs mState=IDLE mWaitingApns={null} mWaitingApnsPermanentFailureCountDown=0 mApnSetting={null} mReason=dataEnabled mDataEnabled=false mDependencyMet=true}
03-23 08:39:02.885  3527  3527 D DCT     : [1]initApnContexts: apnContext={mApnType=ia mState=IDLE mWaitingApns={null} mWaitingApnsPermanentFailureCountDown=0 mApnSetting={null} mReason=dataEnabled mDataEnabled=false mDependencyMet=true}
03-23 08:39:02.885  3527  3527 D DCT     : [1]initApnContexts: skipping unknown type=7
03-23 08:39:02.885  3527  3527 D DCT     : [1]initApnContexts: X mApnContexts={default={mApnType=default mState=IDLE mWaitingApns={null} mWaitingApnsPermanentFailureCountDown=0 mApnSetting={null} mReason=dataEnabled mDataEnabled=false mDependencyMet=true}, mms={mApnType=mms mState=IDLE mWaitingApns={null} mWaitingApnsPermanentFailureCountDown=0 mApnSetting={null} mReason=dataEnabled mDataEnabled=false mDependencyMet=true}, cbs={mApnType=cbs mState=IDLE mWaitingApns={null} mWaitingApnsPermanentFailureCountDown=0 mApnSetting={null} mReason=dataEnabled mDataEnabled=false mDependencyMet=true}, fota={mApnType=fota mState=IDLE mWaitingApns={null} mWaitingApnsPermanentFailureCountDown=0 mApnSetting={null} mReason=dataEnabled mDataEnabled=false mDependencyMet=true}, supl={mApnType=supl mState=IDLE mWaitingApns={null} mWaitingApnsPermanentFailureCountDown=0 mApnSetting={null} mReason=dataEnabled mDataEnabled=false mDependencyMet=true}, ia={mApnType=ia mState=IDLE mWaitingApns={null} mWaitingApnsPermanentFailureCountDown=0 mApnSetting={null} mReason=dataEnabled mDataEnabled=false mDependencyMet=true}, dun={mApnType=dun mState=IDLE mWaitingApns={null} mWaitingApnsPermanentFailureCountDown=0 mApnSetting={null} mReason=dataEnabled mDataEnabled=false mDependencyMet=true}, hipri={mApnType=hipri mState=IDLE mWaitingApns={null} mWaitingApnsPermanentFailureCountDown=0 mApnSetting={null} mReason=dataEnabled mDataEnabled=false mDependencyMet=true}, ims={mApnType=ims mState=IDLE mWaitingApns={null} mWaitingApnsPermanentFailureCountDown=0 mApnSetting={null} mReason=dataEnabled mDataEnabled=false mDependencyMet=true}}
03-23 08:39:02.896  3527  3527 D TelephonyManager: setTelephonyProperty: success phoneId=1 property=gsm.current.phone-type value: 1 propVal=1,1
03-23 08:39:02.896  3527  3527 D GSMPhone: [GSMPhone] GSMPhone: constructor: sub = 1
03-23 08:39:02.896  3527  3527 D TelephonyManager: setTelephonyProperty: success phoneId=1 property=gsm.current.phone-type value: 1 propVal=1,1
03-23 08:39:02.897  3527  3527 D SubscriptionController: [getSubId]- sSlotIdxToSubId.size == 0, return DummySubIds slotIdx=1
03-23 08:39:02.898  3527  3527 I PhoneFactory: Creating Phone with type = 1 sub = 1
03-23 08:39:02.899  3527  3527 E RIL_ImsSms: getFormat should never be called from here!
03-23 08:39:02.899  3527  3527 D SMSDispatcher: SMSDispatcher: ctor mSmsCapable=true format=unknown mSmsSendDisabled=false
03-23 08:39:02.899  3527  3527 D RIL_ImsSms: ImsSMSDispatcher created
03-23 08:39:02.900  3527  3527 D SMSDispatcher: SMSDispatcher: ctor mSmsCapable=true format=3gpp2 mSmsSendDisabled=false
03-23 08:39:02.900  3527  3527 D CdmaSMSDispatcher: CdmaSMSDispatcher created
03-23 08:39:02.906  3527  3527 D GsmInboundSmsHandler: created InboundSmsHandler
03-23 08:39:02.913  3527  3527 D CdmaInboundSmsHandler: created InboundSmsHandler
03-23 08:39:02.916  3527  3527 D SMSDispatcher: SMSDispatcher: ctor mSmsCapable=true format=3gpp mSmsSendDisabled=false
03-23 08:39:02.916  3527  3527 D GsmSMSDispatcher: GsmSMSDispatcher created
03-23 08:39:02.916  3527  3527 D IccCardProxy: ctor: ci=com.android.internal.telephony.RIL@6976b62 phoneId=1
03-23 08:39:02.916  3527  3527 D IccCardProxy: update icc_operator_numeric=
03-23 08:39:02.916  3527  3527 D TelephonyManager: setTelephonyProperty: success phoneId=1 property=gsm.sim.operator.numeric value:  propVal=,
03-23 08:39:02.917  3527  4009 D SmsBroadcastUndelivered: scanning raw table for undelivered messages
03-23 08:39:02.918  2368  2485 D use-Rlog/RLOG-RILC: p_info 0x7fb721e000 free in userTimerCallback
03-23 08:39:02.918  3527  3527 D TelephonyManager: setTelephonyProperty: success phoneId=1 property=gsm.sim.operator.iso-country value:  propVal=,
03-23 08:39:02.918  2368  2485 D use-Rlog/RLOG-RILC: p_info 0x7fb721e180 free in userTimerCallback
03-23 08:39:02.918  3527  3527 D TelephonyManager: setTelephonyProperty: success phoneId=1 property=gsm.sim.operator.alpha value:  propVal=,
03-23 08:39:02.919  3527  3527 E IccCardProxy: setExternalState: set mPhoneId=1 mExternalState=NOT_READY
03-23 08:39:02.919  3527  3527 D TelephonyManager: setTelephonyProperty: success phoneId=1 property=gsm.sim.state value: NOT_READY propVal=NOT_READY,NOT_READY
03-23 08:39:02.920  3527  3527 D SubscriptionController: [getSubId]- sSlotIdxToSubId.size == 0, return DummySubIds slotIdx=1
03-23 08:39:02.920  3527  3527 D IccCardProxy: broadcastIccStateChangedIntent intent ACTION_SIM_STATE_CHANGED value=NOT_READY reason=null for mPhoneId=1
03-23 08:39:02.921  3527  3527 D IccCardProxy: Setting radio tech UMTS
03-23 08:39:02.921  3527  3527 D IccCardProxy: updateQuietMode: 3GPP subscription -> newQuietMode=false
03-23 08:39:02.921  3527  3527 D IccCardProxy: updateQuietMode: no changes don't setExternalState
03-23 08:39:02.922  3527  3527 D IccCardProxy: updateQuietMode: QuietMode is false (app_type=1 cdmaSource=-1)
