03-03 20:22:24.611  5194  5446 D GsmInboundSmsHandler: IdleState.processMessage:5
03-03 20:22:24.611  5194  5481 D GsmInboundSmsHandler: IdleState.processMessage:5
03-03 20:22:24.611  5194  5458 D CdmaInboundSmsHandler: IdleState.processMessage:5
03-03 20:22:24.611  5194  5458 D CdmaInboundSmsHandler: Idle state processing message type 5
03-03 20:22:24.611  5194  5446 D GsmInboundSmsHandler: Idle state processing message type 5
03-03 20:22:24.611  5194  5481 D GsmInboundSmsHandler: Idle state processing message type 5
03-03 20:22:24.612  5194  5483 D CdmaInboundSmsHandler: Idle state processing message type 5
03-03 20:22:24.612  5194  5446 D GsmInboundSmsHandler: mWakeLock released
03-03 20:22:24.613  5194  5458 D CdmaInboundSmsHandler: mWakeLock released
03-03 20:22:24.613  5194  5481 D GsmInboundSmsHandler: mWakeLock released
03-03 20:22:24.613  5194  5483 D CdmaInboundSmsHandler: mWakeLock released
03-03 20:22:25.359  5194  5441 I RILJ    : Couldn't find 'rild2' socket; retrying after timeout
03-03 20:22:25.700  5194  5194 D SubscriptionController: [getPhoneId] asked for default subId=-1
03-03 20:22:25.700  5194  5194 D SubscriptionController: [getPhoneId]- invalid subId return=-1
03-03 20:22:26.693  5194  5194 D CAT     : com.android.stk.BootCompletedReceiver: [ACTION_BOOT_COMPLETED]
03-03 20:22:26.695  5194  5194 D CAT     : com.android.stk.StkAppService: onCreate()+
03-03 20:22:26.695  5194  5194 D CAT     : com.android.stk.StkAppService: simCount: 2
03-03 20:22:26.709  5194  5194 D CAT     : com.android.stk.StkAppService: slotId: 0
03-03 20:22:26.711  5194  5194 D CAT     : com.android.stk.StkAppService: slotId: 1
03-03 20:22:26.713  5194  5194 D CAT     : com.android.stk.StkAppService: onStart sim id: 0, op: 5, *****
03-03 20:22:26.713  5194  5194 D CAT     : com.android.stk.StkAppService: mStkService is: -1
03-03 20:22:26.716  5194  5757 D CAT     : com.android.stk.StkAppService: handleMessage opcode[5], sim id[0]
03-03 20:22:26.716  5194  5757 D CAT     : com.android.stk.StkAppService:  OP_BOOT_COMPLETED
03-03 20:22:26.716  5194  5757 D CAT     : StkAppInstaller: [setAppState]+
03-03 20:22:26.719  5194  5757 D CAT     : StkAppInstaller: Change app state[false]
03-03 20:22:26.720  5194  5757 D CAT     : StkAppInstaller: [setAppState]-
03-03 20:22:26.809  5194  5491 D SubscriptionController: [getActiveSubInfoList]+
03-03 20:22:26.814  5194  5491 D SubscriptionController: [getActiveSubInfoList] Sub Controller not ready
03-03 20:22:26.814  5194  5471 D SubscriptionController: [getPhoneId] asked for default subId=-1
03-03 20:22:26.814  5194  5471 D SubscriptionController: [getPhoneId]- invalid subId return=-1
03-03 20:22:26.820  5194  5219 D SubscriptionController: [getActiveSubInfoList]+
03-03 20:22:26.822  5194  5219 D SubscriptionController: [getActiveSubInfoList] Sub Controller not ready
03-03 20:22:26.831  5194  5471 D SubscriptionController: [getActiveSubInfoList]+
03-03 20:22:26.832  5194  5471 D SubscriptionController: [getActiveSubInfoList] Sub Controller not ready
03-03 20:22:26.929  5194  5219 D SubscriptionController: [getActiveSubInfoList]+
03-03 20:22:26.930  5194  5219 D SubscriptionController: [getActiveSubInfoList] Sub Controller not ready
03-03 20:22:27.062  5194  5209 D SubscriptionController: [getPhoneId] asked for default subId=-1
03-03 20:22:27.062  5194  5209 D SubscriptionController: [getPhoneId]- invalid subId return=-1
03-03 20:22:29.360  5194  5441 I RILJ    : Couldn't find 'rild2' socket; retrying after timeout
03-03 20:22:33.361  5194  5441 I RILJ    : Couldn't find 'rild2' socket; retrying after timeout
03-03 20:22:37.362  5194  5441 I RILJ    : Couldn't find 'rild2' socket; retrying after timeout
03-03 20:22:40.276  5194  5491 D SubscriptionController: [getSlotId]- subId invalid
03-03 20:22:40.277  5194  5471 D SubscriptionController: [getSubId]- invalid slotIdx=-1
03-03 20:22:40.429  5194  5471 D DCT     : [0]hasMatchedTetherApnSetting: APN=null
03-03 20:22:41.363  5194  5441 I RILJ    : Couldn't find 'rild2' socket; retrying after timeout
03-03 20:22:45.364  5194  5441 I RILJ    : Couldn't find 'rild2' socket; retrying after timeout
03-03 20:22:49.364  5194  5441 I RILJ    : Couldn't find 'rild2' socket; retrying after timeout
03-03 20:22:50.083  5194  5219 D SubscriptionController: [getPhoneId] asked for default subId=-1
03-03 20:22:50.083  5194  5219 D SubscriptionController: [getPhoneId]- invalid subId return=-1
03-03 20:22:50.084  5194  5471 D SubscriptionController: [getActiveSubInfoList]+
03-03 20:22:50.085  5194  5471 D SubscriptionController: [getActiveSubInfoList] Sub Controller not ready
03-03 20:22:50.086  5194  5209 D SubscriptionController: [getActiveSubInfoList]+
03-03 20:22:50.087  5194  5209 D SubscriptionController: [getActiveSubInfoList] Sub Controller not ready
03-03 20:22:50.087  5194  5209 D SubscriptionController: [getActiveSubscriptionInfoForSimSlotIndex]+ subList=null
03-03 20:22:50.089  5194  5491 D SubscriptionController: [getActiveSubInfoList]+
03-03 20:22:50.089  5194  5491 D SubscriptionController: [getActiveSubInfoList] Sub Controller not ready
03-03 20:22:50.089  5194  5491 D SubscriptionController: [getActiveSubscriptionInfoForSimSlotIndex]+ subList=null
03-03 20:22:50.178  5194  5491 D SubscriptionController: [getActiveSubInfoList]+
03-03 20:22:50.178  5194  5491 D SubscriptionController: [getActiveSubInfoList] Sub Controller not ready
03-03 20:22:50.179  5194  5219 D SubscriptionController: [getActiveSubInfoList]+
03-03 20:22:50.180  5194  5219 D SubscriptionController: [getActiveSubInfoList] Sub Controller not ready
03-03 20:22:50.181  5194  5219 D SubscriptionController: [getActiveSubscriptionInfoForSimSlotIndex]+ subList=null
03-03 20:22:50.183  5194  5471 D SubscriptionController: [getActiveSubInfoList]+
03-03 20:22:50.184  5194  5471 D SubscriptionController: [getActiveSubInfoList] Sub Controller not ready
03-03 20:22:50.184  5194  5471 D SubscriptionController: [getActiveSubscriptionInfoForSimSlotIndex]+ subList=null
03-03 20:22:53.365  5194  5441 E RILJ    : Couldn't find 'rild2' socket after 8 times, continuing to retry silently
03-03 20:22:58.031  5194  5209 D SubscriptionController: [getPhoneId] asked for default subId=-1
03-03 20:22:58.031  5194  5209 D SubscriptionController: [getPhoneId]- invalid subId return=-1
03-03 20:22:58.032  5194  5491 D SubscriptionController: [getActiveSubInfoList]+
03-03 20:22:58.032  5194  5491 D SubscriptionController: [getActiveSubInfoList] Sub Controller not ready
03-03 20:22:58.033  5194  5219 D SubscriptionController: [getActiveSubInfoList]+
03-03 20:22:58.033  5194  5219 D SubscriptionController: [getActiveSubInfoList] Sub Controller not ready
03-03 20:22:58.033  5194  5219 D SubscriptionController: [getActiveSubscriptionInfoForSimSlotIndex]+ subList=null
03-03 20:22:58.034  5194  5471 D SubscriptionController: [getActiveSubInfoList]+
03-03 20:22:58.035  5194  5471 D SubscriptionController: [getActiveSubInfoList] Sub Controller not ready
03-03 20:22:58.035  5194  5471 D SubscriptionController: [getActiveSubscriptionInfoForSimSlotIndex]+ subList=null
03-03 20:22:58.098  5194  5471 D SubscriptionController: [getActiveSubInfoList]+
03-03 20:22:58.098  5194  5471 D SubscriptionController: [getActiveSubInfoList] Sub Controller not ready
03-03 20:22:58.099  5194  5209 D SubscriptionController: [getActiveSubInfoList]+
03-03 20:22:58.099  5194  5209 D SubscriptionController: [getActiveSubInfoList] Sub Controller not ready
03-03 20:22:58.099  5194  5209 D SubscriptionController: [getActiveSubscriptionInfoForSimSlotIndex]+ subList=null
03-03 20:22:58.100  5194  5491 D SubscriptionController: [getActiveSubInfoList]+
03-03 20:22:58.101  5194  5491 D SubscriptionController: [getActiveSubInfoList] Sub Controller not ready
03-03 20:22:58.101  5194  5491 D SubscriptionController: [getActiveSubscriptionInfoForSimSlotIndex]+ subList=null
03-03 20:23:06.032  5194  5471 D DCT     : [0]hasMatchedTetherApnSetting: APN=null
03-03 20:23:06.034  5194  5209 D DCT     : [0]hasMatchedTetherApnSetting: APN=null
03-03 20:23:06.035  5194  5491 D DCT     : [0]hasMatchedTetherApnSetting: APN=null
03-03 20:23:06.036  5194  5219 D DCT     : [0]hasMatchedTetherApnSetting: APN=null
03-03 20:23:10.139  5194  5219 D DCT     : [0]hasMatchedTetherApnSetting: APN=null
03-03 20:23:18.691  5194  5491 D DCT     : [0]hasMatchedTetherApnSetting: APN=null
03-03 20:23:19.713  5194  5219 D DCT     : [0]hasMatchedTetherApnSetting: APN=null
03-03 20:23:20.516  5194  5219 D DCT     : [0]hasMatchedTetherApnSetting: APN=null
03-03 20:23:30.130  5194  5491 D DCT     : [0]hasMatchedTetherApnSetting: APN=null
03-03 20:23:30.946  5194  5471 D DCT     : [0]hasMatchedTetherApnSetting: APN=null
03-03 20:23:40.446  5194  5219 D DCT     : [0]hasMatchedTetherApnSetting: APN=null
03-03 20:23:41.236  5194  5209 D DCT     : [0]hasMatchedTetherApnSetting: APN=null
03-03 20:23:50.861  5194  5209 D DCT     : [0]hasMatchedTetherApnSetting: APN=null
03-03 20:23:51.676  5194  5219 D DCT     : [0]hasMatchedTetherApnSetting: APN=null
03-03 20:24:01.283  5194  5491 D DCT     : [0]hasMatchedTetherApnSetting: APN=null
03-03 20:24:02.067  5194  5209 D DCT     : [0]hasMatchedTetherApnSetting: APN=null
03-03 20:24:09.659  5194  5194 D RILJ    : [3663]> SCREEN_STATE: true [SUB0]
03-03 20:24:09.663  2390  2451 D use-Rlog/RLOG-RIL_GU: [modem_0]onRequest[61]:SCREEN_STATE[1]
03-03 20:24:09.663  2390  2451 D use-Rlog/RLOG-RIL_GU: balong-ril reseting,ignore all the request
03-03 20:24:09.663  2390  2451 I RILC    : RIL_onRequestComplete: free RIL_Token 0x7fb76e1140
03-03 20:24:09.663  5194  5439 D RilRequest: [3663]< SCREEN_STATE error: com.android.internal.telephony.CommandException: RADIO_NOT_AVAILABLE ret=
03-03 20:24:09.667  5194  5194 D RILJ    : [3664]> SCREEN_STATE: true [SUB1]
03-03 20:24:09.668  5194  5194 D RilRequest: [3664]< SCREEN_STATE error: com.android.internal.telephony.CommandException: RADIO_NOT_AVAILABLE ret=
03-03 20:24:09.730  5194  5194 D SubscriptionController: [getSubId]- sSlotIdxToSubId.size == 0, return DummySubIds slotIdx=0
03-03 20:24:09.731  5194  5194 D SubscriptionController: [getSubId]- sSlotIdxToSubId.size == 0, return DummySubIds slotIdx=0
03-03 20:24:09.732  5194  5194 D SubscriptionController: [getSubId]- sSlotIdxToSubId.size == 0, return DummySubIds slotIdx=1
03-03 20:24:09.732  5194  5194 D SubscriptionController: [getSubId]- sSlotIdxToSubId.size == 0, return DummySubIds slotIdx=1
03-03 20:24:09.741  5194  5194 D SubscriptionController: [getSubId]- sSlotIdxToSubId.size == 0, return DummySubIds slotIdx=0
03-03 20:24:09.741  5194  5194 D SubscriptionController: [getSubId]- sSlotIdxToSubId.size == 0, return DummySubIds slotIdx=0
03-03 20:24:09.742  5194  5194 D SubscriptionController: [getSubId]- sSlotIdxToSubId.size == 0, return DummySubIds slotIdx=1
03-03 20:24:09.742  5194  5194 D SubscriptionController: [getSubId]- sSlotIdxToSubId.size == 0, return DummySubIds slotIdx=1
03-03 20:24:09.745  5194  5194 D CAT     : com.android.stk.StkAppService: onStart sim id: 0, op: 13, *****
03-03 20:24:09.745  5194  5194 D CAT     : com.android.stk.StkAppService: mStkService is: 0
03-03 20:24:09.746  5194  5757 D CAT     : com.android.stk.StkAppService: handleMessage opcode[13], sim id[0]
03-03 20:24:09.746  5194  5757 D CAT     : StkAppService: Need to send IDLE SCREEN Available event to SIM
03-03 20:24:09.746  5194  5757 D CAT     : StkAppService: Event :5
03-03 20:24:09.746  5194  5757 E CAT     : StkAppService: SetupEventList is not received. Ignoring the event: 5
03-03 20:24:09.746  5194  5757 D CAT     : StkAppService: Need to send IDLE SCREEN Available event to SIM
03-03 20:24:09.746  5194  5757 D CAT     : StkAppService: Event :5
03-03 20:24:09.746  5194  5757 E CAT     : StkAppService: SetupEventList is not received. Ignoring the event: 5
03-03 20:24:14.178  5194  5219 D DCT     : [0]hasMatchedTetherApnSetting: APN=null
03-03 20:24:14.242  5194  5491 D DCT     : [0]hasMatchedTetherApnSetting: APN=null
03-03 20:24:14.298  5194  5219 D DCT     : [0]hasMatchedTetherApnSetting: APN=null
03-03 20:25:15.505  5194  5194 D SubscriptionController: [getSubId]- sSlotIdxToSubId.size == 0, return DummySubIds slotIdx=0
03-03 20:25:15.506  5194  5194 D SubscriptionController: [getSubId]- sSlotIdxToSubId.size == 0, return DummySubIds slotIdx=0
03-03 20:25:15.508  5194  5194 D SubscriptionController: [getSubId]- sSlotIdxToSubId.size == 0, return DummySubIds slotIdx=1
03-03 20:25:15.508  5194  5194 D SubscriptionController: [getSubId]- sSlotIdxToSubId.size == 0, return DummySubIds slotIdx=1
03-03 20:25:16.493  5194  5209 D DCT     : [0]hasMatchedTetherApnSetting: APN=null
03-03 20:25:19.643  5194  5471 D SubscriptionController: [getPhoneId] asked for default subId=-1
03-03 20:25:19.644  5194  5471 D SubscriptionController: [getPhoneId]- invalid subId return=-1
03-03 20:25:19.645  5194  5209 D SubscriptionController: [getActiveSubInfoList]+
03-03 20:25:19.645  5194  5209 D SubscriptionController: [getActiveSubInfoList] Sub Controller not ready
03-03 20:25:19.646  5194  5491 D SubscriptionController: [getActiveSubInfoList]+
03-03 20:25:19.646  5194  5491 D SubscriptionController: [getActiveSubInfoList] Sub Controller not ready
03-03 20:25:19.646  5194  5491 D SubscriptionController: [getActiveSubscriptionInfoForSimSlotIndex]+ subList=null
03-03 20:25:19.647  5194  5219 D SubscriptionController: [getActiveSubInfoList]+
03-03 20:25:19.647  5194  5219 D SubscriptionController: [getActiveSubInfoList] Sub Controller not ready
03-03 20:25:19.648  5194  5219 D SubscriptionController: [getActiveSubscriptionInfoForSimSlotIndex]+ subList=null
03-03 20:25:19.714  5194  5219 D SubscriptionController: [getActiveSubInfoList]+
03-03 20:25:19.715  5194  5219 D SubscriptionController: [getActiveSubInfoList] Sub Controller not ready
03-03 20:25:19.716  5194  5471 D SubscriptionController: [getActiveSubInfoList]+
03-03 20:25:19.716  5194  5471 D SubscriptionController: [getActiveSubInfoList] Sub Controller not ready
03-03 20:25:19.716  5194  5471 D SubscriptionController: [getActiveSubscriptionInfoForSimSlotIndex]+ subList=null
03-03 20:25:19.717  5194  5209 D SubscriptionController: [getActiveSubInfoList]+
03-03 20:25:19.717  5194  5209 D SubscriptionController: [getActiveSubInfoList] Sub Controller not ready
03-03 20:25:19.718  5194  5209 D SubscriptionController: [getActiveSubscriptionInfoForSimSlotIndex]+ subList=null
03-03 20:27:18.633  5194  5491 D DCT     : [0]hasMatchedTetherApnSetting: APN=null
03-03 20:28:30.847  5194  5194 D SubscriptionController: [getSubId]- sSlotIdxToSubId.size == 0, return DummySubIds slotIdx=0
03-03 20:28:30.847  5194  5194 D SubscriptionController: [getSubId]- sSlotIdxToSubId.size == 0, return DummySubIds slotIdx=0
03-03 20:28:30.850  5194  5194 D SubscriptionController: [getSubId]- sSlotIdxToSubId.size == 0, return DummySubIds slotIdx=1
03-03 20:28:30.851  5194  5194 D SubscriptionController: [getSubId]- sSlotIdxToSubId.size == 0, return DummySubIds slotIdx=1
03-03 20:28:30.855  5194  5194 D CAT     : com.android.stk.StkAppService: onStart sim id: 0, op: 13, *****
03-03 20:28:30.855  5194  5194 D CAT     : com.android.stk.StkAppService: mStkService is: 0
03-03 20:28:30.855  5194  5757 D CAT     : com.android.stk.StkAppService: handleMessage opcode[13], sim id[0]
03-03 20:28:30.855  5194  5757 D CAT     : StkAppService: Need to send IDLE SCREEN Available event to SIM
03-03 20:28:30.856  5194  5757 D CAT     : StkAppService: Event :5
03-03 20:28:30.856  5194  5757 E CAT     : StkAppService: SetupEventList is not received. Ignoring the event: 5
03-03 20:28:30.856  5194  5757 D CAT     : StkAppService: Need to send IDLE SCREEN Available event to SIM
03-03 20:28:30.856  5194  5757 D CAT     : StkAppService: Event :5
03-03 20:28:30.856  5194  5757 E CAT     : StkAppService: SetupEventList is not received. Ignoring the event: 5
03-03 20:28:35.357  5194  5471 D DCT     : [0]hasMatchedTetherApnSetting: APN=null
03-03 20:29:56.880  5194  5194 D SubscriptionController: [getSubId]- sSlotIdxToSubId.size == 0, return DummySubIds slotIdx=0
03-03 20:29:56.881  5194  5194 D SubscriptionController: [getSubId]- sSlotIdxToSubId.size == 0, return DummySubIds slotIdx=0
03-03 20:29:56.882  5194  5194 D SubscriptionController: [getSubId]- sSlotIdxToSubId.size == 0, return DummySubIds slotIdx=1
03-03 20:29:56.883  5194  5194 D SubscriptionController: [getSubId]- sSlotIdxToSubId.size == 0, return DummySubIds slotIdx=1
03-03 20:29:57.842  5194  5471 D DCT     : [0]hasMatchedTetherApnSetting: APN=null
03-03 20:30:58.144  5194  5194 D SubscriptionController: [getSubId]- sSlotIdxToSubId.size == 0, return DummySubIds slotIdx=0
03-03 20:30:58.147  5194  5194 D SubscriptionController: [getSubId]- sSlotIdxToSubId.size == 0, return DummySubIds slotIdx=0
03-03 20:30:58.148  5194  5194 D SubscriptionController: [getSubId]- sSlotIdxToSubId.size == 0, return DummySubIds slotIdx=1
03-03 20:30:58.148  5194  5194 D SubscriptionController: [getSubId]- sSlotIdxToSubId.size == 0, return DummySubIds slotIdx=1
03-03 20:30:58.153  5194  5194 D CAT     : com.android.stk.StkAppService: onStart sim id: 0, op: 13, *****
03-03 20:30:58.153  5194  5194 D CAT     : com.android.stk.StkAppService: mStkService is: 0
03-03 20:30:58.153  5194  5757 D CAT     : com.android.stk.StkAppService: handleMessage opcode[13], sim id[0]
03-03 20:30:58.153  5194  5757 D CAT     : StkAppService: Need to send IDLE SCREEN Available event to SIM
03-03 20:30:58.153  5194  5757 D CAT     : StkAppService: Event :5
03-03 20:30:58.153  5194  5757 E CAT     : StkAppService: SetupEventList is not received. Ignoring the event: 5
03-03 20:30:58.153  5194  5757 D CAT     : StkAppService: Need to send IDLE SCREEN Available event to SIM
03-03 20:30:58.153  5194  5757 D CAT     : StkAppService: Event :5
03-03 20:30:58.153  5194  5757 E CAT     : StkAppService: SetupEventList is not received. Ignoring the event: 5
03-03 20:31:02.643  5194  5209 D DCT     : [0]hasMatchedTetherApnSetting: APN=null
03-03 20:31:55.183  5194  5194 D SubscriptionController: [getSubId]- sSlotIdxToSubId.size == 0, return DummySubIds slotIdx=0
03-03 20:31:55.183  5194  5194 D SubscriptionController: [getSubId]- sSlotIdxToSubId.size == 0, return DummySubIds slotIdx=0
03-03 20:31:55.196  5194  5194 D SubscriptionController: [getSubId]- sSlotIdxToSubId.size == 0, return DummySubIds slotIdx=1
03-03 20:31:55.196  5194  5194 D SubscriptionController: [getSubId]- sSlotIdxToSubId.size == 0, return DummySubIds slotIdx=1
03-03 20:31:56.212  5194  5219 D DCT     : [0]hasMatchedTetherApnSetting: APN=null
