03-23 08:39:03.529  3527  3527 D DCT     : [1]setupDataOnConnectableApns: apnContext {mApnType=supl mState=IDLE mWaitingApns={null} mWaitingApnsPermanentFailureCountDown=0 mApnSetting={null} mReason=radioTurnedOff mDataEnabled=false mDependencyMet=true}
03-23 08:39:03.529  3527  3527 D DCT     : [1]setupDataOnConnectableApns: apnContext {mApnType=cbs mState=IDLE mWaitingApns={null} mWaitingApnsPermanentFailureCountDown=0 mApnSetting={null} mReason=radioTurnedOff mDataEnabled=false mDependencyMet=true}
03-23 08:39:03.529  3527  3527 D DCT     : [1]setupDataOnConnectableApns: apnContext {mApnType=dun mState=IDLE mWaitingApns={null} mWaitingApnsPermanentFailureCountDown=0 mApnSetting={null} mReason=radioTurnedOff mDataEnabled=false mDependencyMet=true}
03-23 08:39:03.529  3527  3527 D DCT     : [1]setupDataOnConnectableApns: apnContext {mApnType=fota mState=IDLE mWaitingApns={null} mWaitingApnsPermanentFailureCountDown=0 mApnSetting={null} mReason=radioTurnedOff mDataEnabled=false mDependencyMet=true}
03-23 08:39:03.529  3527  3527 D DCT     : [1]setupDataOnConnectableApns: apnContext {mApnType=ims mState=IDLE mWaitingApns={null} mWaitingApnsPermanentFailureCountDown=0 mApnSetting={null} mReason=radioTurnedOff mDataEnabled=false mDependencyMet=true}
03-23 08:39:03.529  3527  3527 D DCT     : [1]setupDataOnConnectableApns: apnContext {mApnType=default mState=IDLE mWaitingApns={null} mWaitingApnsPermanentFailureCountDown=0 mApnSetting={null} mReason=radioTurnedOff mDataEnabled=false mDependencyMet=true}
03-23 08:39:03.529  3527  3527 D DCT     : [1]setupDataOnConnectableApns: apnContext {mApnType=ia mState=IDLE mWaitingApns={null} mWaitingApnsPermanentFailureCountDown=0 mApnSetting={null} mReason=radioTurnedOff mDataEnabled=false mDependencyMet=true}
03-23 08:39:03.530  3527  3527 D DCT     : [1]handleMessage msg={ when=-649ms what=270377 obj=android.os.AsyncResult@8291be target=com.android.internal.telephony.dataconnection.DcTracker }
03-23 08:39:03.530  3527  3527 D DCT     : [1]onUpdateIcc: newIccRecords null
03-23 08:39:03.530  3527  3527 D DCT     : [1]setupDataOnConnectableApns: nwTypeChanged
03-23 08:39:03.530  3527  3527 D DCT     : [1]setupDataOnConnectableApns: apnContext {mApnType=hipri mState=IDLE mWaitingApns={null} mWaitingApnsPermanentFailureCountDown=0 mApnSetting={null} mReason=radioTurnedOff mDataEnabled=false mDependencyMet=true}
03-23 08:39:03.530  3527  3527 D DCT     : [1]setupDataOnConnectableApns: apnContext {mApnType=mms mState=IDLE mWaitingApns={null} mWaitingApnsPermanentFailureCountDown=0 mApnSetting={null} mReason=radioTurnedOff mDataEnabled=false mDependencyMet=true}
03-23 08:39:03.530  3527  3527 D DCT     : [1]setupDataOnConnectableApns: apnContext {mApnType=supl mState=IDLE mWaitingApns={null} mWaitingApnsPermanentFailureCountDown=0 mApnSetting={null} mReason=radioTurnedOff mDataEnabled=false mDependencyMet=true}
03-23 08:39:03.530  3527  3527 D DCT     : [1]setupDataOnConnectableApns: apnContext {mApnType=cbs mState=IDLE mWaitingApns={null} mWaitingApnsPermanentFailureCountDown=0 mApnSetting={null} mReason=radioTurnedOff mDataEnabled=false mDependencyMet=true}
03-23 08:39:03.530  3527  3527 D DCT     : [1]setupDataOnConnectableApns: apnContext {mApnType=dun mState=IDLE mWaitingApns={null} mWaitingApnsPermanentFailureCountDown=0 mApnSetting={null} mReason=radioTurnedOff mDataEnabled=false mDependencyMet=true}
03-23 08:39:03.530  3527  3527 D DCT     : [1]setupDataOnConnectableApns: apnContext {mApnType=fota mState=IDLE mWaitingApns={null} mWaitingApnsPermanentFailureCountDown=0 mApnSetting={null} mReason=radioTurnedOff mDataEnabled=false mDependencyMet=true}
03-23 08:39:03.530  3527  3527 D DCT     : [1]setupDataOnConnectableApns: apnContext {mApnType=ims mState=IDLE mWaitingApns={null} mWaitingApnsPermanentFailureCountDown=0 mApnSetting={null} mReason=radioTurnedOff mDataEnabled=false mDependencyMet=true}
03-23 08:39:03.530  3527  3527 D DCT     : [1]setupDataOnConnectableApns: apnContext {mApnType=default mState=IDLE mWaitingApns={null} mWaitingApnsPermanentFailureCountDown=0 mApnSetting={null} mReason=radioTurnedOff mDataEnabled=false mDependencyMet=true}
03-23 08:39:03.530  3527  3527 D DCT     : [1]setupDataOnConnectableApns: apnContext {mApnType=ia mState=IDLE mWaitingApns={null} mWaitingApnsPermanentFailureCountDown=0 mApnSetting={null} mReason=radioTurnedOff mDataEnabled=false mDependencyMet=true}
03-23 08:39:03.532  3527  3527 E PhoneProxy: [PhoneProxy] Error! This handler was not registered for this message type. Message: 9
03-23 08:39:03.532  3527  3527 D SubscriptionController: [getSubId]- sSlotIdxToSubId.size == 0, return DummySubIds slotIdx=1
03-23 08:39:03.532  3527  3527 D GsmSMSDispatcher: GsmSMSDispatcher: subId = -3 slotId = 1
03-23 08:39:03.532  3527  3527 E IccCardProxy: setExternalState: !override and newstate unchanged from NOT_READY
03-23 08:39:03.532  3527  3527 E IccCardProxy: setExternalState: !override and newstate unchanged from NOT_READY
03-23 08:39:03.532  3527  3527 E IccCardProxy: setExternalState: !override and newstate unchanged from NOT_READY
03-23 08:39:03.532  3527  3527 D DctController: EVENT_PHONE1_DATA_DETACH.
03-23 08:39:03.532  3527  4010 D DcSwitchSM: [DcSwitchStateMachine-0] DefaultState: shouldn't happen but ignore msg.what=0x44008
03-23 08:39:03.532  3527  3527 D SubscriptionController: [getSubId]- sSlotIdxToSubId.size == 0, return DummySubIds slotIdx=0
03-23 08:39:03.532  3527  3527 D DctController: [TNF -2]got request NetworkRequest [ id=1, legacyType=-1, [ Capabilities: INTERNET&NOT_RESTRICTED&TRUSTED&NOT_VPN] ] with score 0
03-23 08:39:03.533  3527  3527 D SubscriptionController: [getSubId]- sSlotIdxToSubId.size == 0, return DummySubIds slotIdx=0
03-23 08:39:03.533  3527  3527 D DctController: [TNF -2]Cellular needs Network for NetworkRequest [ id=1, legacyType=-1, [ Capabilities: INTERNET&NOT_RESTRICTED&TRUSTED&NOT_VPN] ]
03-23 08:39:03.533  3527  3527 D SubscriptionController: [getSubId]- sSlotIdxToSubId.size == 0, return DummySubIds slotIdx=0
03-23 08:39:03.533  3527  3527 D SubscriptionController: [getSubId]- sSlotIdxToSubId.size == 0, return DummySubIds slotIdx=0
03-23 08:39:03.533  3527  3527 D DctController: [TNF -2]Request not useable, pending request.
03-23 08:39:03.533  3527  3527 D DctController: EVENT_PHONE2_DATA_DETACH.
03-23 08:39:03.534  3527  4012 D DcSwitchSM: [DcSwitchStateMachine-1] DefaultState: shouldn't happen but ignore msg.what=0x44008
03-23 08:39:03.534  3527  3527 D SubscriptionController: [getSubId]- sSlotIdxToSubId.size == 0, return DummySubIds slotIdx=1
03-23 08:39:03.534  3527  3527 D DctController: [TNF -3]got request NetworkRequest [ id=1, legacyType=-1, [ Capabilities: INTERNET&NOT_RESTRICTED&TRUSTED&NOT_VPN] ] with score 0
03-23 08:39:03.534  3527  3527 D SubscriptionController: [getSubId]- sSlotIdxToSubId.size == 0, return DummySubIds slotIdx=1
03-23 08:39:03.534  3527  3527 D DctController: [TNF -3]Cellular needs Network for NetworkRequest [ id=1, legacyType=-1, [ Capabilities: INTERNET&NOT_RESTRICTED&TRUSTED&NOT_VPN] ]
03-23 08:39:03.534  3527  3527 D SubscriptionController: [getSubId]- sSlotIdxToSubId.size == 0, return DummySubIds slotIdx=1
03-23 08:39:03.534  3527  3527 D SubscriptionController: [getSubId]- sSlotIdxToSubId.size == 0, return DummySubIds slotIdx=1
03-23 08:39:03.534  3527  3527 D DctController: [TNF -3]Request not useable, pending request.
03-23 08:39:03.534  3527  3527 D SubscriptionInfoUpdater: [Receiver]+
03-23 08:39:03.534  3527  3527 D SubscriptionInfoUpdater: Action: android.intent.action.SIM_STATE_CHANGED
03-23 08:39:03.534  3527  3527 D SubscriptionInfoUpdater: slotId: 1
03-23 08:39:03.534  3527  3527 D SubscriptionInfoUpdater: simStatus: NOT_READY
03-23 08:39:03.534  3527  3527 D SubscriptionInfoUpdater: Ignoring simStatus: NOT_READY
03-23 08:39:03.534  3527  3527 D SubscriptionInfoUpdater: Wait for SIM1 IccId
03-23 08:39:03.534  3527  3527 D SubscriptionInfoUpdater: [Receiver]-
03-23 08:39:03.535  3527  3527 D DebugService: DebugService DebugService:
03-23 08:39:03.538  3527  3541 D SubscriptionController: getSimStateForSlotIdx:  simState=NOT_READY ordinal=6
03-23 08:39:03.539  3599  3599 D SubscriptionManager: getSimStateForSubscriber: simState=6 slotIdx=1
03-23 08:39:03.544  3527  4000 D SubscriptionController: getSimStateForSlotIdx:  simState=NOT_READY ordinal=6
03-23 08:39:03.544  3599  3599 D SubscriptionManager: getSimStateForSubscriber: simState=6 slotIdx=0
03-23 08:39:03.545  3527  3527 D SipService: SipService: started!
03-23 08:39:03.549  3527  3998 D SubscriptionController: getSimStateForSlotIdx:  simState=NOT_READY ordinal=6
03-23 08:39:03.549  3599  3599 D SubscriptionManager: getSimStateForSubscriber: simState=6 slotIdx=1
03-23 08:39:03.556  3527  3527 D SipService: start:
03-23 08:39:03.563  3527  3527 D RILJ    : [3666]> RIL_REQUEST_QUERY_TTY_MODE [SUB0]
03-23 08:39:03.565  3527  3527 D RILJ    : [3667]> RIL_REQUEST_QUERY_TTY_MODE [SUB1]
03-23 08:39:03.565  2368  2485 D use-Rlog/RLOG-RIL_GU: [modem_0]onRequest: QUERY_TTY_MODE
03-23 08:39:03.565  2368  2485 D use-Rlog/RLOG-RIL_GU: [modem_0]onRequest: QUERY_TTY_MODE failed, sState= 1
03-23 08:39:03.565  2368  2485 I RILC    : RIL_onRequestComplete: free RIL_Token 0x7fb7221040
03-23 08:39:03.565  3527  3970 D RilRequest: [3666]< RIL_REQUEST_QUERY_TTY_MODE error: com.android.internal.telephony.CommandException: RADIO_NOT_AVAILABLE ret=
03-23 08:39:03.568  3527  3527 D DCT     : [0]handleMessage msg={ when=-519ms what=270369 obj=android.os.AsyncResult@22bb35 target=com.android.internal.telephony.dataconnection.DcTracker }
03-23 08:39:03.568  3527  3527 D DCT     : [0]onUpdateIcc: newIccRecords null
03-23 08:39:03.568  2382  2479 D use-Rlog/RLOG-RIL_GU: [modem_1]onRequest: QUERY_TTY_MODE
03-23 08:39:03.568  2382  2479 D use-Rlog/RLOG-RIL_GU: [modem_1]onRequest: QUERY_TTY_MODE failed, sState= 1
03-23 08:39:03.568  3527  3527 D SubscriptionController: [getSubId]- sSlotIdxToSubId.size == 0, return DummySubIds slotIdx=0
03-23 08:39:03.568  3527  3527 D GsmSMSDispatcher: GsmSMSDispatcher: subId = -2 slotId = 0
03-23 08:39:03.568  2382  2479 I RILC    : RIL_onRequestComplete: free RIL_Token 0x7fb76a1140
03-23 08:39:03.568  3527  3527 E IccCardProxy: setExternalState: !override and newstate unchanged from NOT_READY
03-23 08:39:03.568  3527  3527 D DCT     : [1]handleMessage msg={ when=-519ms what=270369 obj=android.os.AsyncResult@3d20bca target=com.android.internal.telephony.dataconnection.DcTracker }
03-23 08:39:03.568  3527  3527 D DCT     : [1]onUpdateIcc: newIccRecords null
03-23 08:39:03.568  3527  3527 D SubscriptionController: [getSubId]- sSlotIdxToSubId.size == 0, return DummySubIds slotIdx=1
03-23 08:39:03.568  3527  3527 D GsmSMSDispatcher: GsmSMSDispatcher: subId = -3 slotId = 1
03-23 08:39:03.568  3527  3972 D RilRequest: [3667]< RIL_REQUEST_QUERY_TTY_MODE error: com.android.internal.telephony.CommandException: RADIO_NOT_AVAILABLE ret=
03-23 08:39:03.568  3527  3527 E IccCardProxy: setExternalState: !override and newstate unchanged from NOT_READY
03-23 08:39:03.568  3527  3527 D DCT     : [0]handleMessage msg={ when=-519ms what=270369 obj=android.os.AsyncResult@842c13b target=com.android.internal.telephony.dataconnection.DcTracker }
03-23 08:39:03.568  3527  3527 D DCT     : [0]onUpdateIcc: newIccRecords null
03-23 08:39:03.568  3527  3527 D SubscriptionController: [getSubId]- sSlotIdxToSubId.size == 0, return DummySubIds slotIdx=0
03-23 08:39:03.568  3527  3527 D GsmSMSDispatcher: GsmSMSDispatcher: subId = -2 slotId = 0
03-23 08:39:03.568  3527  3527 E IccCardProxy: setExternalState: !override and newstate unchanged from NOT_READY
03-23 08:39:03.568  3527  3527 D DCT     : [1]handleMessage msg={ when=-520ms what=270369 obj=android.os.AsyncResult@9ee7058 target=com.android.internal.telephony.dataconnection.DcTracker }
03-23 08:39:03.568  3527  3527 D DCT     : [1]onUpdateIcc: newIccRecords null
03-23 08:39:03.568  3527  3527 D SubscriptionController: [getSubId]- sSlotIdxToSubId.size == 0, return DummySubIds slotIdx=1
03-23 08:39:03.568  3527  3527 D GsmSMSDispatcher: GsmSMSDispatcher: subId = -3 slotId = 1
03-23 08:39:03.569  3527  3527 E IccCardProxy: setExternalState: !override and newstate unchanged from NOT_READY
03-23 08:39:03.572  3527  3527 D GsmSST  : [GsmSST] SubscriptionListener.onSubscriptionInfoChanged
03-23 08:39:03.572  3527  3527 D SubscriptionController: [getSubId]- sSlotIdxToSubId.size == 0, return DummySubIds slotIdx=0
03-23 08:39:03.572  3527  3527 D DCT     : [0]SubscriptionListener.onSubscriptionInfoChanged
03-23 08:39:03.572  3527  3527 D SubscriptionController: [getSubId]- sSlotIdxToSubId.size == 0, return DummySubIds slotIdx=0
03-23 08:39:03.572  3527  3527 D GsmSST  : [GsmSST] SubscriptionListener.onSubscriptionInfoChanged
03-23 08:39:03.572  3527  3527 D SubscriptionController: [getSubId]- sSlotIdxToSubId.size == 0, return DummySubIds slotIdx=1
03-23 08:39:03.572  3527  3527 D DCT     : [1]SubscriptionListener.onSubscriptionInfoChanged
03-23 08:39:03.573  3527  3527 D SubscriptionController: [getSubId]- sSlotIdxToSubId.size == 0, return DummySubIds slotIdx=1
03-23 08:39:03.573  3527  3527 D SubscriptionController: [getActiveSubInfoList]+
03-23 08:39:03.574  3527  3527 D SubscriptionController: selection:sim_id>=0 null
03-23 08:39:03.583  3527  3527 D SubscriptionController: [getActiveSubInfoList]- no info return
03-23 08:39:03.585  3527  3527 D SubscriptionController: [getSubId]- sSlotIdxToSubId.size == 0, return DummySubIds slotIdx=0
03-23 08:39:03.585  3527  3527 D SubscriptionController: [getSubId]- sSlotIdxToSubId.size == 0, return DummySubIds slotIdx=1
03-23 08:39:03.587  3527  3527 D SubscriptionController: [getSubId]- sSlotIdxToSubId.size == 0, return DummySubIds slotIdx=0
03-23 08:39:03.589  3527  3527 D SubscriptionController: [getPhoneId]- invalid subId return=-1
03-23 08:39:03.591  3527  3527 D SubscriptionController: [getSubId]- sSlotIdxToSubId.size == 0, return DummySubIds slotIdx=0
03-23 08:39:03.592  3527  3527 D SubscriptionController: [getSubId]- sSlotIdxToSubId.size == 0, return DummySubIds slotIdx=0
03-23 08:39:03.594  3527  3527 D SubscriptionController: [getSubId]- sSlotIdxToSubId.size == 0, return DummySubIds slotIdx=0
03-23 08:39:03.628  3527  3527 E PhoneBase: Error! registerForCallWaiting() in PhoneBase should not be called, CDMAPhone inactive.
03-23 08:39:03.637  3527  3527 D SubscriptionController: [getSubId]- sSlotIdxToSubId.size == 0, return DummySubIds slotIdx=0
03-23 08:39:03.637  3527  3527 D SubscriptionController: [getSubId]- sSlotIdxToSubId.size == 0, return DummySubIds slotIdx=0
03-23 08:39:03.639  3527  3527 D DCT     : [0]getDataOnRoamingEnabled: phoneSubId=-2 isDataRoamingEnabled=false
03-23 08:39:03.640  3527  3527 D SubscriptionController: [getSubId]- sSlotIdxToSubId.size == 0, return DummySubIds slotIdx=0
03-23 08:39:03.640  3527  3527 D DCT     : [0]getDataOnRoamingEnabled: phoneSubId=-2 isDataRoamingEnabled=false
03-23 08:39:03.640  3527  3527 D SubscriptionController: [getSubId]- sSlotIdxToSubId.size == 0, return DummySubIds slotIdx=0
03-23 08:39:03.641  3527  3527 D DCT     : [0]getDataOnRoamingEnabled: phoneSubId=-2 isDataRoamingEnabled=false
03-23 08:39:03.641  3527  3527 D SubscriptionController: [getSubId]- sSlotIdxToSubId.size == 0, return DummySubIds slotIdx=0
03-23 08:39:03.641  3527  3527 D DCT     : [0]getDataOnRoamingEnabled: phoneSubId=-2 isDataRoamingEnabled=false
03-23 08:39:03.641  3527  3527 D SubscriptionController: [getSubId]- sSlotIdxToSubId.size == 0, return DummySubIds slotIdx=0
03-23 08:39:03.641  3527  3527 D DCT     : [0]getDataOnRoamingEnabled: phoneSubId=-2 isDataRoamingEnabled=false
03-23 08:39:03.641  3527  3527 D SubscriptionController: [getSubId]- sSlotIdxToSubId.size == 0, return DummySubIds slotIdx=0
03-23 08:39:03.641  3527  3527 D DCT     : [0]getDataOnRoamingEnabled: phoneSubId=-2 isDataRoamingEnabled=false
03-23 08:39:03.641  3527  3527 D SubscriptionController: [getSubId]- sSlotIdxToSubId.size == 0, return DummySubIds slotIdx=0
03-23 08:39:03.641  3527  3527 D DCT     : [0]getDataOnRoamingEnabled: phoneSubId=-2 isDataRoamingEnabled=false
03-23 08:39:03.641  3527  3527 D SubscriptionController: [getSubId]- sSlotIdxToSubId.size == 0, return DummySubIds slotIdx=0
03-23 08:39:03.641  3527  3527 D DCT     : [0]getDataOnRoamingEnabled: phoneSubId=-2 isDataRoamingEnabled=false
03-23 08:39:03.641  3527  3527 D SubscriptionController: [getSubId]- sSlotIdxToSubId.size == 0, return DummySubIds slotIdx=0
03-23 08:39:03.641  3527  3527 D DCT     : [0]getDataOnRoamingEnabled: phoneSubId=-2 isDataRoamingEnabled=false
03-23 08:39:03.641  3527  3527 D SubscriptionController: [getSubId]- sSlotIdxToSubId.size == 0, return DummySubIds slotIdx=0
03-23 08:39:03.641  3527  3527 D DCT     : [0]getDataOnRoamingEnabled: phoneSubId=-2 isDataRoamingEnabled=false
03-23 08:39:03.641  3527  3527 D SubscriptionController: [getSubId]- sSlotIdxToSubId.size == 0, return DummySubIds slotIdx=0
03-23 08:39:03.641  3527  3527 D DCT     : [0]getDataOnRoamingEnabled: phoneSubId=-2 isDataRoamingEnabled=false
03-23 08:39:03.641  3527  3527 D SubscriptionController: [getSubId]- sSlotIdxToSubId.size == 0, return DummySubIds slotIdx=0
03-23 08:39:03.641  3527  3527 D DCT     : [0]getDataOnRoamingEnabled: phoneSubId=-2 isDataRoamingEnabled=false
03-23 08:39:03.642  3527  3527 D SubscriptionController: [getSubId]- sSlotIdxToSubId.size == 0, return DummySubIds slotIdx=0
03-23 08:39:03.642  3527  3527 D DCT     : [0]getDataOnRoamingEnabled: phoneSubId=-2 isDataRoamingEnabled=false
03-23 08:39:03.642  3527  3527 D SubscriptionController: [getSubId]- sSlotIdxToSubId.size == 0, return DummySubIds slotIdx=0
03-23 08:39:03.642  3527  3527 D DCT     : [0]getDataOnRoamingEnabled: phoneSubId=-2 isDataRoamingEnabled=false
03-23 08:39:03.642  3527  3527 D SubscriptionController: [getSubId]- sSlotIdxToSubId.size == 0, return DummySubIds slotIdx=0
03-23 08:39:03.642  3527  3527 D DCT     : [0]getDataOnRoamingEnabled: phoneSubId=-2 isDataRoamingEnabled=false
03-23 08:39:03.642  3527  3527 D SubscriptionController: [getSubId]- sSlotIdxToSubId.size == 0, return DummySubIds slotIdx=0
03-23 08:39:03.642  3527  3527 D DCT     : [0]getDataOnRoamingEnabled: phoneSubId=-2 isDataRoamingEnabled=false
03-23 08:39:03.642  3527  3527 D SubscriptionController: [getSubId]- sSlotIdxToSubId.size == 0, return DummySubIds slotIdx=0
03-23 08:39:03.642  3527  3527 D DCT     : [0]getDataOnRoamingEnabled: phoneSubId=-2 isDataRoamingEnabled=false
03-23 08:39:03.642  3527  3527 D SubscriptionController: [getSubId]- sSlotIdxToSubId.size == 0, return DummySubIds slotIdx=0
03-23 08:39:03.642  3527  3527 D DCT     : [0]getDataOnRoamingEnabled: phoneSubId=-2 isDataRoamingEnabled=false
03-23 08:39:03.642  3527  3527 D SubscriptionController: [getSubId]- sSlotIdxToSubId.size == 0, return DummySubIds slotIdx=0
03-23 08:39:03.642  3527  3527 D DCT     : [0]getDataOnRoamingEnabled: phoneSubId=-2 isDataRoamingEnabled=false
03-23 08:39:03.642  3527  3527 D SubscriptionController: [getSubId]- sSlotIdxToSubId.size == 0, return DummySubIds slotIdx=0
03-23 08:39:03.642  3527  3527 D DCT     : [0]getDataOnRoamingEnabled: phoneSubId=-2 isDataRoamingEnabled=false
03-23 08:39:03.643  3527  3527 D SubscriptionController: [getSubId]- sSlotIdxToSubId.size == 0, return DummySubIds slotIdx=0
03-23 08:39:03.643  3527  3527 D DCT     : [0]getDataOnRoamingEnabled: phoneSubId=-2 isDataRoamingEnabled=false
03-23 08:39:03.643  3527  3527 D SubscriptionController: [getSubId]- sSlotIdxToSubId.size == 0, return DummySubIds slotIdx=0
03-23 08:39:03.643  3527  3527 D DCT     : [0]getDataOnRoamingEnabled: phoneSubId=-2 isDataRoamingEnabled=false
03-23 08:39:03.643  3527  3527 D SubscriptionController: [getSubId]- sSlotIdxToSubId.size == 0, return DummySubIds slotIdx=0
03-23 08:39:03.643  3527  3527 D DCT     : [0]getDataOnRoamingEnabled: phoneSubId=-2 isDataRoamingEnabled=false
03-23 08:39:03.643  3527  3527 D SubscriptionController: [getSubId]- sSlotIdxToSubId.size == 0, return DummySubIds slotIdx=0
03-23 08:39:03.643  3527  3527 D DCT     : [0]getDataOnRoamingEnabled: phoneSubId=-2 isDataRoamingEnabled=false
03-23 08:39:03.643  3527  3527 D SubscriptionController: [getSubId]- sSlotIdxToSubId.size == 0, return DummySubIds slotIdx=0
03-23 08:39:03.643  3527  3527 D DCT     : [0]getDataOnRoamingEnabled: phoneSubId=-2 isDataRoamingEnabled=false
03-23 08:39:03.643  3527  3527 D SubscriptionController: [getSubId]- sSlotIdxToSubId.size == 0, return DummySubIds slotIdx=0
03-23 08:39:03.643  3527  3527 D DCT     : [0]getDataOnRoamingEnabled: phoneSubId=-2 isDataRoamingEnabled=false
03-23 08:39:03.643  3527  3527 D SubscriptionController: [getSubId]- sSlotIdxToSubId.size == 0, return DummySubIds slotIdx=0
03-23 08:39:03.643  3527  3527 D DCT     : [0]getDataOnRoamingEnabled: phoneSubId=-2 isDataRoamingEnabled=false
03-23 08:39:03.644  3527  3527 D GsmSST  : [GsmSST] SubscriptionListener.onSubscriptionInfoChanged
03-23 08:39:03.644  3527  3527 D SubscriptionController: [getSubId]- sSlotIdxToSubId.size == 0, return DummySubIds slotIdx=0
03-23 08:39:03.644  3527  3527 D GsmSST  : [GsmSST] SubscriptionListener.onSubscriptionInfoChanged
03-23 08:39:03.644  3527  3527 D SubscriptionController: [getSubId]- sSlotIdxToSubId.size == 0, return DummySubIds slotIdx=1
03-23 08:39:03.644  3527  3527 D DCT     : [0]SubscriptionListener.onSubscriptionInfoChanged
03-23 08:39:03.644  3527  3527 D SubscriptionController: [getSubId]- sSlotIdxToSubId.size == 0, return DummySubIds slotIdx=0
03-23 08:39:03.644  3527  3527 D DCT     : [1]SubscriptionListener.onSubscriptionInfoChanged
03-23 08:39:03.644  3527  3527 D SubscriptionController: [getSubId]- sSlotIdxToSubId.size == 0, return DummySubIds slotIdx=1
03-23 08:39:03.644  3527  3527 D SubscriptionController: [getActiveSubInfoList]+
03-23 08:39:03.646  3527  3527 D SubscriptionController: selection:sim_id>=0 null
03-23 08:39:03.651  3527  3527 D SubscriptionController: [getActiveSubInfoList]- no info return
03-23 08:39:03.652  3527  3527 E PhoneBase: Error! unregisterForCallWaiting() in PhoneBase should not be called, CDMAPhone inactive.
03-23 08:39:03.654  3527  3527 D SubscriptionController: [getSubId]- sSlotIdxToSubId.size == 0, return DummySubIds slotIdx=0
03-23 08:39:03.654  3527  3527 D SubscriptionController: [getSubId]- sSlotIdxToSubId.size == 0, return DummySubIds slotIdx=1
03-23 08:39:03.656  3527  3527 D SubscriptionController: [getSubId]- sSlotIdxToSubId.size == 0, return DummySubIds slotIdx=0
03-23 08:39:03.657  3527  3527 D SubscriptionController: [getPhoneId]- invalid subId return=-1
03-23 08:39:03.661  3527  3527 D SubscriptionController: [getSubId]- sSlotIdxToSubId.size == 0, return DummySubIds slotIdx=0
03-23 08:39:03.662  3527  3527 D SubscriptionController: [getSubId]- sSlotIdxToSubId.size == 0, return DummySubIds slotIdx=0
03-23 08:39:03.662  3527  3527 D SubscriptionController: [getSubId]- sSlotIdxToSubId.size == 0, return DummySubIds slotIdx=0
03-23 08:39:03.678  3527  3527 E PhoneBase: Error! registerForCallWaiting() in PhoneBase should not be called, CDMAPhone inactive.
03-23 08:39:03.687  3527  3527 D SubscriptionController: [getSubId]- sSlotIdxToSubId.size == 0, return DummySubIds slotIdx=0
03-23 08:39:03.687  3527  3527 D SubscriptionController: [getSubId]- sSlotIdxToSubId.size == 0, return DummySubIds slotIdx=0
03-23 08:39:03.687  3527  3527 D DCT     : [0]getDataOnRoamingEnabled: phoneSubId=-2 isDataRoamingEnabled=false
03-23 08:39:03.688  3527  3527 D SubscriptionController: [getSubId]- sSlotIdxToSubId.size == 0, return DummySubIds slotIdx=0
03-23 08:39:03.688  3527  3527 D DCT     : [0]getDataOnRoamingEnabled: phoneSubId=-2 isDataRoamingEnabled=false
03-23 08:39:03.688  3527  3527 D SubscriptionController: [getSubId]- sSlotIdxToSubId.size == 0, return DummySubIds slotIdx=0
03-23 08:39:03.688  3527  3527 D DCT     : [0]getDataOnRoamingEnabled: phoneSubId=-2 isDataRoamingEnabled=false
03-23 08:39:03.688  3527  3527 D SubscriptionController: [getSubId]- sSlotIdxToSubId.size == 0, return DummySubIds slotIdx=0
03-23 08:39:03.688  3527  3527 D DCT     : [0]getDataOnRoamingEnabled: phoneSubId=-2 isDataRoamingEnabled=false
03-23 08:39:03.688  3527  3527 D SubscriptionController: [getSubId]- sSlotIdxToSubId.size == 0, return DummySubIds slotIdx=0
03-23 08:39:03.688  3527  3527 D DCT     : [0]getDataOnRoamingEnabled: phoneSubId=-2 isDataRoamingEnabled=false
03-23 08:39:03.688  3527  3527 D SubscriptionController: [getSubId]- sSlotIdxToSubId.size == 0, return DummySubIds slotIdx=0
03-23 08:39:03.688  3527  3527 D DCT     : [0]getDataOnRoamingEnabled: phoneSubId=-2 isDataRoamingEnabled=false
03-23 08:39:03.688  3527  3527 D SubscriptionController: [getSubId]- sSlotIdxToSubId.size == 0, return DummySubIds slotIdx=0
03-23 08:39:03.688  3527  3527 D DCT     : [0]getDataOnRoamingEnabled: phoneSubId=-2 isDataRoamingEnabled=false
03-23 08:39:03.688  3527  3527 D SubscriptionController: [getSubId]- sSlotIdxToSubId.size == 0, return DummySubIds slotIdx=0
03-23 08:39:03.688  3527  3527 D DCT     : [0]getDataOnRoamingEnabled: phoneSubId=-2 isDataRoamingEnabled=false
03-23 08:39:03.688  3527  3527 D SubscriptionController: [getSubId]- sSlotIdxToSubId.size == 0, return DummySubIds slotIdx=0
03-23 08:39:03.688  3527  3527 D DCT     : [0]getDataOnRoamingEnabled: phoneSubId=-2 isDataRoamingEnabled=false
03-23 08:39:03.688  3527  3527 D SubscriptionController: [getSubId]- sSlotIdxToSubId.size == 0, return DummySubIds slotIdx=0
03-23 08:39:03.689  3527  3527 D DCT     : [0]getDataOnRoamingEnabled: phoneSubId=-2 isDataRoamingEnabled=false
03-23 08:39:03.689  3527  3527 D SubscriptionController: [getSubId]- sSlotIdxToSubId.size == 0, return DummySubIds slotIdx=0
03-23 08:39:03.689  3527  3527 D DCT     : [0]getDataOnRoamingEnabled: phoneSubId=-2 isDataRoamingEnabled=false
03-23 08:39:03.689  3527  3527 D SubscriptionController: [getSubId]- sSlotIdxToSubId.size == 0, return DummySubIds slotIdx=0
03-23 08:39:03.689  3527  3527 D DCT     : [0]getDataOnRoamingEnabled: phoneSubId=-2 isDataRoamingEnabled=false
03-23 08:39:03.689  3527  3527 D SubscriptionController: [getSubId]- sSlotIdxToSubId.size == 0, return DummySubIds slotIdx=0
03-23 08:39:03.689  3527  3527 D DCT     : [0]getDataOnRoamingEnabled: phoneSubId=-2 isDataRoamingEnabled=false
03-23 08:39:03.689  3527  3527 D SubscriptionController: [getSubId]- sSlotIdxToSubId.size == 0, return DummySubIds slotIdx=0
03-23 08:39:03.689  3527  3527 D DCT     : [0]getDataOnRoamingEnabled: phoneSubId=-2 isDataRoamingEnabled=false
03-23 08:39:03.689  3527  3527 D SubscriptionController: [getSubId]- sSlotIdxToSubId.size == 0, return DummySubIds slotIdx=0
03-23 08:39:03.689  3527  3527 D DCT     : [0]getDataOnRoamingEnabled: phoneSubId=-2 isDataRoamingEnabled=false
03-23 08:39:03.689  3527  3527 D SubscriptionController: [getSubId]- sSlotIdxToSubId.size == 0, return DummySubIds slotIdx=0
03-23 08:39:03.689  3527  3527 D DCT     : [0]getDataOnRoamingEnabled: phoneSubId=-2 isDataRoamingEnabled=false
03-23 08:39:03.689  3527  3527 D SubscriptionController: [getSubId]- sSlotIdxToSubId.size == 0, return DummySubIds slotIdx=0
03-23 08:39:03.689  3527  3527 D DCT     : [0]getDataOnRoamingEnabled: phoneSubId=-2 isDataRoamingEnabled=false
03-23 08:39:03.689  3527  3527 D SubscriptionController: [getSubId]- sSlotIdxToSubId.size == 0, return DummySubIds slotIdx=0
03-23 08:39:03.690  3527  3527 D DCT     : [0]getDataOnRoamingEnabled: phoneSubId=-2 isDataRoamingEnabled=false
03-23 08:39:03.690  3527  3527 D SubscriptionController: [getSubId]- sSlotIdxToSubId.size == 0, return DummySubIds slotIdx=0
03-23 08:39:03.690  3527  3527 D DCT     : [0]getDataOnRoamingEnabled: phoneSubId=-2 isDataRoamingEnabled=false
03-23 08:39:03.690  3527  3527 D SubscriptionController: [getSubId]- sSlotIdxToSubId.size == 0, return DummySubIds slotIdx=0
03-23 08:39:03.690  3527  3527 D DCT     : [0]getDataOnRoamingEnabled: phoneSubId=-2 isDataRoamingEnabled=false
03-23 08:39:03.690  3527  3527 D SubscriptionController: [getSubId]- sSlotIdxToSubId.size == 0, return DummySubIds slotIdx=0
03-23 08:39:03.690  3527  3527 D DCT     : [0]getDataOnRoamingEnabled: phoneSubId=-2 isDataRoamingEnabled=false
03-23 08:39:03.690  3527  3527 D SubscriptionController: [getSubId]- sSlotIdxToSubId.size == 0, return DummySubIds slotIdx=0
03-23 08:39:03.690  3527  3527 D DCT     : [0]getDataOnRoamingEnabled: phoneSubId=-2 isDataRoamingEnabled=false
03-23 08:39:03.690  3527  3527 D SubscriptionController: [getSubId]- sSlotIdxToSubId.size == 0, return DummySubIds slotIdx=0
03-23 08:39:03.690  3527  3527 D DCT     : [0]getDataOnRoamingEnabled: phoneSubId=-2 isDataRoamingEnabled=false
03-23 08:39:03.690  3527  3527 D SubscriptionController: [getSubId]- sSlotIdxToSubId.size == 0, return DummySubIds slotIdx=0
03-23 08:39:03.690  3527  3527 D DCT     : [0]getDataOnRoamingEnabled: phoneSubId=-2 isDataRoamingEnabled=false
03-23 08:39:03.690  3527  3527 D SubscriptionController: [getSubId]- sSlotIdxToSubId.size == 0, return DummySubIds slotIdx=0
03-23 08:39:03.690  3527  3527 D DCT     : [0]getDataOnRoamingEnabled: phoneSubId=-2 isDataRoamingEnabled=false
03-23 08:39:03.690  3527  3527 D SubscriptionController: [getSubId]- sSlotIdxToSubId.size == 0, return DummySubIds slotIdx=0
03-23 08:39:03.690  3527  3527 D DCT     : [0]getDataOnRoamingEnabled: phoneSubId=-2 isDataRoamingEnabled=false
03-23 08:39:03.691  3527  3527 D SubscriptionController: [getSubId]- sSlotIdxToSubId.size == 0, return DummySubIds slotIdx=0
03-23 08:39:03.691  3527  3527 D DCT     : [0]getDataOnRoamingEnabled: phoneSubId=-2 isDataRoamingEnabled=false
03-23 08:39:03.691  3527  3527 D SubscriptionController: [getSubId]- sSlotIdxToSubId.size == 0, return DummySubIds slotIdx=0
03-23 08:39:03.691  3527  3527 D DCT     : [0]getDataOnRoamingEnabled: phoneSubId=-2 isDataRoamingEnabled=false
03-23 08:39:03.691  3527  3527 D SubscriptionController: [getSubId]- sSlotIdxToSubId.size == 0, return DummySubIds slotIdx=0
03-23 08:39:03.691  3527  3527 D DCT     : [0]getDataOnRoamingEnabled: phoneSubId=-2 isDataRoamingEnabled=false
03-23 08:39:03.691  3527  3527 D SubscriptionController: [getSubId]- sSlotIdxToSubId.size == 0, return DummySubIds slotIdx=0
03-23 08:39:03.691  3527  3527 D DCT     : [0]getDataOnRoamingEnabled: phoneSubId=-2 isDataRoamingEnabled=false
03-23 08:39:03.691  3527  3527 D SubscriptionController: [getSubId]- sSlotIdxToSubId.size == 0, return DummySubIds slotIdx=0
03-23 08:39:03.691  3527  3527 D DCT     : [0]getDataOnRoamingEnabled: phoneSubId=-2 isDataRoamingEnabled=false
03-23 08:39:03.691  3527  3527 D SubscriptionController: [getSubId]- sSlotIdxToSubId.size == 0, return DummySubIds slotIdx=0
03-23 08:39:03.691  3527  3527 D DCT     : [0]getDataOnRoamingEnabled: phoneSubId=-2 isDataRoamingEnabled=false
03-23 08:39:03.692  3527  3527 D SubscriptionController: [getSubId]- sSlotIdxToSubId.size == 0, return DummySubIds slotIdx=0
03-23 08:39:03.692  3527  3527 D DCT     : [0]getDataOnRoamingEnabled: phoneSubId=-2 isDataRoamingEnabled=false
03-23 08:39:03.692  3527  3527 D SubscriptionController: [getSubId]- sSlotIdxToSubId.size == 0, return DummySubIds slotIdx=0
03-23 08:39:03.692  3527  3527 D DCT     : [0]getDataOnRoamingEnabled: phoneSubId=-2 isDataRoamingEnabled=false
03-23 08:39:03.692  3527  3527 D SubscriptionController: [getSubId]- sSlotIdxToSubId.size == 0, return DummySubIds slotIdx=0
03-23 08:39:03.692  3527  3527 D DCT     : [0]getDataOnRoamingEnabled: phoneSubId=-2 isDataRoamingEnabled=false
03-23 08:39:03.692  3527  3527 D SubscriptionController: [getSubId]- sSlotIdxToSubId.size == 0, return DummySubIds slotIdx=0
03-23 08:39:03.692  3527  3527 D DCT     : [0]getDataOnRoamingEnabled: phoneSubId=-2 isDataRoamingEnabled=false
03-23 08:39:03.692  3527  3527 D DctController: handleMessage msg={ when=-119ms what=107 target=com.android.internal.telephony.dataconnection.DctController }
03-23 08:39:03.692  3527  3527 D DctController: onSubInfoReady mPhoneNum=2
03-23 08:39:03.692  3527  3527 D SubscriptionController: [getSubId]- sSlotIdxToSubId.size == 0, return DummySubIds slotIdx=0
03-23 08:39:03.692  3527  3527 D DctController: onSubInfoReady handle pending requests subId=-2
03-23 08:39:03.692  3527  3527 D DctController: onSubInfoReady: SIM card absent on phoneId = 0
03-23 08:39:03.692  3527  3527 D SubscriptionController: [getSubId]- sSlotIdxToSubId.size == 0, return DummySubIds slotIdx=0
03-23 08:39:03.692  3527  3527 D DctController: [TNF -2]evalPendingRequest, pending request size is 1
03-23 08:39:03.692  3527  3527 D SubscriptionController: [getSubId]- sSlotIdxToSubId.size == 0, return DummySubIds slotIdx=0
03-23 08:39:03.692  3527  3527 D DctController: [TNF -2]evalPendingRequest: request = NetworkRequest [ id=1, legacyType=-1, [ Capabilities: INTERNET&NOT_RESTRICTED&TRUSTED&NOT_VPN] ]
03-23 08:39:03.693  3527  3527 D SubscriptionController: [getSubId]- sSlotIdxToSubId.size == 0, return DummySubIds slotIdx=0
03-23 08:39:03.693  3527  3527 D DctController: [TNF -2]Cellular needs Network for NetworkRequest [ id=1, legacyType=-1, [ Capabilities: INTERNET&NOT_RESTRICTED&TRUSTED&NOT_VPN] ]
03-23 08:39:03.693  3527  3527 D SubscriptionController: [getSubId]- sSlotIdxToSubId.size == 0, return DummySubIds slotIdx=0
03-23 08:39:03.693  3527  3527 D SubscriptionController: [getSubId]- sSlotIdxToSubId.size == 0, return DummySubIds slotIdx=0
03-23 08:39:03.693  3527  3527 D DctController: [TNF -2]Request not useable, pending request.
03-23 08:39:03.693  3527  3527 D SubscriptionController: [getSubId]- sSlotIdxToSubId.size == 0, return DummySubIds slotIdx=1
03-23 08:39:03.693  3527  3527 D DctController: onSubInfoReady handle pending requests subId=-3
03-23 08:39:03.693  3527  3527 D DctController: onSubInfoReady: SIM card absent on phoneId = 1
03-23 08:39:03.693  3527  3527 D SubscriptionController: [getSubId]- sSlotIdxToSubId.size == 0, return DummySubIds slotIdx=1
03-23 08:39:03.693  3527  3527 D DctController: [TNF -3]evalPendingRequest, pending request size is 1
03-23 08:39:03.693  3527  3527 D SubscriptionController: [getSubId]- sSlotIdxToSubId.size == 0, return DummySubIds slotIdx=1
03-23 08:39:03.693  3527  3527 D DctController: [TNF -3]evalPendingRequest: request = NetworkRequest [ id=1, legacyType=-1, [ Capabilities: INTERNET&NOT_RESTRICTED&TRUSTED&NOT_VPN] ]
03-23 08:39:03.693  3527  3527 D SubscriptionController: [getSubId]- sSlotIdxToSubId.size == 0, return DummySubIds slotIdx=1
03-23 08:39:03.693  3527  3527 D DctController: [TNF -3]Cellular needs Network for NetworkRequest [ id=1, legacyType=-1, [ Capabilities: INTERNET&NOT_RESTRICTED&TRUSTED&NOT_VPN] ]
03-23 08:39:03.693  3527  3527 D SubscriptionController: [getSubId]- sSlotIdxToSubId.size == 0, return DummySubIds slotIdx=1
03-23 08:39:03.693  3527  3527 D SubscriptionController: [getSubId]- sSlotIdxToSubId.size == 0, return DummySubIds slotIdx=1
03-23 08:39:03.693  3527  3527 D DctController: [TNF -3]Request not useable, pending request.
03-23 08:39:03.693  3527  3527 D DctController: processRequests
03-23 08:39:03.694  3527  3527 D SubscriptionController: [getSubId]- sSlotIdxToSubId.size == 0, return DummySubIds slotIdx=0
03-23 08:39:03.696  3527  3527 D DctController: handleMessage msg={ when=-52ms what=107 target=com.android.internal.telephony.dataconnection.DctController }
03-23 08:39:03.696  3527  3527 D DctController: onSubInfoReady mPhoneNum=2
03-23 08:39:03.696  3527  3527 D SubscriptionController: [getSubId]- sSlotIdxToSubId.size == 0, return DummySubIds slotIdx=0
03-23 08:39:03.696  3527  3527 D DctController: onSubInfoReady handle pending requests subId=-2
03-23 08:39:03.696  3527  3527 D DctController: onSubInfoReady: SIM card absent on phoneId = 0
03-23 08:39:03.696  3527  3527 D SubscriptionController: [getSubId]- sSlotIdxToSubId.size == 0, return DummySubIds slotIdx=0
03-23 08:39:03.696  3527  3527 D DctController: [TNF -2]evalPendingRequest, pending request size is 1
03-23 08:39:03.696  3527  3527 D SubscriptionController: [getSubId]- sSlotIdxToSubId.size == 0, return DummySubIds slotIdx=0
03-23 08:39:03.696  3527  3527 D DctController: [TNF -2]evalPendingRequest: request = NetworkRequest [ id=1, legacyType=-1, [ Capabilities: INTERNET&NOT_RESTRICTED&TRUSTED&NOT_VPN] ]
03-23 08:39:03.696  3527  3527 D SubscriptionController: [getSubId]- sSlotIdxToSubId.size == 0, return DummySubIds slotIdx=0
03-23 08:39:03.696  3527  3527 D DctController: [TNF -2]Cellular needs Network for NetworkRequest [ id=1, legacyType=-1, [ Capabilities: INTERNET&NOT_RESTRICTED&TRUSTED&NOT_VPN] ]
03-23 08:39:03.696  3527  3527 D SubscriptionController: [getSubId]- sSlotIdxToSubId.size == 0, return DummySubIds slotIdx=0
03-23 08:39:03.696  3527  3527 D SubscriptionController: [getSubId]- sSlotIdxToSubId.size == 0, return DummySubIds slotIdx=0
03-23 08:39:03.696  3527  3527 D DctController: [TNF -2]Request not useable, pending request.
03-23 08:39:03.696  3527  3527 D SubscriptionController: [getSubId]- sSlotIdxToSubId.size == 0, return DummySubIds slotIdx=1
03-23 08:39:03.696  3527  3527 D DctController: onSubInfoReady handle pending requests subId=-3
03-23 08:39:03.696  3527  3527 D DctController: onSubInfoReady: SIM card absent on phoneId = 1
03-23 08:39:03.696  3527  3527 D SubscriptionController: [getSubId]- sSlotIdxToSubId.size == 0, return DummySubIds slotIdx=1
03-23 08:39:03.696  3527  3527 D DctController: [TNF -3]evalPendingRequest, pending request size is 1
03-23 08:39:03.697  3527  3527 D SubscriptionController: [getSubId]- sSlotIdxToSubId.size == 0, return DummySubIds slotIdx=1
03-23 08:39:03.697  3527  3527 D DctController: [TNF -3]evalPendingRequest: request = NetworkRequest [ id=1, legacyType=-1, [ Capabilities: INTERNET&NOT_RESTRICTED&TRUSTED&NOT_VPN] ]
03-23 08:39:03.697  3527  3527 D SubscriptionController: [getSubId]- sSlotIdxToSubId.size == 0, return DummySubIds slotIdx=1
03-23 08:39:03.697  3527  3527 D DctController: [TNF -3]Cellular needs Network for NetworkRequest [ id=1, legacyType=-1, [ Capabilities: INTERNET&NOT_RESTRICTED&TRUSTED&NOT_VPN] ]
03-23 08:39:03.697  3527  3527 D SubscriptionController: [getSubId]- sSlotIdxToSubId.size == 0, return DummySubIds slotIdx=1
03-23 08:39:03.697  3527  3527 D SubscriptionController: [getSubId]- sSlotIdxToSubId.size == 0, return DummySubIds slotIdx=1
03-23 08:39:03.697  3527  3527 D DctController: [TNF -3]Request not useable, pending request.
03-23 08:39:03.697  3527  3527 D DctController: processRequests
03-23 08:39:03.697  3527  3527 D SubscriptionController: [getSubId]- sSlotIdxToSubId.size == 0, return DummySubIds slotIdx=0
03-23 08:39:03.699  3527  3527 D DctController: handleMessage msg={ when=-5ms what=100 target=com.android.internal.telephony.dataconnection.DctController }
03-23 08:39:03.699  3527  3527 D DcSwitchAsyncChannel: [DcSwitchAsyncChannel-0]: rspIsIdle=true
03-23 08:39:03.699  3527  3527 D DcSwitchAsyncChannel: [DcSwitchAsyncChannel-1]: rspIsIdle=true
03-23 08:39:03.700  3527  3527 D SubscriptionController: [getPhoneId]- invalid subId return=-1
03-23 08:39:03.700  3527  3527 D DcSwitchAsyncChannel: [DcSwitchAsyncChannel-0]: rspIsIdle=true
03-23 08:39:03.700  3527  3527 D DcSwitchAsyncChannel: [DcSwitchAsyncChannel-1]: rspIsIdle=true
03-23 08:39:03.700  3527  3527 D DctController: onProcessRequest requestedPhoneId=-1, activePhoneId=-1
03-23 08:39:03.700  3527  3527 D DctController: handleMessage msg={ when=-4ms what=100 target=com.android.internal.telephony.dataconnection.DctController }
03-23 08:39:03.700  3527  3527 D DcSwitchAsyncChannel: [DcSwitchAsyncChannel-0]: rspIsIdle=true
03-23 08:39:03.701  3527  3527 D DcSwitchAsyncChannel: [DcSwitchAsyncChannel-1]: rspIsIdle=true
03-23 08:39:03.701  3527  3527 D SubscriptionController: [getPhoneId]- invalid subId return=-1
03-23 08:39:03.701  3527  3527 D DcSwitchAsyncChannel: [DcSwitchAsyncChannel-0]: rspIsIdle=true
03-23 08:39:03.701  3527  3527 D DcSwitchAsyncChannel: [DcSwitchAsyncChannel-1]: rspIsIdle=true
03-23 08:39:03.701  3527  3527 D DctController: onProcessRequest requestedPhoneId=-1, activePhoneId=-1
03-23 08:39:05.561  3527  3527 D CAT     : com.android.stk.BootCompletedReceiver: [ACTION_BOOT_COMPLETED]
03-23 08:39:05.565  3527  3527 D CAT     : com.android.stk.StkAppService: onCreate()+
03-23 08:39:05.565  3527  3527 D CAT     : com.android.stk.StkAppService: simCount: 2
03-23 08:39:05.568  3527  3527 D CAT     : com.android.stk.StkAppService: slotId: 0
03-23 08:39:05.569  3527  3527 D CAT     : com.android.stk.StkAppService: slotId: 1
03-23 08:39:05.570  3527  3527 D CAT     : com.android.stk.StkAppService: onStart sim id: 0, op: 5, *****
03-23 08:39:05.570  3527  3527 D CAT     : com.android.stk.StkAppService: mStkService is: -1
03-23 08:39:05.571  3527  4236 D CAT     : com.android.stk.StkAppService: handleMessage opcode[5], sim id[0]
03-23 08:39:05.571  3527  4236 D CAT     : com.android.stk.StkAppService:  OP_BOOT_COMPLETED
03-23 08:39:05.572  3527  4236 D CAT     : StkAppInstaller: [setAppState]+
03-23 08:39:05.573  3527  4236 D CAT     : StkAppInstaller: Change app state[false]
03-23 08:39:05.575  3527  4236 D CAT     : StkAppInstaller: [setAppState]-
03-23 08:39:05.809  3527  3978 D GsmCellBroadcastHandler: mWakeLock released
03-23 08:39:05.822  3527  3998 D SubscriptionController: [getActiveSubInfoList]+
03-23 08:39:05.825  3527  3542 D SubscriptionController: [getPhoneId] asked for default subId=-1
03-23 08:39:05.825  3527  3998 D SubscriptionController: selection:sim_id>=0 null
03-23 08:39:05.825  3527  3542 D SubscriptionController: [getPhoneId]- invalid subId return=-1
03-23 08:39:05.829  3527  3987 D CellBroadcastHandler: mWakeLock released
03-23 08:39:05.831  3527  3998 D SubscriptionController: [getActiveSubInfoList]- no info return
03-23 08:39:05.835  3527  3995 D CdmaServiceCategoryProgramHandler: mWakeLock released
03-23 08:39:05.847  3527  4000 D SubscriptionController: [getActiveSubInfoList]+
03-23 08:39:05.848  3527  4000 D SubscriptionController: selection:sim_id>=0 null
03-23 08:39:05.852  3527  4000 D SubscriptionController: [getActiveSubInfoList]- no info return
03-23 08:39:05.906  3527  4003 D GsmCellBroadcastHandler: mWakeLock released
03-23 08:39:05.911  3527  4005 D CellBroadcastHandler: mWakeLock released
03-23 08:39:05.948  3527  4008 D CdmaServiceCategoryProgramHandler: mWakeLock released
03-23 08:39:05.951  3527  3998 D SubscriptionController: [getActiveSubInfoList]+
03-23 08:39:05.954  3527  3998 D SubscriptionController: selection:sim_id>=0 null
03-23 08:39:05.961  3527  3998 D SubscriptionController: [getActiveSubInfoList]- no info return
03-23 08:39:06.204  3527  4000 D SubscriptionController: [getActiveSubInfoList]+
03-23 08:39:06.205  3527  4000 D SubscriptionController: selection:sim_id>=0 null
03-23 08:39:06.210  3527  4000 D SubscriptionController: [getActiveSubInfoList]- no info return
03-23 08:39:06.220  3527  3541 D SubscriptionController: [getActiveSubInfoList]+
03-23 08:39:06.221  3527  3541 D SubscriptionController: selection:sim_id>=0 null
03-23 08:39:06.225  3527  3541 D SubscriptionController: [getActiveSubInfoList]- no info return
03-23 08:39:06.581  3527  3542 D SubscriptionController: [getPhoneId] asked for default subId=-1
03-23 08:39:06.581  3527  3542 D SubscriptionController: [getPhoneId]- invalid subId return=-1
03-23 08:39:06.655  3527  3527 D SubscriptionController: [getPhoneId]- invalid subId return=-1
03-23 08:39:06.662  3527  3527 D SubscriptionController: [getSubId]- sSlotIdxToSubId.size == 0, return DummySubIds slotIdx=0
03-23 08:39:06.674  3527  3527 D SubscriptionController: [getPhoneId]- invalid subId return=-1
03-23 08:39:06.682  3527  3527 D SubscriptionController: [getSubId]- sSlotIdxToSubId.size == 0, return DummySubIds slotIdx=1
03-23 08:39:07.126  3527  3542 D SubscriptionController: [getPhoneId]- invalid subId return=-1
03-23 08:39:07.153  3527  3541 D SubscriptionController: [getPhoneId]- invalid subId return=-1
03-23 08:39:12.354  3527  3542 D SubscriptionController: [getSlotId]- subId invalid
03-23 08:39:12.356  3527  4000 D SubscriptionController: [getSubId]- invalid slotIdx=-1
03-23 08:39:12.455  3527  3541 D DCT     : [0]hasMatchedTetherApnSetting: APN=null
03-23 08:39:26.000  2382  2502 D use-Rlog/RLOG-RIL_GU: [modem_1]modem_AT_init: modem ready and continue.
03-23 08:39:26.000  2382  2502 E use-Rlog/RLOG-RIL_GU: [modem_1]wait modem ready time out, restart rild
03-23 08:39:26.000  2382  2502 I use-Rlog/RLOG-RIL_GU: [modem_1]RIL will reset to recover from serious problem
03-23 08:39:26.000  2368  2506 D use-Rlog/RLOG-RIL_GU: [modem_0]modem_AT_init: modem ready and continue.
03-23 08:39:26.000  2382  2502 D use-Rlog/RLOG-RIL_GU: [modem_1]setRadioState newState = 1, oldState = 1
03-23 08:39:26.000  2368  2506 E use-Rlog/RLOG-RIL_GU: [modem_0]wait modem ready time out, restart rild
03-23 08:39:26.000  2368  2506 I use-Rlog/RLOG-RIL_GU: [modem_0]RIL will reset to recover from serious problem
03-23 08:39:26.000  2368  2506 D use-Rlog/RLOG-RIL_GU: [modem_0]setRadioState newState = 1, oldState = 1
03-23 08:39:26.000  2368  2506 D use-Rlog/RLOG-RIL_GU: Balong POWER ON/OFF: 10
03-23 08:39:26.000  2368  2506 E use-Rlog/RLOG-RIL_GU: Balong balong_power_state_write(): open state file OK
03-23 08:39:26.000  2368  2506 E use-Rlog/RLOG-RIL_GU: Balong balong_power_state_write(): write state file OK
03-23 08:39:27.000  2382  2502 D use-Rlog/RLOG-RIL_GU: Balong POWER ON/OFF: 10
03-23 08:39:27.000  2382  2502 E use-Rlog/RLOG-RIL_GU: Balong balong_power_state_write(): open state file OK
03-23 08:39:27.000  2382  2502 E use-Rlog/RLOG-RIL_GU: Balong balong_power_state_write(): write state file OK
03-23 08:39:55.557  3527  3541 D SubscriptionController: [getSlotId]- subId invalid
03-23 08:39:55.558  3527  3998 D SubscriptionController: getSimStateForSlotIdx:  simState=NOT_READY ordinal=6
03-23 08:39:55.566  3140  3707 D SubscriptionManager: getSimStateForSubscriber: simState=6 slotIdx=0
03-23 08:39:55.566  3140  3707 D TelephonyManager: getSimState: default sim:-1, sim state for slotIdx=0 is 6, return state as unknown
03-23 08:39:55.575  3527  4000 D DCT     : [0]hasMatchedTetherApnSetting: APN=null
03-23 08:40:54.691  3527  3998 D SubscriptionController: [getPhoneId] asked for default subId=-1
03-23 08:40:54.692  3527  3998 D SubscriptionController: [getPhoneId]- invalid subId return=-1
03-23 08:40:54.882  3527  3542 D SubscriptionController: getSimStateForSlotIdx:  simState=NOT_READY ordinal=6
03-23 08:40:54.882  4737  4737 D SubscriptionManager: getSimStateForSubscriber: simState=6 slotIdx=0
03-23 08:40:54.884  3527  3541 D SubscriptionController: getSimStateForSlotIdx:  simState=NOT_READY ordinal=6
03-23 08:40:54.884  4737  4737 D SubscriptionManager: getSimStateForSubscriber: simState=6 slotIdx=1
03-23 08:40:54.888  3527  3998 D SubscriptionController: getSimStateForSlotIdx:  simState=NOT_READY ordinal=6
03-23 08:40:54.889  4737  4737 D SubscriptionManager: getSimStateForSubscriber: simState=6 slotIdx=0
03-23 08:40:54.889  3527  4000 D SubscriptionController: getSimStateForSlotIdx:  simState=NOT_READY ordinal=6
03-23 08:40:54.889  4737  4737 D SubscriptionManager: getSimStateForSubscriber: simState=6 slotIdx=1
03-23 08:40:55.039  3527  4000 D SubscriptionController: [getSlotId]- subId invalid
03-23 08:40:55.040  3527  3542 D SubscriptionController: getSimStateForSlotIdx: invalid slotIdx simState=UNKNOWN ordinal=0
03-23 08:40:55.041  4737  4737 D SubscriptionManager: getSimStateForSubscriber: simState=0 slotIdx=-1
03-23 08:40:55.047  3527  3541 D SubscriptionController: getSimStateForSlotIdx:  simState=NOT_READY ordinal=6
03-23 08:40:55.047  4737  4737 D SubscriptionManager: getSimStateForSubscriber: simState=6 slotIdx=0
03-23 08:40:55.048  3527  3998 D SubscriptionController: getSimStateForSlotIdx:  simState=NOT_READY ordinal=6
03-23 08:40:55.048  4737  4737 D SubscriptionManager: getSimStateForSubscriber: simState=6 slotIdx=1
03-23 08:40:55.920  3527  3998 D SubscriptionController: [getSlotId]- subId invalid
03-23 08:40:55.921  3527  4000 D SubscriptionController: getSimStateForSlotIdx: invalid slotIdx simState=UNKNOWN ordinal=0
03-23 08:40:55.921  4737  4737 D SubscriptionManager: getSimStateForSubscriber: simState=0 slotIdx=-1
03-23 08:40:57.926  2890  2890 W PhoneNumberUtils: getCountryIso null
03-23 08:40:57.931  2890  2890 W PhoneNumberUtils: isLocalEmergencyNumberInternalUS
03-23 08:40:57.931  2890  2890 D PhoneNumberUtils: subId:-1, defaultCountryIso:US
03-23 08:40:57.932  3527  4000 D SubscriptionController: [getSlotId]- subId invalid
03-23 08:40:57.932  2890  2890 D PhoneNumberUtils: slotId:-1, emergencyNumbers: 112,911,000,08,110,118,119,999,112,911,118
03-23 08:40:57.949  2890  2890 W PhoneNumberUtils: getCountryIso Country {ISO=US, source=3, time=155856}
03-23 08:40:57.950  2890  2890 W PhoneNumberUtils: isLocalEmergencyNumberInternalUS
03-23 08:40:57.950  2890  2890 D PhoneNumberUtils: subId:-1, defaultCountryIso:US
03-23 08:40:57.950  3527  3998 D SubscriptionController: [getSlotId]- subId invalid
03-23 08:40:57.950  2890  2890 D PhoneNumberUtils: slotId:-1, emergencyNumbers: 112,911,000,08,110,118,119,999,112,911,118
03-23 08:40:57.956  2890  2890 W PhoneNumberUtils: getCountryIso Country {ISO=US, source=3, time=155856}
03-23 08:40:57.956  2890  2890 W PhoneNumberUtils: isLocalEmergencyNumberInternalUS
03-23 08:40:57.956  2890  2890 D PhoneNumberUtils: subId:-1, defaultCountryIso:US
03-23 08:40:57.957  3527  3541 D SubscriptionController: [getSlotId]- subId invalid
03-23 08:40:57.957  2890  2890 D PhoneNumberUtils: slotId:-1, emergencyNumbers: 112,911,000,08,110,118,119,999,112,911,118
03-23 08:40:57.971  3527  3998 D SubscriptionController: [getPhoneId] asked for default subId=-1
03-23 08:40:57.972  3527  3998 D SubscriptionController: [getPhoneId]- invalid subId return=-1
03-23 08:40:58.090  3527  3998 D SubscriptionController: getSimStateForSlotIdx:  simState=NOT_READY ordinal=6
