03-03 16:23:56.187  5211  5483 D CellBroadcastHandler: mWakeLock released
03-03 16:23:56.187  5211  5445 D GsmInboundSmsHandler: mWakeLock released
03-03 16:23:56.187  5211  5458 D CdmaInboundSmsHandler: mWakeLock released
03-03 16:23:56.193  5211  5485 D CdmaServiceCategoryProgramHandler: mWakeLock released
03-03 16:23:56.202  5211  5482 D GsmInboundSmsHandler: IdleState.processMessage:5
03-03 16:23:56.202  5211  5484 D CdmaInboundSmsHandler: IdleState.processMessage:5
03-03 16:23:56.202  5211  5482 D GsmInboundSmsHandler: Idle state processing message type 5
03-03 16:23:56.202  5211  5484 D CdmaInboundSmsHandler: Idle state processing message type 5
03-03 16:23:56.203  5211  5482 D GsmInboundSmsHandler: mWakeLock released
03-03 16:23:56.203  5211  5484 D CdmaInboundSmsHandler: mWakeLock released
03-03 16:23:56.939  5211  5440 I RILJ    : Couldn't find 'rild2' socket; retrying after timeout
03-03 16:23:57.108  5211  5211 D SubscriptionController: [getPhoneId] asked for default subId=-1
03-03 16:23:57.108  5211  5211 D SubscriptionController: [getPhoneId]- invalid subId return=-1
03-03 16:23:58.091  5211  5211 D CAT     : com.android.stk.BootCompletedReceiver: [ACTION_BOOT_COMPLETED]
03-03 16:23:58.093  5211  5211 D CAT     : com.android.stk.StkAppService: onCreate()+
03-03 16:23:58.093  5211  5211 D CAT     : com.android.stk.StkAppService: simCount: 2
03-03 16:23:58.111  5211  5211 D CAT     : com.android.stk.StkAppService: slotId: 0
03-03 16:23:58.111  5211  5211 D CAT     : com.android.stk.StkAppService: slotId: 1
03-03 16:23:58.114  5211  5211 D CAT     : com.android.stk.StkAppService: onStart sim id: 0, op: 5, *****
03-03 16:23:58.114  5211  5211 D CAT     : com.android.stk.StkAppService: mStkService is: -1
03-03 16:23:58.115  5211  5773 D CAT     : com.android.stk.StkAppService: handleMessage opcode[5], sim id[0]
03-03 16:23:58.115  5211  5773 D CAT     : com.android.stk.StkAppService:  OP_BOOT_COMPLETED
03-03 16:23:58.115  5211  5773 D CAT     : StkAppInstaller: [setAppState]+
03-03 16:23:58.117  5211  5773 D CAT     : StkAppInstaller: Change app state[false]
03-03 16:23:58.118  5211  5773 D CAT     : StkAppInstaller: [setAppState]-
03-03 16:23:58.210  5211  5492 D SubscriptionController: [getActiveSubInfoList]+
03-03 16:23:58.212  5211  5492 D SubscriptionController: [getActiveSubInfoList] Sub Controller not ready
03-03 16:23:58.212  5211  5226 D SubscriptionController: [getPhoneId] asked for default subId=-1
03-03 16:23:58.213  5211  5226 D SubscriptionController: [getPhoneId]- invalid subId return=-1
03-03 16:23:58.215  5211  5494 D SubscriptionController: [getActiveSubInfoList]+
03-03 16:23:58.217  5211  5494 D SubscriptionController: [getActiveSubInfoList] Sub Controller not ready
03-03 16:23:58.231  5211  5226 D SubscriptionController: [getActiveSubInfoList]+
03-03 16:23:58.232  5211  5226 D SubscriptionController: [getActiveSubInfoList] Sub Controller not ready
03-03 16:23:58.331  5211  5494 D SubscriptionController: [getActiveSubInfoList]+
03-03 16:23:58.336  5211  5494 D SubscriptionController: [getActiveSubInfoList] Sub Controller not ready
03-03 16:23:58.490  5211  5226 D SubscriptionController: [getPhoneId] asked for default subId=-1
03-03 16:23:58.490  5211  5226 D SubscriptionController: [getPhoneId]- invalid subId return=-1
03-03 16:24:00.940  5211  5440 I RILJ    : Couldn't find 'rild2' socket; retrying after timeout
03-03 16:24:04.940  5211  5440 I RILJ    : Couldn't find 'rild2' socket; retrying after timeout
03-03 16:24:08.941  5211  5440 I RILJ    : Couldn't find 'rild2' socket; retrying after timeout
03-03 16:24:12.942  5211  5440 I RILJ    : Couldn't find 'rild2' socket; retrying after timeout
03-03 16:24:16.943  5211  5440 I RILJ    : Couldn't find 'rild2' socket; retrying after timeout
03-03 16:24:18.952  5211  5225 D SubscriptionController: [getSlotId]- subId invalid
03-03 16:24:18.952  5211  5494 D SubscriptionController: [getSubId]- invalid slotIdx=-1
03-03 16:24:19.100  5211  5494 D DCT     : [0]hasMatchedTetherApnSetting: APN=null
03-03 16:24:20.943  5211  5440 I RILJ    : Couldn't find 'rild2' socket; retrying after timeout
03-03 16:24:24.944  5211  5440 E RILJ    : Couldn't find 'rild2' socket after 8 times, continuing to retry silently
03-03 16:26:47.289  5211  5211 D RILJ    : [3663]> SCREEN_STATE: true [SUB0]
03-03 16:26:47.297  2392  2529 D use-Rlog/RLOG-RIL_GU: [modem_0]onRequest[61]:SCREEN_STATE[1]
03-03 16:26:47.297  2392  2529 D use-Rlog/RLOG-RIL_GU: balong-ril reseting,ignore all the request
03-03 16:26:47.297  2392  2529 I RILC    : RIL_onRequestComplete: free RIL_Token 0x7fb7261040
03-03 16:26:47.297  5211  5438 D RilRequest: [3663]< SCREEN_STATE error: com.android.internal.telephony.CommandException: RADIO_NOT_AVAILABLE ret=
03-03 16:26:47.300  5211  5211 D RILJ    : [3664]> SCREEN_STATE: true [SUB1]
03-03 16:26:47.300  5211  5211 D RilRequest: [3664]< SCREEN_STATE error: com.android.internal.telephony.CommandException: RADIO_NOT_AVAILABLE ret=
03-03 16:26:47.380  5211  5211 D SubscriptionController: [getSubId]- sSlotIdxToSubId.size == 0, return DummySubIds slotIdx=0
03-03 16:26:47.381  5211  5211 D SubscriptionController: [getSubId]- sSlotIdxToSubId.size == 0, return DummySubIds slotIdx=0
03-03 16:26:47.382  5211  5211 D SubscriptionController: [getSubId]- sSlotIdxToSubId.size == 0, return DummySubIds slotIdx=1
03-03 16:26:47.382  5211  5211 D SubscriptionController: [getSubId]- sSlotIdxToSubId.size == 0, return DummySubIds slotIdx=1
03-03 16:26:47.392  5211  5211 D SubscriptionController: [getSubId]- sSlotIdxToSubId.size == 0, return DummySubIds slotIdx=0
03-03 16:26:47.392  5211  5211 D SubscriptionController: [getSubId]- sSlotIdxToSubId.size == 0, return DummySubIds slotIdx=0
03-03 16:26:47.393  5211  5211 D SubscriptionController: [getSubId]- sSlotIdxToSubId.size == 0, return DummySubIds slotIdx=1
03-03 16:26:47.394  5211  5211 D SubscriptionController: [getSubId]- sSlotIdxToSubId.size == 0, return DummySubIds slotIdx=1
03-03 16:26:47.397  5211  5211 D CAT     : com.android.stk.StkAppService: onStart sim id: 0, op: 13, *****
03-03 16:26:47.397  5211  5211 D CAT     : com.android.stk.StkAppService: mStkService is: 0
03-03 16:26:47.397  5211  5773 D CAT     : com.android.stk.StkAppService: handleMessage opcode[13], sim id[0]
03-03 16:26:47.398  5211  5773 D CAT     : StkAppService: Need to send IDLE SCREEN Available event to SIM
03-03 16:26:47.398  5211  5773 D CAT     : StkAppService: Event :5
03-03 16:26:47.398  5211  5773 E CAT     : StkAppService: SetupEventList is not received. Ignoring the event: 5
03-03 16:26:47.398  5211  5773 D CAT     : StkAppService: Need to send IDLE SCREEN Available event to SIM
03-03 16:26:47.398  5211  5773 D CAT     : StkAppService: Event :5
03-03 16:26:47.398  5211  5773 E CAT     : StkAppService: SetupEventList is not received. Ignoring the event: 5
03-03 16:26:51.840  5211  5492 D DCT     : [0]hasMatchedTetherApnSetting: APN=null
