03-03 16:23:53.355  5211  5211 D SubscriptionController: [getSubId]- sSlotIdxToSubId.size == 0, return DummySubIds slotIdx=0
03-03 16:23:53.356  5211  5211 D SubscriptionController: [getPhoneId]- invalid subId return=-1
03-03 16:23:53.357  5211  5211 D GSMPhone: getDataConnectionState: Data is Out of Service. ret = DISCONNECTED
03-03 16:23:53.357  5211  5211 D SubscriptionController: [getSubId]- sSlotIdxToSubId.size == 0, return DummySubIds slotIdx=0
03-03 16:23:53.358  5211  5211 D SubscriptionController: [getPhoneId]- invalid subId return=-1
03-03 16:23:53.359  5211  5211 D GSMPhone: getDataConnectionState: Data is Out of Service. ret = DISCONNECTED
03-03 16:23:53.359  5211  5211 D SubscriptionController: [getSubId]- sSlotIdxToSubId.size == 0, return DummySubIds slotIdx=0
03-03 16:23:53.360  5211  5211 D SubscriptionController: [getPhoneId]- invalid subId return=-1
03-03 16:23:53.361  5211  5211 D GSMPhone: getDataConnectionState: Data is Out of Service. ret = DISCONNECTED
03-03 16:23:53.361  5211  5211 D SubscriptionController: [getSubId]- sSlotIdxToSubId.size == 0, return DummySubIds slotIdx=0
03-03 16:23:53.362  5211  5211 D SubscriptionController: [getPhoneId]- invalid subId return=-1
03-03 16:23:53.364  5211  5211 D GSMPhone: getDataConnectionState: Data is Out of Service. ret = DISCONNECTED
03-03 16:23:53.364  5211  5211 D SubscriptionController: [getSubId]- sSlotIdxToSubId.size == 0, return DummySubIds slotIdx=0
03-03 16:23:53.364  5211  5211 D SubscriptionController: [getPhoneId]- invalid subId return=-1
03-03 16:23:53.365  5211  5211 D SubscriptionController: [getSubId]- sSlotIdxToSubId.size == 0, return DummySubIds slotIdx=0
03-03 16:23:53.366  5211  5211 D DCT     : [0]cleanUpConnection: mDisconnectPendingCount = 0
03-03 16:23:53.366  5211  5211 D SubscriptionController: [getSubId]- sSlotIdxToSubId.size == 0, return DummySubIds slotIdx=0
03-03 16:23:53.367  5211  5211 D SubscriptionController: [getPhoneId]- invalid subId return=-1
03-03 16:23:53.368  5211  5211 D SubscriptionController: [getSubId]- sSlotIdxToSubId.size == 0, return DummySubIds slotIdx=0
03-03 16:23:53.369  5211  5211 D SubscriptionController: [getPhoneId]- invalid subId return=-1
03-03 16:23:53.370  5211  5211 D SubscriptionController: [getSubId]- sSlotIdxToSubId.size == 0, return DummySubIds slotIdx=0
03-03 16:23:53.370  5211  5211 D SubscriptionController: [getPhoneId]- invalid subId return=-1
03-03 16:23:53.372  5211  5211 D SubscriptionController: [getSubId]- sSlotIdxToSubId.size == 0, return DummySubIds slotIdx=0
03-03 16:23:53.372  5211  5211 D SubscriptionController: [getPhoneId]- invalid subId return=-1
03-03 16:23:53.373  5211  5211 D SubscriptionController: [getSubId]- sSlotIdxToSubId.size == 0, return DummySubIds slotIdx=0
03-03 16:23:53.374  5211  5211 D SubscriptionController: [getPhoneId]- invalid subId return=-1
03-03 16:23:53.375  5211  5211 D SubscriptionController: [getSubId]- sSlotIdxToSubId.size == 0, return DummySubIds slotIdx=0
03-03 16:23:53.375  5211  5211 D SubscriptionController: [getPhoneId]- invalid subId return=-1
03-03 16:23:53.377  5211  5211 D SubscriptionController: [getSubId]- sSlotIdxToSubId.size == 0, return DummySubIds slotIdx=0
03-03 16:23:53.378  5211  5211 D SubscriptionController: [getPhoneId]- invalid subId return=-1
03-03 16:23:53.379  5211  5211 D SubscriptionController: [getSubId]- sSlotIdxToSubId.size == 0, return DummySubIds slotIdx=0
03-03 16:23:53.380  5211  5211 D SubscriptionController: [getPhoneId]- invalid subId return=-1
03-03 16:23:53.381  5211  5211 D SubscriptionController: [getSubId]- sSlotIdxToSubId.size == 0, return DummySubIds slotIdx=0
03-03 16:23:53.382  5211  5211 D SubscriptionController: [getPhoneId]- invalid subId return=-1
03-03 16:23:53.383  5211  5211 D SubscriptionController: [getSubId]- sSlotIdxToSubId.size == 0, return DummySubIds slotIdx=0
03-03 16:23:53.383  5211  5211 D SubscriptionController: [getSubId]- sSlotIdxToSubId.size == 0, return DummySubIds slotIdx=0
03-03 16:23:53.384  5211  5211 D SubscriptionController: [getPhoneId]- invalid subId return=-1
03-03 16:23:53.385  5211  5211 D SubscriptionController: [getSubId]- sSlotIdxToSubId.size == 0, return DummySubIds slotIdx=0
03-03 16:23:53.386  5211  5211 D SubscriptionController: [getPhoneId]- invalid subId return=-1
03-03 16:23:53.387  5211  5211 D SubscriptionController: [getSubId]- sSlotIdxToSubId.size == 0, return DummySubIds slotIdx=0
03-03 16:23:53.388  5211  5211 D SubscriptionController: [getPhoneId]- invalid subId return=-1
03-03 16:23:53.389  5211  5211 D SubscriptionController: [getSubId]- sSlotIdxToSubId.size == 0, return DummySubIds slotIdx=0
03-03 16:23:53.389  5211  5211 D SubscriptionController: [getPhoneId]- invalid subId return=-1
03-03 16:23:53.391  5211  5211 D SubscriptionController: [getSubId]- sSlotIdxToSubId.size == 0, return DummySubIds slotIdx=0
03-03 16:23:53.391  5211  5211 D SubscriptionController: [getPhoneId]- invalid subId return=-1
03-03 16:23:53.394  5211  5211 D SubscriptionController: [getSubId]- sSlotIdxToSubId.size == 0, return DummySubIds slotIdx=0
03-03 16:23:53.395  5211  5211 D SubscriptionController: [getPhoneId]- invalid subId return=-1
03-03 16:23:53.396  5211  5211 D SubscriptionController: [getSubId]- sSlotIdxToSubId.size == 0, return DummySubIds slotIdx=0
03-03 16:23:53.397  5211  5211 D SubscriptionController: [getPhoneId]- invalid subId return=-1
03-03 16:23:53.398  5211  5211 D SubscriptionController: [getSubId]- sSlotIdxToSubId.size == 0, return DummySubIds slotIdx=0
03-03 16:23:53.399  5211  5211 D SubscriptionController: [getPhoneId]- invalid subId return=-1
03-03 16:23:53.400  5211  5211 D SubscriptionController: [getSubId]- sSlotIdxToSubId.size == 0, return DummySubIds slotIdx=0
03-03 16:23:53.401  5211  5211 D SubscriptionController: [getPhoneId]- invalid subId return=-1
03-03 16:23:53.402  5211  5211 D SubscriptionController: [getSubId]- sSlotIdxToSubId.size == 0, return DummySubIds slotIdx=0
03-03 16:23:53.404  5211  5211 D SubscriptionController: [getSubId]- sSlotIdxToSubId.size == 0, return DummySubIds slotIdx=0
03-03 16:23:53.405  5211  5211 D SubscriptionController: [getPhoneId]- invalid subId return=-1
03-03 16:23:53.406  5211  5211 D SubscriptionController: [getSubId]- sSlotIdxToSubId.size == 0, return DummySubIds slotIdx=0
03-03 16:23:53.406  5211  5211 D SubscriptionController: [getPhoneId]- invalid subId return=-1
03-03 16:23:53.408  5211  5211 D SubscriptionController: [getSubId]- sSlotIdxToSubId.size == 0, return DummySubIds slotIdx=0
03-03 16:23:53.408  5211  5211 D SubscriptionController: [getPhoneId]- invalid subId return=-1
03-03 16:23:53.410  5211  5211 D SubscriptionController: [getSubId]- sSlotIdxToSubId.size == 0, return DummySubIds slotIdx=0
03-03 16:23:53.411  5211  5211 D SubscriptionController: [getPhoneId]- invalid subId return=-1
03-03 16:23:53.412  5211  5211 D SubscriptionController: [getSubId]- sSlotIdxToSubId.size == 0, return DummySubIds slotIdx=0
03-03 16:23:53.413  5211  5211 D SubscriptionController: [getPhoneId]- invalid subId return=-1
03-03 16:23:53.415  5211  5211 D SubscriptionController: [getSubId]- sSlotIdxToSubId.size == 0, return DummySubIds slotIdx=0
03-03 16:23:53.415  5211  5211 D SubscriptionController: [getPhoneId]- invalid subId return=-1
03-03 16:23:53.416  5211  5211 D SubscriptionController: [getSubId]- sSlotIdxToSubId.size == 0, return DummySubIds slotIdx=0
03-03 16:23:53.417  5211  5211 D SubscriptionController: [getPhoneId]- invalid subId return=-1
03-03 16:23:53.419  5211  5211 D SubscriptionController: [getSubId]- sSlotIdxToSubId.size == 0, return DummySubIds slotIdx=0
03-03 16:23:53.419  5211  5211 D SubscriptionController: [getPhoneId]- invalid subId return=-1
03-03 16:23:53.420  5211  5211 D SubscriptionController: [getSubId]- sSlotIdxToSubId.size == 0, return DummySubIds slotIdx=0
03-03 16:23:53.421  5211  5211 D SubscriptionController: [getPhoneId]- invalid subId return=-1
03-03 16:23:53.423  5211  5211 D DCT     : [0]onUpdateIcc: newIccRecords null
03-03 16:23:53.423  5211  5211 D SubscriptionController: [getSubId]- sSlotIdxToSubId.size == 0, return DummySubIds slotIdx=0
03-03 16:23:53.423  5211  5211 D GsmSMSDispatcher: GsmSMSDispatcher: subId = -2 slotId = 0
03-03 16:23:53.423  5211  5211 E IccCardProxy: setExternalState: !override and newstate unchanged from NOT_READY
03-03 16:23:53.423  5211  5211 E IccCardProxy: setExternalState: !override and newstate unchanged from NOT_READY
03-03 16:23:53.423  5211  5211 E IccCardProxy: setExternalState: !override and newstate unchanged from NOT_READY
03-03 16:23:53.423  5211  5211 D PhoneBase: config LCE service failed: com.android.internal.telephony.CommandException: RADIO_NOT_AVAILABLE
03-03 16:23:53.423  5211  5211 D RILJ    : [3660]> GET_CURRENT_CALLS [SUB1]
03-03 16:23:53.423  5211  5211 D RilRequest: [3660]< GET_CURRENT_CALLS error: com.android.internal.telephony.CommandException: RADIO_NOT_AVAILABLE ret=
03-03 16:23:53.423  5211  5211 D GsmSST  : [GsmSST] mDeviceShuttingDown = false
03-03 16:23:53.423  5211  5211 D GsmSST  : [GsmSST] mDesiredPowerState = true
03-03 16:23:53.423  5211  5211 D GsmSST  : [GsmSST] getRadioState = RADIO_UNAVAILABLE
03-03 16:23:53.423  5211  5211 D GsmSST  : [GsmSST] mPowerOffDelayNeed = true
03-03 16:23:53.423  5211  5211 D GsmSST  : [GsmSST] mAlarmSwitch = false
03-03 16:23:53.423  5211  5211 D PHONE   : [ServiceState] setNullState=1
03-03 16:23:53.424  5211  5211 D GsmSST  : [GsmSST] Poll ServiceState done:  oldSS=[1 1 voice home data home null null null null null null  Unknown Unknown CSS not supported 0 0 RoamInd=0 DefRoamInd=0 EmergOnly=false IsDataRoamingFromRegistration=false] newSS=[1 1 voice home data home null null null null null null  Unknown Unknown CSS not supported -1 -1 RoamInd=-1 DefRoamInd=-1 EmergOnly=false IsDataRoamingFromRegistration=false] oldMaxDataCalls=1 mNewMaxDataCalls=1 oldReasonDataDenied=-1 mNewReasonDataDenied=-1
03-03 16:23:53.424  5211  5211 D PHONE   : [ServiceState] setNullState=1
03-03 16:23:53.424  5211  5211 D GsmSST  : [GsmSST] updateSpnDisplay: radio is on but out of service, set plmn='No service.'
03-03 16:23:53.424  5211  5211 D SubscriptionController: [getSubId]- sSlotIdxToSubId.size == 0, return DummySubIds slotIdx=1
03-03 16:23:53.424  5211  5211 D GsmSST  : [GsmSST] updateSpnDisplay: changed sending intent rule=0 showPlmn='true' plmn='No service.' showSpn='false' spn='' dataSpn='' subId='-3'
03-03 16:23:53.424  5211  5211 D SubscriptionController: [getSubId]- sSlotIdxToSubId.size == 0, return DummySubIds slotIdx=1
03-03 16:23:53.425  5211  5211 D SubscriptionController: [getSubId]- sSlotIdxToSubId.size == 0, return DummySubIds slotIdx=1
03-03 16:23:53.426  5211  5211 D SubscriptionController: [setPlmnSpn] No valid subscription to store info
03-03 16:23:53.426  5211  5211 D SubscriptionController: notifySubscriptionInfoChanged:
03-03 16:23:53.428  5211  5494 D SubscriptionController: [getActiveSubInfoList]+
03-03 16:23:53.430  5211  5494 D SubscriptionController: [getActiveSubInfoList] Sub Controller not ready
03-03 16:23:53.431  5211  5226 D SubscriptionController: [getActiveSubInfoList]+
03-03 16:23:53.431  5211  5211 D TelephonyManager: setTelephonyProperty: success phoneId=1 property=gsm.operator.alpha value:  propVal=,
03-03 16:23:53.431  5211  5226 D SubscriptionController: [getActiveSubInfoList] Sub Controller not ready
03-03 16:23:53.432  5211  5211 D TelephonyManager: setTelephonyProperty: success phoneId=1 property=gsm.operator.numeric value:  propVal=,
03-03 16:23:53.432  5211  5211 D GsmSST  : [GsmSST] operatorNumeric is null
03-03 16:23:53.432  5211  5211 D TelephonyManager: setTelephonyProperty: success phoneId=1 property=gsm.operator.iso-country value:  propVal=,
03-03 16:23:53.433  5211  5211 D TelephonyManager: setTelephonyProperty: success phoneId=1 property=gsm.operator.isroaming value: false propVal=false,false
03-03 16:23:53.433  5211  5211 D GsmSST  : [GsmSST] Broadcasting ServiceState : 1 1 voice home data home null null null null null null  Unknown Unknown CSS not supported -1 -1 RoamInd=-1 DefRoamInd=-1 EmergOnly=false IsDataRoamingFromRegistration=false
03-03 16:23:53.433  5211  5211 D SubscriptionController: [getSubId]- sSlotIdxToSubId.size == 0, return DummySubIds slotIdx=1
03-03 16:23:53.433  5211  5211 D DefaultPhoneNotifier: nofityServiceState: mRegistry=com.android.internal.telephony.ITelephonyRegistry$Stub$Proxy@c74234 ss=1 1 voice home data home null null null null null null  Unknown Unknown CSS not supported -1 -1 RoamInd=-1 DefRoamInd=-1 EmergOnly=false IsDataRoamingFromRegistration=false sender=Handler (com.android.internal.telephony.gsm.GSMPhone) {54d1b9c} phondId=1 subId=-3
03-03 16:23:53.434  5211  5211 D SubscriptionController: [getSlotId]- subId invalid
03-03 16:23:53.435  5211  5211 D SubscriptionController: getSimStateForSlotIdx:  simState=NOT_READY ordinal=6
03-03 16:23:53.435  3034  3106 D SubscriptionManager: getSimStateForSubscriber: simState=6 slotIdx=0
03-03 16:23:53.435  3034  3106 D TelephonyManager: getSimState: default sim:-1, sim state for slotIdx=0 is 6, return state as unknown
03-03 16:23:53.436  5211  5211 D DCT     : [1]onUpdateIcc: newIccRecords null
03-03 16:23:53.436  5211  5211 D GSMPhone: getDataConnectionState: Data is Out of Service. ret = DISCONNECTED
03-03 16:23:53.436  5211  5211 D SubscriptionController: [getSubId]- sSlotIdxToSubId.size == 0, return DummySubIds slotIdx=1
03-03 16:23:53.437  5211  5211 D SubscriptionController: [getPhoneId]- invalid subId return=-1
03-03 16:23:53.438  5211  5211 D GSMPhone: getDataConnectionState: Data is Out of Service. ret = DISCONNECTED
03-03 16:23:53.439  5211  5211 D SubscriptionController: [getSubId]- sSlotIdxToSubId.size == 0, return DummySubIds slotIdx=1
03-03 16:23:53.439  5211  5211 D SubscriptionController: [getPhoneId]- invalid subId return=-1
03-03 16:23:53.440  5211  5211 D GSMPhone: getDataConnectionState: Data is Out of Service. ret = DISCONNECTED
03-03 16:23:53.440  5211  5211 D SubscriptionController: [getSubId]- sSlotIdxToSubId.size == 0, return DummySubIds slotIdx=1
03-03 16:23:53.441  5211  5211 D SubscriptionController: [getPhoneId]- invalid subId return=-1
03-03 16:23:53.442  5211  5211 D GSMPhone: getDataConnectionState: Data is Out of Service. ret = DISCONNECTED
03-03 16:23:53.442  5211  5211 D SubscriptionController: [getSubId]- sSlotIdxToSubId.size == 0, return DummySubIds slotIdx=1
03-03 16:23:53.443  5211  5211 D SubscriptionController: [getPhoneId]- invalid subId return=-1
03-03 16:23:53.444  5211  5211 D GSMPhone: getDataConnectionState: Data is Out of Service. ret = DISCONNECTED
03-03 16:23:53.445  5211  5211 D SubscriptionController: [getSubId]- sSlotIdxToSubId.size == 0, return DummySubIds slotIdx=1
03-03 16:23:53.445  5211  5211 D SubscriptionController: [getPhoneId]- invalid subId return=-1
03-03 16:23:53.447  5211  5211 D GSMPhone: getDataConnectionState: Data is Out of Service. ret = DISCONNECTED
03-03 16:23:53.447  5211  5211 D SubscriptionController: [getSubId]- sSlotIdxToSubId.size == 0, return DummySubIds slotIdx=1
03-03 16:23:53.447  5211  5211 D SubscriptionController: [getPhoneId]- invalid subId return=-1
03-03 16:23:53.449  5211  5211 D GSMPhone: getDataConnectionState: Data is Out of Service. ret = DISCONNECTED
03-03 16:23:53.449  5211  5211 D SubscriptionController: [getSubId]- sSlotIdxToSubId.size == 0, return DummySubIds slotIdx=1
03-03 16:23:53.449  5211  5211 D SubscriptionController: [getPhoneId]- invalid subId return=-1
03-03 16:23:53.450  5211  5211 D GSMPhone: getDataConnectionState: Data is Out of Service. ret = DISCONNECTED
03-03 16:23:53.450  5211  5211 D SubscriptionController: [getSubId]- sSlotIdxToSubId.size == 0, return DummySubIds slotIdx=1
03-03 16:23:53.451  5211  5211 D SubscriptionController: [getPhoneId]- invalid subId return=-1
03-03 16:23:53.453  5211  5211 D GSMPhone: getDataConnectionState: Data is Out of Service. ret = DISCONNECTED
03-03 16:23:53.453  5211  5211 D SubscriptionController: [getSubId]- sSlotIdxToSubId.size == 0, return DummySubIds slotIdx=1
03-03 16:23:53.453  5211  5211 D SubscriptionController: [getPhoneId]- invalid subId return=-1
03-03 16:23:53.454  5211  5211 D SubscriptionController: [getSubId]- sSlotIdxToSubId.size == 0, return DummySubIds slotIdx=1
03-03 16:23:53.454  5211  5211 D DCT     : [1]cleanUpConnection: mDisconnectPendingCount = 0
03-03 16:23:53.455  5211  5211 D SubscriptionController: [getSubId]- sSlotIdxToSubId.size == 0, return DummySubIds slotIdx=1
03-03 16:23:53.455  5211  5211 D SubscriptionController: [getPhoneId]- invalid subId return=-1
03-03 16:23:53.457  5211  5211 D SubscriptionController: [getSubId]- sSlotIdxToSubId.size == 0, return DummySubIds slotIdx=1
03-03 16:23:53.457  5211  5211 D SubscriptionController: [getPhoneId]- invalid subId return=-1
03-03 16:23:53.459  5211  5211 D SubscriptionController: [getSubId]- sSlotIdxToSubId.size == 0, return DummySubIds slotIdx=1
03-03 16:23:53.459  5211  5211 D SubscriptionController: [getPhoneId]- invalid subId return=-1
03-03 16:23:53.460  5211  5211 D SubscriptionController: [getSubId]- sSlotIdxToSubId.size == 0, return DummySubIds slotIdx=1
03-03 16:23:53.461  5211  5211 D SubscriptionController: [getPhoneId]- invalid subId return=-1
03-03 16:23:53.462  5211  5211 D SubscriptionController: [getSubId]- sSlotIdxToSubId.size == 0, return DummySubIds slotIdx=1
03-03 16:23:53.463  5211  5211 D SubscriptionController: [getPhoneId]- invalid subId return=-1
03-03 16:23:53.465  5211  5211 D SubscriptionController: [getSubId]- sSlotIdxToSubId.size == 0, return DummySubIds slotIdx=1
03-03 16:23:53.465  5211  5211 D SubscriptionController: [getPhoneId]- invalid subId return=-1
03-03 16:23:53.466  5211  5211 D SubscriptionController: [getSubId]- sSlotIdxToSubId.size == 0, return DummySubIds slotIdx=1
03-03 16:23:53.467  5211  5211 D SubscriptionController: [getPhoneId]- invalid subId return=-1
03-03 16:23:53.468  5211  5211 D SubscriptionController: [getSubId]- sSlotIdxToSubId.size == 0, return DummySubIds slotIdx=1
03-03 16:23:53.469  5211  5211 D SubscriptionController: [getPhoneId]- invalid subId return=-1
03-03 16:23:53.470  5211  5211 D SubscriptionController: [getSubId]- sSlotIdxToSubId.size == 0, return DummySubIds slotIdx=1
03-03 16:23:53.470  5211  5211 D SubscriptionController: [getPhoneId]- invalid subId return=-1
03-03 16:23:53.471  5211  5211 D SubscriptionController: [getSubId]- sSlotIdxToSubId.size == 0, return DummySubIds slotIdx=1
03-03 16:23:53.472  5211  5211 D SubscriptionController: [getSubId]- sSlotIdxToSubId.size == 0, return DummySubIds slotIdx=1
03-03 16:23:53.472  5211  5211 D SubscriptionController: [getPhoneId]- invalid subId return=-1
03-03 16:23:53.473  5211  5211 D SubscriptionController: [getSubId]- sSlotIdxToSubId.size == 0, return DummySubIds slotIdx=1
03-03 16:23:53.474  5211  5211 D SubscriptionController: [getPhoneId]- invalid subId return=-1
03-03 16:23:53.475  5211  5211 D SubscriptionController: [getSubId]- sSlotIdxToSubId.size == 0, return DummySubIds slotIdx=1
03-03 16:23:53.477  5211  5211 D SubscriptionController: [getPhoneId]- invalid subId return=-1
03-03 16:23:53.478  5211  5211 D SubscriptionController: [getSubId]- sSlotIdxToSubId.size == 0, return DummySubIds slotIdx=1
03-03 16:23:53.479  5211  5211 D SubscriptionController: [getPhoneId]- invalid subId return=-1
03-03 16:23:53.480  5211  5211 D SubscriptionController: [getSubId]- sSlotIdxToSubId.size == 0, return DummySubIds slotIdx=1
03-03 16:23:53.481  5211  5211 D SubscriptionController: [getPhoneId]- invalid subId return=-1
03-03 16:23:53.482  5211  5211 D SubscriptionController: [getSubId]- sSlotIdxToSubId.size == 0, return DummySubIds slotIdx=1
03-03 16:23:53.483  5211  5211 D SubscriptionController: [getPhoneId]- invalid subId return=-1
03-03 16:23:53.484  5211  5211 D SubscriptionController: [getSubId]- sSlotIdxToSubId.size == 0, return DummySubIds slotIdx=1
03-03 16:23:53.485  5211  5211 D SubscriptionController: [getPhoneId]- invalid subId return=-1
03-03 16:23:53.486  5211  5211 D SubscriptionController: [getSubId]- sSlotIdxToSubId.size == 0, return DummySubIds slotIdx=1
03-03 16:23:53.487  5211  5211 D SubscriptionController: [getPhoneId]- invalid subId return=-1
03-03 16:23:53.488  5211  5211 D SubscriptionController: [getSubId]- sSlotIdxToSubId.size == 0, return DummySubIds slotIdx=1
03-03 16:23:53.489  5211  5211 D SubscriptionController: [getPhoneId]- invalid subId return=-1
03-03 16:23:53.490  5211  5211 D SubscriptionController: [getSubId]- sSlotIdxToSubId.size == 0, return DummySubIds slotIdx=1
03-03 16:23:53.492  5211  5211 D SubscriptionController: [getSubId]- sSlotIdxToSubId.size == 0, return DummySubIds slotIdx=1
03-03 16:23:53.493  5211  5211 D SubscriptionController: [getPhoneId]- invalid subId return=-1
03-03 16:23:53.494  5211  5211 D SubscriptionController: [getSubId]- sSlotIdxToSubId.size == 0, return DummySubIds slotIdx=1
03-03 16:23:53.495  5211  5211 D SubscriptionController: [getPhoneId]- invalid subId return=-1
03-03 16:23:53.496  5211  5211 D SubscriptionController: [getSubId]- sSlotIdxToSubId.size == 0, return DummySubIds slotIdx=1
03-03 16:23:53.497  5211  5211 D SubscriptionController: [getPhoneId]- invalid subId return=-1
03-03 16:23:53.498  5211  5211 D SubscriptionController: [getSubId]- sSlotIdxToSubId.size == 0, return DummySubIds slotIdx=1
03-03 16:23:53.499  5211  5211 D SubscriptionController: [getPhoneId]- invalid subId return=-1
03-03 16:23:53.500  5211  5211 D SubscriptionController: [getSubId]- sSlotIdxToSubId.size == 0, return DummySubIds slotIdx=1
03-03 16:23:53.501  5211  5211 D SubscriptionController: [getPhoneId]- invalid subId return=-1
03-03 16:23:53.502  5211  5211 D SubscriptionController: [getSubId]- sSlotIdxToSubId.size == 0, return DummySubIds slotIdx=1
03-03 16:23:53.503  5211  5211 D SubscriptionController: [getPhoneId]- invalid subId return=-1
03-03 16:23:53.504  5211  5211 D SubscriptionController: [getSubId]- sSlotIdxToSubId.size == 0, return DummySubIds slotIdx=1
03-03 16:23:53.504  5211  5211 D SubscriptionController: [getPhoneId]- invalid subId return=-1
03-03 16:23:53.505  5211  5211 D SubscriptionController: [getSubId]- sSlotIdxToSubId.size == 0, return DummySubIds slotIdx=1
03-03 16:23:53.506  5211  5211 D SubscriptionController: [getPhoneId]- invalid subId return=-1
03-03 16:23:53.507  5211  5211 D SubscriptionController: [getSubId]- sSlotIdxToSubId.size == 0, return DummySubIds slotIdx=1
03-03 16:23:53.508  5211  5211 D SubscriptionController: [getPhoneId]- invalid subId return=-1
03-03 16:23:53.510  5211  5211 D DCT     : [1]onUpdateIcc: newIccRecords null
03-03 16:23:53.511  5211  5211 D SubscriptionController: [getSubId]- sSlotIdxToSubId.size == 0, return DummySubIds slotIdx=1
03-03 16:23:53.511  5211  5211 D GsmSMSDispatcher: GsmSMSDispatcher: subId = -3 slotId = 1
03-03 16:23:53.511  5211  5211 E IccCardProxy: setExternalState: !override and newstate unchanged from NOT_READY
03-03 16:23:53.511  5211  5211 E IccCardProxy: setExternalState: !override and newstate unchanged from NOT_READY
03-03 16:23:53.511  5211  5211 E IccCardProxy: setExternalState: !override and newstate unchanged from NOT_READY
03-03 16:23:53.511  5211  5211 D DctController: EVENT_PHONE1_DATA_DETACH.
03-03 16:23:53.511  5211  5487 D DcSwitchSM: [DcSwitchStateMachine-0] DefaultState: shouldn't happen but ignore msg.what=0x44008
03-03 16:23:53.511  5211  5211 D SubscriptionController: [getSubId]- sSlotIdxToSubId.size == 0, return DummySubIds slotIdx=0
03-03 16:23:53.511  5211  5211 D DctController: [TNF -2]got request NetworkRequest [ id=1, legacyType=-1, [ Capabilities: INTERNET&NOT_RESTRICTED&TRUSTED&NOT_VPN] ] with score 0
03-03 16:23:53.511  5211  5211 D SubscriptionController: [getSubId]- sSlotIdxToSubId.size == 0, return DummySubIds slotIdx=0
03-03 16:23:53.511  5211  5211 D DctController: [TNF -2]Cellular needs Network for NetworkRequest [ id=1, legacyType=-1, [ Capabilities: INTERNET&NOT_RESTRICTED&TRUSTED&NOT_VPN] ]
03-03 16:23:53.512  5211  5211 D SubscriptionController: [getSubId]- sSlotIdxToSubId.size == 0, return DummySubIds slotIdx=0
03-03 16:23:53.512  5211  5211 D SubscriptionController: [getSubId]- sSlotIdxToSubId.size == 0, return DummySubIds slotIdx=0
03-03 16:23:53.512  5211  5211 D DctController: [TNF -2]Request not useable, pending request.
03-03 16:23:53.512  5211  5211 D DctController: EVENT_PHONE2_DATA_DETACH.
03-03 16:23:53.512  5211  5489 D DcSwitchSM: [DcSwitchStateMachine-1] DefaultState: shouldn't happen but ignore msg.what=0x44008
03-03 16:23:53.513  5211  5211 D SubscriptionController: [getSubId]- sSlotIdxToSubId.size == 0, return DummySubIds slotIdx=1
03-03 16:23:53.513  5211  5211 D DctController: [TNF -3]got request NetworkRequest [ id=1, legacyType=-1, [ Capabilities: INTERNET&NOT_RESTRICTED&TRUSTED&NOT_VPN] ] with score 0
03-03 16:23:53.513  5211  5211 D SubscriptionController: [getSubId]- sSlotIdxToSubId.size == 0, return DummySubIds slotIdx=1
03-03 16:23:53.513  5211  5211 D DctController: [TNF -3]Cellular needs Network for NetworkRequest [ id=1, legacyType=-1, [ Capabilities: INTERNET&NOT_RESTRICTED&TRUSTED&NOT_VPN] ]
03-03 16:23:53.513  5211  5211 D SubscriptionController: [getSubId]- sSlotIdxToSubId.size == 0, return DummySubIds slotIdx=1
03-03 16:23:53.513  5211  5211 D SubscriptionController: [getSubId]- sSlotIdxToSubId.size == 0, return DummySubIds slotIdx=1
03-03 16:23:53.513  5211  5211 D DctController: [TNF -3]Request not useable, pending request.
03-03 16:23:53.513  5211  5211 D SubscriptionInfoUpdater: [Receiver]+
03-03 16:23:53.513  5211  5211 D SubscriptionInfoUpdater: Action: android.intent.action.SIM_STATE_CHANGED
03-03 16:23:53.513  5211  5211 D SubscriptionInfoUpdater: slotId: 1
03-03 16:23:53.513  5211  5211 D SubscriptionInfoUpdater: simStatus: NOT_READY
03-03 16:23:53.513  5211  5211 D SubscriptionInfoUpdater: Ignoring simStatus: NOT_READY
03-03 16:23:53.513  5211  5211 D SubscriptionInfoUpdater: [Receiver]-
03-03 16:23:53.514  5211  5211 D DebugService: DebugService DebugService:
03-03 16:23:53.517  5211  5211 D SipService: SipService: started!
03-03 16:23:53.521  5211  5211 D SipService: start:
03-03 16:23:53.527  5211  5211 D RILJ    : [3661]> RIL_REQUEST_QUERY_TTY_MODE [SUB0]
03-03 16:23:53.528  5211  5211 D RILJ    : [3662]> RIL_REQUEST_QUERY_TTY_MODE [SUB1]
03-03 16:23:53.528  2392  2529 D use-Rlog/RLOG-RIL_GU: [modem_0]onRequest: QUERY_TTY_MODE
03-03 16:23:53.528  5211  5211 D RilRequest: [3662]< RIL_REQUEST_QUERY_TTY_MODE error: com.android.internal.telephony.CommandException: RADIO_NOT_AVAILABLE ret=
03-03 16:23:53.528  2392  2529 D use-Rlog/RLOG-RIL_GU: balong-ril reseting,ignore all the request
03-03 16:23:53.528  2392  2529 I RILC    : RIL_onRequestComplete: free RIL_Token 0x7fb7261040
03-03 16:23:53.528  5211  5211 D DCT     : [0]onUpdateIcc: newIccRecords null
03-03 16:23:53.528  5211  5211 D SubscriptionController: [getSubId]- sSlotIdxToSubId.size == 0, return DummySubIds slotIdx=0
03-03 16:23:53.528  5211  5211 D GsmSMSDispatcher: GsmSMSDispatcher: subId = -2 slotId = 0
03-03 16:23:53.528  5211  5438 D RilRequest: [3661]< RIL_REQUEST_QUERY_TTY_MODE error: com.android.internal.telephony.CommandException: RADIO_NOT_AVAILABLE ret=
03-03 16:23:53.528  5211  5211 E IccCardProxy: setExternalState: !override and newstate unchanged from NOT_READY
03-03 16:23:53.528  5211  5211 D DCT     : [1]onUpdateIcc: newIccRecords null
03-03 16:23:53.528  5211  5211 D SubscriptionController: [getSubId]- sSlotIdxToSubId.size == 0, return DummySubIds slotIdx=1
03-03 16:23:53.528  5211  5211 D GsmSMSDispatcher: GsmSMSDispatcher: subId = -3 slotId = 1
03-03 16:23:53.528  5211  5211 E IccCardProxy: setExternalState: !override and newstate unchanged from NOT_READY
03-03 16:23:53.528  5211  5211 D DCT     : [0]onUpdateIcc: newIccRecords null
03-03 16:23:53.528  5211  5211 D SubscriptionController: [getSubId]- sSlotIdxToSubId.size == 0, return DummySubIds slotIdx=0
03-03 16:23:53.528  5211  5211 D GsmSMSDispatcher: GsmSMSDispatcher: subId = -2 slotId = 0
03-03 16:23:53.528  5211  5211 E IccCardProxy: setExternalState: !override and newstate unchanged from NOT_READY
03-03 16:23:53.529  5211  5211 D DCT     : [1]onUpdateIcc: newIccRecords null
03-03 16:23:53.529  5211  5211 D SubscriptionController: [getSubId]- sSlotIdxToSubId.size == 0, return DummySubIds slotIdx=1
03-03 16:23:53.529  5211  5211 D GsmSMSDispatcher: GsmSMSDispatcher: subId = -3 slotId = 1
03-03 16:23:53.529  5211  5211 E IccCardProxy: setExternalState: !override and newstate unchanged from NOT_READY
03-03 16:23:53.531  5211  5211 D GsmSST  : [GsmSST] SubscriptionListener.onSubscriptionInfoChanged
03-03 16:23:53.531  5211  5211 D SubscriptionController: [getSubId]- sSlotIdxToSubId.size == 0, return DummySubIds slotIdx=0
03-03 16:23:53.531  5211  5211 D SubscriptionController: [getSubId]- sSlotIdxToSubId.size == 0, return DummySubIds slotIdx=0
03-03 16:23:53.531  5211  5211 D GsmSST  : [GsmSST] SubscriptionListener.onSubscriptionInfoChanged
03-03 16:23:53.531  5211  5211 D SubscriptionController: [getSubId]- sSlotIdxToSubId.size == 0, return DummySubIds slotIdx=1
03-03 16:23:53.531  5211  5211 D SubscriptionController: [getSubId]- sSlotIdxToSubId.size == 0, return DummySubIds slotIdx=1
03-03 16:23:53.532  5211  5211 D SubscriptionController: [getActiveSubInfoList]+
03-03 16:23:53.532  5211  5211 D SubscriptionController: [getActiveSubInfoList] Sub Controller not ready
03-03 16:23:53.533  5211  5211 D SubscriptionController: [getSubId]- sSlotIdxToSubId.size == 0, return DummySubIds slotIdx=0
03-03 16:23:53.533  5211  5211 D SubscriptionController: [getSubId]- sSlotIdxToSubId.size == 0, return DummySubIds slotIdx=1
03-03 16:23:53.535  5211  5211 D SubscriptionController: [getSubId]- sSlotIdxToSubId.size == 0, return DummySubIds slotIdx=0
03-03 16:23:53.535  5211  5211 D SubscriptionController: [getPhoneId]- invalid subId return=-1
03-03 16:23:53.537  5211  5211 D SubscriptionController: [getSubId]- sSlotIdxToSubId.size == 0, return DummySubIds slotIdx=0
03-03 16:23:53.538  5211  5211 D SubscriptionController: [getSubId]- sSlotIdxToSubId.size == 0, return DummySubIds slotIdx=0
03-03 16:23:53.538  5211  5211 D SubscriptionController: [getSubId]- sSlotIdxToSubId.size == 0, return DummySubIds slotIdx=0
03-03 16:23:53.559  5211  5211 E PhoneBase: Error! registerForCallWaiting() in PhoneBase should not be called, CDMAPhone inactive.
03-03 16:23:53.566  5211  5211 D SubscriptionController: [getSubId]- sSlotIdxToSubId.size == 0, return DummySubIds slotIdx=0
03-03 16:23:53.566  5211  5211 D SubscriptionController: [getSubId]- sSlotIdxToSubId.size == 0, return DummySubIds slotIdx=0
03-03 16:23:53.567  5211  5211 D SubscriptionController: [getSubId]- sSlotIdxToSubId.size == 0, return DummySubIds slotIdx=0
03-03 16:23:53.567  5211  5211 D SubscriptionController: [getSubId]- sSlotIdxToSubId.size == 0, return DummySubIds slotIdx=0
03-03 16:23:53.567  5211  5211 D SubscriptionController: [getSubId]- sSlotIdxToSubId.size == 0, return DummySubIds slotIdx=0
03-03 16:23:53.567  5211  5211 D SubscriptionController: [getSubId]- sSlotIdxToSubId.size == 0, return DummySubIds slotIdx=0
03-03 16:23:53.567  5211  5211 D SubscriptionController: [getSubId]- sSlotIdxToSubId.size == 0, return DummySubIds slotIdx=0
03-03 16:23:53.567  5211  5211 D SubscriptionController: [getSubId]- sSlotIdxToSubId.size == 0, return DummySubIds slotIdx=0
03-03 16:23:53.567  5211  5211 D SubscriptionController: [getSubId]- sSlotIdxToSubId.size == 0, return DummySubIds slotIdx=0
03-03 16:23:53.568  5211  5211 D SubscriptionController: [getSubId]- sSlotIdxToSubId.size == 0, return DummySubIds slotIdx=0
03-03 16:23:53.568  5211  5211 D SubscriptionController: [getSubId]- sSlotIdxToSubId.size == 0, return DummySubIds slotIdx=0
03-03 16:23:53.568  5211  5211 D SubscriptionController: [getSubId]- sSlotIdxToSubId.size == 0, return DummySubIds slotIdx=0
03-03 16:23:53.568  5211  5211 D SubscriptionController: [getSubId]- sSlotIdxToSubId.size == 0, return DummySubIds slotIdx=0
03-03 16:23:53.568  5211  5211 D SubscriptionController: [getSubId]- sSlotIdxToSubId.size == 0, return DummySubIds slotIdx=0
03-03 16:23:53.568  5211  5211 D SubscriptionController: [getSubId]- sSlotIdxToSubId.size == 0, return DummySubIds slotIdx=0
03-03 16:23:53.568  5211  5211 D SubscriptionController: [getSubId]- sSlotIdxToSubId.size == 0, return DummySubIds slotIdx=0
03-03 16:23:53.568  5211  5211 D SubscriptionController: [getSubId]- sSlotIdxToSubId.size == 0, return DummySubIds slotIdx=0
03-03 16:23:53.568  5211  5211 D SubscriptionController: [getSubId]- sSlotIdxToSubId.size == 0, return DummySubIds slotIdx=0
03-03 16:23:53.568  5211  5211 D SubscriptionController: [getSubId]- sSlotIdxToSubId.size == 0, return DummySubIds slotIdx=0
03-03 16:23:53.568  5211  5211 D SubscriptionController: [getSubId]- sSlotIdxToSubId.size == 0, return DummySubIds slotIdx=0
03-03 16:23:53.568  5211  5211 D SubscriptionController: [getSubId]- sSlotIdxToSubId.size == 0, return DummySubIds slotIdx=0
03-03 16:23:53.568  5211  5211 D SubscriptionController: [getSubId]- sSlotIdxToSubId.size == 0, return DummySubIds slotIdx=0
03-03 16:23:53.568  5211  5211 D SubscriptionController: [getSubId]- sSlotIdxToSubId.size == 0, return DummySubIds slotIdx=0
03-03 16:23:53.569  5211  5211 D SubscriptionController: [getSubId]- sSlotIdxToSubId.size == 0, return DummySubIds slotIdx=0
03-03 16:23:53.569  5211  5211 D SubscriptionController: [getSubId]- sSlotIdxToSubId.size == 0, return DummySubIds slotIdx=0
03-03 16:23:53.569  5211  5211 D SubscriptionController: [getSubId]- sSlotIdxToSubId.size == 0, return DummySubIds slotIdx=0
03-03 16:23:53.569  5211  5211 D SubscriptionController: [getSubId]- sSlotIdxToSubId.size == 0, return DummySubIds slotIdx=0
03-03 16:23:53.569  5211  5211 D SubscriptionController: [getSubId]- sSlotIdxToSubId.size == 0, return DummySubIds slotIdx=0
03-03 16:23:53.569  5211  5211 D SubscriptionController: [getSubId]- sSlotIdxToSubId.size == 0, return DummySubIds slotIdx=0
03-03 16:23:53.569  5211  5211 D SubscriptionController: [getSubId]- sSlotIdxToSubId.size == 0, return DummySubIds slotIdx=0
03-03 16:23:53.569  5211  5211 D SubscriptionController: [getSubId]- sSlotIdxToSubId.size == 0, return DummySubIds slotIdx=0
03-03 16:23:53.569  5211  5211 D SubscriptionController: [getSubId]- sSlotIdxToSubId.size == 0, return DummySubIds slotIdx=0
03-03 16:23:53.569  5211  5211 D SubscriptionController: [getSubId]- sSlotIdxToSubId.size == 0, return DummySubIds slotIdx=0
03-03 16:23:53.569  5211  5211 D SubscriptionController: [getSubId]- sSlotIdxToSubId.size == 0, return DummySubIds slotIdx=0
03-03 16:23:53.569  5211  5211 D SubscriptionController: [getSubId]- sSlotIdxToSubId.size == 0, return DummySubIds slotIdx=0
03-03 16:23:53.569  5211  5211 D SubscriptionController: [getSubId]- sSlotIdxToSubId.size == 0, return DummySubIds slotIdx=0
03-03 16:23:53.570  5211  5211 D SubscriptionController: [getSubId]- sSlotIdxToSubId.size == 0, return DummySubIds slotIdx=0
03-03 16:23:53.570  5211  5211 D GsmSST  : [GsmSST] SubscriptionListener.onSubscriptionInfoChanged
03-03 16:23:53.570  5211  5211 D SubscriptionController: [getSubId]- sSlotIdxToSubId.size == 0, return DummySubIds slotIdx=0
03-03 16:23:53.570  5211  5211 D SubscriptionController: [getSubId]- sSlotIdxToSubId.size == 0, return DummySubIds slotIdx=0
03-03 16:23:53.570  5211  5211 D GsmSST  : [GsmSST] SubscriptionListener.onSubscriptionInfoChanged
03-03 16:23:53.570  5211  5211 D SubscriptionController: [getSubId]- sSlotIdxToSubId.size == 0, return DummySubIds slotIdx=1
03-03 16:23:53.570  5211  5211 D SubscriptionController: [getSubId]- sSlotIdxToSubId.size == 0, return DummySubIds slotIdx=1
03-03 16:23:53.570  5211  5211 D SubscriptionController: [getActiveSubInfoList]+
03-03 16:23:53.571  5211  5211 D SubscriptionController: [getActiveSubInfoList] Sub Controller not ready
03-03 16:23:53.571  5211  5211 E PhoneBase: Error! unregisterForCallWaiting() in PhoneBase should not be called, CDMAPhone inactive.
03-03 16:23:53.572  5211  5211 D SubscriptionController: [getSubId]- sSlotIdxToSubId.size == 0, return DummySubIds slotIdx=0
03-03 16:23:53.572  5211  5211 D SubscriptionController: [getSubId]- sSlotIdxToSubId.size == 0, return DummySubIds slotIdx=1
03-03 16:23:53.572  5211  5211 D SubscriptionController: [getSubId]- sSlotIdxToSubId.size == 0, return DummySubIds slotIdx=0
03-03 16:23:53.573  5211  5211 D SubscriptionController: [getPhoneId]- invalid subId return=-1
03-03 16:23:53.573  5211  5211 D SubscriptionController: [getSubId]- sSlotIdxToSubId.size == 0, return DummySubIds slotIdx=0
03-03 16:23:53.574  5211  5211 D SubscriptionController: [getSubId]- sSlotIdxToSubId.size == 0, return DummySubIds slotIdx=0
03-03 16:23:53.574  5211  5211 D SubscriptionController: [getSubId]- sSlotIdxToSubId.size == 0, return DummySubIds slotIdx=0
03-03 16:23:53.584  5211  5211 E PhoneBase: Error! registerForCallWaiting() in PhoneBase should not be called, CDMAPhone inactive.
03-03 16:23:53.589  5211  5211 D SubscriptionController: [getSubId]- sSlotIdxToSubId.size == 0, return DummySubIds slotIdx=0
03-03 16:23:53.589  5211  5211 D SubscriptionController: [getSubId]- sSlotIdxToSubId.size == 0, return DummySubIds slotIdx=0
03-03 16:23:53.589  5211  5211 D SubscriptionController: [getSubId]- sSlotIdxToSubId.size == 0, return DummySubIds slotIdx=0
03-03 16:23:53.590  5211  5211 D SubscriptionController: [getSubId]- sSlotIdxToSubId.size == 0, return DummySubIds slotIdx=0
03-03 16:23:53.590  5211  5211 D SubscriptionController: [getSubId]- sSlotIdxToSubId.size == 0, return DummySubIds slotIdx=0
03-03 16:23:53.590  5211  5211 D SubscriptionController: [getSubId]- sSlotIdxToSubId.size == 0, return DummySubIds slotIdx=0
03-03 16:23:53.590  5211  5211 D SubscriptionController: [getSubId]- sSlotIdxToSubId.size == 0, return DummySubIds slotIdx=0
03-03 16:23:53.590  5211  5211 D SubscriptionController: [getSubId]- sSlotIdxToSubId.size == 0, return DummySubIds slotIdx=0
03-03 16:23:53.590  5211  5211 D SubscriptionController: [getSubId]- sSlotIdxToSubId.size == 0, return DummySubIds slotIdx=0
03-03 16:23:53.590  5211  5211 D SubscriptionController: [getSubId]- sSlotIdxToSubId.size == 0, return DummySubIds slotIdx=0
03-03 16:23:53.590  5211  5211 D SubscriptionController: [getSubId]- sSlotIdxToSubId.size == 0, return DummySubIds slotIdx=0
03-03 16:23:53.590  5211  5211 D SubscriptionController: [getSubId]- sSlotIdxToSubId.size == 0, return DummySubIds slotIdx=0
03-03 16:23:53.590  5211  5211 D SubscriptionController: [getSubId]- sSlotIdxToSubId.size == 0, return DummySubIds slotIdx=0
03-03 16:23:53.590  5211  5211 D SubscriptionController: [getSubId]- sSlotIdxToSubId.size == 0, return DummySubIds slotIdx=0
03-03 16:23:53.590  5211  5211 D SubscriptionController: [getSubId]- sSlotIdxToSubId.size == 0, return DummySubIds slotIdx=0
03-03 16:23:53.590  5211  5211 D SubscriptionController: [getSubId]- sSlotIdxToSubId.size == 0, return DummySubIds slotIdx=0
03-03 16:23:53.591  5211  5211 D SubscriptionController: [getSubId]- sSlotIdxToSubId.size == 0, return DummySubIds slotIdx=0
03-03 16:23:53.591  5211  5211 D SubscriptionController: [getSubId]- sSlotIdxToSubId.size == 0, return DummySubIds slotIdx=0
03-03 16:23:53.591  5211  5211 D SubscriptionController: [getSubId]- sSlotIdxToSubId.size == 0, return DummySubIds slotIdx=0
03-03 16:23:53.591  5211  5211 D SubscriptionController: [getSubId]- sSlotIdxToSubId.size == 0, return DummySubIds slotIdx=0
03-03 16:23:53.591  5211  5211 D SubscriptionController: [getSubId]- sSlotIdxToSubId.size == 0, return DummySubIds slotIdx=0
03-03 16:23:53.591  5211  5211 D SubscriptionController: [getSubId]- sSlotIdxToSubId.size == 0, return DummySubIds slotIdx=0
03-03 16:23:53.591  5211  5211 D SubscriptionController: [getSubId]- sSlotIdxToSubId.size == 0, return DummySubIds slotIdx=0
03-03 16:23:53.591  5211  5211 D SubscriptionController: [getSubId]- sSlotIdxToSubId.size == 0, return DummySubIds slotIdx=0
03-03 16:23:53.591  5211  5211 D SubscriptionController: [getSubId]- sSlotIdxToSubId.size == 0, return DummySubIds slotIdx=0
03-03 16:23:53.591  5211  5211 D SubscriptionController: [getSubId]- sSlotIdxToSubId.size == 0, return DummySubIds slotIdx=0
03-03 16:23:53.591  5211  5211 D SubscriptionController: [getSubId]- sSlotIdxToSubId.size == 0, return DummySubIds slotIdx=0
03-03 16:23:53.591  5211  5211 D SubscriptionController: [getSubId]- sSlotIdxToSubId.size == 0, return DummySubIds slotIdx=0
03-03 16:23:53.592  5211  5211 D SubscriptionController: [getSubId]- sSlotIdxToSubId.size == 0, return DummySubIds slotIdx=0
03-03 16:23:53.592  5211  5211 D SubscriptionController: [getSubId]- sSlotIdxToSubId.size == 0, return DummySubIds slotIdx=0
03-03 16:23:53.592  5211  5211 D SubscriptionController: [getSubId]- sSlotIdxToSubId.size == 0, return DummySubIds slotIdx=0
03-03 16:23:53.592  5211  5211 D SubscriptionController: [getSubId]- sSlotIdxToSubId.size == 0, return DummySubIds slotIdx=0
03-03 16:23:53.592  5211  5211 D SubscriptionController: [getSubId]- sSlotIdxToSubId.size == 0, return DummySubIds slotIdx=0
03-03 16:23:53.592  5211  5211 D SubscriptionController: [getSubId]- sSlotIdxToSubId.size == 0, return DummySubIds slotIdx=0
03-03 16:23:53.592  5211  5211 D SubscriptionController: [getSubId]- sSlotIdxToSubId.size == 0, return DummySubIds slotIdx=0
03-03 16:23:53.592  5211  5211 D SubscriptionController: [getSubId]- sSlotIdxToSubId.size == 0, return DummySubIds slotIdx=0
03-03 16:23:53.592  5211  5211 D SubscriptionController: [getSubId]- sSlotIdxToSubId.size == 0, return DummySubIds slotIdx=0
03-03 16:23:53.594  5211  5211 D DctController: handleMessage msg={ when=-61ms what=107 target=com.android.internal.telephony.dataconnection.DctController }
03-03 16:23:53.594  5211  5211 D DctController: onSubInfoReady mPhoneNum=2
03-03 16:23:53.594  5211  5211 D SubscriptionController: [getSubId]- sSlotIdxToSubId.size == 0, return DummySubIds slotIdx=0
03-03 16:23:53.594  5211  5211 D DctController: onSubInfoReady handle pending requests subId=-2
03-03 16:23:53.594  5211  5211 D SubscriptionController: [getSubId]- sSlotIdxToSubId.size == 0, return DummySubIds slotIdx=0
03-03 16:23:53.594  5211  5211 D DctController: [TNF -2]evalPendingRequest, pending request size is 1
03-03 16:23:53.594  5211  5211 D SubscriptionController: [getSubId]- sSlotIdxToSubId.size == 0, return DummySubIds slotIdx=0
03-03 16:23:53.594  5211  5211 D DctController: [TNF -2]evalPendingRequest: request = NetworkRequest [ id=1, legacyType=-1, [ Capabilities: INTERNET&NOT_RESTRICTED&TRUSTED&NOT_VPN] ]
03-03 16:23:53.594  5211  5211 D SubscriptionController: [getSubId]- sSlotIdxToSubId.size == 0, return DummySubIds slotIdx=0
03-03 16:23:53.594  5211  5211 D DctController: [TNF -2]Cellular needs Network for NetworkRequest [ id=1, legacyType=-1, [ Capabilities: INTERNET&NOT_RESTRICTED&TRUSTED&NOT_VPN] ]
03-03 16:23:53.594  5211  5211 D SubscriptionController: [getSubId]- sSlotIdxToSubId.size == 0, return DummySubIds slotIdx=0
03-03 16:23:53.594  5211  5211 D SubscriptionController: [getSubId]- sSlotIdxToSubId.size == 0, return DummySubIds slotIdx=0
03-03 16:23:53.594  5211  5211 D DctController: [TNF -2]Request not useable, pending request.
03-03 16:23:53.594  5211  5211 D SubscriptionController: [getSubId]- sSlotIdxToSubId.size == 0, return DummySubIds slotIdx=1
03-03 16:23:53.594  5211  5211 D DctController: onSubInfoReady handle pending requests subId=-3
03-03 16:23:53.595  5211  5211 D SubscriptionController: [getSubId]- sSlotIdxToSubId.size == 0, return DummySubIds slotIdx=1
03-03 16:23:53.595  5211  5211 D DctController: [TNF -3]evalPendingRequest, pending request size is 1
03-03 16:23:53.595  5211  5211 D SubscriptionController: [getSubId]- sSlotIdxToSubId.size == 0, return DummySubIds slotIdx=1
03-03 16:23:53.595  5211  5211 D DctController: [TNF -3]evalPendingRequest: request = NetworkRequest [ id=1, legacyType=-1, [ Capabilities: INTERNET&NOT_RESTRICTED&TRUSTED&NOT_VPN] ]
03-03 16:23:53.595  5211  5211 D SubscriptionController: [getSubId]- sSlotIdxToSubId.size == 0, return DummySubIds slotIdx=1
03-03 16:23:53.595  5211  5211 D DctController: [TNF -3]Cellular needs Network for NetworkRequest [ id=1, legacyType=-1, [ Capabilities: INTERNET&NOT_RESTRICTED&TRUSTED&NOT_VPN] ]
03-03 16:23:53.595  5211  5211 D SubscriptionController: [getSubId]- sSlotIdxToSubId.size == 0, return DummySubIds slotIdx=1
03-03 16:23:53.595  5211  5211 D SubscriptionController: [getSubId]- sSlotIdxToSubId.size == 0, return DummySubIds slotIdx=1
03-03 16:23:53.595  5211  5211 D DctController: [TNF -3]Request not useable, pending request.
03-03 16:23:53.595  5211  5211 D DctController: processRequests
03-03 16:23:53.595  5211  5211 D SubscriptionController: [getSubId]- sSlotIdxToSubId.size == 0, return DummySubIds slotIdx=0
03-03 16:23:53.598  5211  5211 D DctController: handleMessage msg={ when=-28ms what=107 target=com.android.internal.telephony.dataconnection.DctController }
03-03 16:23:53.598  5211  5211 D DctController: onSubInfoReady mPhoneNum=2
03-03 16:23:53.598  5211  5211 D SubscriptionController: [getSubId]- sSlotIdxToSubId.size == 0, return DummySubIds slotIdx=0
03-03 16:23:53.598  5211  5211 D DctController: onSubInfoReady handle pending requests subId=-2
03-03 16:23:53.598  5211  5211 D SubscriptionController: [getSubId]- sSlotIdxToSubId.size == 0, return DummySubIds slotIdx=0
03-03 16:23:53.598  5211  5211 D DctController: [TNF -2]evalPendingRequest, pending request size is 1
03-03 16:23:53.598  5211  5211 D SubscriptionController: [getSubId]- sSlotIdxToSubId.size == 0, return DummySubIds slotIdx=0
03-03 16:23:53.598  5211  5211 D DctController: [TNF -2]evalPendingRequest: request = NetworkRequest [ id=1, legacyType=-1, [ Capabilities: INTERNET&NOT_RESTRICTED&TRUSTED&NOT_VPN] ]
03-03 16:23:53.598  5211  5211 D SubscriptionController: [getSubId]- sSlotIdxToSubId.size == 0, return DummySubIds slotIdx=0
03-03 16:23:53.598  5211  5211 D DctController: [TNF -2]Cellular needs Network for NetworkRequest [ id=1, legacyType=-1, [ Capabilities: INTERNET&NOT_RESTRICTED&TRUSTED&NOT_VPN] ]
03-03 16:23:53.598  5211  5211 D SubscriptionController: [getSubId]- sSlotIdxToSubId.size == 0, return DummySubIds slotIdx=0
03-03 16:23:53.598  5211  5211 D SubscriptionController: [getSubId]- sSlotIdxToSubId.size == 0, return DummySubIds slotIdx=0
03-03 16:23:53.598  5211  5211 D DctController: [TNF -2]Request not useable, pending request.
03-03 16:23:53.598  5211  5211 D SubscriptionController: [getSubId]- sSlotIdxToSubId.size == 0, return DummySubIds slotIdx=1
03-03 16:23:53.598  5211  5211 D DctController: onSubInfoReady handle pending requests subId=-3
03-03 16:23:53.598  5211  5211 D SubscriptionController: [getSubId]- sSlotIdxToSubId.size == 0, return DummySubIds slotIdx=1
03-03 16:23:53.598  5211  5211 D DctController: [TNF -3]evalPendingRequest, pending request size is 1
03-03 16:23:53.599  5211  5211 D SubscriptionController: [getSubId]- sSlotIdxToSubId.size == 0, return DummySubIds slotIdx=1
03-03 16:23:53.599  5211  5211 D DctController: [TNF -3]evalPendingRequest: request = NetworkRequest [ id=1, legacyType=-1, [ Capabilities: INTERNET&NOT_RESTRICTED&TRUSTED&NOT_VPN] ]
03-03 16:23:53.599  5211  5211 D SubscriptionController: [getSubId]- sSlotIdxToSubId.size == 0, return DummySubIds slotIdx=1
03-03 16:23:53.599  5211  5211 D DctController: [TNF -3]Cellular needs Network for NetworkRequest [ id=1, legacyType=-1, [ Capabilities: INTERNET&NOT_RESTRICTED&TRUSTED&NOT_VPN] ]
03-03 16:23:53.599  5211  5211 D SubscriptionController: [getSubId]- sSlotIdxToSubId.size == 0, return DummySubIds slotIdx=1
03-03 16:23:53.599  5211  5211 D SubscriptionController: [getSubId]- sSlotIdxToSubId.size == 0, return DummySubIds slotIdx=1
03-03 16:23:53.599  5211  5211 D DctController: [TNF -3]Request not useable, pending request.
03-03 16:23:53.599  5211  5211 D DctController: processRequests
03-03 16:23:53.599  5211  5211 D SubscriptionController: [getSubId]- sSlotIdxToSubId.size == 0, return DummySubIds slotIdx=0
03-03 16:23:53.600  5211  5211 D DctController: handleMessage msg={ when=-5ms what=100 target=com.android.internal.telephony.dataconnection.DctController }
03-03 16:23:53.600  5211  5211 D SubscriptionController: [getPhoneId]- invalid subId return=-1
03-03 16:23:53.601  5211  5211 D DcSwitchAsyncChannel: [DcSwitchAsyncChannel-0]: rspIsIdle=true
03-03 16:23:53.601  5211  5211 D DcSwitchAsyncChannel: [DcSwitchAsyncChannel-1]: rspIsIdle=true
03-03 16:23:53.601  5211  5211 D DctController: onProcessRequest requestedPhoneId=-1, activePhoneId=-1
03-03 16:23:53.601  5211  5211 D DctController: handleMessage msg={ when=-2ms what=100 target=com.android.internal.telephony.dataconnection.DctController }
03-03 16:23:53.601  5211  5211 D SubscriptionController: [getPhoneId]- invalid subId return=-1
03-03 16:23:53.601  5211  5211 D DcSwitchAsyncChannel: [DcSwitchAsyncChannel-0]: rspIsIdle=true
03-03 16:23:53.602  5211  5211 D DcSwitchAsyncChannel: [DcSwitchAsyncChannel-1]: rspIsIdle=true
03-03 16:23:53.602  5211  5211 D DctController: onProcessRequest requestedPhoneId=-1, activePhoneId=-1
03-03 16:23:56.022  5211  5444 D GsmCellBroadcastHandler: mWakeLock released
03-03 16:23:56.043  5211  5453 D CellBroadcastHandler: mWakeLock released
03-03 16:23:56.051  5211  5461 D CdmaServiceCategoryProgramHandler: mWakeLock released
03-03 16:23:56.173  5211  5481 D GsmCellBroadcastHandler: mWakeLock released
03-03 16:23:56.186  5211  5445 D GsmInboundSmsHandler: IdleState.processMessage:5
03-03 16:23:56.186  5211  5445 D GsmInboundSmsHandler: Idle state processing message type 5
03-03 16:23:56.186  5211  5458 D CdmaInboundSmsHandler: IdleState.processMessage:5
03-03 16:23:56.186  5211  5458 D CdmaInboundSmsHandler: Idle state processing message type 5
