03-23 07:13:39.391  3389  3389 D SubscriptionController: [getSubId]- sSlotIdxToSubId.size == 0, return DummySubIds slotIdx=0
03-23 07:13:39.392  3389  3389 D SubscriptionController: [getActiveSubInfoList]+
03-23 07:13:39.396  3389  3389 D SubscriptionController: selection:sim_id>=0 null
03-23 07:13:39.404  3389  3389 D SubscriptionController: [getActiveSubInfoList]- no info return
03-23 07:13:39.404  3389  3389 D SubscriptionController: [getActiveSubInfoForSubscriber]- subId=-2 subList=null subInfo=null
03-23 07:13:39.404  3389  3389 E SubscriptionController: getUserNwMode: invalid subId = -2
03-23 07:13:39.408  3389  3389 D SubscriptionController: [getSubId]- sSlotIdxToSubId.size == 0, return DummySubIds slotIdx=1
03-23 07:13:39.409  3389  3389 D SubscriptionController: [getActiveSubInfoList]+
03-23 07:13:39.411  3389  3389 D SubscriptionController: selection:sim_id>=0 null
03-23 07:13:39.428  3389  3389 D SubscriptionController: [getActiveSubInfoList]- no info return
03-23 07:13:39.429  3389  3389 D SubscriptionController: [getActiveSubInfoForSubscriber]- subId=-3 subList=null subInfo=null
03-23 07:13:39.429  3389  3389 E SubscriptionController: getUserNwMode: invalid subId = -3
03-23 07:13:39.430  3389  3401 D SubscriptionController: getSimStateForSlotIdx:  simState=NOT_READY ordinal=6
03-23 07:13:39.443  3389  3389 D CallManager: registerPhone(GSM Handler (com.android.internal.telephony.PhoneProxy) {233c153})
03-23 07:13:39.444  3389  3389 D RILJ    : [3657]> SET_SUPP_SVC_NOTIFICATION [SUB0]
03-23 07:13:39.454  3389  3389 D CallManager: registerPhone(GSM Handler (com.android.internal.telephony.PhoneProxy) {9e84f89})
03-23 07:13:39.454  2424  2486 D use-Rlog/RLOG-RIL_GU: [modem_0]onRequest[62]:<unknown request>[1]
03-23 07:13:39.454  2424  2486 D use-Rlog/RLOG-RIL_GU: [modem_0]onRequest: <unknown request> failed, sState= 1
03-23 07:13:39.454  2424  2486 I RILC    : RIL_onRequestComplete: free RIL_Token 0x7fb76a1140
03-23 07:13:39.454  3389  3389 D RILJ    : [3658]> SET_SUPP_SVC_NOTIFICATION [SUB1]
03-23 07:13:39.454  3389  3514 D RilRequest: [3657]< SET_SUPP_SVC_NOTIFICATION error: com.android.internal.telephony.CommandException: RADIO_NOT_AVAILABLE ret=
03-23 07:13:39.454  3389  3389 D RilRequest: [3658]< SET_SUPP_SVC_NOTIFICATION error: com.android.internal.telephony.CommandException: RADIO_NOT_AVAILABLE ret=
03-23 07:13:39.574  2883  3063 D TelephonyRegistry: listen oscl: hasNotifySubscriptionInfoChangedOccurred==false no callback
03-23 07:13:39.677  3023  3601 D SubscriptionManager: getSimStateForSubscriber: simState=6 slotIdx=0
03-23 07:13:39.677  3023  3601 D TelephonyManager: getSimState: default sim:-1, sim state for slotIdx=0 is 6, return state as unknown
03-23 07:13:39.679  3389  3389 D RILJ    : [3659]> RIL_REQUEST_SET_TTY_MODE : 0 [SUB0]
03-23 07:13:39.693  2424  2486 D use-Rlog/RLOG-RIL_GU: [modem_0]onRequest[80]:SET_TTY_MODE[0]
03-23 07:13:39.693  2424  2486 D use-Rlog/RLOG-RIL_GU: [modem_0]onRequest: SET_TTY_MODE failed, sState= 1
03-23 07:13:39.693  2424  2486 I RILC    : RIL_onRequestComplete: free RIL_Token 0x7fb76a1140
03-23 07:13:39.693  3389  3514 D RilRequest: [3659]< RIL_REQUEST_SET_TTY_MODE error: com.android.internal.telephony.CommandException: RADIO_NOT_AVAILABLE ret=
03-23 07:13:39.737  3389  3402 D SubscriptionController: [getSubId]- sSlotIdxToSubId.size == 0, return DummySubIds slotIdx=0
03-23 07:13:39.737  3389  3389 D RILJ    : [3660]> RIL_REQUEST_SET_TTY_MODE : 0 [SUB1]
03-23 07:13:39.737  3389  3389 D RilRequest: [3660]< RIL_REQUEST_SET_TTY_MODE error: com.android.internal.telephony.CommandException: RADIO_NOT_AVAILABLE ret=
03-23 07:13:39.742  2883  3649 D TelephonyRegistry: listen oscl: hasNotifySubscriptionInfoChangedOccurred==false no callback
03-23 07:13:39.745  3389  3648 D SubscriptionController: [getSubId]- sSlotIdxToSubId.size == 0, return DummySubIds slotIdx=1
03-23 07:13:39.753  3389  3389 D SubscriptionController: [getPhoneId] asked for default subId=-1
03-23 07:13:39.753  3389  3389 D SubscriptionController: [getPhoneId]- invalid subId return=-1
03-23 07:13:39.754  3389  3389 D UiccController: EVENT_RADIO_UNAVAILABLE, dispose card
03-23 07:13:39.755  3389  3389 D UiccController: EVENT_RADIO_UNAVAILABLE, dispose card
03-23 07:13:39.755  3389  3389 D PhoneBase: config LCE service failed: com.android.internal.telephony.CommandException: REQUEST_NOT_SUPPORTED
03-23 07:13:39.755  3389  3389 D RILJ    : [3661]> GET_CURRENT_CALLS [SUB0]
03-23 07:13:39.758  3389  3389 D GsmSST  : [GsmSST] mDeviceShuttingDown = false
03-23 07:13:39.759  3389  3389 D GsmSST  : [GsmSST] mDesiredPowerState = true
03-23 07:13:39.759  3389  3389 D GsmSST  : [GsmSST] getRadioState = RADIO_UNAVAILABLE
03-23 07:13:39.759  2424  2486 D use-Rlog/RLOG-RIL_GU: [modem_0]onRequest: GET_CURRENT_CALLS
03-23 07:13:39.759  3389  3389 D GsmSST  : [GsmSST] mPowerOffDelayNeed = true
03-23 07:13:39.759  2424  2486 D use-Rlog/RLOG-RIL_GU: [modem_0]onRequest: GET_CURRENT_CALLS failed, sState= 1
03-23 07:13:39.759  3389  3389 D GsmSST  : [GsmSST] mAlarmSwitch = false
03-23 07:13:39.759  2424  2486 I RILC    : RIL_onRequestComplete: free RIL_Token 0x7fb76a1140
03-23 07:13:39.759  3389  3389 D PHONE   : [ServiceState] setNullState=1
03-23 07:13:39.759  3389  3514 D RilRequest: [3661]< GET_CURRENT_CALLS error: com.android.internal.telephony.CommandException: RADIO_NOT_AVAILABLE ret=
03-23 07:13:39.759  3389  3389 D GsmSST  : [GsmSST] Poll ServiceState done:  oldSS=[1 1 voice home data home null null null null null null  Unknown Unknown CSS not supported 0 0 RoamInd=0 DefRoamInd=0 EmergOnly=false IsDataRoamingFromRegistration=false] newSS=[1 1 voice home data home null null null null null null  Unknown Unknown CSS not supported -1 -1 RoamInd=-1 DefRoamInd=-1 EmergOnly=false IsDataRoamingFromRegistration=false] oldMaxDataCalls=1 mNewMaxDataCalls=1 oldReasonDataDenied=-1 mNewReasonDataDenied=-1
03-23 07:13:39.759  3389  3389 D PHONE   : [ServiceState] setNullState=1
03-23 07:13:39.759  3389  3389 D GsmSST  : [GsmSST] updateSpnDisplay: radio is on but out of service, set plmn='No service.'
03-23 07:13:39.764  3389  3389 D SubscriptionController: [getSubId]- sSlotIdxToSubId.size == 0, return DummySubIds slotIdx=0
03-23 07:13:39.771  3389  3389 D GsmSST  : [GsmSST] updateSpnDisplay: changed sending intent rule=0 showPlmn='true' plmn='No service.' showSpn='false' spn='' dataSpn='' subId='-2'
03-23 07:13:39.777  3389  3389 D SubscriptionController: [getSubId]- sSlotIdxToSubId.size == 0, return DummySubIds slotIdx=0
03-23 07:13:39.780  3389  3389 D SubscriptionController: [getSubId]- sSlotIdxToSubId.size == 0, return DummySubIds slotIdx=0
03-23 07:13:39.783  2424  2505 I use-Rlog/RLOG-RIL_GU: cmdloop[2] open[/dev/appvcom10] ret -1, openTryCount 11.
03-23 07:13:39.784  3389  3389 D SubscriptionController: [setPlmnSpn] No valid subscription to store info
03-23 07:13:39.788  2424  2506 I use-Rlog/RLOG-RIL_GU: cmdloop[3] open[/dev/appvcom13] ret -1, openTryCount 11.
03-23 07:13:39.788  2424  2504 I use-Rlog/RLOG-RIL_GU: cmdloop[1] open[/dev/appvcom1] ret -1, openTryCount 11.
03-23 07:13:39.789  3389  3389 D SubscriptionController: notifySubscriptionInfoChanged:
03-23 07:13:39.789  2883  3425 D TelephonyRegistry: notifySubscriptionInfoChanged: first invocation mRecords.size=18
03-23 07:13:39.797  2424  2503 I use-Rlog/RLOG-RIL_GU: cmdloop[0] open[/dev/appvcom] ret -1, openTryCount 11.
03-23 07:13:39.810  3389  3389 D TelephonyManager: setTelephonyProperty: success phoneId=0 property=gsm.operator.alpha value:  propVal=
03-23 07:13:39.811  3389  3389 D TelephonyManager: setTelephonyProperty: success phoneId=0 property=gsm.operator.numeric value:  propVal=
03-23 07:13:39.812  3389  3389 D GsmSST  : [GsmSST] operatorNumeric is null
03-23 07:13:39.812  3389  3389 D TelephonyManager: setTelephonyProperty: success phoneId=0 property=gsm.operator.iso-country value:  propVal=
03-23 07:13:39.812  3389  3389 D TelephonyManager: setTelephonyProperty: success phoneId=0 property=gsm.operator.isroaming value: false propVal=false
03-23 07:13:39.813  3389  3389 D GsmSST  : [GsmSST] Broadcasting ServiceState : 1 1 voice home data home null null null null null null  Unknown Unknown CSS not supported -1 -1 RoamInd=-1 DefRoamInd=-1 EmergOnly=false IsDataRoamingFromRegistration=false
03-23 07:13:39.813  3389  3389 D SubscriptionController: [getSubId]- sSlotIdxToSubId.size == 0, return DummySubIds slotIdx=0
03-23 07:13:39.813  3389  3389 D DefaultPhoneNotifier: nofityServiceState: mRegistry=com.android.internal.telephony.ITelephonyRegistry$Stub$Proxy@55d55a7 ss=1 1 voice home data home null null null null null null  Unknown Unknown CSS not supported -1 -1 RoamInd=-1 DefRoamInd=-1 EmergOnly=false IsDataRoamingFromRegistration=false sender=Handler (com.android.internal.telephony.gsm.GSMPhone) {e22ca90} phondId=0 subId=-2
03-23 07:13:39.862  3389  3389 D SubscriptionController: [getSlotId]- subId invalid
03-23 07:13:39.866  3389  3389 D SubscriptionController: getSimStateForSlotIdx:  simState=NOT_READY ordinal=6
03-23 07:13:39.874  2883  2894 D SubscriptionManager: getSimStateForSubscriber: simState=6 slotIdx=0
03-23 07:13:39.874  2883  2894 D TelephonyManager: getSimState: default sim:-1, sim state for slotIdx=0 is 6, return state as unknown
03-23 07:13:39.877  3389  3389 D DCT     : [0]handleMessage msg={ when=-2s18ms what=270369 obj=android.os.AsyncResult@f008a54 target=com.android.internal.telephony.dataconnection.DcTracker }
03-23 07:13:39.877  3389  3389 D DCT     : [0]onUpdateIcc: newIccRecords null
03-23 07:13:39.877  3389  3389 D DCT     : [0]onReceive: action=android.net.wifi.STATE_CHANGE
03-23 07:13:39.877  3389  3389 D DCT     : [0]NETWORK_STATE_CHANGED_ACTION: mIsWifiConnected=false
03-23 07:13:39.877  3389  3389 D DCT     : [0]onReceive: action=android.net.wifi.WIFI_STATE_CHANGED
03-23 07:13:39.878  3389  3389 D DCT     : [0]WIFI_STATE_CHANGED_ACTION: enabled=true mIsWifiConnected=false
03-23 07:13:39.878  3389  3389 D DCT     : [0]handleMessage msg={ when=-1s940ms what=270342 obj=android.os.AsyncResult@2ffa543 target=com.android.internal.telephony.dataconnection.DcTracker }
03-23 07:13:39.878  3389  3389 D DCT     : [0]onRadioOffOrNotAvailable: is off and clean up all connections
03-23 07:13:39.878  3389  3389 D DCT     : [0]cleanUpAllConnections: tearDown=false reason=radioTurnedOff
03-23 07:13:39.878  3389  3389 D DCT     : [0]cleanUpConnection: tearDown=false reason=radioTurnedOff apnContext={mApnType=default mState=IDLE mWaitingApns={null} mWaitingApnsPermanentFailureCountDown=0 mApnSetting={null} mReason=radioTurnedOff mDataEnabled=false mDependencyMet=true}
03-23 07:13:39.878  3389  3389 D GSMPhone: getDataConnectionState: Data is Out of Service. ret = DISCONNECTED
03-23 07:13:39.878  3389  3389 D SubscriptionController: [getSubId]- sSlotIdxToSubId.size == 0, return DummySubIds slotIdx=0
03-23 07:13:39.947  3389  3389 D DCT     : [0]isDataAllowed: not allowed due to - Attached= false - SIM not loaded - SIM not loaded and not NV subscription - defaultDataSelected= false
03-23 07:13:39.957  3389  3389 D SubscriptionController: [getPhoneId]- invalid subId return=-1
03-23 07:13:39.966  3389  3389 D DCT     : [0]setupDataForSinglePdn: reason = radioTurnedOff isDisconnected = true
03-23 07:13:39.966  3389  3389 D DCT     : [0]isOnlySingleDcAllowed(0): false
03-23 07:13:39.966  3389  3389 D DCT     : [0]cleanUpConnection: X tearDown=false reason=radioTurnedOff apnContext={mApnType=default mState=IDLE mWaitingApns={null} mWaitingApnsPermanentFailureCountDown=0 mApnSetting={null} mReason=radioTurnedOff mDataEnabled=false mDependencyMet=true} dcac=null
03-23 07:13:39.966  3389  3389 D DCT     : [0]cleanUpConnection: tearDown=false reason=radioTurnedOff apnContext={mApnType=mms mState=IDLE mWaitingApns={null} mWaitingApnsPermanentFailureCountDown=0 mApnSetting={null} mReason=radioTurnedOff mDataEnabled=false mDependencyMet=true}
03-23 07:13:39.966  3389  3389 D GSMPhone: getDataConnectionState: Data is Out of Service. ret = DISCONNECTED
03-23 07:13:39.966  3389  3389 D SubscriptionController: [getSubId]- sSlotIdxToSubId.size == 0, return DummySubIds slotIdx=0
03-23 07:13:39.970  3389  3389 D DCT     : [0]isDataAllowed: not allowed due to - Attached= false - SIM not loaded - SIM not loaded and not NV subscription - defaultDataSelected= false
03-23 07:13:39.971  3389  3389 D SubscriptionController: [getPhoneId]- invalid subId return=-1
03-23 07:13:39.975  3389  3389 D DCT     : [0]setupDataForSinglePdn: reason = radioTurnedOff isDisconnected = true
03-23 07:13:39.975  3389  3389 D DCT     : [0]isOnlySingleDcAllowed(0): false
03-23 07:13:39.975  3389  3389 D DCT     : [0]cleanUpConnection: X tearDown=false reason=radioTurnedOff apnContext={mApnType=mms mState=IDLE mWaitingApns={null} mWaitingApnsPermanentFailureCountDown=0 mApnSetting={null} mReason=radioTurnedOff mDataEnabled=false mDependencyMet=true} dcac=null
03-23 07:13:39.975  3389  3389 D DCT     : [0]cleanUpConnection: tearDown=false reason=radioTurnedOff apnContext={mApnType=cbs mState=IDLE mWaitingApns={null} mWaitingApnsPermanentFailureCountDown=0 mApnSetting={null} mReason=radioTurnedOff mDataEnabled=false mDependencyMet=true}
03-23 07:13:39.975  3389  3389 D GSMPhone: getDataConnectionState: Data is Out of Service. ret = DISCONNECTED
03-23 07:13:39.975  3389  3389 D SubscriptionController: [getSubId]- sSlotIdxToSubId.size == 0, return DummySubIds slotIdx=0
03-23 07:13:39.976  3389  3389 D DCT     : [0]isDataAllowed: not allowed due to - Attached= false - SIM not loaded - SIM not loaded and not NV subscription - defaultDataSelected= false
03-23 07:13:39.987  3389  3389 D SubscriptionController: [getPhoneId]- invalid subId return=-1
03-23 07:13:39.990  3389  3389 D DCT     : [0]setupDataForSinglePdn: reason = radioTurnedOff isDisconnected = true
03-23 07:13:39.990  3389  3389 D DCT     : [0]isOnlySingleDcAllowed(0): false
03-23 07:13:39.990  3389  3389 D DCT     : [0]cleanUpConnection: X tearDown=false reason=radioTurnedOff apnContext={mApnType=cbs mState=IDLE mWaitingApns={null} mWaitingApnsPermanentFailureCountDown=0 mApnSetting={null} mReason=radioTurnedOff mDataEnabled=false mDependencyMet=true} dcac=null
03-23 07:13:39.990  3389  3389 D DCT     : [0]cleanUpConnection: tearDown=false reason=radioTurnedOff apnContext={mApnType=fota mState=IDLE mWaitingApns={null} mWaitingApnsPermanentFailureCountDown=0 mApnSetting={null} mReason=radioTurnedOff mDataEnabled=false mDependencyMet=true}
03-23 07:13:39.990  3389  3389 D GSMPhone: getDataConnectionState: Data is Out of Service. ret = DISCONNECTED
03-23 07:13:39.990  3389  3389 D SubscriptionController: [getSubId]- sSlotIdxToSubId.size == 0, return DummySubIds slotIdx=0
03-23 07:13:40.005  3389  3389 D DCT     : [0]isDataAllowed: not allowed due to - Attached= false - SIM not loaded - SIM not loaded and not NV subscription - defaultDataSelected= false
03-23 07:13:40.022  3389  3389 D SubscriptionController: [getPhoneId]- invalid subId return=-1
03-23 07:13:40.030  3389  3389 D DCT     : [0]setupDataForSinglePdn: reason = radioTurnedOff isDisconnected = true
03-23 07:13:40.031  3389  3389 D DCT     : [0]isOnlySingleDcAllowed(0): false
03-23 07:13:40.031  3389  3389 D DCT     : [0]cleanUpConnection: X tearDown=false reason=radioTurnedOff apnContext={mApnType=fota mState=IDLE mWaitingApns={null} mWaitingApnsPermanentFailureCountDown=0 mApnSetting={null} mReason=radioTurnedOff mDataEnabled=false mDependencyMet=true} dcac=null
03-23 07:13:40.031  3389  3389 D DCT     : [0]cleanUpConnection: tearDown=false reason=radioTurnedOff apnContext={mApnType=supl mState=IDLE mWaitingApns={null} mWaitingApnsPermanentFailureCountDown=0 mApnSetting={null} mReason=radioTurnedOff mDataEnabled=false mDependencyMet=true}
03-23 07:13:40.031  3389  3389 D GSMPhone: getDataConnectionState: Data is Out of Service. ret = DISCONNECTED
03-23 07:13:40.031  3389  3389 D SubscriptionController: [getSubId]- sSlotIdxToSubId.size == 0, return DummySubIds slotIdx=0
03-23 07:13:40.042  3389  3389 D DCT     : [0]isDataAllowed: not allowed due to - Attached= false - SIM not loaded - SIM not loaded and not NV subscription - defaultDataSelected= false
03-23 07:13:40.050  3389  3389 D SubscriptionController: [getPhoneId]- invalid subId return=-1
03-23 07:13:40.054  3389  3389 D DCT     : [0]setupDataForSinglePdn: reason = radioTurnedOff isDisconnected = true
03-23 07:13:40.054  3389  3389 D DCT     : [0]isOnlySingleDcAllowed(0): false
03-23 07:13:40.054  3389  3389 D DCT     : [0]cleanUpConnection: X tearDown=false reason=radioTurnedOff apnContext={mApnType=supl mState=IDLE mWaitingApns={null} mWaitingApnsPermanentFailureCountDown=0 mApnSetting={null} mReason=radioTurnedOff mDataEnabled=false mDependencyMet=true} dcac=null
03-23 07:13:40.054  3389  3389 D DCT     : [0]cleanUpConnection: tearDown=false reason=radioTurnedOff apnContext={mApnType=ia mState=IDLE mWaitingApns={null} mWaitingApnsPermanentFailureCountDown=0 mApnSetting={null} mReason=radioTurnedOff mDataEnabled=false mDependencyMet=true}
03-23 07:13:40.054  3389  3389 D GSMPhone: getDataConnectionState: Data is Out of Service. ret = DISCONNECTED
03-23 07:13:40.054  3389  3389 D SubscriptionController: [getSubId]- sSlotIdxToSubId.size == 0, return DummySubIds slotIdx=0
03-23 07:13:40.060  3389  3389 D DCT     : [0]isDataAllowed: not allowed due to - Attached= false - SIM not loaded - SIM not loaded and not NV subscription - defaultDataSelected= false
03-23 07:13:40.065  3389  3389 D SubscriptionController: [getPhoneId]- invalid subId return=-1
03-23 07:13:40.068  3389  3389 D DCT     : [0]setupDataForSinglePdn: reason = radioTurnedOff isDisconnected = true
03-23 07:13:40.068  3389  3389 D DCT     : [0]isOnlySingleDcAllowed(0): false
03-23 07:13:40.068  3389  3389 D DCT     : [0]cleanUpConnection: X tearDown=false reason=radioTurnedOff apnContext={mApnType=ia mState=IDLE mWaitingApns={null} mWaitingApnsPermanentFailureCountDown=0 mApnSetting={null} mReason=radioTurnedOff mDataEnabled=false mDependencyMet=true} dcac=null
03-23 07:13:40.068  3389  3389 D DCT     : [0]cleanUpConnection: tearDown=false reason=radioTurnedOff apnContext={mApnType=dun mState=IDLE mWaitingApns={null} mWaitingApnsPermanentFailureCountDown=0 mApnSetting={null} mReason=radioTurnedOff mDataEnabled=false mDependencyMet=true}
03-23 07:13:40.068  3389  3389 D GSMPhone: getDataConnectionState: Data is Out of Service. ret = DISCONNECTED
03-23 07:13:40.068  3389  3389 D SubscriptionController: [getSubId]- sSlotIdxToSubId.size == 0, return DummySubIds slotIdx=0
03-23 07:13:40.080  3389  3389 D DCT     : [0]isDataAllowed: not allowed due to - Attached= false - SIM not loaded - SIM not loaded and not NV subscription - defaultDataSelected= false
03-23 07:13:40.082  3389  3389 D SubscriptionController: [getPhoneId]- invalid subId return=-1
03-23 07:13:40.085  3389  3389 D DCT     : [0]setupDataForSinglePdn: reason = radioTurnedOff isDisconnected = true
03-23 07:13:40.085  3389  3389 D DCT     : [0]isOnlySingleDcAllowed(0): false
03-23 07:13:40.085  3389  3389 D DCT     : [0]cleanUpConnection: X tearDown=false reason=radioTurnedOff apnContext={mApnType=dun mState=IDLE mWaitingApns={null} mWaitingApnsPermanentFailureCountDown=0 mApnSetting={null} mReason=radioTurnedOff mDataEnabled=false mDependencyMet=true} dcac=null
03-23 07:13:40.085  3389  3389 D DCT     : [0]cleanUpConnection: tearDown=false reason=radioTurnedOff apnContext={mApnType=hipri mState=IDLE mWaitingApns={null} mWaitingApnsPermanentFailureCountDown=0 mApnSetting={null} mReason=radioTurnedOff mDataEnabled=false mDependencyMet=true}
03-23 07:13:40.085  3389  3389 D GSMPhone: getDataConnectionState: Data is Out of Service. ret = DISCONNECTED
03-23 07:13:40.085  3389  3389 D SubscriptionController: [getSubId]- sSlotIdxToSubId.size == 0, return DummySubIds slotIdx=0
03-23 07:13:40.098  3389  3389 D DCT     : [0]isDataAllowed: not allowed due to - Attached= false - SIM not loaded - SIM not loaded and not NV subscription - defaultDataSelected= false
03-23 07:13:40.113  3389  3389 D SubscriptionController: [getPhoneId]- invalid subId return=-1
03-23 07:13:40.116  3389  3389 D DCT     : [0]setupDataForSinglePdn: reason = radioTurnedOff isDisconnected = true
03-23 07:13:40.116  3389  3389 D DCT     : [0]isOnlySingleDcAllowed(0): false
03-23 07:13:40.117  3389  3389 D DCT     : [0]cleanUpConnection: X tearDown=false reason=radioTurnedOff apnContext={mApnType=hipri mState=IDLE mWaitingApns={null} mWaitingApnsPermanentFailureCountDown=0 mApnSetting={null} mReason=radioTurnedOff mDataEnabled=false mDependencyMet=true} dcac=null
03-23 07:13:40.117  3389  3389 D DCT     : [0]cleanUpConnection: tearDown=false reason=radioTurnedOff apnContext={mApnType=ims mState=IDLE mWaitingApns={null} mWaitingApnsPermanentFailureCountDown=0 mApnSetting={null} mReason=radioTurnedOff mDataEnabled=false mDependencyMet=true}
03-23 07:13:40.117  3389  3389 D GSMPhone: getDataConnectionState: Data is Out of Service. ret = DISCONNECTED
03-23 07:13:40.117  3389  3389 D SubscriptionController: [getSubId]- sSlotIdxToSubId.size == 0, return DummySubIds slotIdx=0
03-23 07:13:40.121  3389  3389 D DCT     : [0]isDataAllowed: not allowed due to - Attached= false - SIM not loaded - SIM not loaded and not NV subscription - defaultDataSelected= false
03-23 07:13:40.124  3389  3389 D SubscriptionController: [getPhoneId]- invalid subId return=-1
03-23 07:13:40.127  3389  3389 D DCT     : [0]setupDataForSinglePdn: reason = radioTurnedOff isDisconnected = true
03-23 07:13:40.127  3389  3389 D DCT     : [0]isOnlySingleDcAllowed(0): false
03-23 07:13:40.127  3389  3389 D DCT     : [0]cleanUpConnection: X tearDown=false reason=radioTurnedOff apnContext={mApnType=ims mState=IDLE mWaitingApns={null} mWaitingApnsPermanentFailureCountDown=0 mApnSetting={null} mReason=radioTurnedOff mDataEnabled=false mDependencyMet=true} dcac=null
03-23 07:13:40.127  3389  3389 D DCT     : [0]stopNetStatPoll
03-23 07:13:40.127  3389  3389 D SubscriptionController: [getSubId]- sSlotIdxToSubId.size == 0, return DummySubIds slotIdx=0
03-23 07:13:40.130  3389  3389 D DCT     : [0]cleanUpConnection: mDisconnectPendingCount = 0
03-23 07:13:40.130  3389  3389 D SubscriptionController: [getSubId]- sSlotIdxToSubId.size == 0, return DummySubIds slotIdx=0
03-23 07:13:40.136  3389  3389 D DCT     : [0]isDataAllowed: not allowed due to - Attached= false - SIM not loaded - SIM not loaded and not NV subscription - defaultDataSelected= false
03-23 07:13:40.142  3389  3389 D SubscriptionController: [getPhoneId]- invalid subId return=-1
03-23 07:13:40.149  3389  3389 D SubscriptionController: [getSubId]- sSlotIdxToSubId.size == 0, return DummySubIds slotIdx=0
03-23 07:13:40.152  3389  3648 D SubscriptionController: [getActiveSubInfoList]+
03-23 07:13:40.152  3389  3389 D DCT     : [0]isDataAllowed: not allowed due to - Attached= false - SIM not loaded - SIM not loaded and not NV subscription - defaultDataSelected= false
03-23 07:13:40.154  3389  3389 D SubscriptionController: [getPhoneId]- invalid subId return=-1
03-23 07:13:40.156  3389  3401 D SubscriptionController: [getSlotId]- subId invalid
03-23 07:13:40.156  3389  3389 D SubscriptionController: [getSubId]- sSlotIdxToSubId.size == 0, return DummySubIds slotIdx=0
03-23 07:13:40.157  3389  3389 D DCT     : [0]isDataAllowed: not allowed due to - Attached= false - SIM not loaded - SIM not loaded and not NV subscription - defaultDataSelected= false
03-23 07:13:40.158  3389  3389 D SubscriptionController: [getPhoneId]- invalid subId return=-1
03-23 07:13:40.162  3389  3389 D SubscriptionController: [getSubId]- sSlotIdxToSubId.size == 0, return DummySubIds slotIdx=0
03-23 07:13:40.166  3389  3648 D SubscriptionController: selection:sim_id>=0 null
03-23 07:13:40.166  3389  3389 D DCT     : [0]isDataAllowed: not allowed due to - Attached= false - SIM not loaded - SIM not loaded and not NV subscription - defaultDataSelected= false
03-23 07:13:40.169  3389  3389 D SubscriptionController: [getPhoneId]- invalid subId return=-1
03-23 07:13:40.172  3389  3389 D SubscriptionController: [getSubId]- sSlotIdxToSubId.size == 0, return DummySubIds slotIdx=0
03-23 07:13:40.174  3389  3389 D DCT     : [0]isDataAllowed: not allowed due to - Attached= false - SIM not loaded - SIM not loaded and not NV subscription - defaultDataSelected= false
03-23 07:13:40.175  3389  3389 D SubscriptionController: [getPhoneId]- invalid subId return=-1
03-23 07:13:40.180  3389  3389 D SubscriptionController: [getSubId]- sSlotIdxToSubId.size == 0, return DummySubIds slotIdx=0
03-23 07:13:40.186  3389  3389 D DCT     : [0]isDataAllowed: not allowed due to - Attached= false - SIM not loaded - SIM not loaded and not NV subscription - defaultDataSelected= false
03-23 07:13:40.192  3389  3778 D SubscriptionController: getSimStateForSlotIdx:  simState=NOT_READY ordinal=6
03-23 07:13:40.192  3389  3389 D SubscriptionController: [getPhoneId]- invalid subId return=-1
03-23 07:13:40.194  3389  3389 D SubscriptionController: [getSubId]- sSlotIdxToSubId.size == 0, return DummySubIds slotIdx=0
03-23 07:13:40.199  3389  3389 D DCT     : [0]isDataAllowed: not allowed due to - Attached= false - SIM not loaded - SIM not loaded and not NV subscription - defaultDataSelected= false
03-23 07:13:40.205  3389  3389 D SubscriptionController: [getPhoneId]- invalid subId return=-1
03-23 07:13:40.208  3389  3389 D SubscriptionController: [getSubId]- sSlotIdxToSubId.size == 0, return DummySubIds slotIdx=0
03-23 07:13:40.221  3389  3389 D DCT     : [0]isDataAllowed: not allowed due to - Attached= false - SIM not loaded - SIM not loaded and not NV subscription - defaultDataSelected= false
03-23 07:13:40.230  3389  3389 D SubscriptionController: [getPhoneId]- invalid subId return=-1
03-23 07:13:40.239  3389  3389 D SubscriptionController: [getSubId]- sSlotIdxToSubId.size == 0, return DummySubIds slotIdx=0
03-23 07:13:40.245  3389  3389 D DCT     : [0]isDataAllowed: not allowed due to - Attached= false - SIM not loaded - SIM not loaded and not NV subscription - defaultDataSelected= false
03-23 07:13:40.250  3389  3389 D SubscriptionController: [getPhoneId]- invalid subId return=-1
03-23 07:13:40.257  3389  3389 D DCT     : [0]handleMessage msg={ when=-2s242ms what=270345 obj=android.os.AsyncResult@5f7c0 target=com.android.internal.telephony.dataconnection.DcTracker }
03-23 07:13:40.257  3389  3389 D DCT     : [0]onDataConnectionDetached: stop polling and notify detached
03-23 07:13:40.257  3389  3389 D DCT     : [0]stopNetStatPoll
03-23 07:13:40.257  3389  3389 D SubscriptionController: [getSubId]- sSlotIdxToSubId.size == 0, return DummySubIds slotIdx=0
03-23 07:13:40.260  3389  3389 D DCT     : [0]notifyDataConnection: reason=dataDetached
03-23 07:13:40.260  3389  3389 D SubscriptionController: [getSubId]- sSlotIdxToSubId.size == 0, return DummySubIds slotIdx=0
03-23 07:13:40.274  3389  3389 D DCT     : [0]isDataAllowed: not allowed due to - Attached= false - SIM not loaded - SIM not loaded and not NV subscription - defaultDataSelected= false
03-23 07:13:40.283  3389  3389 D SubscriptionController: [getPhoneId]- invalid subId return=-1
03-23 07:13:40.293  3389  3389 D SubscriptionController: [getSubId]- sSlotIdxToSubId.size == 0, return DummySubIds slotIdx=0
03-23 07:13:40.302  3389  3389 D DCT     : [0]isDataAllowed: not allowed due to - Attached= false - SIM not loaded - SIM not loaded and not NV subscription - defaultDataSelected= false
03-23 07:13:40.367  3389  3389 D SubscriptionController: [getPhoneId]- invalid subId return=-1
03-23 07:13:40.369  3389  3389 D SubscriptionController: [getSubId]- sSlotIdxToSubId.size == 0, return DummySubIds slotIdx=0
03-23 07:13:40.372  3389  3389 D DCT     : [0]isDataAllowed: not allowed due to - Attached= false - SIM not loaded - SIM not loaded and not NV subscription - defaultDataSelected= false
03-23 07:13:40.372  3389  3389 D SubscriptionController: [getPhoneId]- invalid subId return=-1
03-23 07:13:40.378  3023  3601 D SubscriptionManager: getSimStateForSubscriber: simState=6 slotIdx=0
03-23 07:13:40.378  3023  3601 D TelephonyManager: getSimState: default sim:-1, sim state for slotIdx=0 is 6, return state as unknown
03-23 07:13:40.407  3389  3389 D SubscriptionController: [getSubId]- sSlotIdxToSubId.size == 0, return DummySubIds slotIdx=0
03-23 07:13:40.456  3389  3389 D DCT     : [0]isDataAllowed: not allowed due to - Attached= false - SIM not loaded - SIM not loaded and not NV subscription - defaultDataSelected= false
03-23 07:13:40.472  3389  3389 D SubscriptionController: [getPhoneId]- invalid subId return=-1
03-23 07:13:40.486  3389  3389 D SubscriptionController: [getSubId]- sSlotIdxToSubId.size == 0, return DummySubIds slotIdx=0
03-23 07:13:40.530  3389  3389 D DCT     : [0]isDataAllowed: not allowed due to - Attached= false - SIM not loaded - SIM not loaded and not NV subscription - defaultDataSelected= false
03-23 07:13:40.560  3389  3389 D SubscriptionController: [getPhoneId]- invalid subId return=-1
03-23 07:13:40.571  3389  3389 D SubscriptionController: [getSubId]- sSlotIdxToSubId.size == 0, return DummySubIds slotIdx=0
03-23 07:13:40.585  3389  3389 D DCT     : [0]isDataAllowed: not allowed due to - Attached= false - SIM not loaded - SIM not loaded and not NV subscription - defaultDataSelected= false
03-23 07:13:40.597  3389  3389 D SubscriptionController: [getPhoneId]- invalid subId return=-1
03-23 07:13:40.612  3389  3389 D SubscriptionController: [getSubId]- sSlotIdxToSubId.size == 0, return DummySubIds slotIdx=0
03-23 07:13:40.670  3389  3389 D DCT     : [0]isDataAllowed: not allowed due to - Attached= false - SIM not loaded - SIM not loaded and not NV subscription - defaultDataSelected= false
03-23 07:13:40.684  3389  3389 D SubscriptionController: [getPhoneId]- invalid subId return=-1
03-23 07:13:40.688  3389  3389 D SubscriptionController: [getSubId]- sSlotIdxToSubId.size == 0, return DummySubIds slotIdx=0
03-23 07:13:40.709  3389  3389 D DCT     : [0]isDataAllowed: not allowed due to - Attached= false - SIM not loaded - SIM not loaded and not NV subscription - defaultDataSelected= false
03-23 07:13:40.715  3389  3389 D SubscriptionController: [getPhoneId]- invalid subId return=-1
03-23 07:13:40.718  3389  3389 D SubscriptionController: [getSubId]- sSlotIdxToSubId.size == 0, return DummySubIds slotIdx=0
03-23 07:13:40.747  3389  3389 D DCT     : [0]isDataAllowed: not allowed due to - Attached= false - SIM not loaded - SIM not loaded and not NV subscription - defaultDataSelected= false
03-23 07:13:40.773  3389  3389 D SubscriptionController: [getPhoneId]- invalid subId return=-1
03-23 07:13:40.778  3389  3389 D DCT     : [0]handleMessage msg={ when=-2s763ms what=270348 obj=android.os.AsyncResult@2872cf9 target=com.android.internal.telephony.dataconnection.DcTracker }
03-23 07:13:40.778  3389  3389 D DCT     : [0]onRoamingOff
03-23 07:13:40.778  3389  3389 D DCT     : [0]handleMessage msg={ when=-2s761ms what=270377 obj=android.os.AsyncResult@4d8343e target=com.android.internal.telephony.dataconnection.DcTracker }
03-23 07:13:40.778  3389  3389 D DCT     : [0]onUpdateIcc: newIccRecords null
03-23 07:13:40.779  3389  3389 D DCT     : [0]setupDataOnConnectableApns: nwTypeChanged
03-23 07:13:40.779  3389  3389 D DCT     : [0]setupDataOnConnectableApns: apnContext {mApnType=hipri mState=IDLE mWaitingApns={null} mWaitingApnsPermanentFailureCountDown=0 mApnSetting={null} mReason=radioTurnedOff mDataEnabled=false mDependencyMet=true}
03-23 07:13:40.779  3389  3389 D DCT     : [0]setupDataOnConnectableApns: apnContext {mApnType=mms mState=IDLE mWaitingApns={null} mWaitingApnsPermanentFailureCountDown=0 mApnSetting={null} mReason=radioTurnedOff mDataEnabled=false mDependencyMet=true}
03-23 07:13:40.779  3389  3389 D DCT     : [0]setupDataOnConnectableApns: apnContext {mApnType=supl mState=IDLE mWaitingApns={null} mWaitingApnsPermanentFailureCountDown=0 mApnSetting={null} mReason=radioTurnedOff mDataEnabled=false mDependencyMet=true}
03-23 07:13:40.779  3389  3389 D DCT     : [0]setupDataOnConnectableApns: apnContext {mApnType=cbs mState=IDLE mWaitingApns={null} mWaitingApnsPermanentFailureCountDown=0 mApnSetting={null} mReason=radioTurnedOff mDataEnabled=false mDependencyMet=true}
03-23 07:13:40.779  3389  3389 D DCT     : [0]setupDataOnConnectableApns: apnContext {mApnType=dun mState=IDLE mWaitingApns={null} mWaitingApnsPermanentFailureCountDown=0 mApnSetting={null} mReason=radioTurnedOff mDataEnabled=false mDependencyMet=true}
03-23 07:13:40.779  3389  3389 D DCT     : [0]setupDataOnConnectableApns: apnContext {mApnType=fota mState=IDLE mWaitingApns={null} mWaitingApnsPermanentFailureCountDown=0 mApnSetting={null} mReason=radioTurnedOff mDataEnabled=false mDependencyMet=true}
03-23 07:13:40.779  3389  3389 D DCT     : [0]setupDataOnConnectableApns: apnContext {mApnType=ims mState=IDLE mWaitingApns={null} mWaitingApnsPermanentFailureCountDown=0 mApnSetting={null} mReason=radioTurnedOff mDataEnabled=false mDependencyMet=true}
03-23 07:13:40.779  3389  3389 D DCT     : [0]setupDataOnConnectableApns: apnContext {mApnType=default mState=IDLE mWaitingApns={null} mWaitingApnsPermanentFailureCountDown=0 mApnSetting={null} mReason=radioTurnedOff mDataEnabled=false mDependencyMet=true}
03-23 07:13:40.779  3389  3389 D DCT     : [0]setupDataOnConnectableApns: apnContext {mApnType=ia mState=IDLE mWaitingApns={null} mWaitingApnsPermanentFailureCountDown=0 mApnSetting={null} mReason=radioTurnedOff mDataEnabled=false mDependencyMet=true}
03-23 07:13:40.779  3389  3389 E PhoneProxy: [PhoneProxy] Error! This handler was not registered for this message type. Message: 9
03-23 07:13:40.780  3389  3389 D SubscriptionController: [getSubId]- sSlotIdxToSubId.size == 0, return DummySubIds slotIdx=0
03-23 07:13:40.780  3389  3389 D GsmSMSDispatcher: GsmSMSDispatcher: subId = -2 slotId = 0
03-23 07:13:40.780  3389  3389 E IccCardProxy: setExternalState: !override and newstate unchanged from NOT_READY
03-23 07:13:40.780  3389  3389 E IccCardProxy: setExternalState: !override and newstate unchanged from NOT_READY
03-23 07:13:40.780  3389  3389 E IccCardProxy: setExternalState: !override and newstate unchanged from NOT_READY
03-23 07:13:40.780  3389  3389 D PhoneBase: config LCE service failed: com.android.internal.telephony.CommandException: REQUEST_NOT_SUPPORTED
03-23 07:13:40.780  3389  3389 D RILJ    : [3662]> GET_CURRENT_CALLS [SUB1]
03-23 07:13:40.780  3389  3389 D RilRequest: [3662]< GET_CURRENT_CALLS error: com.android.internal.telephony.CommandException: RADIO_NOT_AVAILABLE ret=
03-23 07:13:40.781  3389  3389 D GsmSST  : [GsmSST] mDeviceShuttingDown = false
03-23 07:13:40.781  3389  3389 D GsmSST  : [GsmSST] mDesiredPowerState = true
03-23 07:13:40.781  3389  3389 D GsmSST  : [GsmSST] getRadioState = RADIO_UNAVAILABLE
03-23 07:13:40.781  3389  3389 D GsmSST  : [GsmSST] mPowerOffDelayNeed = true
03-23 07:13:40.781  3389  3389 D GsmSST  : [GsmSST] mAlarmSwitch = false
03-23 07:13:40.781  3389  3389 D PHONE   : [ServiceState] setNullState=1
03-23 07:13:40.781  3389  3389 D GsmSST  : [GsmSST] Poll ServiceState done:  oldSS=[1 1 voice home data home null null null null null null  Unknown Unknown CSS not supported 0 0 RoamInd=0 DefRoamInd=0 EmergOnly=false IsDataRoamingFromRegistration=false] newSS=[1 1 voice home data home null null null null null null  Unknown Unknown CSS not supported -1 -1 RoamInd=-1 DefRoamInd=-1 EmergOnly=false IsDataRoamingFromRegistration=false] oldMaxDataCalls=1 mNewMaxDataCalls=1 oldReasonDataDenied=-1 mNewReasonDataDenied=-1
03-23 07:13:40.781  3389  3389 D PHONE   : [ServiceState] setNullState=1
03-23 07:13:40.781  3389  3389 D GsmSST  : [GsmSST] updateSpnDisplay: radio is on but out of service, set plmn='No service.'
03-23 07:13:40.783  2424  2505 I use-Rlog/RLOG-RIL_GU: cmdloop[2] open[/dev/appvcom10] ret -1, openTryCount 10.
03-23 07:13:40.786  3389  3389 D SubscriptionController: [getSubId]- sSlotIdxToSubId.size == 0, return DummySubIds slotIdx=1
03-23 07:13:40.788  2424  2506 I use-Rlog/RLOG-RIL_GU: cmdloop[3] open[/dev/appvcom13] ret -1, openTryCount 10.
03-23 07:13:40.789  2424  2504 I use-Rlog/RLOG-RIL_GU: cmdloop[1] open[/dev/appvcom1] ret -1, openTryCount 10.
03-23 07:13:40.789  3389  3389 D GsmSST  : [GsmSST] updateSpnDisplay: changed sending intent rule=0 showPlmn='true' plmn='No service.' showSpn='false' spn='' dataSpn='' subId='-3'
03-23 07:13:40.791  3389  3389 D SubscriptionController: [getSubId]- sSlotIdxToSubId.size == 0, return DummySubIds slotIdx=1
03-23 07:13:40.795  3389  3389 D SubscriptionController: [getSubId]- sSlotIdxToSubId.size == 0, return DummySubIds slotIdx=1
03-23 07:13:40.797  2424  2503 I use-Rlog/RLOG-RIL_GU: cmdloop[0] open[/dev/appvcom] ret -1, openTryCount 10.
03-23 07:13:40.798  3389  3389 D SubscriptionController: [setPlmnSpn] No valid subscription to store info
03-23 07:13:40.809  3389  3389 D SubscriptionController: notifySubscriptionInfoChanged:
03-23 07:13:40.832  3389  3389 D TelephonyManager: setTelephonyProperty: success phoneId=1 property=gsm.operator.alpha value:  propVal=,
03-23 07:13:40.833  3389  3389 D TelephonyManager: setTelephonyProperty: success phoneId=1 property=gsm.operator.numeric value:  propVal=,
03-23 07:13:40.834  3389  3389 D GsmSST  : [GsmSST] operatorNumeric is null
03-23 07:13:40.834  3389  3389 D TelephonyManager: setTelephonyProperty: success phoneId=1 property=gsm.operator.iso-country value:  propVal=,
03-23 07:13:40.835  3389  3389 D TelephonyManager: setTelephonyProperty: success phoneId=1 property=gsm.operator.isroaming value: false propVal=false,false
03-23 07:13:40.836  3389  3389 D GsmSST  : [GsmSST] Broadcasting ServiceState : 1 1 voice home data home null null null null null null  Unknown Unknown CSS not supported -1 -1 RoamInd=-1 DefRoamInd=-1 EmergOnly=false IsDataRoamingFromRegistration=false
03-23 07:13:40.836  3389  3389 D SubscriptionController: [getSubId]- sSlotIdxToSubId.size == 0, return DummySubIds slotIdx=1
03-23 07:13:40.836  3389  3389 D DefaultPhoneNotifier: nofityServiceState: mRegistry=com.android.internal.telephony.ITelephonyRegistry$Stub$Proxy@55d55a7 ss=1 1 voice home data home null null null null null null  Unknown Unknown CSS not supported -1 -1 RoamInd=-1 DefRoamInd=-1 EmergOnly=false IsDataRoamingFromRegistration=false sender=Handler (com.android.internal.telephony.gsm.GSMPhone) {d1bcb8e} phondId=1 subId=-3
03-23 07:13:40.843  3389  3389 D SubscriptionController: [getSlotId]- subId invalid
03-23 07:13:40.847  3389  3389 D SubscriptionController: getSimStateForSlotIdx:  simState=NOT_READY ordinal=6
03-23 07:13:40.848  2883  3085 D SubscriptionManager: getSimStateForSubscriber: simState=6 slotIdx=0
03-23 07:13:40.848  2883  3085 D TelephonyManager: getSimState: default sim:-1, sim state for slotIdx=0 is 6, return state as unknown
03-23 07:13:40.850  3389  3389 D DCT     : [1]handleMessage msg={ when=-2s102ms what=270369 obj=android.os.AsyncResult@5ed529f target=com.android.internal.telephony.dataconnection.DcTracker }
03-23 07:13:40.850  3389  3389 D DCT     : [1]onUpdateIcc: newIccRecords null
03-23 07:13:40.850  3389  3389 D DCT     : [1]onReceive: action=android.net.wifi.STATE_CHANGE
03-23 07:13:40.850  3389  3389 D DCT     : [1]NETWORK_STATE_CHANGED_ACTION: mIsWifiConnected=false
03-23 07:13:40.852  3389  3389 D DCT     : [1]onReceive: action=android.net.wifi.WIFI_STATE_CHANGED
03-23 07:13:40.852  3389  3389 D DCT     : [1]WIFI_STATE_CHANGED_ACTION: enabled=true mIsWifiConnected=false
03-23 07:13:40.852  3389  3389 D DCT     : [1]handleMessage msg={ when=-1s971ms what=270342 obj=android.os.AsyncResult@b32cfec target=com.android.internal.telephony.dataconnection.DcTracker }
03-23 07:13:40.852  3389  3389 D DCT     : [1]onRadioOffOrNotAvailable: is off and clean up all connections
03-23 07:13:40.852  3389  3389 D DCT     : [1]cleanUpAllConnections: tearDown=false reason=radioTurnedOff
03-23 07:13:40.852  3389  3389 D DCT     : [1]cleanUpConnection: tearDown=false reason=radioTurnedOff apnContext={mApnType=default mState=IDLE mWaitingApns={null} mWaitingApnsPermanentFailureCountDown=0 mApnSetting={null} mReason=radioTurnedOff mDataEnabled=false mDependencyMet=true}
03-23 07:13:40.852  3389  3389 D GSMPhone: getDataConnectionState: Data is Out of Service. ret = DISCONNECTED
03-23 07:13:40.852  3389  3389 D SubscriptionController: [getSubId]- sSlotIdxToSubId.size == 0, return DummySubIds slotIdx=1
03-23 07:13:40.865  3389  3389 D DCT     : [1]isDataAllowed: not allowed due to - Attached= false - SIM not loaded - SIM not loaded and not NV subscription - defaultDataSelected= false
03-23 07:13:40.866  3389  3389 D SubscriptionController: [getPhoneId]- invalid subId return=-1
03-23 07:13:40.875  3389  3389 D DCT     : [1]setupDataForSinglePdn: reason = radioTurnedOff isDisconnected = true
03-23 07:13:40.875  3389  3389 D DCT     : [1]isOnlySingleDcAllowed(0): false
03-23 07:13:40.875  3389  3389 D DCT     : [1]cleanUpConnection: X tearDown=false reason=radioTurnedOff apnContext={mApnType=default mState=IDLE mWaitingApns={null} mWaitingApnsPermanentFailureCountDown=0 mApnSetting={null} mReason=radioTurnedOff mDataEnabled=false mDependencyMet=true} dcac=null
03-23 07:13:40.875  3389  3389 D DCT     : [1]cleanUpConnection: tearDown=false reason=radioTurnedOff apnContext={mApnType=mms mState=IDLE mWaitingApns={null} mWaitingApnsPermanentFailureCountDown=0 mApnSetting={null} mReason=radioTurnedOff mDataEnabled=false mDependencyMet=true}
03-23 07:13:40.875  3389  3389 D GSMPhone: getDataConnectionState: Data is Out of Service. ret = DISCONNECTED
03-23 07:13:40.875  3389  3389 D SubscriptionController: [getSubId]- sSlotIdxToSubId.size == 0, return DummySubIds slotIdx=1
03-23 07:13:40.884  3389  3389 D DCT     : [1]isDataAllowed: not allowed due to - Attached= false - SIM not loaded - SIM not loaded and not NV subscription - defaultDataSelected= false
03-23 07:13:40.889  3389  3389 D SubscriptionController: [getPhoneId]- invalid subId return=-1
03-23 07:13:40.895  3389  3389 D DCT     : [1]setupDataForSinglePdn: reason = radioTurnedOff isDisconnected = true
03-23 07:13:40.895  3389  3389 D DCT     : [1]isOnlySingleDcAllowed(0): false
03-23 07:13:40.895  3389  3389 D DCT     : [1]cleanUpConnection: X tearDown=false reason=radioTurnedOff apnContext={mApnType=mms mState=IDLE mWaitingApns={null} mWaitingApnsPermanentFailureCountDown=0 mApnSetting={null} mReason=radioTurnedOff mDataEnabled=false mDependencyMet=true} dcac=null
03-23 07:13:40.895  3389  3389 D DCT     : [1]cleanUpConnection: tearDown=false reason=radioTurnedOff apnContext={mApnType=cbs mState=IDLE mWaitingApns={null} mWaitingApnsPermanentFailureCountDown=0 mApnSetting={null} mReason=radioTurnedOff mDataEnabled=false mDependencyMet=true}
03-23 07:13:40.895  3389  3389 D GSMPhone: getDataConnectionState: Data is Out of Service. ret = DISCONNECTED
03-23 07:13:40.895  3389  3389 D SubscriptionController: [getSubId]- sSlotIdxToSubId.size == 0, return DummySubIds slotIdx=1
03-23 07:13:40.909  3389  3389 D DCT     : [1]isDataAllowed: not allowed due to - Attached= false - SIM not loaded - SIM not loaded and not NV subscription - defaultDataSelected= false
03-23 07:13:40.934  3389  3389 D SubscriptionController: [getPhoneId]- invalid subId return=-1
03-23 07:13:40.944  3389  3389 D DCT     : [1]setupDataForSinglePdn: reason = radioTurnedOff isDisconnected = true
03-23 07:13:40.944  3389  3389 D DCT     : [1]isOnlySingleDcAllowed(0): false
03-23 07:13:40.944  3389  3389 D DCT     : [1]cleanUpConnection: X tearDown=false reason=radioTurnedOff apnContext={mApnType=cbs mState=IDLE mWaitingApns={null} mWaitingApnsPermanentFailureCountDown=0 mApnSetting={null} mReason=radioTurnedOff mDataEnabled=false mDependencyMet=true} dcac=null
03-23 07:13:40.944  3389  3389 D DCT     : [1]cleanUpConnection: tearDown=false reason=radioTurnedOff apnContext={mApnType=fota mState=IDLE mWaitingApns={null} mWaitingApnsPermanentFailureCountDown=0 mApnSetting={null} mReason=radioTurnedOff mDataEnabled=false mDependencyMet=true}
03-23 07:13:40.944  3389  3389 D GSMPhone: getDataConnectionState: Data is Out of Service. ret = DISCONNECTED
03-23 07:13:40.945  3389  3389 D SubscriptionController: [getSubId]- sSlotIdxToSubId.size == 0, return DummySubIds slotIdx=1
03-23 07:13:40.959  3389  3389 D DCT     : [1]isDataAllowed: not allowed due to - Attached= false - SIM not loaded - SIM not loaded and not NV subscription - defaultDataSelected= false
03-23 07:13:40.965  3389  3389 D SubscriptionController: [getPhoneId]- invalid subId return=-1
03-23 07:13:40.971  3389  3389 D DCT     : [1]setupDataForSinglePdn: reason = radioTurnedOff isDisconnected = true
03-23 07:13:40.971  3389  3389 D DCT     : [1]isOnlySingleDcAllowed(0): false
03-23 07:13:40.971  3389  3389 D DCT     : [1]cleanUpConnection: X tearDown=false reason=radioTurnedOff apnContext={mApnType=fota mState=IDLE mWaitingApns={null} mWaitingApnsPermanentFailureCountDown=0 mApnSetting={null} mReason=radioTurnedOff mDataEnabled=false mDependencyMet=true} dcac=null
03-23 07:13:40.971  3389  3389 D DCT     : [1]cleanUpConnection: tearDown=false reason=radioTurnedOff apnContext={mApnType=supl mState=IDLE mWaitingApns={null} mWaitingApnsPermanentFailureCountDown=0 mApnSetting={null} mReason=radioTurnedOff mDataEnabled=false mDependencyMet=true}
03-23 07:13:40.971  3389  3389 D GSMPhone: getDataConnectionState: Data is Out of Service. ret = DISCONNECTED
03-23 07:13:40.971  3389  3389 D SubscriptionController: [getSubId]- sSlotIdxToSubId.size == 0, return DummySubIds slotIdx=1
03-23 07:13:40.977  3389  3389 D DCT     : [1]isDataAllowed: not allowed due to - Attached= false - SIM not loaded - SIM not loaded and not NV subscription - defaultDataSelected= false
03-23 07:13:40.984  3389  3389 D SubscriptionController: [getPhoneId]- invalid subId return=-1
03-23 07:13:40.987  3389  3389 D DCT     : [1]setupDataForSinglePdn: reason = radioTurnedOff isDisconnected = true
03-23 07:13:40.987  3389  3389 D DCT     : [1]isOnlySingleDcAllowed(0): false
03-23 07:13:40.987  3389  3389 D DCT     : [1]cleanUpConnection: X tearDown=false reason=radioTurnedOff apnContext={mApnType=supl mState=IDLE mWaitingApns={null} mWaitingApnsPermanentFailureCountDown=0 mApnSetting={null} mReason=radioTurnedOff mDataEnabled=false mDependencyMet=true} dcac=null
03-23 07:13:40.987  3389  3389 D DCT     : [1]cleanUpConnection: tearDown=false reason=radioTurnedOff apnContext={mApnType=ia mState=IDLE mWaitingApns={null} mWaitingApnsPermanentFailureCountDown=0 mApnSetting={null} mReason=radioTurnedOff mDataEnabled=false mDependencyMet=true}
03-23 07:13:40.987  3389  3389 D GSMPhone: getDataConnectionState: Data is Out of Service. ret = DISCONNECTED
03-23 07:13:40.987  3389  3389 D SubscriptionController: [getSubId]- sSlotIdxToSubId.size == 0, return DummySubIds slotIdx=1
03-23 07:13:40.991  3389  3389 D DCT     : [1]isDataAllowed: not allowed due to - Attached= false - SIM not loaded - SIM not loaded and not NV subscription - defaultDataSelected= false
03-23 07:13:40.995  3389  3389 D SubscriptionController: [getPhoneId]- invalid subId return=-1
03-23 07:13:41.016  3389  3389 D DCT     : [1]setupDataForSinglePdn: reason = radioTurnedOff isDisconnected = true
03-23 07:13:41.016  3389  3389 D DCT     : [1]isOnlySingleDcAllowed(0): false
03-23 07:13:41.016  3389  3389 D DCT     : [1]cleanUpConnection: X tearDown=false reason=radioTurnedOff apnContext={mApnType=ia mState=IDLE mWaitingApns={null} mWaitingApnsPermanentFailureCountDown=0 mApnSetting={null} mReason=radioTurnedOff mDataEnabled=false mDependencyMet=true} dcac=null
03-23 07:13:41.016  3389  3389 D DCT     : [1]cleanUpConnection: tearDown=false reason=radioTurnedOff apnContext={mApnType=dun mState=IDLE mWaitingApns={null} mWaitingApnsPermanentFailureCountDown=0 mApnSetting={null} mReason=radioTurnedOff mDataEnabled=false mDependencyMet=true}
03-23 07:13:41.016  3389  3389 D GSMPhone: getDataConnectionState: Data is Out of Service. ret = DISCONNECTED
03-23 07:13:41.016  3389  3389 D SubscriptionController: [getSubId]- sSlotIdxToSubId.size == 0, return DummySubIds slotIdx=1
03-23 07:13:41.020  3389  3389 D DCT     : [1]isDataAllowed: not allowed due to - Attached= false - SIM not loaded - SIM not loaded and not NV subscription - defaultDataSelected= false
03-23 07:13:41.025  3389  3389 D SubscriptionController: [getPhoneId]- invalid subId return=-1
03-23 07:13:41.032  3389  3389 D DCT     : [1]setupDataForSinglePdn: reason = radioTurnedOff isDisconnected = true
03-23 07:13:41.032  3389  3389 D DCT     : [1]isOnlySingleDcAllowed(0): false
03-23 07:13:41.032  3389  3389 D DCT     : [1]cleanUpConnection: X tearDown=false reason=radioTurnedOff apnContext={mApnType=dun mState=IDLE mWaitingApns={null} mWaitingApnsPermanentFailureCountDown=0 mApnSetting={null} mReason=radioTurnedOff mDataEnabled=false mDependencyMet=true} dcac=null
03-23 07:13:41.032  3389  3389 D DCT     : [1]cleanUpConnection: tearDown=false reason=radioTurnedOff apnContext={mApnType=hipri mState=IDLE mWaitingApns={null} mWaitingApnsPermanentFailureCountDown=0 mApnSetting={null} mReason=radioTurnedOff mDataEnabled=false mDependencyMet=true}
03-23 07:13:41.032  3389  3389 D GSMPhone: getDataConnectionState: Data is Out of Service. ret = DISCONNECTED
03-23 07:13:41.032  3389  3389 D SubscriptionController: [getSubId]- sSlotIdxToSubId.size == 0, return DummySubIds slotIdx=1
03-23 07:13:41.040  3389  3389 D DCT     : [1]isDataAllowed: not allowed due to - Attached= false - SIM not loaded - SIM not loaded and not NV subscription - defaultDataSelected= false
03-23 07:13:41.041  3389  3389 D SubscriptionController: [getPhoneId]- invalid subId return=-1
03-23 07:13:41.045  3389  3389 D DCT     : [1]setupDataForSinglePdn: reason = radioTurnedOff isDisconnected = true
03-23 07:13:41.045  3389  3389 D DCT     : [1]isOnlySingleDcAllowed(0): false
