07-27 23:43:26.585  2480  2480 I audio_pop: 5:down match mixer state:CLASSD VIR_SWITCH CLASSD_EN
07-27 23:43:26.585  2480  2480 I audio_pop: 6:down match mixer state:SMT_MIXOUT_EAR_PU MIXER DACR
07-27 23:43:26.585  2480  2480 I audio_pop: 7:down match mixer state:SMT_MIXOUT_EAR_PU MIXER DACL
07-27 23:43:26.585  2480  2480 I audio_hw_primary: adev_open: volumes_xml is /etc/audio/hissc/mixer_volumes_ALICEPA_normal.xml
07-27 23:43:26.689  2480  2480 I mediaserver: type=1400 audit(0.0:101): avc: denied { read write } for ppid=1 ppid_comm="init" name="hifi_misc" dev="tmpfs" ino=310 scontext=u:r:mediaserver:s0 tcontext=u:object_r:device:s0 tclass=chr_file permissive=1
07-27 23:43:26.689  2480  2480 I mediaserver: type=1400 audit(0.0:102): avc: denied { open } for ppid=1 ppid_comm="init" path="/dev/hifi_misc" dev="tmpfs" ino=310 scontext=u:r:mediaserver:s0 tcontext=u:object_r:device:s0 tclass=chr_file permissive=1
07-27 23:43:26.690  2480  2480 I audio_route: route change HISSC_SMT_LINEPGAL_MUTE value[0] 1
07-27 23:43:26.690  2480  2480 I audio_route: route change HISSC_SMT_LINEPGAR_MUTE value[0] 1
07-27 23:43:26.690  2480  2480 V audio_hw_primary: open output stream devices:0x0; output type: 1
07-27 23:43:26.690  2480  2480 V audio_hw_primary: open output stream devices:0x0; output type: 2
07-27 23:43:26.690  2480  2480 V audio_hw_primary: open output stream devices:0x0; output type: 3
07-27 23:43:26.690  2480  2480 V audio_hw_primary: open output stream devices:0x0; output type: 4
07-27 23:43:26.690  2480  2480 D cust_interface: cust_open:
07-27 23:43:26.693  2480  2480 D default_custom: default_custom_open:
07-27 23:43:26.704  2480  2480 V balong_audio_ril: OpenClient_RILD(0, (null))
07-27 23:43:26.704  2480  2480 V balong_audio_ril: RegisterUnsolicitedHandler(0xf68877d0, 11017, 0xf48deecd)
07-27 23:43:26.704  2480  2480 D dsp_interface: dsp_open:product_name = ALICEPA
07-27 23:43:26.704  2480  2480 I dsp_soc : soc_dsp_open: product_name = ALICEPA, dsp_name = hi62x0
07-27 23:43:26.704  2480  2480 I dsp_soc_ctl: dsp_soc_ctl_open++
07-27 23:43:26.705  2480  2480 I dsp_soc_ctl: open /dev/hifi_misc.
07-27 23:43:26.705  2480  2480 I dsp_soc_ctl: dsp_soc_ctl_open--
07-27 23:43:26.705  2480  2480 I dsp_common: dsp_common_open: product_name = ALICEPA, dsp_name = hissc
07-27 23:43:26.705  2480  2480 D dsp_interface: dsp_init:
07-27 23:43:26.705  2480  2480 V dsp_soc_para_ctl: dsp_nv_init:begin
07-27 23:43:26.705  2480  2480 V dsp_soc_para_ctl: dsp_nv_init: dsp_nv_size: 206408, dsp_nv_param: 0xf4702000
07-27 23:43:26.705  2480  2480 E         : rmt_oeminfo_read, connection fail
07-27 23:43:26.705  2480  2480 I audio_config: get_extra_para: vendor_country_info = 
07-27 23:43:26.705  2480  2480 E audio_config: get_extra_para: oeminfo is none
07-27 23:43:26.705  2480  2480 I dsp_soc_para_ctl: get_algo_param_name: filename is /etc/audio/modem/modem_ALICEPA_normal.xml
07-27 23:43:26.705  2480  2480 I dsp_soc_para_ctl: get_algo_param_name: filename is /etc/audio/dts/dts_ALICEPA_normal.xml
07-27 23:43:26.705  2480  2480 I dsp_soc_para_ctl: get_algo_param_name: filename is /etc/audio/mbdrc/mbdrc_ALICEPA_normal.xml
07-27 23:43:26.705  2480  2480 I dsp_soc_para_ctl: get_algo_param_name: filename is /etc/audio/sws/sws_ALICEPA_normal.xml
07-27 23:43:26.719  2480  2480 I mediaserver: type=1400 audit(0.0:103): avc: denied { ioctl } for ppid=1 ppid_comm="init" path="/dev/hifi_misc" dev="tmpfs" ino=310 ioctlcmd=4175 scontext=u:r:mediaserver:s0 tcontext=u:object_r:device:s0 tclass=chr_file permissive=1
07-27 23:43:26.730  2480  2480 D dsp_soc_ctl: copy_algo_param_to_hifi, param addr = 0xf4702000(low) 0x0(high), result = 0
07-27 23:43:26.730  2480  2480 V dsp_soc_para_ctl: dsp_nv_init: copy to dsp DDR except flag, dsp_nv_size: 206408, dsp_nv_param: 0x0xf4702000, copy2dsp_result:0
07-27 23:43:26.730  2480  2480 D dsp_soc_ctl: copy_algo_param_to_hifi, param addr = 0xf4702000(low) 0x0(high), result = 0
07-27 23:43:26.730  2480  2480 V dsp_soc_para_ctl: dsp_nv_init: copy to dsp DDR, dsp_nv_size: 206408, dsp_nv_param: 0x0xf4702000, copy2dsp_result:0
07-27 23:43:26.730  2480  2480 V dsp_soc_para_ctl: dsp_nv_init:end
07-27 23:43:26.730  2480  2480 I dsp_common: dsp_common_init: initialize dsp module
07-27 23:43:26.731  2480  2480 V balong_audio_ril: OpenClient_RILD(0, (null))
07-27 23:43:26.731  2480  2480 V balong_audio_ril: RegisterUnsolicitedHandler(0xf46cf1f8, 11017, 0xf48deecd)
07-27 23:43:26.731  2480  2480 I spk_dev_interface: spk_dev_open: smartpa lib name is libtfa9895.so
07-27 23:43:26.735  2480  2480 E spk_dev_interface: Cannot get symbols smartpa_need_mute, use default
07-27 23:43:26.735  2480  2480 E spk_dev_interface: Cannot get symbols VirtualEar_PowerOff, use default
07-27 23:43:26.735  2480  2480 I spk_dev_interface: load_earpa: earpa lib name is libearpa.so
07-27 23:43:26.736  2480  2480 I TFA9895_SPK: SmartPA Get product name succ, product_name = ALICEPA
07-27 23:43:26.736  2480  2480 I TFA9895_SPK: get_speakerID:open /dev/speakerID failed, fd = -1
07-27 23:43:26.736  2480  2480 I TFA9895_SPK: SmartPA Get Cnt File succ, cnt_name = /system/etc/audio/nxp/Tfa9895_ALICEPA.cnt
07-27 23:43:26.736  2480  2480 I TFA9895_SPK: SmartPA Get Coef File succ, coef_name = /system/etc/audio/nxp/Tfa9895_ALICEPA_coefficient.config
07-27 23:43:26.736  2480  2480 D TFA9895_SPK: dev_sample_rate tfa9895_i2s_sence_array[sence].clk_path = media-speaker
07-27 23:43:26.891  2480  2480 I tfa98xx : tfa98xxCalibrationEx:LINE: 411 device 0 Calibration has been done before 7.35 ohm
07-27 23:43:26.891  2480  2480 I tfa98xx : DSP already calibrated.
07-27 23:43:26.891  2480  2480 I tfa98xx :  Calibration skipped, previous results loaded from MTP.
07-27 23:43:27.062  2480  2480 I tfa98xx : device 0 Calibration value is 					7.35 ohm
07-27 23:43:27.100  2480  2480 E spk_dev_interface: get auxiliary_spk lib name error
07-27 23:43:27.100  2480  2480 E spk_dev_interface: load_hs_pa:get hs_pa lib name error, use default
07-27 23:43:27.100  2480  2480 W spk_dev_interface: load_hs_pa:Unknown device name, use default
07-27 23:43:27.100  2480  2480 I audio_hw_primary: not support multi mic
07-27 23:43:27.100  2480  2480 I AudioFlinger: loadHwModule() Loaded primary audio interface from Manta audio HW HAL (audio) handle 1
07-27 23:43:27.100  2480  2480 I AudioFlinger: openOutput(), module 1 Device 2, SamplingRate 48000, Format 0x000001, Channels 3, flags 2
07-27 23:43:27.100  2480  2480 V audio_hw_primary: open output stream devices:0x2; output type: 0
07-27 23:43:27.100  2480  2480 I AudioFlinger: AudioStreamOut::open(), mHalFormatIsLinearPcm = 1
07-27 23:43:27.100  2480  2480 I AudioFlinger: HAL output buffer size 960 frames, normal sink buffer size 960 frames
07-27 23:43:27.137  2480  2480 I BufferProvider: found effect "Multichannel Downmix To Stereo" from The Android Open Source Project
07-27 23:43:27.137  2480  2480 I AudioFlinger: Using module 1 has the primary audio interface
07-27 23:43:27.137  2480  2480 V audio_hw_primary: adev_set_mode++
07-27 23:43:27.137  2480  2480 V audio_hw_primary: set mode from 0 to 0
07-27 23:43:27.137  2480  2480 V audio_hw_primary: adev_set_mode--
07-27 23:43:27.156  2480  3015 I AudioFlinger: AudioFlinger's thread 0xf45c0000 ready to run
07-27 23:43:27.157  2480  3015 V audio_hw_primary: out_set_parameters kvpairs: routing=2
07-27 23:43:27.157  2480  3015 I audio_hw_primary: check_device_change return 1
07-27 23:43:27.157  2480  3015 D dsp_interface: dsp_set_device: call_m0_standby = 1, device = 2
07-27 23:43:27.157  2480  3015 D dsp_soc : set device [2] [succeed]
07-27 23:43:27.157  2480  3015 I audio_hw_primary: do_out_standby standby: 1, out_device: 0
07-27 23:43:27.159  2480  3015 E AudioFlinger: no wake lock to update!
07-27 23:43:27.159  2480  3012 V audio_hw_primary: set voice volume while in mode: 0
07-27 23:43:27.159  2480  2480 V audio_hw_primary: open input stream devices:0x80000004
07-27 23:43:27.170  2480  3016 I AudioFlinger: AudioFlinger's thread 0xf4340000 ready to run
07-27 23:43:27.170  2480  2480 D dsp_interface: dsp_set_source:source = 0
07-27 23:43:27.170  2480  2480 D dsp_soc : set source 0 succeed
07-27 23:43:27.170  2480  2480 I dsp_common: dsp_common_set_source:source = 0
07-27 23:43:27.170  2480  2480 I audio_hw_primary: do_in_standby standby: 1, in_device: 0
07-27 23:43:27.173  2480  2480 I bt_a2dp_hw: adev_open:  adev_open in A2dp_hw module
07-27 23:43:27.174  2480  2480 I AudioFlinger: loadHwModule() Loaded a2dp audio interface from A2DP Audio HW HAL (audio) handle 5
07-27 23:43:27.182  2480  2480 I AudioFlinger: loadHwModule() Loaded usb audio interface from USB audio HW HAL (audio) handle 6
07-27 23:43:27.226  2480  2480 I r_submix: adev_open(name=audio_hw_if)
07-27 23:43:27.226  2480  2480 I r_submix: adev_init_check()
07-27 23:43:27.226  2480  2480 I AudioFlinger: loadHwModule() Loaded r_submix audio interface from Wifi Display audio HAL (audio) handle 7
07-27 23:43:27.226  2480  2480 D r_submix: adev_open_input_stream(addr=0)
07-27 23:43:27.226  2480  2480 D r_submix: submix_audio_device_create_pipe_l(addr=0, idx=9)
07-27 23:43:27.226  2480  2480 D r_submix:   now using address 0 for route 9
07-27 23:43:27.227  2480  2480 E MonoPipe: Failed to fetch local time frequency when constructing a MonoPipe (res = -32).  getNextWriteTimestamp calls will be non-functional
07-27 23:43:27.264  2480  3017 I AudioFlinger: AudioFlinger's thread 0xf4340000 ready to run
07-27 23:43:27.265  2480  2480 D r_submix: adev_close_input_stream()
07-27 23:43:27.265  2480  2480 D r_submix: submix_audio_device_release_pipe_l(idx=9) addr=0
07-27 23:43:27.265  2480  2480 D r_submix: submix_audio_device_destroy_pipe_l(): pipe destroyed
07-27 23:43:27.266  2480  2480 E SoundTriggerHwService: couldn't load sound trigger module sound_trigger.primary (No such file or directory)
07-27 23:43:27.267  2480  2480 I RadioService: RadioService
07-27 23:43:27.267  2480  2480 I RadioService: onFirstRef
07-27 23:43:27.267  2480  2480 E RadioService: couldn't load radio module radio.primary (No such file or directory)
07-27 23:43:27.422  2836  2836 W dex2oat : Verification of boolean android.app.ActivityManagerNative.onTransact(int, android.os.Parcel, android.os.Parcel, int) took 130.506ms
07-27 23:43:28.695  2836  2836 W dex2oat : Verification of void android.os.BatteryStats.dumpLocked(android.content.Context, java.io.PrintWriter, java.lang.String, int, int, boolean) took 159.060ms
07-27 23:43:29.257  2835  2995 W dex2oat : Verification of void android.os.BatteryStats.dumpLocked(android.content.Context, java.io.PrintWriter, java.lang.String, int, int, boolean) took 134.728ms
07-27 23:43:30.921  2492  2811 E logserver: Can not open file:/data/dontpanic/apanic_srecorder, err:2,No such file or directory
07-27 23:43:30.922  2492  2811 I logserver: mem_header.magic_num = 00000000 data_length = 3134959019
07-27 23:43:30.922  2492  2811 I logserver: @@@header's magic num is: 0x0, it should be 0x20122102, original CRC32: 0x0, current one: 0xc1bb693
07-27 23:43:30.922  2492  2811 I logserver: srecorder_dump_log_to_file failed!
07-27 23:43:30.980  2836  2836 W dex2oat : Method processed more than once: void android.icu.text.NumberFormat.<clinit>()
07-27 23:43:31.273  2835  2835 W dex2oat : Method processed more than once: void android.icu.text.NumberFormat.<clinit>()
07-27 23:43:31.326  2836  2836 W dex2oat : Method processed more than once: java.lang.String java.lang.AbstractStringBuilder.substring(int)
07-27 23:43:31.404  2836  2836 W dex2oat : Method processed more than once: void java.util.Properties.load(java.io.Reader)
07-27 23:43:31.475  2836  2836 W dex2oat : Method processed more than once: java.lang.String java.lang.IntegralToString.stringOf(char[])
07-27 23:43:31.546  2835  2835 W dex2oat : Method processed more than once: java.lang.String java.lang.AbstractStringBuilder.substring(int)
07-27 23:43:31.609  2836  2836 W dex2oat : Method processed more than once: java.lang.String com.android.org.bouncycastle.util.Strings.toLowerCase(java.lang.String)
07-27 23:43:31.630  2835  2835 W dex2oat : Method processed more than once: void java.util.Properties.load(java.io.Reader)
07-27 23:43:31.703  2835  2835 W dex2oat : Method processed more than once: java.lang.String java.lang.IntegralToString.stringOf(char[])
07-27 23:43:31.844  2835  2835 W dex2oat : Method processed more than once: java.lang.String com.android.org.bouncycastle.util.Strings.toLowerCase(java.lang.String)
07-27 23:43:32.548  2836  2836 W dex2oat : Method processed more than once: void android.text.TextUtils.<clinit>()
07-27 23:43:32.605  2836  2836 W dex2oat : Method processed more than once: java.lang.String com.android.dex.Mutf8.decode(com.android.dex.util.ByteInput, char[])
07-27 23:43:32.757  2836  2836 W dex2oat : Method processed more than once: void android.net.Uri.<clinit>()
07-27 23:43:32.842  2835  2835 W dex2oat : Method processed more than once: void android.text.TextUtils.<clinit>()
07-27 23:43:32.901  2835  2835 W dex2oat : Method processed more than once: java.lang.String com.android.dex.Mutf8.decode(com.android.dex.util.ByteInput, char[])
07-27 23:43:33.065  2835  2835 W dex2oat : Method processed more than once: void android.net.Uri.<clinit>()
07-27 23:43:33.795  2836  2836 I dex2oat : Explicit concurrent mark sweep GC freed 42373(9MB) AllocSpace objects, 1(20KB) LOS objects, 15% free, 21MB/25MB, paused 410us total 52.599ms
07-27 23:43:34.196  2835  2835 I dex2oat : Explicit concurrent mark sweep GC freed 42368(6MB) AllocSpace objects, 1(20KB) LOS objects, 23% free, 12MB/16MB, paused 284us total 52.696ms
07-27 23:43:34.778  2836  2836 W dex2oat : Compilation of int android.icu.text.SimpleDateFormat.subParse(java.lang.String, int, char, int, boolean, boolean, boolean[], android.icu.util.Calendar, android.icu.text.MessageFormat, android.icu.util.Output) took 100.596ms
07-27 23:43:35.578  2835  2999 W dex2oat : Compilation of void android.icu.text.DateFormatSymbols.initializeData(android.icu.util.ULocale, android.icu.impl.CalendarData) took 115.279ms
07-27 23:43:35.793  2835  2998 W dex2oat : Compilation of void android.icu.text.DecimalFormat.applyPatternWithoutExpandAffix(java.lang.String, boolean) took 175.800ms
07-27 23:43:39.536  2835  2997 W dex2oat : Compilation of void com.android.org.bouncycastle.jcajce.provider.keystore.pkcs12.PKCS12KeyStoreSpi.doStore(java.io.OutputStream, char[], boolean) took 102.850ms
07-27 23:43:39.649  2524  2524 I rild    : type=1400 audit(0.0:104): avc: denied { write } for ppid=1 ppid_comm="init" name="netd" dev="tmpfs" ino=3350 scontext=u:r:rild:s0 tcontext=u:object_r:netd_socket:s0 tclass=sock_file permissive=1
07-27 23:43:39.649  2836  3004 W dex2oat : Compilation of void com.android.org.bouncycastle.jcajce.provider.keystore.pkcs12.PKCS12KeyStoreSpi.engineLoad(java.io.InputStream, char[]) took 116.453ms
07-27 23:43:39.656  2443  2524 D ril_rore: Connected to netd 23
07-27 23:43:40.116  2836  3001 W dex2oat : Compilation of void gov.nist.javax.sip.DialogFilter.processRequest(gov.nist.javax.sip.message.SIPRequest, gov.nist.javax.sip.stack.MessageChannel) took 109.653ms
07-27 23:43:40.246  2836  3004 W dex2oat : Compilation of void gov.nist.javax.sip.SipStackImpl.<init>(java.util.Properties) took 226.071ms
07-27 23:43:40.266  2835  2997 W dex2oat : Compilation of void gov.nist.javax.sip.DialogFilter.processRequest(gov.nist.javax.sip.message.SIPRequest, gov.nist.javax.sip.stack.MessageChannel) took 166.395ms
07-27 23:43:40.926  2835  2995 I dex2oat : Method exceeds compiler instruction limit: 25337 in void org.ccil.cowan.tagsoup.HTMLSchema.<init>()
07-27 23:43:40.968  2836  3004 I dex2oat : Method exceeds compiler instruction limit: 25337 in void org.ccil.cowan.tagsoup.HTMLSchema.<init>()
07-27 23:43:41.574  2835  2835 W dex2oat : Compilation of boolean android.app.ActivityManagerNative.onTransact(int, android.os.Parcel, android.os.Parcel, int) took 170.628ms
07-27 23:43:41.644  2836  3004 W dex2oat : Compilation of boolean android.app.ActivityManagerNative.onTransact(int, android.os.Parcel, android.os.Parcel, int) took 140.730ms
07-27 23:43:41.854  2836  3007 W dex2oat : Compilation of void android.app.ActivityThread.dumpMemInfoTable(java.io.PrintWriter, android.os.Debug$MemoryInfo, boolean, boolean, boolean, boolean, int, java.lang.String, long, long, long, long, long, long) took 122.860ms
07-27 23:43:42.371  2835  3003 W dex2oat : Compilation of boolean android.app.admin.IDevicePolicyManager$Stub.onTransact(int, android.os.Parcel, android.os.Parcel, int) took 278.917ms
07-27 23:43:42.636  2836  3005 W dex2oat : Compilation of boolean android.app.admin.IDevicePolicyManager$Stub.onTransact(int, android.os.Parcel, android.os.Parcel, int) took 249.939ms
07-27 23:43:42.904  2835  2999 W dex2oat : Compilation of boolean android.content.pm.IPackageManager$Stub.onTransact(int, android.os.Parcel, android.os.Parcel, int) took 112.257ms
07-27 23:43:46.360  2835  3003 W dex2oat : Compilation of void android.os.BatteryStats.dumpCheckinLocked(android.content.Context, java.io.PrintWriter, int, int, boolean) took 211.224ms
07-27 23:43:46.659  2836  3008 W dex2oat : Compilation of void android.os.BatteryStats.dumpLocked(android.content.Context, java.io.PrintWriter, java.lang.String, int, int, boolean) took 239.894ms
07-27 23:43:46.686  2835  3003 W dex2oat : Compilation of void android.os.BatteryStats.dumpLocked(android.content.Context, java.io.PrintWriter, java.lang.String, int, int, boolean) took 252.820ms
07-27 23:43:47.439  3014  3014 I mediaserver: type=1400 audit(0.0:105): avc: denied { read } for ppid=1 ppid_comm="init" scontext=u:r:mediaserver:s0 tcontext=u:r:mediaserver:s0 tclass=netlink_kobject_uevent_socket permissive=1
07-27 23:43:49.609  2835  2835 W dex2oat : Compilation of void android.view.View.<init>(android.content.Context, android.util.AttributeSet, int, int) took 133.870ms
07-27 23:43:50.098  2836  3004 W dex2oat : Compilation of void android.view.ViewRootImpl.performTraversals() took 172.959ms
07-27 23:43:50.286  2836  3001 W dex2oat : Compilation of void android.view.inputmethod.InputMethodInfo.<init>(android.content.Context, android.content.pm.ResolveInfo, java.util.Map) took 117.977ms
07-27 23:43:50.290  2836  3005 W dex2oat : Compilation of void com.android.internal.view.IInputConnectionWrapper.executeMessage(android.os.Message) took 100.410ms
07-27 23:43:50.293  2836  3008 W dex2oat : Compilation of java.lang.String android.view.accessibility.AccessibilityNodeInfo.toString() took 110.572ms
07-27 23:43:50.338  2836  3004 W dex2oat : Compilation of void android.view.inputmethod.InputMethodManager.showInputMethodPickerLocked() took 141.553ms
07-27 23:43:50.344  2836  3007 W dex2oat : Compilation of void android.view.View.measure(int, int) took 148.414ms
07-27 23:43:50.847  2836  3004 W dex2oat : Compilation of void android.widget.TextView.<init>(android.content.Context, android.util.AttributeSet, int, int) took 132.239ms
07-27 23:43:53.851  2835  2835 W dex2oat : Compilation of void com.android.internal.telephony.uicc.SIMRecords.handleMessage(android.os.Message) took 160.427ms
07-27 23:43:54.154  2836  2836 W dex2oat : Compilation of void com.android.internal.telephony.uicc.SIMRecords.handleMessage(android.os.Message) took 118.857ms
07-27 23:43:54.598  2485  2485 I chatty  : uid=1000(system) /system/bin/thermal-daemon expire 15 lines
07-27 23:43:54.649  2524  2524 I rild    : type=1400 audit(0.0:106): avc: denied { write } for ppid=1 ppid_comm="init" name="oeminfo_nvm" dev="tmpfs" ino=1178 scontext=u:r:rild:s0 tcontext=u:object_r:socket_device:s0 tclass=sock_file permissive=1
07-27 23:43:54.656  2443  2524 E ril_rore: /data/system/packages.xml not exist
07-27 23:43:54.656  2352  2352 D OEMINFO_NVM_SERVER: Accept connection from pid 2443 (******), uid: 1001, gid: 1001
07-27 23:43:54.657  2352  2352 D OEMINFO_NVM_SERVER: Receive: opr = 2, idx = 35, len = 12, name()
07-27 23:43:54.657  2352  2352 I OEMINFO_NVM_CORE: compat_oeminfo_read: version v3
07-27 23:43:54.658  2352  2352 I OEMINFO_NVM_CORE: find oeminfo device /dev/block/mmcblk0p8
07-27 23:43:54.785  2352  2352 I OEMINFO_NVM_CORE: find oeminfo item @ offset 0x7fb6565000
07-27 23:43:54.789  2524  2524 I rild    : type=1400 audit(0.0:107): avc: denied { open } for ppid=1 ppid_comm="init" path="/dev/oinv/1501199034.799830.2443" dev="tmpfs" ino=882 scontext=u:r:rild:s0 tcontext=u:object_r:device:s0 tclass=file permissive=1
07-27 23:43:54.789  2524  2524 I rild    : type=1400 audit(0.0:108): avc: denied { getattr } for ppid=1 ppid_comm="init" path="/dev/oinv/1501199034.799830.2443" dev="tmpfs" ino=882 scontext=u:r:rild:s0 tcontext=u:object_r:device:s0 tclass=file permissive=1
07-27 23:43:54.789  2524  2524 I rild    : type=1400 audit(0.0:109): avc: denied { write } for ppid=1 ppid_comm="init" name="oinv" dev="tmpfs" ino=1176 scontext=u:r:rild:s0 tcontext=u:object_r:device:s0 tclass=dir permissive=1
07-27 23:43:54.789  2524  2524 I rild    : type=1400 audit(0.0:110): avc: denied { remove_name } for ppid=1 ppid_comm="init" name="1501199034.799830.2443" dev="tmpfs" ino=882 scontext=u:r:rild:s0 tcontext=u:object_r:device:s0 tclass=dir permissive=1
07-27 23:43:54.789  2524  2524 I rild    : type=1400 audit(0.0:111): avc: denied { unlink } for ppid=1 ppid_comm="init" name="1501199034.799830.2443" dev="tmpfs" ino=882 scontext=u:r:rild:s0 tcontext=u:object_r:device:s0 tclass=file permissive=1
07-27 23:43:54.801  2352  2352 E OEMINFO_NVM_SERVER: pid 2443, opration oeminfo_read OK
07-27 23:43:54.801  2352  2352 D OEMINFO_NVM_SERVER: Accept connection from pid 2443 (******), uid: 1001, gid: 1001
07-27 23:43:54.801  2352  2352 D OEMINFO_NVM_SERVER: Receive: opr = 2, idx = 97, len = 16, name()
07-27 23:43:54.801  2352  2352 I OEMINFO_NVM_CORE: compat_oeminfo_read: version v3
07-27 23:43:54.802  2352  2352 I OEMINFO_NVM_CORE: find oeminfo device /dev/block/mmcblk0p8
07-27 23:43:54.936  2352  2352 I OEMINFO_NVM_CORE: find oeminfo item @ offset 0x7fb657d000
07-27 23:43:54.939  2524  2524 I rild    : type=1400 audit(0.0:112): avc: denied { ioctl } for ppid=1 ppid_comm="init" path="/dev/nve0" dev="tmpfs" ino=3294 ioctlcmd=4d19 scontext=u:r:rild:s0 tcontext=u:object_r:device:s0 tclass=chr_file permissive=1
07-27 23:43:54.950  2352  2352 E OEMINFO_NVM_SERVER: pid 2443, opration oeminfo_read OK
07-27 23:43:54.951  2443  2524 E ril_rore: 0, 1, 0
07-27 23:43:54.951  2352  2352 D OEMINFO_NVM_SERVER: Accept connection from pid 2443 (******), uid: 1001, gid: 1001
07-27 23:43:54.951  2352  2352 D OEMINFO_NVM_SERVER: Receive: opr = 2, idx = 103, len = 12, name()
07-27 23:43:54.951  2352  2352 I OEMINFO_NVM_CORE: compat_oeminfo_read: version v3
07-27 23:43:54.952  2352  2352 I OEMINFO_NVM_CORE: find oeminfo device /dev/block/mmcblk0p8
07-27 23:43:55.626  2352  2352 E OEMINFO_NVM_CORE: cannot find oeminfo item 103
07-27 23:43:55.690  2352  2352 E OEMINFO_NVM_SERVER: oeminfo_read_data, fail to read oeminfo
07-27 23:43:55.690  2352  2352 E OEMINFO_NVM_SERVER: pid 2443, opration oeminfo_read FAIL
07-27 23:43:55.690  2443  2524 E         : rmt_oeminfo_read, get data from server fail
07-27 23:43:55.690  2443  2524 D ril_rore: Report: 0, 1, 0
07-27 23:43:55.690  2443  2524 D ril_rore: report rfs state!
07-27 23:43:55.712  2443  2524 E ril_rore: getaddrinfo: No address associated with hostname
07-27 23:43:55.713  2443  2524 E ril_rore: connect failed (Network is unreachable)
07-27 23:43:55.713  2443  2524 D ril_rore: waiting
07-27 23:43:58.207  2835  2835 I dex2oat : Explicit concurrent mark sweep GC freed 32537(7MB) AllocSpace objects, 0(0B) LOS objects, 33% free, 8MB/12MB, paused 297us total 36.936ms
07-27 23:43:58.617  2836  2836 I dex2oat : Explicit concurrent mark sweep GC freed 32534(13MB) AllocSpace objects, 0(0B) LOS objects, 26% free, 10MB/14MB, paused 395us total 42.331ms
07-27 23:44:04.052  2836  2836 I dex2oat : dex2oat took 42.774s (threads: 8) arena alloc=1634KB java alloc=10MB native alloc=89MB free=19MB
07-27 23:44:04.060  2835  2835 I dex2oat : dex2oat took 42.798s (threads: 8) arena alloc=1668KB java alloc=8MB native alloc=74MB free=18MB
07-27 23:44:04.184  2488  2488 D ICU     : No timezone override file found: /data/misc/zoneinfo/current/icu/icu_tzdata.dat
07-27 23:44:04.193  2487  2487 D ICU     : No timezone override file found: /data/misc/zoneinfo/current/icu/icu_tzdata.dat
07-27 23:44:04.242  2488  2488 I Radio-JNI: register_android_hardware_Radio DONE
07-27 23:44:04.250  2488  2488 I SamplingProfilerIntegration: Profiling disabled.
07-27 23:44:04.250  2488  2488 D Zygote  : begin preload
07-27 23:44:04.250  2488  2488 I Zygote  : Preloading classes...
07-27 23:44:04.261  2487  2487 I Radio-JNI: register_android_hardware_Radio DONE
07-27 23:44:04.268  2487  2487 I SamplingProfilerIntegration: Profiling disabled.
07-27 23:44:04.268  2487  2487 D Zygote  : begin preload
07-27 23:44:04.269  2487  2487 I Zygote  : Preloading classes...
07-27 23:44:04.642  2488  2488 E Minikin : addFont failed to create font /system/fonts/NanumGothic.ttf
07-27 23:44:04.643  2488  2488 E Minikin : addFont failed to create font /system/fonts/DroidSansFallback.ttf
07-27 23:44:04.643  2488  2488 E Minikin : addFont failed to create font /system/fonts/MTLmr3m.ttf
07-27 23:44:04.646  2487  2487 E Minikin : addFont failed to create font /system/fonts/NanumGothic.ttf
07-27 23:44:04.646  2487  2487 E Minikin : addFont failed to create font /system/fonts/DroidSansFallback.ttf
07-27 23:44:04.646  2487  2487 E Minikin : addFont failed to create font /system/fonts/MTLmr3m.ttf
07-27 23:44:04.753  2487  2487 V DngCreator_JNI: DngCreator_nativeClassInit:
07-27 23:44:04.754  2488  2488 V DngCreator_JNI: DngCreator_nativeClassInit:
07-27 23:44:04.932  2488  2488 I art     : Thread[1,tid=2488,Native,Thread*=0xf5083d30,peer=0x12c35100,"main"] recursive attempt to load library "/system/lib/libmedia_jni.so"
07-27 23:44:04.932  2487  2487 I art     : Thread[1,tid=2487,Native,Thread*=0x7fb4a80af0,peer=0x12c2d100,"main"] recursive attempt to load library "/system/lib64/libmedia_jni.so"
07-27 23:44:04.932  2488  2488 D MtpDeviceJNI: register_android_mtp_MtpDevice
07-27 23:44:04.933  2487  2487 D MtpDeviceJNI: register_android_mtp_MtpDevice
07-27 23:44:04.933  2488  2488 I art     : Thread[1,tid=2488,Native,Thread*=0xf5083d30,peer=0x12c35100,"main"] recursive attempt to load library "/system/lib/libmedia_jni.so"
07-27 23:44:04.933  2487  2487 I art     : Thread[1,tid=2487,Native,Thread*=0x7fb4a80af0,peer=0x12c2d100,"main"] recursive attempt to load library "/system/lib64/libmedia_jni.so"
07-27 23:44:04.933  2488  2488 I art     : Thread[1,tid=2488,Native,Thread*=0xf5083d30,peer=0x12c35100,"main"] recursive attempt to load library "/system/lib/libmedia_jni.so"
07-27 23:44:04.934  2487  2487 I art     : Thread[1,tid=2487,Native,Thread*=0x7fb4a80af0,peer=0x12c2d100,"main"] recursive attempt to load library "/system/lib64/libmedia_jni.so"
07-27 23:44:05.037  2488  2488 E EmojiFactory_jni: Failed to load libemoji.so: dlopen failed: library "libemoji.so" not found
07-27 23:44:05.059  2487  2487 E EmojiFactory_jni: Failed to load libemoji.so: dlopen failed: library "libemoji.so" not found
07-27 23:44:05.112  2488  2488 W System  : ClassLoader referenced unknown path: /system/framework/tcmclient.jar
07-27 23:44:05.135  2487  2487 W System  : ClassLoader referenced unknown path: /system/framework/tcmclient.jar
07-27 23:44:05.233  2487  2487 I System  : Loaded time zone names for "" in 40ms (39ms in ICU)
07-27 23:44:05.234  2488  2488 I System  : Loaded time zone names for "" in 54ms (52ms in ICU)
07-27 23:44:05.267  2487  2487 I System  : Loaded time zone names for "en_US" in 34ms (31ms in ICU)
07-27 23:44:05.271  2488  2488 I System  : Loaded time zone names for "en_US" in 36ms (34ms in ICU)
07-27 23:44:05.284  2487  2487 I Zygote  : ...preloaded 3831 classes in 1016ms.
07-27 23:44:05.285  2487  2487 I art     : VMRuntime.preloadDexCaches starting
07-27 23:44:05.288  2488  2488 I Zygote  : ...preloaded 3831 classes in 1038ms.
07-27 23:44:05.288  2488  2488 I art     : VMRuntime.preloadDexCaches starting
07-27 23:44:05.432  2488  2488 I art     : VMRuntime.preloadDexCaches strings total=250821 before=44910 after=44910
07-27 23:44:05.432  2488  2488 I art     : VMRuntime.preloadDexCaches types total=20609 before=7084 after=7117
07-27 23:44:05.432  2488  2488 I art     : VMRuntime.preloadDexCaches fields total=101028 before=36155 after=36374
07-27 23:44:05.432  2488  2488 I art     : VMRuntime.preloadDexCaches methods total=173388 before=71628 after=72153
07-27 23:44:05.432  2488  2488 I art     : VMRuntime.preloadDexCaches finished
07-27 23:44:05.433  2487  2487 I art     : VMRuntime.preloadDexCaches strings total=250821 before=44910 after=44910
07-27 23:44:05.433  2487  2487 I art     : VMRuntime.preloadDexCaches types total=20609 before=7084 after=7117
07-27 23:44:05.433  2487  2487 I art     : VMRuntime.preloadDexCaches fields total=101028 before=36155 after=36374
07-27 23:44:05.433  2487  2487 I art     : VMRuntime.preloadDexCaches methods total=173388 before=71628 after=72153
07-27 23:44:05.433  2487  2487 I art     : VMRuntime.preloadDexCaches finished
07-27 23:44:05.516  2487  2487 I Zygote  : Preloading resources...
07-27 23:44:05.516  2488  2488 I Zygote  : Preloading resources...
07-27 23:44:06.066  2488  2488 W Resources: Preloaded color resource #0x10600ce (android:color/material_grey_800) that varies with configuration!!
07-27 23:44:06.066  2488  2488 W Resources: Preloaded drawable resource #0x10802d9 (android:drawable/floating_popup_background_dark) that varies with configuration!!
07-27 23:44:06.068  2488  2488 W Resources: Preloaded drawable resource #0x10802f0 (android:drawable/ic_ab_back_material_dark) that varies with configuration!!
07-27 23:44:06.069  2488  2488 W Resources: Preloaded color resource #0x1060073 (android:color/secondary_text_material_light) that varies with configuration!!
07-27 23:44:06.069  2488  2488 W Resources: Preloaded drawable resource #0x10802f1 (android:drawable/ic_ab_back_material_light) that varies with configuration!!
07-27 23:44:06.079  2487  2487 W Resources: Preloaded color resource #0x10600ce (android:color/material_grey_800) that varies with configuration!!
07-27 23:44:06.079  2487  2487 W Resources: Preloaded drawable resource #0x10802d9 (android:drawable/floating_popup_background_dark) that varies with configuration!!
07-27 23:44:06.082  2487  2487 W Resources: Preloaded drawable resource #0x10802f0 (android:drawable/ic_ab_back_material_dark) that varies with configuration!!
07-27 23:44:06.082  2487  2487 W Resources: Preloaded color resource #0x1060073 (android:color/secondary_text_material_light) that varies with configuration!!
07-27 23:44:06.083  2487  2487 W Resources: Preloaded drawable resource #0x10802f1 (android:drawable/ic_ab_back_material_light) that varies with configuration!!
07-27 23:44:06.187  2488  2488 I Zygote  : ...preloaded 342 resources in 670ms.
07-27 23:44:06.196  2488  2488 I Zygote  : ...preloaded 41 resources in 9ms.
07-27 23:44:06.208  2487  2487 I Zygote  : ...preloaded 342 resources in 692ms.
07-27 23:44:06.210  2488  2488 D libEGL  : loaded /system/lib/egl/libGLES_mali.so
07-27 23:44:06.216  2487  2487 I Zygote  : ...preloaded 41 resources in 7ms.
07-27 23:44:06.217  2487  2487 D libEGL  : loaded /system/lib64/egl/libGLES_mali.so
07-27 23:44:06.258  2487  2487 I Zygote  : Preloading shared libraries...
07-27 23:44:06.259  2488  2488 I Zygote  : Preloading shared libraries...
07-27 23:44:06.274  2487  2487 D Zygote  : end preload
07-27 23:44:06.274  2487  2487 I art     : Starting a blocking GC Explicit
07-27 23:44:06.275  2488  2488 D Zygote  : end preload
07-27 23:44:06.275  2488  2488 I art     : Starting a blocking GC Explicit
07-27 23:44:06.290  2488  2488 I art     : Explicit concurrent mark sweep GC freed 3423(174KB) AllocSpace objects, 0(0B) LOS objects, 39% free, 6MB/10MB, paused 337us total 14.423ms
07-27 23:44:06.292  2488  2488 I art     : Starting a blocking GC Explicit
07-27 23:44:06.292  2487  2487 I art     : Explicit concurrent mark sweep GC freed 3297(169KB) AllocSpace objects, 0(0B) LOS objects, 39% free, 6MB/10MB, paused 230us total 17.575ms
07-27 23:44:06.295  2487  2487 I art     : Starting a blocking GC Explicit
07-27 23:44:06.305  2488  2488 I art     : Explicit concurrent mark sweep GC freed 597(24KB) AllocSpace objects, 0(0B) LOS objects, 39% free, 6MB/10MB, paused 340us total 13.179ms
07-27 23:44:06.305  2488  2488 I Zygote  : Accepting command socket connections
07-27 23:44:06.312  2487  2487 I art     : Explicit concurrent mark sweep GC freed 588(24KB) AllocSpace objects, 0(0B) LOS objects, 39% free, 6MB/10MB, paused 190us total 16.368ms
07-27 23:44:06.312  2487  3029 I art     : Starting a blocking GC HeapTrim
07-27 23:44:06.315  2487  2487 I art     : Starting a blocking GC Background
07-27 23:44:06.375  2487  2487 I Zygote  : System server process 3032 has been created
07-27 23:44:06.377  2487  2487 I Zygote  : Accepting command socket connections
07-27 23:44:06.389  2445  2445 I chatty  : uid=1000(system) /system/bin/surfaceflinger expire 3 lines
07-27 23:44:06.389  3043  3043 I chatty  : uid=1000(system) /system/bin/dex2oat expire 7 lines
07-27 23:44:06.396  3032  3032 I chatty  : uid=1000 system_server expire 188 lines
07-27 23:44:06.397  3032  3032 I InstallerConnection: connecting...
07-27 23:44:06.397  2481  2481 I installd: new connection
07-27 23:44:07.930  3043  3052 I chatty  : uid=1000(system) /system/bin/dex2oat expire 1 line
07-27 23:44:08.066  3043  3049 I chatty  : uid=1000(system) /system/bin/dex2oat expire 1 line
07-27 23:44:08.210  3043  3048 I chatty  : uid=1000(system) /system/bin/dex2oat expire 1 line
07-27 23:44:08.231  3043  3050 I chatty  : uid=1000(system) /system/bin/dex2oat expire 1 line
07-27 23:44:09.117  3043  3053 I chatty  : uid=1000(system) /system/bin/dex2oat expire 3 lines
07-27 23:44:09.158  3043  3047 I chatty  : uid=1000(system) /system/bin/dex2oat expire 1 line
07-27 23:44:09.600  2485  2485 I chatty  : uid=1000(system) /system/bin/thermal-daemon expire 15 lines
07-27 23:44:12.222  3054  3054 I chatty  : uid=1000(system) /system/bin/dex2oat expire 2 lines
07-27 23:44:12.342  3065  3065 I chatty  : uid=1000(system) /system/bin/dex2oat expire 3 lines
07-27 23:44:13.805  3065  3071 I chatty  : uid=1000(system) /system/bin/dex2oat expire 1 line
07-27 23:44:13.882  3065  3075 I chatty  : uid=1000(system) /system/bin/dex2oat expire 1 line
07-27 23:44:14.496  3032  3032 I InstallerConnection: disconnecting...
07-27 23:44:14.496  2481  2481 E installd: eof
07-27 23:44:14.496  2481  2481 E installd: failed to read size
07-27 23:44:14.496  2481  2481 I installd: closing connection
07-27 23:44:14.506  3032  3032 I SystemServer: Entered the Android system server!
07-27 23:44:14.549  3032  3032 I SystemServiceManager: Starting com.android.server.pm.Installer
07-27 23:44:14.549  3032  3032 I Installer: Waiting for installd to be ready.
07-27 23:44:14.549  3032  3032 I InstallerConnection: connecting...
07-27 23:44:14.549  2481  2481 I installd: new connection
07-27 23:44:14.550  3032  3032 I SystemServiceManager: Starting com.android.server.am.ActivityManagerService$Lifecycle
07-27 23:44:14.564  3032  3032 I XXXXXX  : choosing minFree values for 64 Bit
07-27 23:44:14.564  3032  3032 I XXXXXX  : choosing minFree values for 64 Bit
07-27 23:44:14.564  3032  3032 I XXXXXX  : choosing minFree values for 64 Bit
07-27 23:44:14.564  3032  3032 I XXXXXX  : choosing minFree values for 64 Bit
07-27 23:44:14.564  3032  3032 I XXXXXX  : choosing minFree values for 64 Bit
07-27 23:44:14.564  3032  3032 I XXXXXX  : choosing minFree values for 64 Bit
07-27 23:44:14.568  3032  3032 I ActivityManager: Memory class: 192
07-27 23:44:14.584  3032  3032 D BatteryStatsImpl: Reading daily items from /data/system/batterystats-daily.xml
07-27 23:44:14.592  3032  3032 I AppOps  : No existing app ops /data/system/appops.xml; starting empty
07-27 23:44:14.638  3032  3032 I IntentFirewall: Read new rules (A:0 B:0 S:0)
07-27 23:44:14.652  3032  3032 D AppOps  : AppOpsService published
07-27 23:44:14.653  3032  3032 I SystemServiceManager: Starting com.android.server.power.PowerManagerService
07-27 23:44:14.662  3032  3032 I SystemServiceManager: Starting com.android.server.lights.LightsService
07-27 23:44:14.665  3032  3032 I SystemServiceManager: Starting com.android.server.display.DisplayManagerService
07-27 23:44:14.668  3032  3032 I SystemServiceManager: Starting phase 100
07-27 23:44:14.671  2445  2806 I chatty  : uid=1000(system) Binder_3 expire 8 lines
07-27 23:44:14.676  3032  3084 I DisplayManagerService: Display device added: DisplayDeviceInfo{"Built-in Screen": uniqueId="local:0", 720 x 1280, modeId 1, defaultModeId 1, supportedModes [{id=1, width=720, height=1280, fps=60.000004}], colorTransformId 1, defaultColorTransformId 1, supportedColorTransforms [{id=1, colorTransform=0}], density 280, 294.96774 x 295.56363 dpi, appVsyncOff 0, presDeadline 17666666, touch INTERNAL, rotation 0, type BUILT_IN, state UNKNOWN, FLAG_DEFAULT_DISPLAY, FLAG_ROTATES_WITH_CONTENT, FLAG_SECURE, FLAG_SUPPORTS_PROTECTED_BUFFERS}
07-27 23:44:14.690  3032  3084 I chatty  : uid=1000(system) android.display expire 1 line
07-27 23:44:14.690  3032  3032 I SystemServer: Package Manager
07-27 23:44:14.690  3032  3084 I DisplayManagerService: Display device changed state: "Built-in Screen", ON
07-27 23:44:14.698  3032  3032 W SELinuxMMAC: Error opening /data/system/seapp_hash. Assuming first boot.
07-27 23:44:14.702  3032  3032 W FileUtils: Failed to chmod(/data/system/packages.list): android.system.ErrnoException: chmod failed: ENOENT (No such file or directory)
07-27 23:44:14.712  3032  3032 W SystemConfig: No directory /system/etc/sysconfig, skipping
07-27 23:44:14.776  3032  3032 D SELinuxMMAC: Using policy file /system/etc/security/mac_permissions.xml
07-27 23:44:14.782  3032  3032 I PackageManager: No settings file; creating initial state
07-27 23:44:14.832  3090  3090 I chatty  : uid=1000(system) /system/bin/dex2oat expire 2 lines
07-27 23:44:14.949  3101  3101 I chatty  : uid=1000(system) /system/bin/dex2oat expire 2 lines
07-27 23:44:15.037  3112  3112 I chatty  : uid=1000(system) /system/bin/dex2oat expire 2 lines
07-27 23:44:15.220  3123  3123 I chatty  : uid=1000(system) /system/bin/dex2oat expire 2 lines
07-27 23:44:15.311  3134  3134 I chatty  : uid=1000(system) /system/bin/dex2oat expire 2 lines
07-27 23:44:15.581  3032  3032 W PackageManager: Library not found: /system/framework/org.apache.http.legacy.jar
07-27 23:44:15.627  3145  3145 I chatty  : uid=1000(system) /system/bin/dex2oat expire 2 lines
07-27 23:44:15.734  3156  3156 I chatty  : uid=1000(system) /system/bin/dex2oat expire 2 lines
07-27 23:44:15.824  3167  3167 I chatty  : uid=1000(system) /system/bin/dex2oat expire 2 lines
07-27 23:44:15.908  3178  3178 I chatty  : uid=1000(system) /system/bin/dex2oat expire 2 lines
07-27 23:44:16.038  3189  3189 I chatty  : uid=1000(system) /system/bin/dex2oat expire 2 lines
07-27 23:44:16.127  3200  3200 I chatty  : uid=1000(system) /system/bin/dex2oat expire 2 lines
07-27 23:44:16.326  3211  3211 I chatty  : uid=1000(system) /system/bin/dex2oat expire 2 lines
07-27 23:44:16.434  3222  3222 I chatty  : uid=1000(system) /system/bin/dex2oat expire 2 lines
07-27 23:44:16.694  3032  3032 W PackageManager: Library not found: /system/framework/org.apache.http.legacy.jar
07-27 23:44:16.739  3233  3233 I chatty  : uid=1000(system) /system/bin/dex2oat expire 2 lines
07-27 23:44:16.839  3244  3244 I chatty  : uid=1000(system) /system/bin/dex2oat expire 2 lines
07-27 23:44:16.930  3255  3255 I chatty  : uid=1000(system) /system/bin/dex2oat expire 2 lines
07-27 23:44:17.014  3266  3266 I chatty  : uid=1000(system) /system/bin/dex2oat expire 2 lines
07-27 23:44:17.238  3277  3277 I chatty  : uid=1000(system) /system/bin/dex2oat expire 2 lines
07-27 23:44:17.341  3288  3288 I chatty  : uid=1000(system) /system/bin/dex2oat expire 2 lines
07-27 23:44:17.436  3299  3299 I chatty  : uid=1000(system) /system/bin/dex2oat expire 2 lines
07-27 23:44:17.547  3310  3310 I chatty  : uid=1000(system) /system/bin/dex2oat expire 2 lines
07-27 23:44:17.637  3322  3322 I chatty  : uid=1000(system) /system/bin/dex2oat expire 2 lines
07-27 23:44:17.750  3333  3333 I chatty  : uid=1000(system) /system/bin/dex2oat expire 2 lines
07-27 23:44:17.842  3344  3344 I chatty  : uid=1000(system) /system/bin/dex2oat expire 2 lines
07-27 23:44:17.940  3355  3355 I chatty  : uid=1000(system) /system/bin/dex2oat expire 2 lines
07-27 23:44:18.034  3366  3366 I chatty  : uid=1000(system) /system/bin/dex2oat expire 2 lines
07-27 23:44:18.135  3377  3377 I chatty  : uid=1000(system) /system/bin/dex2oat expire 2 lines
07-27 23:44:18.235  3388  3388 I chatty  : uid=1000(system) /system/bin/dex2oat expire 2 lines
07-27 23:44:18.481  3399  3399 I chatty  : uid=1000(system) /system/bin/dex2oat expire 2 lines
07-27 23:44:18.725  3410  3410 I chatty  : uid=1000(system) /system/bin/dex2oat expire 2 lines
07-27 23:44:18.827  3421  3421 I chatty  : uid=1000(system) /system/bin/dex2oat expire 2 lines
07-27 23:44:18.929  3432  3432 I chatty  : uid=1000(system) /system/bin/dex2oat expire 2 lines
07-27 23:44:19.025  3443  3443 I chatty  : uid=1000(system) /system/bin/dex2oat expire 2 lines
07-27 23:44:19.121  3454  3454 I chatty  : uid=1000(system) /system/bin/dex2oat expire 2 lines
07-27 23:44:19.220  3465  3465 I chatty  : uid=1000(system) /system/bin/dex2oat expire 2 lines
07-27 23:44:19.464  3476  3476 I chatty  : uid=1000(system) /system/bin/dex2oat expire 2 lines
07-27 23:44:19.561  3487  3487 I chatty  : uid=1000(system) /system/bin/dex2oat expire 2 lines
07-27 23:44:19.806  3498  3498 I chatty  : uid=1000(system) /system/bin/dex2oat expire 2 lines
07-27 23:44:19.910  3509  3509 I chatty  : uid=1000(system) /system/bin/dex2oat expire 2 lines
07-27 23:44:20.001  3520  3520 I chatty  : uid=1000(system) /system/bin/dex2oat expire 2 lines
07-27 23:44:20.114  3534  3534 I chatty  : uid=1000(system) /system/bin/dex2oat expire 2 lines
07-27 23:44:20.207  3547  3547 I chatty  : uid=1000(system) /system/bin/dex2oat expire 2 lines
07-27 23:44:20.331  3563  3563 I chatty  : uid=1000(system) /system/bin/dex2oat expire 2 lines
07-27 23:44:20.425  3576  3576 I chatty  : uid=1000(system) /system/bin/dex2oat expire 2 lines
07-27 23:44:20.548  3588  3588 I chatty  : uid=1000(system) /system/bin/dex2oat expire 2 lines
07-27 23:44:20.643  3600  3600 I chatty  : uid=1000(system) /system/bin/dex2oat expire 2 lines
07-27 23:44:20.742  3611  3611 I chatty  : uid=1000(system) /system/bin/dex2oat expire 2 lines
07-27 23:44:20.840  3622  3622 I chatty  : uid=1000(system) /system/bin/dex2oat expire 2 lines
07-27 23:44:21.117  3633  3633 I chatty  : uid=1000(system) /system/bin/dex2oat expire 2 lines
07-27 23:44:21.359  3644  3644 I chatty  : uid=1000(system) /system/bin/dex2oat expire 2 lines
07-27 23:44:21.468  3655  3655 I chatty  : uid=1000(system) /system/bin/dex2oat expire 2 lines
07-27 23:44:21.572  3666  3666 I chatty  : uid=1000(system) /system/bin/dex2oat expire 2 lines
07-27 23:44:21.670  3677  3677 I chatty  : uid=1000(system) /system/bin/dex2oat expire 2 lines
07-27 23:44:21.765  3688  3688 I chatty  : uid=1000(system) /system/bin/dex2oat expire 2 lines
07-27 23:44:21.863  3699  3699 I chatty  : uid=1000(system) /system/bin/dex2oat expire 2 lines
07-27 23:44:22.082  3710  3710 I chatty  : uid=1000(system) /system/bin/dex2oat expire 2 lines
07-27 23:44:22.777  3032  3032 W PackageManager: Permission android.permission.PREVENT_POWER_KEY from package android in an unknown group android.permission-group.HARDWARE_CONTROLS
07-27 23:44:23.052  3032  3032 W PackageParser: No actions in intent filter at /system/priv-app/Contacts/Contacts.apk Binary XML file line #388
07-27 23:44:23.427  3032  3032 W PackageParser: No actions in intent filter at /system/priv-app/Dialer/Dialer.apk Binary XML file line #175
07-27 23:44:23.748  3032  3032 W PackageManager: Permission android.permission.DOWNLOAD_WITHOUT_NOTIFICATION from package com.android.providers.downloads in an unknown group android.permission-group.NETWORK
07-27 23:44:24.135  3032  3032 W PackageParser: Ignoring duplicate uses-permissions/uses-permissions-sdk-m: android.permission.USE_CREDENTIALS in package: com.android.settings at: Binary XML file line #55
07-27 23:44:24.135  3032  3032 W PackageParser: Ignoring duplicate uses-permissions/uses-permissions-sdk-m: android.permission.READ_SYNC_SETTINGS in package: com.android.settings at: Binary XML file line #60
07-27 23:44:24.135  3032  3032 W PackageParser: Ignoring duplicate uses-permissions/uses-permissions-sdk-m: android.permission.WRITE_SYNC_SETTINGS in package: com.android.settings at: Binary XML file line #61
07-27 23:44:24.424  3032  3032 W PackageParser: Ignoring duplicate uses-permissions/uses-permissions-sdk-m: android.permission.INSTALL_GRANT_RUNTIME_PERMISSIONS in package: com.android.shell at: Binary XML file line #101
07-27 23:44:24.461  3032  3032 W PackageParser: Ignoring duplicate uses-permissions/uses-permissions-sdk-m: com.slim.slimlauncher.permission.WRITE_SETTINGS in package: com.slim.slimlauncher at: Binary XML file line #63
07-27 23:44:24.736  3032  3032 W PackageParser: Ignoring duplicate uses-permissions/uses-permissions-sdk-m: android.permission.CONFIGURE_WIFI_DISPLAY in package: com.android.systemui at: Binary XML file line #115
07-27 23:44:25.243  3032  3032 W PackageParser: No actions in intent filter at /system/app/Bluetooth/Bluetooth.apk Binary XML file line #233
07-27 23:44:25.979  3032  3032 W PackageParser: Ignoring duplicate uses-permissions/uses-permissions-sdk-m: android.permission.WRITE_CONTACTS in package: com.android.email at: Binary XML file line #40
07-27 23:44:26.224  3032  3032 W PackageParser: Unknown element under <application>: permission at /system/app/Gallery2/Gallery2.apk Binary XML file line #275
07-27 23:44:26.224  3032  3032 W PackageParser: Unknown element under <application>: permission at /system/app/Gallery2/Gallery2.apk Binary XML file line #278
07-27 23:44:27.609  3032  3032 W PackageManager: Package com.android.gallery3d desires unavailable shared library com.google.android.media.effects; ignoring!
07-27 23:44:27.609  3032  3032 W PackageManager: Package com.android.gallery3d desires unavailable shared library com.google.android.media.effects; ignoring!
07-27 23:44:27.609  3032  3032 I PackageManager: Adjusting ABI for : com.android.location.fused to arm64-v8a
07-27 23:44:27.656  3721  3721 I dex2oat : Starting dex2oat.
07-27 23:44:27.727  3721  3721 I dex2oat : dex2oat took 71.120ms (threads: 8) arena alloc=94KB java alloc=53KB native alloc=1734KB free=1849KB
07-27 23:44:27.732  3032  3032 I PackageManager: Adjusting ABI for : com.android.inputdevices to arm64-v8a
07-27 23:44:27.778  3732  3732 I dex2oat : Starting dex2oat.
07-27 23:44:27.806  3732  3732 I dex2oat : dex2oat took 28.597ms (threads: 8) arena alloc=6KB java alloc=17KB native alloc=915KB free=877KB
07-27 23:44:27.811  3032  3032 I PackageManager: Adjusting ABI for : com.android.providers.settings to arm64-v8a
07-27 23:44:27.855  3743  3743 I dex2oat : Starting dex2oat.
07-27 23:44:28.138  3743  3743 I dex2oat : dex2oat took 283.445ms (threads: 8) arena alloc=2MB java alloc=167KB native alloc=4MB free=3MB
07-27 23:44:28.145  3032  3032 I PackageManager: Adjusting ABI for : com.android.server.telecom to arm64-v8a
07-27 23:44:28.189  3754  3754 I dex2oat : Starting dex2oat.
07-27 23:44:28.687  3754  3754 I dex2oat : dex2oat took 497.880ms (threads: 8) arena alloc=1830KB java alloc=632KB native alloc=4MB free=3MB
07-27 23:44:28.693  3032  3032 I PackageManager: Adjusting ABI for : com.android.keychain to arm64-v8a
07-27 23:44:28.739  3765  3765 I dex2oat : Starting dex2oat.
07-27 23:44:28.833  3765  3765 I dex2oat : dex2oat took 95.376ms (threads: 8) arena alloc=363KB java alloc=174KB native alloc=2MB free=2MB
07-27 23:44:28.838  3032  3032 I PackageManager: Adjusting ABI for : org.slim.framework to arm64-v8a
07-27 23:44:28.838  2481  2481 E installd: invalid apk path '/system/framework/org.slim.framework-res.apk' (bad prefix)
07-27 23:44:28.839  3032  3032 I PackageManager: Adjusting ABI for : com.android.supl to arm64-v8a
07-27 23:44:28.884  3776  3776 I dex2oat : Starting dex2oat.
07-27 23:44:29.130  3776  3785 W dex2oat : Compilation of void com.android.supl.commprocessor.NDKCommProcessor.process(com.android.supl.commprocessor.FromServer) took 100.604ms
07-27 23:44:29.293  3776  3776 I dex2oat : dex2oat took 409.935ms (threads: 8) arena alloc=2MB java alloc=455KB native alloc=5MB free=5MB
07-27 23:44:29.299  3032  3032 I PackageManager: Adjusting ABI for : com.slim.settings to arm64-v8a
07-27 23:44:29.343  3787  3787 I dex2oat : Starting dex2oat.
07-27 23:44:29.512  3787  3787 I dex2oat : dex2oat took 169.435ms (threads: 8) arena alloc=1637KB java alloc=620KB native alloc=3MB free=3MB
07-27 23:44:29.518  3032  3032 I PackageManager: Adjusting ABI for : org.slim.providers.settings to arm64-v8a
07-27 23:44:29.567  3798  3798 I dex2oat : Starting dex2oat.
07-27 23:44:29.601  2485  2485 I chatty  : uid=1000(system) /system/bin/thermal-daemon expire 12 lines
07-27 23:44:29.639  3798  3798 I dex2oat : dex2oat took 72.481ms (threads: 8) arena alloc=330KB java alloc=38KB native alloc=1348KB free=1467KB
07-27 23:44:29.643  3032  3032 I PackageManager: Adjusting ABI for : com.android.settings to arm64-v8a
07-27 23:44:29.691  3809  3809 I dex2oat : Starting dex2oat.
07-27 23:44:30.784  3809  3814 W dex2oat : No verified method for method calling String.<init>: java.lang.String com.android.internal.widget.LockPatternUtils.patternToString(java.util.List)
