07-27 23:45:29.816  4957  5157 D NxpTml  : PN54X - Read requested.....
07-27 23:45:29.816  4957  5157 D NxpTml  : PN54X - Invoking I2C Read.....
07-27 23:45:29.816  4957  5158 D NxpNciX : len =   6 > 210303018001
07-27 23:45:29.816  4957  5158 D NxpTml  : PN54X - I2C Write successful.....
07-27 23:45:29.816  4957  5158 D NxpTml  : PN54X - Posting Fresh Write message.....
07-27 23:45:29.816  4957  5158 D NxpTml  : PN54X - Tml Writer Thread Running................
07-27 23:45:29.816  4957  5160 D NxpHal  : write successful status = 0x0
07-27 23:45:29.817  4957  5157 D NxpTml  : PN54X - I2C Read successful.....
07-27 23:45:29.817  4957  5157 D NxpNciR : len =   4 > 41030100
07-27 23:45:29.817  4957  5157 D NxpTml  : PN54X - Posting read message.....
07-27 23:45:29.817  4957  5160 D NxpHal  : read successful status = 0x0
07-27 23:45:29.817  4957  5160 D NfcAdaptation: NfcAdaptation::HalDeviceContextDataCallback: len=4
07-27 23:45:29.818  4957  5115 I BrcmNfcNfa: NFC received rsp gid:1
07-27 23:45:29.818  4957  5115 I BrcmNfcNfa: p2p priority is running under bail out mode ONLY.
07-27 23:45:29.818  4957  5115 I BrcmNfcNfa: nfa_dm_disc_discovery_cback (): event:0x4000
07-27 23:45:29.818  4957  5115 I BrcmNfcNfa: nfa_dm_disc_sm_execute (): state: IDLE (0), event: DISCOVER_RSP(1) disc_flags: 0x31
07-27 23:45:29.818  4957  5115 I BrcmNfcNfa: nfa_dm_disc_new_state (): old_state: IDLE (0), new_state: DISCOVERY (1) disc_flags: 0x11
07-27 23:45:29.818  4957  5115 I BrcmNfcNfa: nfa_ce_discovery_cback(): event:0x00
07-27 23:45:29.818  4957  5115 I BrcmNfcNfa: nfa_ce_handle_disc_start (status=0x0)
07-27 23:45:29.818  4957  5115 D BrcmNfcJni: nfaConnectionCallback: event= 30
07-27 23:45:29.818  4957  5115 D BrcmNfcJni: nfaConnectionCallback: NFA_RF_DISCOVERY_STARTED_EVT: status = 0
07-27 23:45:29.818  4957  5115 I BrcmNfcNfa: nfa_dm_disc_sm_execute (): new state: DISCOVERY (1), disc_flags: 0x1
07-27 23:45:29.818  4957  5157 D NxpTml  : PN54X - Read requested.....
07-27 23:45:29.818  4957  5157 D NxpTml  : PN54X - Invoking I2C Read.....
07-27 23:45:29.818  4957  5111 D BrcmNfcJni: PowerSwitch::setModeOn(activated=0x1) : mCurrActivity=0x1
07-27 23:45:29.818  4957  5111 D BrcmNfcJni: nfcManager_enableDiscovery: exit
07-27 23:45:29.818  4957  5111 I NfcService: First Boot
07-27 23:45:29.833  5090  5090 D Launcher: bindAppWidget: AppWidget(id=2)
07-27 23:45:29.833  5090  5090 D Launcher: bindAppWidget: id=2 belongs to component ComponentInfo{com.android.deskclock/com.android.alarmclock.AnalogAppWidgetProvider}
07-27 23:45:29.846  4918  5079 I LatinIME:LogUtils: Dictionary info: dictionary = main:en ; version = 54 ; date = 1414726273
07-27 23:45:29.850  4918  5079 I BinaryDictionaryFileDumper: reinitializeClientRecordInDictionaryContentProvider() : Insert DictionaryInfo : Id = 'main:da' : Locale=da : Version=44
07-27 23:45:29.872  3032  3076 I ActivityManager: Process com.android.bluetooth (pid 5172) has died
07-27 23:45:29.872  3032  3076 D ActivityManager: cleanUpApplicationRecord -- 5172
07-27 23:45:29.894  4918  5079 I BinaryDictionaryFileDumper: reinitializeClientRecordInDictionaryContentProvider() : Insert DictionaryInfo : Id = 'main:nb' : Locale=nb : Version=44
07-27 23:45:29.894  4985  4985 E TelephonyProvider: dbh.selectConflictingRow: Expected 1 but found 2 matching rows found for cv password= mnc=370 ppp_number=null sub_id=-1 mmsc= proxy= numeric=311370 name=GCI Data port= mcc=311 apn=web.gci type=default,supl user=
07-27 23:45:29.909  4918  5079 I BinaryDictionaryFileDumper: reinitializeClientRecordInDictionaryContentProvider() : Insert DictionaryInfo : Id = 'main:de' : Locale=de : Version=54
07-27 23:45:29.923  4918  5079 I BinaryDictionaryFileDumper: reinitializeClientRecordInDictionaryContentProvider() : Insert DictionaryInfo : Id = 'main:bg' : Locale=bg : Version=1
07-27 23:45:29.952  2479  5131 W ServiceManager: Permission failure: com.oma.drm.permission.ACCESS_OMA_DRM from uid=1027 pid=4957
07-27 23:45:29.959  4918  5079 I BinaryDictionaryFileDumper: reinitializeClientRecordInDictionaryContentProvider() : Insert DictionaryInfo : Id = 'main:fi' : Locale=fi : Version=44
07-27 23:45:29.961  4957  5206 I OMXClient: Using client-side OMX mux.
07-27 23:45:30.008  4662  4675 I art     : Background partial concurrent mark sweep GC freed 20093(1443KB) AllocSpace objects, 0(0B) LOS objects, 39% free, 9MB/15MB, paused 1.533ms total 105.928ms
07-27 23:45:30.021  4918  5079 I BinaryDictionaryFileDumper: reinitializeClientRecordInDictionaryContentProvider() : Insert DictionaryInfo : Id = 'main:uk' : Locale=uk : Version=1
07-27 23:45:30.033  5090  5090 D Launcher: bound widget id=2 in 200ms
07-27 23:45:30.048  4918  5079 I BinaryDictionaryFileDumper: reinitializeClientRecordInDictionaryContentProvider() : Insert DictionaryInfo : Id = 'main:el' : Locale=el : Version=44
07-27 23:45:30.062  2479  5131 W ServiceManager: Permission failure: com.oma.drm.permission.ACCESS_OMA_DRM from uid=1027 pid=4957
07-27 23:45:30.074  4957  5211 I OMXClient: Using client-side OMX mux.
07-27 23:45:30.079  4918  5079 I BinaryDictionaryFileDumper: reinitializeClientRecordInDictionaryContentProvider() : Insert DictionaryInfo : Id = 'main:nl' : Locale=nl : Version=44
07-27 23:45:30.080  4662  5166 D OpenGLRenderer: profile bars disabled
07-27 23:45:30.080  4662  5166 D OpenGLRenderer: ambientRatio = 1.50
07-27 23:45:30.119  4918  5079 I BinaryDictionaryFileDumper: reinitializeClientRecordInDictionaryContentProvider() : Insert DictionaryInfo : Id = 'main:fr' : Locale=fr : Version=54
07-27 23:45:30.136  4918  5079 I BinaryDictionaryFileDumper: reinitializeClientRecordInDictionaryContentProvider() : Insert DictionaryInfo : Id = 'main:hr' : Locale=hr : Version=44
07-27 23:45:30.137  4662  4662 I Choreographer: Skipped 173 frames!  The application may be doing too much work on its main thread.
07-27 23:45:30.154  4918  5079 I BinaryDictionaryFileDumper: reinitializeClientRecordInDictionaryContentProvider() : Insert DictionaryInfo : Id = 'main:cs' : Locale=cs : Version=44
07-27 23:45:30.167  4662  4662 D ViewRootImpl: changeCanvasOpacity: opaque=true
07-27 23:45:30.168  2480  2480 V audio_hw_primary: adev set parameters kvpairs: A2dpSuspended=false
07-27 23:45:30.168  2480  2480 V default_custom: default custom set parameters kvpairs: A2dpSuspended=false
07-27 23:45:30.168  2480  2480 V audio_hw_primary: audio_custom_set_parameters excute succseed.
07-27 23:45:30.168  2480  2480 E bt_a2dp_hw: adev_set_parameters: ERROR: set param called even when stream out is null
07-27 23:45:30.180  4918  5079 I BinaryDictionaryFileDumper: reinitializeClientRecordInDictionaryContentProvider() : Insert DictionaryInfo : Id = 'main:es' : Locale=es : Version=54
07-27 23:45:30.198  4918  5079 I BinaryDictionaryFileDumper: reinitializeClientRecordInDictionaryContentProvider() : Insert DictionaryInfo : Id = 'main:it' : Locale=it : Version=54
07-27 23:45:30.226  4918  5079 I BinaryDictionaryFileDumper: reinitializeClientRecordInDictionaryContentProvider() : Insert DictionaryInfo : Id = 'main:ru' : Locale=ru : Version=54
07-27 23:45:30.249  4918  5079 I BinaryDictionaryFileDumper: reinitializeClientRecordInDictionaryContentProvider() : Insert DictionaryInfo : Id = 'main:sv' : Locale=sv : Version=44
07-27 23:45:30.266  4918  5079 I BinaryDictionaryFileDumper: reinitializeClientRecordInDictionaryContentProvider() : Insert DictionaryInfo : Id = 'main:iw' : Locale=iw : Version=44
07-27 23:45:30.281  4918  5079 I BinaryDictionaryFileDumper: reinitializeClientRecordInDictionaryContentProvider() : Insert DictionaryInfo : Id = 'main:en' : Locale=en : Version=54
07-27 23:45:30.299  4918  5079 I BinaryDictionaryFileDumper: reinitializeClientRecordInDictionaryContentProvider() : Insert DictionaryInfo : Id = 'main:en_us' : Locale=en_US : Version=-1
07-27 23:45:30.316  5138  5138 D MediaProvider: Adjusting external storage paths to: /storage/emulated/0
07-27 23:45:30.318  4918  5079 W BinaryDictionaryFileDumper: Missing metadata.json resource
07-27 23:45:30.348  4918  5079 I LatinIME:LogUtils: Dictionary info: dictionary = main:en ; version = 54 ; date = 1414726273
07-27 23:45:30.359  4918  5079 I LatinIME:LogUtils: Dictionary info: dictionary = main:en ; version = 54 ; date = 1414726273
07-27 23:45:30.369  5166  5166 I RenderThread: type=1400 audit(0.0:142): avc: denied { read write } for ppid=2487 ppid_comm="main" name="mali" dev="tmpfs" ino=222 scontext=u:r:platform_app:s0:c512,c768 tcontext=u:object_r:device:s0 tclass=chr_file permissive=1
07-27 23:45:30.369  5166  5166 I RenderThread: type=1400 audit(0.0:143): avc: denied { open } for ppid=2487 ppid_comm="main" path="/dev/mali" dev="tmpfs" ino=222 scontext=u:r:platform_app:s0:c512,c768 tcontext=u:object_r:device:s0 tclass=chr_file permissive=1
07-27 23:45:30.369  5166  5166 I RenderThread: type=1400 audit(0.0:144): avc: denied { getattr } for ppid=2487 ppid_comm="main" path="/dev/mali" dev="tmpfs" ino=222 scontext=u:r:platform_app:s0:c512,c768 tcontext=u:object_r:device:s0 tclass=chr_file permissive=1
07-27 23:45:30.369  5166  5166 I RenderThread: type=1400 audit(0.0:145): avc: denied { ioctl } for ppid=2487 ppid_comm="main" path="/dev/mali" dev="tmpfs" ino=222 ioctlcmd=8203 scontext=u:r:platform_app:s0:c512,c768 tcontext=u:object_r:device:s0 tclass=chr_file permissive=1
07-27 23:45:30.380  4918  5079 I LatinIME:LogUtils: Dictionary info: dictionary = main:en ; version = 54 ; date = 1414726273
07-27 23:45:30.386  4662  5166 I OpenGLRenderer: Initialized EGL, version 1.4
07-27 23:45:30.393  4918  5079 I LatinIME:LogUtils: Dictionary info: dictionary = main:en ; version = 54 ; date = 1414726273
07-27 23:45:30.396  2445  2542 I [Gralloc]: alloc w[720] h[42] format[1] usage[3842]
07-27 23:45:30.397  2445  2542 I [Gralloc]: alloc succ handle[0x7fb718ac00] stride[720]
07-27 23:45:30.399  2445  2542 I [Gralloc]: alloc w[720] h[42] format[1] usage[3842]
07-27 23:45:30.400  2445  2542 I [Gralloc]: alloc succ handle[0x7fb718b680] stride[720]
07-27 23:45:30.400  2445  2542 I [Gralloc]: alloc w[720] h[42] format[1] usage[3842]
07-27 23:45:30.400  2445  2542 I [Gralloc]: alloc succ handle[0x7fb718b760] stride[720]
07-27 23:45:30.400  2445  2542 I [Gralloc]: alloc w[720] h[42] format[1] usage[3842]
07-27 23:45:30.400  2445  2542 I [Gralloc]: alloc succ handle[0x7fb718b920] stride[720]
07-27 23:45:30.405  4918  5079 I LatinIME:LogUtils: Dictionary info: dictionary = main:en ; version = 54 ; date = 1414726273
07-27 23:45:30.419  4918  5079 I LatinIME:LogUtils: Dictionary info: dictionary = main:en ; version = 54 ; date = 1414726273
07-27 23:45:30.429  5138  5138 E SQLiteLog: (1) no such table: album_info
07-27 23:45:30.439  4918  5079 I LatinIME:LogUtils: Dictionary info: dictionary = main:en ; version = 54 ; date = 1414726273
07-27 23:45:30.452  4918  5079 I LatinIME:LogUtils: Dictionary info: dictionary = main:en ; version = 54 ; date = 1414726273
07-27 23:45:30.464  4918  5079 I LatinIME:LogUtils: Dictionary info: dictionary = main:en ; version = 54 ; date = 1414726273
07-27 23:45:30.478  4918  5079 I LatinIME:LogUtils: Dictionary info: dictionary = main:en ; version = 54 ; date = 1414726273
07-27 23:45:30.490  4918  5079 I LatinIME:LogUtils: Dictionary info: dictionary = main:en ; version = 54 ; date = 1414726273
07-27 23:45:30.500  2445  2542 I [Gralloc]: alloc w[720] h[84] format[1] usage[3842]
07-27 23:45:30.500  2445  2542 I [Gralloc]: alloc succ handle[0x7fb718ba00] stride[720]
07-27 23:45:30.501  2445  2806 I [Gralloc]: alloc w[720] h[84] format[1] usage[3842]
07-27 23:45:30.502  2445  2806 I [Gralloc]: alloc succ handle[0x7fb72e0700] stride[720]
07-27 23:45:30.502  2445  2806 I [Gralloc]: alloc w[720] h[84] format[1] usage[3842]
07-27 23:45:30.502  2445  2806 I [Gralloc]: alloc succ handle[0x7fb72e07e0] stride[720]
07-27 23:45:30.502  2445  2806 I [Gralloc]: alloc w[720] h[84] format[1] usage[3842]
07-27 23:45:30.502  2445  2806 I [Gralloc]: alloc succ handle[0x7fb72e08c0] stride[720]
07-27 23:45:30.503  4918  5079 I LatinIME:LogUtils: Dictionary info: dictionary = main:en ; version = 54 ; date = 1414726273
07-27 23:45:30.518  3032  4533 D WifiService: New client listening to asynchronous messages
07-27 23:45:30.518  4918  5079 I LatinIME:LogUtils: Dictionary info: dictionary = main:en ; version = 54 ; date = 1414726273
07-27 23:45:30.521  3032  3080 W WindowManager: Keyguard drawn timeout. Setting mKeyguardDrawComplete
07-27 23:45:30.533  4918  5079 I LatinIME:LogUtils: Dictionary info: dictionary = main:en ; version = 54 ; date = 1414726273
07-27 23:45:30.545  4918  5079 I LatinIME:LogUtils: Dictionary info: dictionary = main:en ; version = 54 ; date = 1414726273
07-27 23:45:30.558  4918  5079 I LatinIME:LogUtils: Dictionary info: dictionary = main:en ; version = 54 ; date = 1414726273
07-27 23:45:30.571  4918  5079 I LatinIME:LogUtils: Dictionary info: dictionary = main:en ; version = 54 ; date = 1414726273
07-27 23:45:30.584  4918  5079 I LatinIME:LogUtils: Dictionary info: dictionary = main:en ; version = 54 ; date = 1414726273
07-27 23:45:30.597  4918  5079 I LatinIME:LogUtils: Dictionary info: dictionary = main:en ; version = 54 ; date = 1414726273
07-27 23:45:30.678  3032  5024 I ActivityManager: Start proc 5241:com.android.deskclock/u0a37 for broadcast com.android.deskclock/com.android.alarmclock.AnalogAppWidgetProvider
07-27 23:45:30.736  5241  5241 W System  : ClassLoader referenced unknown path: /system/app/DeskClock/lib/arm64
07-27 23:45:30.750  4985  4985 E TelephonyProvider: dbh.selectConflictingRow: Expected 1 but found 2 matching rows found for cv mnc=00 mmsport=8080 ppp_number=null sub_id=-1 mmsc=http://192.168.58.171:8002 mmsproxy=192.168.59.51 numeric=45400 name=1O1O mcc=454 authtype=3 apn=mobile type=default,mms,hipri
07-27 23:45:30.782  3032  4999 I ActivityManager: Start proc 5254:com.slim.settings/1000 for broadcast com.slim.settings/.SlimReceiver
07-27 23:45:30.811  3032  3032 V KeyguardServiceDelegate: *** Keyguard connected (yay!)
07-27 23:45:30.817  3032  4999 D CryptdConnector: SND -> {2 cryptfs getpw}
07-27 23:45:30.817  2393  2476 D VoldCryptCmdListener: cryptfs getpw
07-27 23:45:30.818  2393  2476 I Ext4Crypt: ext4 crypto complete called on /data
07-27 23:45:30.818  2393  2476 I Ext4Crypt: No master key, so not ext4enc
07-27 23:45:30.818  2393  2476 I Ext4Crypt: ext4 crypto complete called on /data
07-27 23:45:30.818  2393  2476 I Ext4Crypt: No master key, so not ext4enc
07-27 23:45:30.818  3032  3831 D CryptdConnector: RCV <- {200 2 -1}
07-27 23:45:30.818  3032  4999 D CryptdConnector: SND -> {3 cryptfs clearpw}
07-27 23:45:30.819  2393  2476 D VoldCryptCmdListener: cryptfs clearpw
07-27 23:45:30.819  2393  2476 I Ext4Crypt: ext4 crypto complete called on /data
07-27 23:45:30.819  2393  2476 I Ext4Crypt: No master key, so not ext4enc
07-27 23:45:30.819  3032  3831 D CryptdConnector: RCV <- {200 3 0}
07-27 23:45:30.840  5254  5254 W System  : ClassLoader referenced unknown path: /system/app/SlimSettings/lib/arm64
07-27 23:45:30.860  4985  4985 E TelephonyProvider: dbh.selectConflictingRow: Expected 1 but found 3 matching rows found for cv password= mnc=02 ppp_number=null sub_id=-1 mmsc= proxy= numeric=46002 name=China Mobile port= mcc=460 apn=cmnet type=default,supl user=
07-27 23:45:30.865  4985  4985 E TelephonyProvider: dbh.selectConflictingRow: Expected 1 but found 2 matching rows found for cv password= ppp_number=null sub_id=-1 mmsc=http://mmsc.monternet.com numeric=46002 user= mnc=02 mmsport=80 mmsproxy=10.0.0.172 proxy=10.0.0.172 name=China Mobile MMS port=80 mcc=460 apn=cmwap type=mms
07-27 23:45:30.919  3032  5269 I ActivityManager: Start proc 5271:com.android.keychain/1000 for service com.android.keychain/.KeyChainService
07-27 23:45:31.088  5271  5271 W System  : ClassLoader referenced unknown path: /system/app/KeyChain/lib/arm64
07-27 23:45:31.221  2445  2806 I [Gralloc]: alloc w[1440] h[1280] format[1] usage[3842]
07-27 23:45:31.225  2445  2806 I [Gralloc]: alloc succ handle[0x7fb72e09a0] stride[1440]
07-27 23:45:31.266  4985  4985 E TelephonyProvider: dbh.selectConflictingRow: Expected 1 but found 2 matching rows found for cv password= ppp_number=null sub_id=-1 mmsc=http://mmsc.mms.ancelutil.com.uy numeric=74801 user= mnc=01 mmsport=3128 mmsproxy=200.40.246.2 proxy= name=Ancel MMS port= mcc=748 apn=mms type=mms
07-27 23:45:31.279  4985  4985 D TelephonyProvider: Regional apns file not found
07-27 23:45:31.296  4985  4985 D TelephonyProvider: dbh.onCreate:- db=SQLiteDatabase: /data/user/0/com.android.providers.telephony/databases/telephony.db
07-27 23:45:31.326  4662  4662 I Choreographer: Skipped 70 frames!  The application may be doing too much work on its main thread.
07-27 23:45:31.361  4985  4985 D TelephonyProvider: dbh.onOpen: ok, queried table=siminfo
07-27 23:45:31.361  4662  4662 W PathParser: Points are too far apart 4.030360828967057
07-27 23:45:31.361  4662  4662 W PathParser: Points are too far apart 4.030360538880159
07-27 23:45:31.362  4985  4985 D TelephonyProvider: dbh.onOpen: ok, queried table=carriers
07-27 23:45:31.364  4985  4985 D TelephonyProvider: onCreate: build id changed from  to MOB31T
07-27 23:45:31.411  4957  5292 D BrcmNfcJni: nfcManager_enableDiscovery: enter; tech_mask = ef
07-27 23:45:31.411  4957  5292 D BrcmNfcJni: PowerSwitch::setLevel: level=PS-FULL (1)
07-27 23:45:31.411  4957  5292 D BrcmNfcJni: startRfDiscovery: is start=0
07-27 23:45:31.411  4957  5292 I BrcmNfcNfa: NFA_StopRfDiscovery ()
07-27 23:45:31.412  4957  5115 I BrcmNfcNfa: NFA got event 0x010F
07-27 23:45:31.412  4957  5115 I BrcmNfcNfa: nfa_dm_evt_hdlr event: NFA_DM_API_STOP_RF_DISCOVERY_EVT (0x0f)
07-27 23:45:31.412  4957  5115 I BrcmNfcNfa: nfa_dm_act_stop_rf_discovery ()
07-27 23:45:31.412  4957  5115 I BrcmNfcNfa: nfa_dm_rf_deactivate () deactivate_type:0x0
07-27 23:45:31.412  4957  5115 I BrcmNfcNfa: nfa_dm_disc_sm_execute (): state: DISCOVERY (1), event: DEACTIVATE_CMD(6) disc_flags: 0x2
07-27 23:45:31.412  4957  5115 I BrcmNfcNfa: NFC_Deactivate 4 (IDLE) deactivate_type:0
07-27 23:45:31.412  4957  5115 D NfcAdaptation: NfcAdaptation::HalWrite
07-27 23:45:31.412  4957  5115 D NxpExtns: const CNfcParam* CNfcConfig::find(const char*) const found MIFARE_READER_ENABLE=(0x1)
07-27 23:45:31.412  4957  5158 D NxpTml  : PN54X - Write requested.....
07-27 23:45:31.412  4957  5158 D NxpTml  : PN54X - Invoking I2C Write.....
07-27 23:45:31.426  4957  5158 D NxpNciX : len =   4 > 21060100
07-27 23:45:31.426  4957  5158 D NxpTml  : PN54X - I2C Write successful.....
07-27 23:45:31.426  4957  5158 D NxpTml  : PN54X - Posting Fresh Write message.....
07-27 23:45:31.426  4957  5158 D NxpTml  : PN54X - Tml Writer Thread Running................
07-27 23:45:31.426  4957  5160 D NxpHal  : write successful status = 0x0
07-27 23:45:31.426  4957  5115 I BrcmNfcNfa: nfa_dm_disc_sm_execute (): new state: DISCOVERY (1), disc_flags: 0x22
07-27 23:45:31.426  4957  5115 I BrcmNfcNfa: nfa_sys_ptim_stop_timer b31fcdd8
07-27 23:45:31.426  4957  5115 I BrcmNfcNfa: ptim timer stop
07-27 23:45:31.426  4957  5115 I BrcmNfcNfa: Stopped presence check timer (if started)
07-27 23:45:31.427  4957  5157 D NxpTml  : PN54X - I2C Read successful.....
07-27 23:45:31.427  4957  5157 D NxpNciR : len =   4 > 41060100
07-27 23:45:31.427  4957  5157 D NxpTml  : PN54X - Posting read message.....
07-27 23:45:31.427  4957  5160 D NxpHal  : read successful status = 0x0
07-27 23:45:31.427  4957  5160 D NfcAdaptation: NfcAdaptation::HalDeviceContextDataCallback: len=4
07-27 23:45:31.427  4957  5115 I BrcmNfcNfa: NFC received rsp gid:1
07-27 23:45:31.427  4957  5115 I BrcmNfcNfa: p2p priority is running under bail out mode ONLY.
07-27 23:45:31.427  4957  5115 I BrcmNfcNfa: nfc_set_state 4 (IDLE)->4 (IDLE)
07-27 23:45:31.427  4957  5115 I BrcmNfcNfa: nfa_dm_disc_data_cback ()
07-27 23:45:31.427  4957  5115 I BrcmNfcNfa: nfa_dm_disc_discovery_cback (): event:0x4005
07-27 23:45:31.427  4957  5115 I BrcmNfcNfa: nfa_dm_disc_sm_execute (): state: DISCOVERY (1), event: DEACTIVATE_RSP(7) disc_flags: 0x22
07-27 23:45:31.427  4957  5115 I BrcmNfcNfa: nfa_dm_disc_new_state (): old_state: DISCOVERY (1), new_state: IDLE (0) disc_flags: 0x2
07-27 23:45:31.427  4957  5115 D BrcmNfcJni: nfaConnectionCallback: event= 31
07-27 23:45:31.427  4957  5115 D BrcmNfcJni: nfaConnectionCallback: NFA_RF_DISCOVERY_STOPPED_EVT: status = 0
07-27 23:45:31.427  4957  5115 I BrcmNfcNfa: nfa_dm_start_rf_discover ()
07-27 23:45:31.427  4957  5292 D BrcmNfcJni: stopPolling_rfDiscoveryDisabled: disable polling
07-27 23:45:31.427  4957  5115 I BrcmNfcNfa: NFA_DisablePolling ()
07-27 23:45:31.427  4957  5292 I BrcmNfcNfa: NFA_DisablePolling ()
07-27 23:45:31.427  4957  5115 I BrcmNfcNfa: NFA got event 0x0107
07-27 23:45:31.427  4957  5115 I BrcmNfcNfa: nfa_dm_evt_hdlr event: NFA_DM_API_DISABLE_POLLING_EVT (0x07)
07-27 23:45:31.427  4957  5115 I BrcmNfcNfa: nfa_dm_act_disable_polling ()
07-27 23:45:31.427  4957  5115 D BrcmNfcJni: nfaConnectionCallback: event= 1
07-27 23:45:31.427  4957  5115 D BrcmNfcJni: nfaConnectionCallback: NFA_POLL_DISABLED_EVT: status = 3
07-27 23:45:31.427  4957  5292 I BrcmNfcNfa: NFA_GetConfig (): num_ids: 1
07-27 23:45:31.427  4957  5157 D NxpTml  : PN54X - Read requested.....
07-27 23:45:31.427  4957  5157 D NxpTml  : PN54X - Invoking I2C Read.....
07-27 23:45:31.427  4957  5115 I BrcmNfcNfa: NFA got event 0x0103
07-27 23:45:31.427  4957  5115 I BrcmNfcNfa: nfa_dm_evt_hdlr event: NFA_DM_API_GET_CONFIG_EVT (0x03)
07-27 23:45:31.427  4957  5115 D NfcAdaptation: NfcAdaptation::HalWrite
07-27 23:45:31.427  4957  5115 D NxpExtns: const CNfcParam* CNfcConfig::find(const char*) const found MIFARE_READER_ENABLE=(0x1)
07-27 23:45:31.427  4957  5158 D NxpTml  : PN54X - Write requested.....
07-27 23:45:31.427  4957  5158 D NxpTml  : PN54X - Invoking I2C Write.....
07-27 23:45:31.428  4957  5158 D NxpNciX : len =   5 > 20030201B9
07-27 23:45:31.428  4957  5158 D NxpTml  : PN54X - I2C Write successful.....
07-27 23:45:31.428  4957  5158 D NxpTml  : PN54X - Posting Fresh Write message.....
07-27 23:45:31.428  4957  5158 D NxpTml  : PN54X - Tml Writer Thread Running................
07-27 23:45:31.428  4957  5160 D NxpHal  : write successful status = 0x0
07-27 23:45:31.429  4957  5157 D NxpTml  : PN54X - I2C Read successful.....
07-27 23:45:31.429  4957  5157 D NxpNciR : len =   7 > 4003040901B900
07-27 23:45:31.429  4957  5157 D NxpTml  : PN54X - Posting read message.....
07-27 23:45:31.429  4957  5160 D NxpHal  : read successful status = 0x0
07-27 23:45:31.429  4957  5160 D NxpHal  : phNxpNciHal_print_res_status: response status =STATUS_INVALID_PARAM
07-27 23:45:31.429  4957  5160 D NfcAdaptation: NfcAdaptation::HalDeviceContextDataCallback: len=7
07-27 23:45:31.429  4957  5157 D NxpTml  : PN54X - Read requested.....
07-27 23:45:31.429  4957  5115 I BrcmNfcNfa: NFC received rsp gid:0
07-27 23:45:31.429  4957  5157 D NxpTml  : PN54X - Invoking I2C Read.....
07-27 23:45:31.429  4957  5115 I BrcmNfcNfa: nci_proc_core_rsp opcode:0x3
07-27 23:45:31.429  4957  5115 I BrcmNfcNfa: nfa_dm_nfc_response_cback () NFC_GET_CONFIG_REVT(0x5003)
07-27 23:45:31.429  4957  5115 D BrcmNfcJni: nfaDeviceManagementCallback: enter; event=0x3
07-27 23:45:31.429  4957  5115 D BrcmNfcJni: nfaDeviceManagementCallback: NFA_DM_GET_CONFIG_EVT
07-27 23:45:31.429  4957  5115 E BrcmNfcJni: nfaDeviceManagementCallback: NFA_DM_GET_CONFIG failed
07-27 23:45:31.429  4957  5292 E BrcmNfcJni: enableDisableLptd: Config TLV length 0 returned is too short
07-27 23:45:31.429  4957  5292 D BrcmNfcJni: startPolling_rfDiscoveryDisabled: enable polling
07-27 23:45:31.429  4957  5292 I BrcmNfcNfa: NFA_EnablePolling () 0xEF
07-27 23:45:31.429  4957  5292 D BrcmNfcJni: startPolling_rfDiscoveryDisabled: wait for enable event
07-27 23:45:31.429  4957  5115 I BrcmNfcNfa: NFA got event 0x0106
07-27 23:45:31.429  4957  5115 I BrcmNfcNfa: nfa_dm_evt_hdlr event: NFA_DM_API_ENABLE_POLLING_EVT (0x06)
07-27 23:45:31.429  4957  5115 I BrcmNfcNfa: nfa_dm_act_enable_polling ()
07-27 23:45:31.429  4957  5115 I BrcmNfcNfa: nfa_dm_start_polling ()
07-27 23:45:31.429  4957  5115 I BrcmNfcNfa: nfa_dm_add_rf_discover () disc_mask=0x3d7f
07-27 23:45:31.429  4957  5115 D BrcmNfcJni: nfaConnectionCallback: event= 0
07-27 23:45:31.429  4957  5115 D BrcmNfcJni: nfaConnectionCallback: NFA_POLL_ENABLED_EVT: status = 0
07-27 23:45:31.429  4957  5292 D BrcmNfcJni: nfcManager_enableDiscovery: Enable p2pListening
07-27 23:45:31.429  4957  5292 D BrcmNfcJni: PeerToPeer::enableP2pListening: enter isEnable: 1  mIsP2pListening: 0
07-27 23:45:31.429  4957  5292 I BrcmNfcNfa: NFA_P2pSetListenTech (): tech_mask:0xC4
07-27 23:45:31.429  4957  5115 I BrcmNfcNfa: NFA got event 0x010D
07-27 23:45:31.429  4957  5115 I BrcmNfcNfa: nfa_dm_evt_hdlr event: NFA_DM_API_SET_P2P_LISTEN_TECH_EVT (0x0d)
07-27 23:45:31.429  4957  5115 I BrcmNfcNfa: nfa_dm_set_p2p_listen_tech ()  tech_mask = 196
07-27 23:45:31.429  4957  5115 I BrcmNfcNfa: nfa_p2p_update_listen_tech ()  tech_mask = 0xc4
07-27 23:45:31.429  4957  5115 I BrcmNfcNfa: nfa_p2p_enable_listening () sys_id = 3, update_wks = 0
07-27 23:45:31.430  4957  5115 I BrcmNfcNfa: nfa_dm_add_rf_discover () disc_mask=0xc400000
07-27 23:45:31.430  4957  5115 D BrcmNfcJni: nfaConnectionCallback: event= 33
07-27 23:45:31.430  4957  5115 D BrcmNfcJni: nfaConnectionCallback: NFA_SET_P2P_LISTEN_TECH_EVT
07-27 23:45:31.430  4957  5292 D BrcmNfcJni: PeerToPeer::enableP2pListening: exit; mIsP2pListening: 1
07-27 23:45:31.430  4957  5292 I BrcmNfcNfa: NFA_ResumeP2p ()
07-27 23:45:31.430  4957  5115 I BrcmNfcNfa: NFA got event 0x010B
07-27 23:45:31.430  4957  5292 I BrcmNfcNfa: NFA got event 0x010B
07-27 23:45:31.430  4957  5292 I BrcmNfcNfa: nfa_dm_evt_hdlr event: NFA_DM_API_RESUME_P2P_EVT (0x0b)
07-27 23:45:31.430  4957  5115 I BrcmNfcNfa: nfa_dm_evt_hdlr event: NFA_DM_API_RESUME_P2P_EVT (0x0b)
07-27 23:45:31.430  4957  5115 I BrcmNfcNfa: nfa_dm_act_resume_p2p ()
07-27 23:45:31.430  4957  5115 D BrcmNfcJni: nfaConnectionCallback: event= 39
07-27 23:45:31.430  4957  5115 E BrcmNfcJni: nfaConnectionCallback: unknown event ????
07-27 23:45:31.430  4957  5115 I BrcmNfcNfa: NFA got event 0x0204
07-27 23:45:31.430  4957  5115 I BrcmNfcNfa: nfa_ee_evt_hdlr (): Event API_SET_TECH_CFG(0x204), State: INIT_DONE(1)
07-27 23:45:31.430  4957  5115 D BrcmNfcJni: RoutingManager::nfaEeCallback: NFA_EE_SET_TECH_CFG_EVT; status=0x0
07-27 23:45:31.430  4957  5292 I BrcmNfcNfa: NFA_EeSetDefaultProtoRouting(): handle:<0x0>protocol_mask:<0x8>/<0x0>/<0x0>
07-27 23:45:31.430  4957  5292 I BrcmNfcNfa: nfa_ee_find_ecb ()
07-27 23:45:31.430  4957  5115 I BrcmNfcNfa: NFA got event 0x0205
07-27 23:45:31.430  4957  5115 I BrcmNfcNfa: nfa_ee_evt_hdlr (): Event API_SET_PROTO_CFG(0x205), State: INIT_DONE(1)
07-27 23:45:31.430  4957  5115 D BrcmNfcJni: RoutingManager::nfaEeCallback: NFA_EE_SET_PROTO_CFG_EVT; status=0x0
07-27 23:45:31.430  4957  5292 D BrcmNfcJni: RoutingManager::commitRouting
07-27 23:45:31.430  4957  5292 I BrcmNfcNfa: NFA_EeUpdateNow()
07-27 23:45:31.430  4957  5115 I BrcmNfcNfa: NFA got event 0x0209
07-27 23:45:31.430  4957  5115 I BrcmNfcNfa: nfa_ee_evt_hdlr (): Event API_UPDATE_NOW(0x209), State: INIT_DONE(1)
07-27 23:45:31.430  4957  5115 I BrcmNfcNfa: nfa_sys_ptim_stop_timer b31fc328
07-27 23:45:31.430  4957  5115 I BrcmNfcNfa: ptim timer stop
07-27 23:45:31.430  4957  5115 I BrcmNfcNfa: nfa_ee_rout_timeout()
07-27 23:45:31.430  4957  5115 I BrcmNfcNfa: nfa_ee_need_recfg() ee_cfged: 0x90 ee_cfg_sts: 0x10
07-27 23:45:31.430  4957  5115 I BrcmNfcNfa: 0: ecb_flags  : 0x00, mask: 0x10
07-27 23:45:31.430  4957  5115 I BrcmNfcNfa: 1: ecb_flags  : 0x00, mask: 0x01
07-27 23:45:31.430  4957  5115 I BrcmNfcNfa: 2: ecb_flags  : 0x00, mask: 0x02
07-27 23:45:31.430  4957  5115 I BrcmNfcNfa: nfa_ee_report_update_evt ee_wait_evt:0x10 wait_rsp:0
07-27 23:45:31.430  4957  5115 D BrcmNfcJni: RoutingManager::nfaEeCallback: NFA_EE_UPDATED_EVT
07-27 23:45:31.430  4957  5292 D BrcmNfcJni: startRfDiscovery: is start=1
07-27 23:45:31.430  4957  5292 I BrcmNfcNfa: NFA_StartRfDiscovery ()
07-27 23:45:31.430  4957  5115 I BrcmNfcNfa: NFA got event 0x010E
07-27 23:45:31.430  4957  5115 I BrcmNfcNfa: nfa_dm_evt_hdlr event: NFA_DM_API_START_RF_DISCOVERY_EVT (0x0e)
07-27 23:45:31.430  4957  5115 I BrcmNfcNfa: nfa_dm_act_start_rf_discovery ()
07-27 23:45:31.430  4957  5115 I BrcmNfcNfa: nfa_dm_start_rf_discover ()
07-27 23:45:31.430  4957  5115 I BrcmNfcNfa: nfa_ee_get_tech_route(): 1
07-27 23:45:31.430  4957  5115 I BrcmNfcNfa: 0x0, 0x0, 0x0, 0x0
07-27 23:45:31.430  4957  5115 I BrcmNfcNfa: nfa_dm_cb.disc_cb.entry[0].selected_disc_mask = 0x40000
07-27 23:45:31.430  4957  5115 I BrcmNfcNfa: nfa_dm_cb.disc_cb.entry[1].selected_disc_mask = 0x3d7f
07-27 23:45:31.430  4957  5115 I BrcmNfcNfa: nfa_dm_cb.disc_cb.entry[2].selected_disc_mask = 0xc400000
07-27 23:45:31.430  4957  5115 I BrcmNfcNfa: nfa_p2p_set_config ()
07-27 23:45:31.430  4957  5115 I BrcmNfcNfa: LLCP_GetDiscoveryConfig ()
07-27 23:45:31.430  4957  5115 I BrcmNfcNfa: nfa_dm_check_set_config ()
07-27 23:45:31.430  4957  5115 D NfcAdaptation: NfcAdaptation::HalWrite
07-27 23:45:31.430  4957  5115 D NxpExtns: const CNfcParam* CNfcConfig::find(const char*) const found MIFARE_READER_ENABLE=(0x1)
07-27 23:45:31.430  4957  5158 D NxpTml  : PN54X - Write requested.....
07-27 23:45:31.430  4957  5158 D NxpTml  : PN54X - Invoking I2C Write.....
07-27 23:45:31.431  4957  5158 D NxpNciX : len =  26 > 20021701291446666D010112020207FF03020013040164070103
07-27 23:45:31.431  4957  5158 D NxpTml  : PN54X - I2C Write successful.....
07-27 23:45:31.431  4957  5158 D NxpTml  : PN54X - Posting Fresh Write message.....
07-27 23:45:31.431  4957  5158 D NxpTml  : PN54X - Tml Writer Thread Running................
07-27 23:45:31.431  4957  5160 D NxpHal  : write successful status = 0x0
07-27 23:45:31.431  4957  5115 I BrcmNfcNfa: nfa_dm_check_set_config ()
07-27 23:45:31.431  4957  5115 I BrcmNfcNfa: dm_disc_mask = 0xc443d7f
07-27 23:45:31.432  4957  5115 I BrcmNfcNfa: nfa_dm_set_rf_listen_mode_config () tech_proto_mask = 0x0C443D7F
07-27 23:45:31.432  4957  5115 I BrcmNfcNfa: nfa_dm_check_set_config ()
07-27 23:45:31.432  4957  5115 I BrcmNfcNfa: nfa_dm_set_total_duration ()
07-27 23:45:31.432  4957  5115 I BrcmNfcNfa: nfa_dm_check_set_config ()
07-27 23:45:31.432  4957  5115 I BrcmNfcNfa: NFC_DiscoveryStart
07-27 23:45:31.432  4957  5115 I BrcmNfcNfa: NFC_DiscoveryStart status: 0xe3
07-27 23:45:31.441  4957  5157 D NxpTml  : PN54X - I2C Read successful.....
07-27 23:45:31.441  4957  5157 D NxpNciR : len =   5 > 4002020000
07-27 23:45:31.441  4957  5157 D NxpTml  : PN54X - Posting read message.....
07-27 23:45:31.441  4957  5160 D NxpHal  : read successful status = 0x0
07-27 23:45:31.441  4957  5160 D NxpHal  : phNxpNciHal_print_res_status: response status =STATUS_OK
07-27 23:45:31.441  4957  5160 D NfcAdaptation: NfcAdaptation::HalDeviceContextDataCallback: len=5
07-27 23:45:31.441  4957  5115 I BrcmNfcNfa: NFC received rsp gid:0
07-27 23:45:31.441  4957  5115 I BrcmNfcNfa: nci_proc_core_rsp opcode:0x2
07-27 23:45:31.441  4957  5115 I BrcmNfcNfa: nfa_dm_nfc_response_cback () NFC_SET_CONFIG_REVT(0x5002)
07-27 23:45:31.441  4957  5115 D NfcAdaptation: NfcAdaptation::HalWrite
07-27 23:45:31.441  4957  5115 D NxpExtns: const CNfcParam* CNfcConfig::find(const char*) const found MIFARE_READER_ENABLE=(0x1)
07-27 23:45:31.441  4957  5157 D NxpTml  : PN54X - Read requested.....
07-27 23:45:31.441  4957  5158 D NxpTml  : PN54X - Write requested.....
07-27 23:45:31.441  4957  5157 D NxpTml  : PN54X - Invoking I2C Read.....
07-27 23:45:31.441  4957  5158 D NxpTml  : PN54X - Invoking I2C Write.....
07-27 23:45:31.442  4957  5158 D NxpNciX : len =  29 > 20021A02611446666D010112020207FF03020013040164070103600107
07-27 23:45:31.442  4957  5158 D NxpTml  : PN54X - I2C Write successful.....
07-27 23:45:31.442  4957  5158 D NxpTml  : PN54X - Posting Fresh Write message.....
07-27 23:45:31.442  4957  5158 D NxpTml  : PN54X - Tml Writer Thread Running................
07-27 23:45:31.442  4957  5160 D NxpHal  : write successful status = 0x0
07-27 23:45:31.451  4957  5157 D NxpTml  : PN54X - I2C Read successful.....
07-27 23:45:31.451  4957  5157 D NxpNciR : len =   5 > 4002020000
07-27 23:45:31.451  4957  5157 D NxpTml  : PN54X - Posting read message.....
07-27 23:45:31.451  4957  5160 D NxpHal  : read successful status = 0x0
07-27 23:45:31.452  4957  5160 D NxpHal  : phNxpNciHal_print_res_status: response status =STATUS_OK
07-27 23:45:31.452  4957  5160 D NfcAdaptation: NfcAdaptation::HalDeviceContextDataCallback: len=5
07-27 23:45:31.452  4957  5157 D NxpTml  : PN54X - Read requested.....
07-27 23:45:31.452  4957  5115 I BrcmNfcNfa: NFC received rsp gid:0
07-27 23:45:31.452  4957  5157 D NxpTml  : PN54X - Invoking I2C Read.....
07-27 23:45:31.452  4957  5115 I BrcmNfcNfa: nci_proc_core_rsp opcode:0x2
07-27 23:45:31.452  4957  5115 I BrcmNfcNfa: nfa_dm_nfc_response_cback () NFC_SET_CONFIG_REVT(0x5002)
07-27 23:45:31.452  4957  5115 D NfcAdaptation: NfcAdaptation::HalWrite
07-27 23:45:31.452  4957  5115 D NxpExtns: const CNfcParam* CNfcConfig::find(const char*) const found MIFARE_READER_ENABLE=(0x1)
07-27 23:45:31.452  4957  5158 D NxpTml  : PN54X - Write requested.....
07-27 23:45:31.452  4957  5158 D NxpTml  : PN54X - Invoking I2C Write.....
07-27 23:45:31.452  4957  5158 D NxpNciX : len =   7 > 20020401500102
07-27 23:45:31.452  4957  5158 D NxpTml  : PN54X - I2C Write successful.....
07-27 23:45:31.452  4957  5158 D NxpTml  : PN54X - Posting Fresh Write message.....
07-27 23:45:31.452  4957  5158 D NxpTml  : PN54X - Tml Writer Thread Running................
07-27 23:45:31.452  4957  5160 D NxpHal  : write successful status = 0x0
07-27 23:45:31.453  4662  4662 D PhoneStatusBar: disable: < expand ICONS* alerts SYSTEM_INFO* back home recent clock search quick_settings >
07-27 23:45:31.456  4957  5157 D NxpTml  : PN54X - I2C Read successful.....
07-27 23:45:31.456  4957  5157 D NxpNciR : len =   5 > 4002020000
07-27 23:45:31.456  4957  5157 D NxpTml  : PN54X - Posting read message.....
07-27 23:45:31.456  4957  5160 D NxpHal  : read successful status = 0x0
07-27 23:45:31.456  4957  5160 D NxpHal  : phNxpNciHal_print_res_status: response status =STATUS_OK
07-27 23:45:31.456  4957  5160 D NfcAdaptation: NfcAdaptation::HalDeviceContextDataCallback: len=5
07-27 23:45:31.456  4957  5115 I BrcmNfcNfa: NFC received rsp gid:0
07-27 23:45:31.456  4957  5115 I BrcmNfcNfa: nci_proc_core_rsp opcode:0x2
07-27 23:45:31.456  4957  5115 I BrcmNfcNfa: nfa_dm_nfc_response_cback () NFC_SET_CONFIG_REVT(0x5002)
07-27 23:45:31.456  4957  5115 D NfcAdaptation: NfcAdaptation::HalPrediscover
07-27 23:45:31.456  4957  5115 D NfcAdaptation: NfcAdaptation::HalWrite
07-27 23:45:31.456  4957  5115 D NxpExtns: const CNfcParam* CNfcConfig::find(const char*) const found MIFARE_READER_ENABLE=(0x1)
07-27 23:45:31.456  4957  5115 D NxpHal  : > Polling Loop Started
07-27 23:45:31.456  4957  5115 D NxpHal  : phNxpNciHal_discovery_cmd_ext
07-27 23:45:31.456  4957  5158 D NxpTml  : PN54X - Write requested.....
07-27 23:45:31.456  4957  5158 D NxpTml  : PN54X - Invoking I2C Write.....
07-27 23:45:31.456  4957  5157 D NxpTml  : PN54X - Read requested.....
07-27 23:45:31.456  4957  5157 D NxpTml  : PN54X - Invoking I2C Read.....
07-27 23:45:31.457  4957  5158 D NxpNciX : len =  26 > 2103170B00010101020103010501800182018301850106017701
07-27 23:45:31.457  4957  5158 D NxpTml  : PN54X - I2C Write successful.....
07-27 23:45:31.457  4957  5158 D NxpTml  : PN54X - Posting Fresh Write message.....
07-27 23:45:31.457  4957  5158 D NxpTml  : PN54X - Tml Writer Thread Running................
07-27 23:45:31.457  4957  5160 D NxpHal  : write successful status = 0x0
07-27 23:45:31.458  4957  5157 D NxpTml  : PN54X - I2C Read successful.....
07-27 23:45:31.458  4957  5157 D NxpNciR : len =   4 > 41030100
07-27 23:45:31.458  4957  5157 D NxpTml  : PN54X - Posting read message.....
07-27 23:45:31.458  4957  5160 D NxpHal  : read successful status = 0x0
07-27 23:45:31.458  4957  5160 D NfcAdaptation: NfcAdaptation::HalDeviceContextDataCallback: len=4
07-27 23:45:31.458  4957  5115 I BrcmNfcNfa: NFC received rsp gid:1
07-27 23:45:31.458  4957  5157 D NxpTml  : PN54X - Read requested.....
07-27 23:45:31.458  4957  5157 D NxpTml  : PN54X - Invoking I2C Read.....
07-27 23:45:31.458  4957  5115 I BrcmNfcNfa: p2p priority is running under bail out mode ONLY.
07-27 23:45:31.458  4957  5115 I BrcmNfcNfa: nfa_dm_disc_discovery_cback (): event:0x4000
07-27 23:45:31.458  4957  5115 I BrcmNfcNfa: nfa_dm_disc_sm_execute (): state: IDLE (0), event: DISCOVER_RSP(1) disc_flags: 0x31
07-27 23:45:31.458  4957  5115 I BrcmNfcNfa: nfa_dm_disc_new_state (): old_state: IDLE (0), new_state: DISCOVERY (1) disc_flags: 0x11
07-27 23:45:31.458  4957  5115 I BrcmNfcNfa: nfa_dm_poll_disc_cback (): event:0x00
07-27 23:45:31.458  4957  5115 I BrcmNfcNfa: nfa_p2p_discovery_cback (): event:0x00
07-27 23:45:31.458  4957  5115 D BrcmNfcJni: nfaConnectionCallback: event= 30
07-27 23:45:31.458  4957  5115 D BrcmNfcJni: nfaConnectionCallback: NFA_RF_DISCOVERY_STARTED_EVT: status = 0
07-27 23:45:31.458  4957  5115 I BrcmNfcNfa: nfa_dm_disc_sm_execute (): new state: DISCOVERY (1), disc_flags: 0x1
07-27 23:45:31.459  4957  5292 D BrcmNfcJni: PowerSwitch::setModeOn(activated=0x1) : mCurrActivity=0x1
07-27 23:45:31.459  4957  5292 D BrcmNfcJni: nfcManager_enableDiscovery: exit
07-27 23:45:31.476  4662  4662 D PhoneStatusBar: disable: < expand ICONS alerts SYSTEM_INFO back home recent clock search quick_settings >
07-27 23:45:31.488  4985  4985 D TelephonyProvider: No APNs in OEM image = /oem/telephony/apns-conf.xml Load APNs from system image
07-27 23:45:31.489  4985  4985 D TelephonyProvider: No APNs in OEM image = /data/misc/apns-conf.xml Load APNs from system image
07-27 23:45:31.489  4985  4985 D TelephonyProvider: confFile = /system/etc/apns-conf.xml
07-27 23:45:31.517  3032  4999 V KeyguardServiceDelegate: **** SHOWN CALLED ****
07-27 23:45:31.562  4985  4985 E TelephonyProvider: dbh.selectConflictingRow: Expected 1 but found 2 matching rows found for cv password= mnc=02 ppp_number=null sub_id=-1 mmsc= proxy= numeric=20802 name=Orange GPRS ISP port= mcc=208 apn=orange.fr type=default,supl user=
07-27 23:45:31.585  4985  4985 E TelephonyProvider: dbh.selectConflictingRow: Expected 1 but found 2 matching rows found for cv password= mnc=10 ppp_number=null sub_id=-1 mmsc= proxy=192.168.21.3 numeric=20810 name=Web La Poste port=8080 mcc=208 apn=wapdebitel type=default,supl user=
07-27 23:45:31.628  4985  4985 E TelephonyProvider: dbh.selectConflictingRow: Expected 1 but found 2 matching rows found for cv password= mnc=01 ppp_number=null sub_id=-1 mmsc= proxy= numeric=21601 name=Telenor Net port= mcc=216 apn=net type=default,supl user=
07-27 23:45:31.679  2445  3855 I [Gralloc]: alloc w[720] h[1280] format[1] usage[3842]
07-27 23:45:31.681  2445  3855 I [Gralloc]: alloc succ handle[0x7fb72e0000] stride[720]
07-27 23:45:31.696  4662  4662 W PathParser: Points are too far apart 4.030360828967057
07-27 23:45:31.696  4662  4662 W PathParser: Points are too far apart 4.030360538880159
07-27 23:45:31.750  4662  4662 D PhoneStatusBar: disable: < expand ICONS alerts SYSTEM_INFO back HOME* RECENT* clock SEARCH* quick_settings >
07-27 23:45:31.760  2445  2542 I [Gralloc]: alloc w[720] h[1280] format[1] usage[3842]
07-27 23:45:31.760  3032  5295 I RecoverySystem: Deleted: /cache/recovery/.version
07-27 23:45:31.761  3032  5295 I RecoverySystem: Deleted: /cache/recovery/recovery.fstab
07-27 23:45:31.761  3032  5295 I RecoverySystem: Deleted: /cache/recovery/storage.fstab
07-27 23:45:31.761  3032  5295 I RecoverySystem: Deleted: /cache/recovery/log
07-27 23:45:31.761  3032  5295 I RecoverySystem: Deleted: /cache/recovery/intent
07-27 23:45:31.763  2445  2542 I [Gralloc]: alloc succ handle[0x7fb72e08c0] stride[720]
07-27 23:45:31.769  5297  5297 I logserver: type=1400 audit(0.0:146): avc: denied { execute_no_trans } for ppid=2808 ppid_comm="logserver" path="/system/bin/sh" dev="mmcblk0p38" ino=347 scontext=u:r:init:s0 tcontext=u:object_r:shell_exec:s0 tclass=file permissive=1
07-27 23:45:31.780  2492  2808 I logserver: handle_logfile_events, Object Path:/data/system/dropbox/, mask=0x00000080
07-27 23:45:31.780  2492  2808 I logserver: process_one_event, event->len=48, name=SYSTEM_RECOVERY_LOG@1501199131779.txt.gz
07-27 23:45:31.780  2492  2808 E logserver: process_one_event, can not find this event(SYSTEM_RECOVERY_LOG@1501199131779.txt.gz)
07-27 23:45:31.780  2492  2808 I logserver: clean_cur_cache:999, system(rm -r /data/log/logcache/-146798288/* > /dev/null 2>&1)
07-27 23:45:31.788  3032  5295 I BootReceiver: Copying /sys/fs/pstore/console-ramoops to DropBox (SYSTEM_LAST_KMSG)
07-27 23:45:31.801  3032  4626 I ActivityManager: Start proc 5300:com.android.dialer/u0a15 for broadcast com.android.dialer/.calllog.CallLogReceiver
07-27 23:45:31.808  2445  2806 I [Gralloc]: alloc w[720] h[1280] format[1] usage[3842]
07-27 23:45:31.809  5299  5299 I rm      : type=1400 audit(0.0:147): avc: denied { read write } for ppid=5297 ppid_comm="sh" path="/data/log/logserverConfig/fifo/logserver" dev="mmcblk0p40" ino=521227 scontext=u:r:toolbox:s0 tcontext=u:object_r:system_data_file:s0 tclass=fifo_file permissive=1
07-27 23:45:31.809  5299  5299 I rm      : type=1400 audit(0.0:148): avc: denied { read } for ppid=5297 ppid_comm="sh" path="/dev/hwlog_exception" dev="tmpfs" ino=344 scontext=u:r:toolbox:s0 tcontext=u:object_r:device:s0 tclass=chr_file permissive=1
07-27 23:45:31.810  2445  2806 I [Gralloc]: alloc succ handle[0x7fb72e0540] stride[720]
07-27 23:45:31.815  3032  5295 I BootReceiver: Copying audit failures to DropBox
07-27 23:45:31.819  5299  5299 I rm      : type=1400 audit(0.0:149): avc: denied { dac_override } for ppid=5297 ppid_comm="sh" capability=1 scontext=u:r:toolbox:s0 tcontext=u:r:toolbox:s0 tclass=capability permissive=1
07-27 23:45:31.825  3032  5295 I BootReceiver: Copied 0 worth of audits to DropBox
07-27 23:45:31.833  2492  2808 I logserver: handle_logfile_events, Object Path:/data/system/dropbox/, mask=0x00000080
07-27 23:45:31.833  2492  2808 I logserver: process_one_event, event->len=32, name=SYSTEM_BOOT@1501199131786.txt
07-27 23:45:31.833  2492  2808 E logserver: process_one_event, can not find this event(SYSTEM_BOOT@1501199131786.txt)
07-27 23:45:31.833  2492  2808 I logserver: clean_cur_cache:999, system(rm -r /data/log/logcache/-146798288/* > /dev/null 2>&1)
07-27 23:45:31.837  3032  5295 I BootReceiver: Checking for fsck errors
07-27 23:45:31.855  5300  5300 W System  : ClassLoader referenced unknown path: /system/priv-app/Dialer/lib/arm64
07-27 23:45:31.859  5300  5300 D ExtensionsFactory: No custom extensions.
07-27 23:45:31.864  2492  2808 I logserver: handle_logfile_events, Object Path:/data/system/dropbox/, mask=0x00000080
07-27 23:45:31.864  2492  2808 I logserver: process_one_event, event->len=48, name=SYSTEM_LAST_KMSG@1501199131814.txt.gz
07-27 23:45:31.865  2492  2808 E logserver: process_one_event, can not find this event(SYSTEM_LAST_KMSG@1501199131814.txt.gz)
07-27 23:45:31.865  2492  2808 I logserver: clean_cur_cache:999, system(rm -r /data/log/logcache/-146798288/* > /dev/null 2>&1)
07-27 23:45:31.898  2492  2808 I logserver: handle_logfile_events, Object Path:/data/system/dropbox/, mask=0x00000080
07-27 23:45:31.898  2492  2808 I logserver: process_one_event, event->len=32, name=SYSTEM_AUDIT@1501199131837.txt
07-27 23:45:31.898  2492  2808 E logserver: process_one_event, can not find this event(SYSTEM_AUDIT@1501199131837.txt)
07-27 23:45:31.898  2492  2808 I logserver: clean_cur_cache:999, system(rm -r /data/log/logcache/-146798288/* > /dev/null 2>&1)
07-27 23:45:32.233  4985  4985 E TelephonyProvider: dbh.selectConflictingRow: Expected 1 but found 2 matching rows found for cv password= mnc=370 ppp_number=null sub_id=-1 mmsc= proxy= numeric=311370 name=GCI Data port= mcc=311 apn=web.gci type=default,supl user=
07-27 23:45:32.804  4985  4985 E TelephonyProvider: dbh.selectConflictingRow: Expected 1 but found 2 matching rows found for cv mnc=00 mmsport=8080 ppp_number=null sub_id=-1 mmsc=http://192.168.58.171:8002 mmsproxy=192.168.59.51 numeric=45400 name=1O1O mcc=454 authtype=3 apn=mobile type=default,mms,hipri
07-27 23:45:32.870  4985  4985 E TelephonyProvider: dbh.selectConflictingRow: Expected 1 but found 3 matching rows found for cv password= mnc=02 ppp_number=null sub_id=-1 mmsc= proxy= numeric=46002 name=China Mobile port= mcc=460 apn=cmnet type=default,supl user=
07-27 23:45:32.874  4985  4985 E TelephonyProvider: dbh.selectConflictingRow: Expected 1 but found 2 matching rows found for cv password= ppp_number=null sub_id=-1 mmsc=http://mmsc.monternet.com numeric=46002 user= mnc=02 mmsport=80 mmsproxy=10.0.0.172 proxy=10.0.0.172 name=China Mobile MMS port=80 mcc=460 apn=cmwap type=mms
07-27 23:45:32.953  3032  4550 D         : file:device/hisi/common/liblights/lights.c, func:set_light_backlight, brightness=10
07-27 23:45:33.075  3032  3080 W WindowManager: performLayoutAndPlaceSurfacesLocked called while in layout. Callers=com.android.server.wm.WindowManagerService.performLayoutAndPlaceSurfacesLocked:8958 com.android.server.wm.WindowManagerService.reevaluateStatusBarVisibility:11080 com.android.server.policy.PhoneWindowManager.clearClearableFlagsLw:7029 
07-27 23:45:33.242  4662  4662 D PhoneStatusBar: disable: < expand ICONS alerts SYSTEM_INFO back HOME RECENT clock SEARCH quick_settings >
07-27 23:45:33.258  4985  4985 E TelephonyProvider: dbh.selectConflictingRow: Expected 1 but found 2 matching rows found for cv password= ppp_number=null sub_id=-1 mmsc=http://mmsc.mms.ancelutil.com.uy numeric=74801 user= mnc=01 mmsport=3128 mmsproxy=200.40.246.2 proxy= name=Ancel MMS port= mcc=748 apn=mms type=mms
07-27 23:45:33.261  4662  4662 W AudioTrack: AUDIO_OUTPUT_FLAG_FAST denied by client; transfer 4, track 44100 Hz, output 48000 Hz
07-27 23:45:33.269  3015  3015 I AudioOut_2: type=1400 audit(0.0:150): avc: denied { read write } for ppid=1 ppid_comm="init" name="ear_pa" dev="tmpfs" ino=323 scontext=u:r:mediaserver:s0 tcontext=u:object_r:device:s0 tclass=chr_file permissive=1
07-27 23:45:33.269  3015  3015 I AudioOut_2: type=1400 audit(0.0:151): avc: denied { open } for ppid=1 ppid_comm="init" path="/dev/ear_pa" dev="tmpfs" ino=323 scontext=u:r:mediaserver:s0 tcontext=u:object_r:device:s0 tclass=chr_file permissive=1
07-27 23:45:33.269  3015  3015 I AudioOut_2: type=1400 audit(0.0:152): avc: denied { ioctl } for ppid=1 ppid_comm="init" path="/dev/ear_pa" dev="tmpfs" ino=323 ioctlcmd=4181 scontext=u:r:mediaserver:s0 tcontext=u:object_r:device:s0 tclass=chr_file permissive=1
07-27 23:45:33.270  2480  3015 V audio_hw_primary: out_set_parameters kvpairs: routing=2
07-27 23:45:33.271  2480  3015 I audio_hw_primary: check_device_change return 1
07-27 23:45:33.271  2480  3015 D dsp_interface: dsp_set_device: call_m0_standby = 1, device = 2
07-27 23:45:33.273  4662  4662 D PhoneStatusBar: disable: < expand icons* alerts system_info* back HOME RECENT clock SEARCH quick_settings >
07-27 23:45:33.282  2480  3015 I audio_hw_primary: start_output_stream++: out_type = 0, out_device = 0
07-27 23:45:33.282  2480  3015 V audio_hw_primary: pcm_open(PCM_CARD) succeed. pcm_device: 0
07-27 23:45:33.282  2480  3015 I audio_hw_primary: select_devices++ mode[0]
07-27 23:45:33.282  2480  3015 I audio_hw_primary: output_device_id is 2, output_route is media-speaker;input_source_id is 0, input_route is null.
07-27 23:45:33.282  2480  3015 V audio_hw_primary: original selected output route media-speaker input route none
07-27 23:45:33.282  2480  3015 V audio_hw_primary: custom selected input route none
07-27 23:45:33.282  2480  3015 V audio_hw_primary: custom selected output route media-speaker
07-27 23:45:33.282  2480  3015 V audio_hw_primary: select_devices() devices 0x2 input src 0 output route media-speaker input route none
07-27 23:45:33.282  2480  3015 V audio_hw_primary: forced_out 0 out_device 0x2 
07-27 23:45:33.283  2480  3015 D earpice_pa: open /dev/ear_pa.
07-27 23:45:33.283  2480  3015 D earpice_pa: close /dev/ear_pa.
07-27 23:45:33.283  2480  3015 I dsp_common: dsp_common_control_algo:set device = 2
07-27 23:45:33.283  2480  3015 I audio_route: route change HISSC_STEREO_DLINK_L_PGA_INTEGER_CONFIG value[0] 255
07-27 23:45:33.283  2480  3015 I audio_route: route change HISSC_STEREO_DLINK_L_PGA_FRAC_CONFIG value[0] 1
07-27 23:45:33.283  2480  3015 I audio_route: route change HISSC_STEREO_DLINK_R_PGA_INTEGER_CONFIG value[0] 255
07-27 23:45:33.283  2480  3015 I audio_route: route change HISSC_STEREO_DLINK_R_PGA_FRAC_CONFIG value[0] 1
07-27 23:45:33.283  2480  3015 I audio_route: route change HISSC_DACL_AGC_BYPASS value[0] 1
07-27 23:45:33.283  2480  3015 I audio_route: route change HISSC_DACL_AGC_USR_GDB_INTEGER value[0] 253
07-27 23:45:33.283  2480  3015 I audio_route: route change HISSC_DACR_AGC_BYPASS value[0] 1
07-27 23:45:33.283  2480  3015 I audio_route: route change HISSC_DACR_AGC_USR_GDB_INTEGER value[0] 253
07-27 23:45:33.283  2480  3015 I audio_route: route change HISSC_FS_STEREO_DLINK_L value[0] 4
07-27 23:45:33.283  2480  3015 I audio_route: route change HISSC_FS_STEREO_DLINK_R value[0] 4
07-27 23:45:33.283  2480  3015 I audio_route: route change HISSC_FS_DACLR value[0] 4
07-27 23:45:33.283  2480  3015 I audio_route: route change HISSC_FS_S1 value[0] 4
07-27 23:45:33.284  2480  3015 I audio_route: route change STEREO_DLINK_TEST_SEL MUX value 2
07-27 23:45:33.284  2480  3015 I audio_route: route change SIF_EN MIXER SIF_DACL_EN value[0] 1
07-27 23:45:33.284  2480  3015 I audio_route: route change SIF_EN MIXER SIF_DACR_EN value[0] 1
07-27 23:45:33.284  2480  3015 I audio_route: route change DACR_MIXER_EN MIXER DACR_MIXER_IN2_MUTE value[0] 1
07-27 23:45:33.291  2480  3015 I audio_route: route change DACL_MIXER_EN MIXER DACL_MIXER_IN2_MUTE value[0] 1
