07-25 14:03:56.941  2480  2480 I CameraFlashlight: Opening camera 1
07-25 14:03:56.941  2480  2480 I CameraHalInterface: Found a matching camera info for ID 1
07-25 14:03:56.941  2480  2776 I CameraMsgQueue: [CAMERA_EVENT] thread [MsgQueueThread] started [thread id = 2776]
07-25 14:03:56.955  2480  2480 I CameraHardwareCore: pri_sensor_name=sonyimx328_sunny, sec_sensor_name=ov5648_foxconn
07-25 14:03:57.035  2496  2496 E logserver: clean_init_socket, get socket(logserver) failed!
07-25 14:03:57.035  2496  2496 E logserver: clean_init_socket, get socket(logservice) failed!
07-25 14:03:57.054  2480  2480 I CameraHardwareCore: [CAMERA_EVENT] open camera device[1] OK
07-25 14:03:57.054  2480  2480 I HwAlgorithmicInformation: [CAMERA_HAL] HwAlgorithmicInformation construction
07-25 14:03:57.054  2480  2480 I HwAlgorithmicInformation: enter getTargetValueFromDriver()
07-25 14:03:57.054  2480  2480 I PostBufferThread: [CAMERA_HAL] [getTotalMemory] total memory =1857MB
07-25 14:03:57.055  2480  2480 I PostBufferThread: [CAMERA_HAL] queryCameraMaxResolution: width=2592, height=1952
07-25 14:03:57.055  2480  2480 I [Gralloc]: alloc w[2592] h[1952] format[256] usage[1342177331]
07-25 14:03:57.059  2496  2496 I logserver: type=1400 audit(0.0:92): avc: denied { write } for ppid=1 ppid_comm="init" name="logserver" dev="mmcblk0p40" ino=521227 scontext=u:r:init:s0 tcontext=u:object_r:system_data_file:s0 tclass=fifo_file permissive=1
07-25 14:03:57.059  2791  2791 I logserver: type=1400 audit(0.0:93): avc: denied { read } for ppid=1 ppid_comm="init" name="primary" dev="tmpfs" ino=8465 scontext=u:r:init:s0 tcontext=u:object_r:storage_file:s0 tclass=lnk_file permissive=1
07-25 14:03:57.059  2480  2480 I [Gralloc]: alloc succ handle[0xf68ac0e0] stride[2592]
07-25 14:03:57.059  2480  2480 I PostBufferThread: [CAMERA_HAL] thread [PostBufferThread] constructed
07-25 14:03:57.059  2480  2480 I PPStrategy: CAMERA_HAL MODE PPStrategy status: PP=1, Davinci=1, Beauty=1, MultiDesnoise=1, Hdr=1, Bestshot=1, Denoise=1, ColorEffect=1
07-25 14:03:57.060  2480  2480 D CameraHardwareCore: primary_sensor_orientation: 90, secondary_sensor_orientation: 270.
07-25 14:03:57.060  2480  2789 I PostBufferThread: [CAMERA_HAL] thread [PostBufferThread] started [thread id = 2789]
07-25 14:03:57.060  2480  2480 E CameraUtils: open file error /sys/kernel/debug/boardid/common/camera/faceIgnoreCount
07-25 14:03:57.060  2480  2480 I IppAlgoPopulator: register preview algo [hisi-anti-banding]
07-25 14:03:57.060  2480  2480 I IppAlgoPopulator: register preview algo [hisi-fake-beauty]
07-25 14:03:57.060  2480  2480 I IppAlgoPopulator: register preview algo [hisi-fake-fd]
07-25 14:03:57.060  2480  2480 I IppAlgoPopulator: register preview algo [hisi-video-stabilization-sw]
07-25 14:03:57.060  2480  2480 I IppAlgoPopulator: register preview algo [hisi-color-effect]
07-25 14:03:57.060  2480  2480 I IppAlgoPopulator: register preview algo [hw-omron-face-detect]
07-25 14:03:57.060  2480  2480 I IppAlgoPopulator: register preview algo [hw-auto-scene-detect]
07-25 14:03:57.060  2480  2480 I IppAlgoPopulator: register preview algo [hw-omron-face-smooth]
07-25 14:03:57.060  2480  2480 I IppAlgoPopulator: register preview algo [hw-smart-ae]
07-25 14:03:57.060  2480  2480 I IppAlgoPopulator: register preview algo [auckland-target-tracking]
07-25 14:03:57.060  2480  2480 I IppAlgoPopulator: register preview algo [hw-hdr-movie-ae]
07-25 14:03:57.060  2480  2480 I IppAlgoPopulator: register preview algo [hw-face-mirror]
07-25 14:03:57.060  2480  2480 I IppAlgoPopulator: register preview algo [hw-exposure-try-ae]
07-25 14:03:57.060  2480  2480 I IppAlgoPopulator: register snapshot algo [hisi-fake-beauty]
07-25 14:03:57.060  2480  2480 I IppAlgoPopulator: register snapshot algo [hisi-fake-multiframe]
07-25 14:03:57.060  2480  2480 I IppAlgoPopulator: register snapshot algo [hisi-color-effect]
07-25 14:03:57.060  2480  2480 I IppAlgoPopulator: register snapshot algo [hw-exposure-bshutter]
07-25 14:03:57.060  2480  2480 V BShutterPreview: enter BShutterPreview()
07-25 14:03:57.060  2480  2480 I CameraCapMiniIspMode: queryCapability:camera drv not support mini isp.
07-25 14:03:57.060  2480  2480 D CapabilityManager: isZslEnable line 642: zsl_enable = 0.
07-25 14:03:57.060  2480  2480 I CameraCapZslMode: queryCapability:camera drv not support zsl.
07-25 14:03:57.060  2480  2480 I CameraCapFlashMode: queryLcdCompensation(), LCD compensation supported = 1
07-25 14:03:57.062  2480  2480 E CameraCapSnapshot: mPictureFmt = 825382478
07-25 14:03:57.062  2480  2480 E CameraCapSnapshot: mPictureFmt = 842094158
07-25 14:03:57.062  2480  2480 I CameraCapMisc: [CAMERA_PARAM] disable video stabilization
07-25 14:03:57.063  2480  2480 I CameraCapMisc: OTP check status: 0
07-25 14:03:57.063  2480  2480 I CameraCapHdrMovie: queryCapability(), Query HDR movie supported capability return: 0
07-25 14:03:57.063  2480  2480 I IppAlgoCapability: [CAMERA_PARAM] support preview ipp=none,hisi-anti-banding,hisi-fake-beauty,hisi-fake-fd,hisi-video-stabilization-sw,hisi-color-effect,hw-omron-face-detect,hw-auto-scene-detect,hw-omron-face-smooth,hw-smart-ae,auckland-target-tracking,hw-hdr-movie-ae,hw-face-mirror,hw-exposure-try-ae
07-25 14:03:57.063  2480  2480 I IppAlgoCapability: [CAMERA_PARAM] support picture ipp=none,hisi-fake-beauty,hisi-fake-multiframe,hisi-color-effect,hw-exposure-bshutter
07-25 14:03:57.063  2480  2480 W CameraCapZslMode: [CAMERA_PARAM] the hardware do not support ZSL
07-25 14:03:57.063  2480  2480 I CameraCapAntibanding: [CAMERA_PARAM] set antibanding to [auto]
07-25 14:03:57.063  2480  2480 W CameraCapFlashMode: [CAMERA_PARAM] the hardware do not support flash
07-25 14:03:57.063  2480  2480 I CameraCapPreview: [CAMERA_PARAM] set preview size to 640x480
07-25 14:03:57.063  2480  2480 I CameraCapPreview: [CAMERA_PARAM] set preview format to [yuv420sp]
07-25 14:03:57.063  2480  2480 I CameraCapSnapshot: [CAMERA_PARAM] set picture size to 2592x1944
07-25 14:03:57.063  2480  2480 I CameraCapFocus: [CAMERA_PARAM] set focus mode to [fixed]
07-25 14:03:57.063  2480  2480 I CameraCapContrast: [CAMERA_PARAM] set contrast to [100]
07-25 14:03:57.064  2480  2480 I CameraCapMeteringArea: [CAMERA_PARAM] set metering area to [(0,0,0,0,0)]
07-25 14:03:57.064  2480  2480 I CameraMagnifier: magnifier set step value from app: -1
07-25 14:03:57.064  2480  2480 I IppAlgoCapability: [CAMERA_PARAM] actived preview ipp=hisi-anti-banding
07-25 14:03:57.064  2480  2480 I CameraCapZslMode: enter commitParameter()
07-25 14:03:57.064  2480  2480 I CameraProfessionalMode: virtual int android::CameraProfessionalMode::commitParameter(), non professional mode
07-25 14:03:57.064  2480  2480 I IppCore : [CAMERA_EVENT] onAlgoChanged() type = [0]
07-25 14:03:57.064  2480  2480 I IppCore : [CAMERA_EVENT] onAlgoChanged() type = [1]
07-25 14:03:57.064  2480  2480 D         : [mntnSetProcessMode] arg1:0 
07-25 14:03:57.066  2480  2480 I CameraPreviewCore: [CAMERA_EVENT] set camera preview display window[0xf6896bb0]
07-25 14:03:57.066  2480  2480 I CameraPreviewCore: [CAMERA_STATE] change state from [IDLE]->[READY]
07-25 14:03:57.067  2496  2496 I logserver: main: no any modem config file.
07-25 14:03:57.067  2496  2496 I logserver: is_factory_data_reset: return false
07-25 14:03:57.067  2496  2496 I logserver: pre_init_memdump: memdump switch is off
07-25 14:03:57.067  2496  2496 I logserver: is_factory_data_reset: return false
07-25 14:03:57.067  2496  2496 I logserver: init_memdump: memdump switch is off
07-25 14:03:57.067  2496  2496 I logserver: util_init_fifo_by_name, before change /data/log/logserverConfig/fifo/logserver owner
07-25 14:03:57.067  2496  2496 I logserver: Process 2496 opening FIFO for O_RDWR
07-25 14:03:57.068  2496  2496 I logserver: Process 2496 opened fifo(4)
07-25 14:03:57.068  2496  2496 I logserver: register_to_fdlist:register fd(4) to fdlist
07-25 14:03:57.068  2496  2496 I logserver: init_pipe_by_name: name = /data/log/logserverConfig/fifo/logserver OK!
07-25 14:03:57.068  2496  2496 I logserver: start_logcontrol success, thread tid=-145491664
07-25 14:03:57.068  2496  2496 I logserver: monitor_logcache_path=/data/log/logcache/-146536144/
07-25 14:03:57.068  2496  2496 I logserver: main: start exception thread.
07-25 14:03:57.068  2496  2496 I logserver: exp_start_exception_monitor success, thread tid=-147580624
07-25 14:03:57.068  2496  2496 I logserver: start_dump_srecorder success, thread tid=-149669584
07-25 14:03:57.068  2496  2496 I logserver: start_subsystem_ramdump, ramdump not enabled.
07-25 14:03:57.068  2496  2496 I logserver: start_adsp_full_dump, debug switch disabled.
07-25 14:03:57.068  2496  2496 I logserver: init_fdset:add fd(4) to fdset
07-25 14:03:57.068  2496  2496 I logserver: main, get max fd=4
07-25 14:03:57.068  2496  2496 I logserver: main, set pri to user 
07-25 14:03:57.068  2496  2790 I logserver: init_notify_fifo, before change /data/log/logcontrol owner
07-25 14:03:57.068  2496  2790 I logserver: Process 2790 opening FIFO for O_RDWR
07-25 14:03:57.068  2496  2790 I logserver: Process 2790 opened fifo(5)
07-25 14:03:57.069  2496  2790 I logserver: Created socket '/dev/socket/logcontrol' with mode '660', user '1000', group '1000'
07-25 14:03:57.069  2496  2790 I logserver: create_logcontrol_socket, socket server 6 listening!
07-25 14:03:57.069  2496  2793 I logserver: [adevcheck] [adevcheck_minotor 961][FS]ADEVCHECK Version:2.0.0 LastModify 2014.12.23
07-25 14:03:57.069  2496  2793 I logserver: [adevcheck] [adevcheck_minotor],pid=2496, thread tid=2793, ap_type=1, start running
07-25 14:03:57.069  2496  2793 I logserver: [adevcheck] [adevcheck_minotor 969][FS] pthread_exit 1, tid=2793, not support this AP
07-25 14:03:57.069  2496  2791 I logserver: create_watch_dirs, is sdcard directory
07-25 14:03:57.069  2496  2791 I logserver: create_watch_dirs, is sdcard directory
07-25 14:03:57.069  2496  2791 I logserver: init_inotify_fd: init inotify fd successful
07-25 14:03:57.070  2496  2791 E logserver: add_watch_dir: error, can't add watch for /sdcard/mtklog/mdlog/
07-25 14:03:57.070  2496  2791 E logserver: add_watch_dir: error, can't add watch for /sdcard/mtklog/dualmdlog/
07-25 14:03:57.089  2480  2480 W CameraCapZslMode: [CAMERA_PARAM] the hardware do not support ZSL
07-25 14:03:57.089  2480  2480 W CameraCapFlashMode: [CAMERA_PARAM] the hardware do not support flash
07-25 14:03:57.090  2480  2480 I CameraCapMeteringArea: [CAMERA_PARAM] set metering area to [(0,0,0,0,0)]
07-25 14:03:57.090  2480  2480 I CameraMagnifier: magnifier set step value from app: -1
07-25 14:03:57.090  2480  2480 I CameraCapZslMode: enter commitParameter()
07-25 14:03:57.090  2480  2480 I CameraProfessionalMode: virtual int android::CameraProfessionalMode::commitParameter(), non professional mode
07-25 14:03:57.090  2480  2480 I CameraHardwareCore: picture or preview size changed,mPictureChanged=1,mPreviewChanged=1
07-25 14:03:57.090  2480  2480 I CameraHardwareCore: [CAMERA_EVENT] stop Preview
07-25 14:03:57.090  2480  2480 I PostBufferThread: close camera, there are 0 frames in PostBufferThread!
07-25 14:03:57.090  2480  2480 I CameraPreviewCore: [CAMERA_EVENT] set camera preview display window[0x0]
07-25 14:03:57.091  2480  2480 I CameraPreviewCore: [CAMERA_STATE] change state from [READY]->[IDLE]
07-25 14:03:57.091  2480  2480 I CameraPreviewCore: [CAMERA_EVENT] release preview resource
07-25 14:03:57.091  2480  2480 I CameraFlashlight: Destroying camera 1
07-25 14:03:57.091  2480  2480 I CameraPreviewCore: [CAMERA_EVENT] CameraPreviewCore destructed
07-25 14:03:57.091  2480  2789 I PostBufferThread: [CAMERA_HAL] PostBufferThread exit of mExit is true 2
07-25 14:03:57.091  2480  2480 I SnapshotCore: [CAMERA_EVENT] thread [PostBufferThread] terminated
07-25 14:03:57.091  2480  2480 I PostBufferThread: [CAMERA_HAL] thread [PostBufferThread] destructed
07-25 14:03:57.091  2480  2480 I SnapshotCore: [CAMERA_EVENT] SnapshotCore destructed
07-25 14:03:57.091  2480  2480 I IppCore : [CAMERA_EVENT] IppCore destructed
07-25 14:03:57.092  2480  2480 I IppCore : enter clearAlgo() start
07-25 14:03:57.092  2480  2480 I IppCore : enter clearAlgo() end
07-25 14:03:57.092  2480  2480 I IppCore : enter clearAlgo() start
07-25 14:03:57.092  2480  2480 I IppCore : enter clearAlgo() end
07-25 14:03:57.092  2480  2480 V BShutterPreview: enter ~BShutterPreview()
07-25 14:03:57.092  2480  2480 I BShutterPreview: [CAMERA_EVENT] BShutterPreview destructed
07-25 14:03:57.092  2480  2480 I HwAlgorithmicInformation: [CAMERA_HAL] HwAlgorithmicInformation destruction
07-25 14:03:57.092  2480  2776 I CameraMsgQueue: stop msg queue thread now!
07-25 14:03:57.092  2480  2480 I CameraMsgQueue: [CAMERA_EVENT] thread [MsgQueueThread] destructed
07-25 14:03:57.095  2480  2480 I CameraHardwareCore: [CAMERA_EVENT] close camera device
07-25 14:03:57.095  2480  2480 I CameraHardwareCore: [CAMERA_EVENT] CameraHardwareCore destructed
07-25 14:03:57.096  2480  2480 I CameraHalInterface: Found a matching camera info for ID 0
07-25 14:03:57.096  2480  2480 I CameraHalInterface: Found a matching camera info for ID 1
07-25 14:03:57.097  2480  2480 I ServiceManager: Waiting for service media.camera.proxy...
07-25 14:03:57.244  2575  2674 D BootAnimation: Use save memory method, maybe small fps in actual.
07-25 14:03:57.255  2473  2524 I [Gralloc]: alloc w[720] h[1280] format[1] usage[3842]
07-25 14:03:57.257  2473  2524 I [Gralloc]: alloc succ handle[0x7fb72a00e0] stride[720]
07-25 14:03:57.288  2473  2527 I [Gralloc]: alloc w[720] h[1280] format[1] usage[3842]
07-25 14:03:57.289  2473  2527 I [Gralloc]: alloc succ handle[0x7fb72c3f80] stride[720]
07-25 14:03:58.020  2476  2476 V NatController: runCmd(/system/bin/iptables -w -F natctrl_FORWARD) res=0
07-25 14:03:58.032  2476  2476 V NatController: runCmd(/system/bin/iptables -w -A natctrl_FORWARD -j DROP) res=0
07-25 14:03:58.043  2476  2476 V NatController: runCmd(/system/bin/iptables -w -t nat -F natctrl_nat_POSTROUTING) res=0
07-25 14:03:58.055  2476  2476 V NatController: runCmd(/system/bin/iptables -w -F natctrl_tether_counters) res=1
07-25 14:03:58.067  2476  2476 V NatController: runCmd(/system/bin/iptables -w -X natctrl_tether_counters) res=1
07-25 14:03:58.078  2476  2476 V NatController: runCmd(/system/bin/iptables -w -N natctrl_tether_counters) res=0
07-25 14:03:58.079  2884  2884 I iptables: type=1400 audit(0.0:94): avc: denied { module_request } for ppid=2476 ppid_comm="netd" kmod="ipt_TCPMSS" scontext=u:r:netd:s0 tcontext=u:r:kernel:s0 tclass=system permissive=1
07-25 14:03:58.089  2476  2476 V NatController: runCmd(/system/bin/iptables -w -t mangle -A natctrl_mangle_FORWARD -p tcp --tcp-flags SYN SYN -j TCPMSS --clamp-mss-to-pmtu) res=1
07-25 14:03:58.097  2480  2480 I ServiceManager: Waiting for service media.camera.proxy...
07-25 14:03:58.789  2476  2476 E Netd    : cannot find interface dummy0
07-25 14:03:58.791  2476  2476 D MDnsDS  : MDnsSdListener::Hander starting up
07-25 14:03:58.791  2476  2954 D MDnsDS  : MDnsSdListener starting to monitor
07-25 14:03:58.791  2476  2954 D MDnsDS  : Going to poll with pollCount 1
07-25 14:03:59.098  2480  2480 I ServiceManager: Waiting for service media.camera.proxy...
07-25 14:03:59.269  2674  2674 I BootAnimation: type=1400 audit(0.0:95): avc: denied { ioctl } for ppid=1 ppid_comm="init" path="/dev/mali" dev="tmpfs" ino=1186 ioctlcmd=8300 scontext=u:r:bootanim:s0 tcontext=u:object_r:device:s0 tclass=chr_file permissive=1
07-25 14:03:59.269  2674  2674 I BootAnimation: type=1400 audit(0.0:96): avc: denied { read write } for ppid=1 ppid_comm="init" path="/dev/mali" dev="tmpfs" ino=1186 scontext=u:r:bootanim:s0 tcontext=u:object_r:device:s0 tclass=chr_file permissive=1
07-25 14:03:59.277  2491  2491 D AndroidRuntime: >>>>>> START com.android.internal.os.ZygoteInit uid 0 <<<<<<
07-25 14:03:59.328  2491  2491 D AndroidRuntime: CheckJNI is OFF
07-25 14:03:59.342  2491  2491 I art     : option[0]=-Xzygote
07-25 14:03:59.342  2491  2491 I art     : option[1]=-Xstacktracefile:/data/anr/traces.txt
07-25 14:03:59.342  2491  2491 I art     : option[2]=exit
07-25 14:03:59.342  2491  2491 I art     : option[3]=vfprintf
07-25 14:03:59.342  2491  2491 I art     : option[4]=sensitiveThread
07-25 14:03:59.342  2491  2491 I art     : option[5]=-verbose:gc
07-25 14:03:59.342  2491  2491 I art     : option[6]=-Xms8m
07-25 14:03:59.342  2491  2491 I art     : option[7]=-Xmx512m
07-25 14:03:59.342  2491  2491 I art     : option[8]=-XX:HeapGrowthLimit=192m
07-25 14:03:59.342  2491  2491 I art     : option[9]=-XX:HeapMinFree=512k
07-25 14:03:59.342  2491  2491 I art     : option[10]=-XX:HeapMaxFree=8m
07-25 14:03:59.342  2491  2491 I art     : option[11]=-XX:HeapTargetUtilization=0.75
07-25 14:03:59.342  2491  2491 I art     : option[12]=-agentlib:jdwp=transport=dt_android_adb,suspend=n,server=y
07-25 14:03:59.342  2491  2491 I art     : option[13]=-Xlockprofthreshold:500
07-25 14:03:59.342  2491  2491 I art     : option[14]=-Ximage-compiler-option
07-25 14:03:59.342  2491  2491 I art     : option[15]=--runtime-arg
07-25 14:03:59.342  2491  2491 I art     : option[16]=-Ximage-compiler-option
07-25 14:03:59.342  2491  2491 I art     : option[17]=-Xms64m
07-25 14:03:59.342  2491  2491 I art     : option[18]=-Ximage-compiler-option
07-25 14:03:59.342  2491  2491 I art     : option[19]=--runtime-arg
07-25 14:03:59.342  2491  2491 I art     : option[20]=-Ximage-compiler-option
07-25 14:03:59.342  2491  2491 I art     : option[21]=-Xmx64m
07-25 14:03:59.342  2491  2491 I art     : option[22]=-Ximage-compiler-option
07-25 14:03:59.342  2491  2491 I art     : option[23]=--image-classes=/system/etc/preloaded-classes
07-25 14:03:59.342  2491  2491 I art     : option[24]=-Xcompiler-option
07-25 14:03:59.342  2491  2491 I art     : option[25]=--runtime-arg
07-25 14:03:59.342  2491  2491 I art     : option[26]=-Xcompiler-option
07-25 14:03:59.342  2491  2491 I art     : option[27]=-Xms64m
07-25 14:03:59.342  2491  2491 I art     : option[28]=-Xcompiler-option
07-25 14:03:59.342  2491  2491 I art     : option[29]=--runtime-arg
07-25 14:03:59.342  2491  2491 I art     : option[30]=-Xcompiler-option
07-25 14:03:59.342  2491  2491 I art     : option[31]=-Xmx512m
07-25 14:03:59.342  2491  2491 I art     : option[32]=-Ximage-compiler-option
07-25 14:03:59.342  2491  2491 I art     : option[33]=--instruction-set-variant=generic
07-25 14:03:59.342  2491  2491 I art     : option[34]=-Xcompiler-option
07-25 14:03:59.342  2491  2491 I art     : option[35]=--instruction-set-variant=generic
07-25 14:03:59.342  2491  2491 I art     : option[36]=-Ximage-compiler-option
07-25 14:03:59.342  2491  2491 I art     : option[37]=--instruction-set-features=default
07-25 14:03:59.342  2491  2491 I art     : option[38]=-Xcompiler-option
07-25 14:03:59.342  2491  2491 I art     : option[39]=--instruction-set-features=default
07-25 14:03:59.342  2491  2491 I art     : option[40]=-Duser.locale=en-US
07-25 14:03:59.342  2491  2491 I art     : option[41]=--cpu-abilist=arm64-v8a
07-25 14:03:59.342  2491  2491 I art     : option[42]=-Xfingerprint:Huawei/slim_hi6210sft/hi6210sft:6.0.1/MOB31T/607478b80b:userdebug/test-keys
07-25 14:03:59.822  2491  2491 D ICU     : No timezone override file found: /data/misc/zoneinfo/current/icu/icu_tzdata.dat
07-25 14:04:00.099  2480  2480 I ServiceManager: Waiting for service media.camera.proxy...
07-25 14:04:00.178  2491  2491 I Radio-JNI: register_android_hardware_Radio DONE
07-25 14:04:00.300  2491  2491 I SamplingProfilerIntegration: Profiling disabled.
07-25 14:04:00.315  2491  2491 D Zygote  : begin preload
07-25 14:04:00.331  2491  2491 I Zygote  : Preloading classes...
07-25 14:04:00.411  2492  2492 D AndroidRuntime: >>>>>> START com.android.internal.os.ZygoteInit uid 0 <<<<<<
07-25 14:04:00.476  2492  2492 D AndroidRuntime: CheckJNI is OFF
07-25 14:04:00.503  2492  2492 I art     : option[0]=-Xzygote
07-25 14:04:00.503  2492  2492 I art     : option[1]=-Xstacktracefile:/data/anr/traces.txt
07-25 14:04:00.503  2492  2492 I art     : option[2]=exit
07-25 14:04:00.503  2492  2492 I art     : option[3]=vfprintf
07-25 14:04:00.503  2492  2492 I art     : option[4]=sensitiveThread
07-25 14:04:00.503  2492  2492 I art     : option[5]=-verbose:gc
07-25 14:04:00.503  2492  2492 I art     : option[6]=-Xms8m
07-25 14:04:00.503  2492  2492 I art     : option[7]=-Xmx512m
07-25 14:04:00.503  2492  2492 I art     : option[8]=-XX:HeapGrowthLimit=192m
07-25 14:04:00.503  2492  2492 I art     : option[9]=-XX:HeapMinFree=512k
07-25 14:04:00.503  2492  2492 I art     : option[10]=-XX:HeapMaxFree=8m
07-25 14:04:00.503  2492  2492 I art     : option[11]=-XX:HeapTargetUtilization=0.75
07-25 14:04:00.503  2492  2492 I art     : option[12]=-agentlib:jdwp=transport=dt_android_adb,suspend=n,server=y
07-25 14:04:00.503  2492  2492 I art     : option[13]=-Xlockprofthreshold:500
07-25 14:04:00.503  2492  2492 I art     : option[14]=-Ximage-compiler-option
07-25 14:04:00.503  2492  2492 I art     : option[15]=--runtime-arg
07-25 14:04:00.503  2492  2492 I art     : option[16]=-Ximage-compiler-option
07-25 14:04:00.503  2492  2492 I art     : option[17]=-Xms64m
07-25 14:04:00.503  2492  2492 I art     : option[18]=-Ximage-compiler-option
07-25 14:04:00.503  2492  2492 I art     : option[19]=--runtime-arg
07-25 14:04:00.503  2492  2492 I art     : option[20]=-Ximage-compiler-option
07-25 14:04:00.503  2492  2492 I art     : option[21]=-Xmx64m
07-25 14:04:00.503  2492  2492 I art     : option[22]=-Ximage-compiler-option
07-25 14:04:00.503  2492  2492 I art     : option[23]=--image-classes=/system/etc/preloaded-classes
07-25 14:04:00.503  2492  2492 I art     : option[24]=-Xcompiler-option
07-25 14:04:00.503  2492  2492 I art     : option[25]=--runtime-arg
07-25 14:04:00.503  2492  2492 I art     : option[26]=-Xcompiler-option
07-25 14:04:00.503  2492  2492 I art     : option[27]=-Xms64m
07-25 14:04:00.503  2492  2492 I art     : option[28]=-Xcompiler-option
07-25 14:04:00.503  2492  2492 I art     : option[29]=--runtime-arg
07-25 14:04:00.503  2492  2492 I art     : option[30]=-Xcompiler-option
07-25 14:04:00.503  2492  2492 I art     : option[31]=-Xmx512m
07-25 14:04:00.503  2492  2492 I art     : option[32]=-Ximage-compiler-option
07-25 14:04:00.503  2492  2492 I art     : option[33]=--instruction-set-variant=cortex-a15
07-25 14:04:00.503  2492  2492 I art     : option[34]=-Xcompiler-option
07-25 14:04:00.503  2492  2492 I art     : option[35]=--instruction-set-variant=cortex-a15
07-25 14:04:00.503  2492  2492 I art     : option[36]=-Ximage-compiler-option
07-25 14:04:00.503  2492  2492 I art     : option[37]=--instruction-set-features=default
07-25 14:04:00.503  2492  2492 I art     : option[38]=-Xcompiler-option
07-25 14:04:00.503  2492  2492 I art     : option[39]=--instruction-set-features=default
07-25 14:04:00.503  2492  2492 I art     : option[40]=-Duser.locale=en-US
07-25 14:04:00.503  2492  2492 I art     : option[41]=--cpu-abilist=armeabi-v7a,armeabi
07-25 14:04:00.503  2492  2492 I art     : option[42]=-Xfingerprint:Huawei/slim_hi6210sft/hi6210sft:6.0.1/MOB31T/607478b80b:userdebug/test-keys
07-25 14:04:01.016  2492  2492 D ICU     : No timezone override file found: /data/misc/zoneinfo/current/icu/icu_tzdata.dat
07-25 14:04:01.100  2480  2480 I ServiceManager: Waiting for service media.camera.proxy...
07-25 14:04:01.400  2491  2491 E Minikin : addFont failed to create font /system/fonts/NanumGothic.ttf
07-25 14:04:01.400  2491  2491 E Minikin : addFont failed to create font /system/fonts/DroidSansFallback.ttf
07-25 14:04:01.400  2491  2491 E Minikin : addFont failed to create font /system/fonts/MTLmr3m.ttf
07-25 14:04:01.417  2492  2492 E memtrack: Couldn't load memtrack module (No such file or directory)
07-25 14:04:01.417  2492  2492 E android.os.Debug: failed to load memtrack module: -2
07-25 14:04:01.447  2492  2492 I Radio-JNI: register_android_hardware_Radio DONE
07-25 14:04:01.514  2492  2492 I SamplingProfilerIntegration: Profiling disabled.
07-25 14:04:01.521  2492  2492 D Zygote  : begin preload
07-25 14:04:01.531  2492  2492 I Zygote  : Preloading classes...
07-25 14:04:01.973  2491  2491 V DngCreator_JNI: DngCreator_nativeClassInit:
07-25 14:04:02.101  2480  2480 I AudioPolicyService: AudioPolicyService CSTOR in new mode
07-25 14:04:02.102  2480  2480 I APM::ConfigParsingUtils: loadAudioPolicyConfig() loaded /system/etc/audio_policy.conf
07-25 14:04:02.109  2971  2971 I mediaserver: type=1400 audit(0.0:97): avc: denied { create } for ppid=1 ppid_comm="init" scontext=u:r:mediaserver:s0 tcontext=u:r:mediaserver:s0 tclass=netlink_kobject_uevent_socket permissive=1
07-25 14:04:02.109  2971  2971 I mediaserver: type=1400 audit(0.0:98): avc: denied { setopt } for ppid=1 ppid_comm="init" scontext=u:r:mediaserver:s0 tcontext=u:r:mediaserver:s0 tclass=netlink_kobject_uevent_socket permissive=1
07-25 14:04:02.109  2971  2971 I mediaserver: type=1400 audit(0.0:99): avc: denied { bind } for ppid=1 ppid_comm="init" scontext=u:r:mediaserver:s0 tcontext=u:r:mediaserver:s0 tclass=netlink_kobject_uevent_socket permissive=1
07-25 14:04:02.117  2480  2480 I audio_hw_primary: adev_open:
07-25 14:04:02.117  2480  2480 V audio_config: get value success, value:ALICEPA
07-25 14:04:02.117  2480  2480 I audio_config: get_audio_configs: get product_name succ, product_name = ALICEPA
07-25 14:04:02.117  2480  2480 V audio_config: get value success, value:none
07-25 14:04:02.117  2480  2480 I audio_config: get_audio_configs: get cust_name succ, cust_name = none
07-25 14:04:02.117  2480  2480 V audio_config: get value success, value:tfa9895
07-25 14:04:02.117  2480  2480 I audio_config: get_audio_configs: get spk_pa_name succ, spk_pa_name = tfa9895
07-25 14:04:02.118  2480  2971 I audio_hw_primary: UEVENT  init sucess
07-25 14:04:02.118  2480  2480 E audio_config: open dts file failed!
07-25 14:04:02.118  2480  2480 E audio_config: get_audio_configs: get spk_pa_num_pro fail, set spk_pa_num_pro = none as default
07-25 14:04:02.118  2480  2480 E audio_config: open dts file failed!
07-25 14:04:02.118  2480  2480 E audio_config: get_audio_configs: get auxiliary_spk_pa_name fail, set auxiliary_spk_pa_name = none as default
07-25 14:04:02.118  2480  2480 E audio_config: open dts file failed!
07-25 14:04:02.118  2480  2480 E audio_config: get_audio_configs: get auxiliary_spk_pa_num_pro fail, set auxiliary_spk_pa_num_pro = none as default
07-25 14:04:02.118  2480  2480 E audio_config: open dts file failed!
07-25 14:04:02.118  2480  2480 E audio_config: get_audio_configs: get hs_pa_name fail, set hs_pa_name = none as default
07-25 14:04:02.118  2480  2480 V audio_config: get value success, value:hi62x0
07-25 14:04:02.118  2480  2480 I audio_config: get_audio_configs: get soc_name succ, soc_name = hi62x0
07-25 14:04:02.118  2480  2480 V audio_config: get value success, value:hissc
07-25 14:04:02.118  2480  2480 I audio_config: get_audio_configs: get codec_name succ, codec_name = hissc
07-25 14:04:02.118  2480  2480 E audio_config: open dts file failed!
07-25 14:04:02.118  2480  2480 E audio_config: get_audio_configs: get mic_name fail, set mic_name = none as default
07-25 14:04:02.118  2480  2480 V audio_config: get value success, value:true
07-25 14:04:02.118  2480  2480 I audio_config: get_audio_configs: get modem_sio_master succ, modem_sio_master = 1
07-25 14:04:02.118  2480  2480 V audio_config: get value success, value:earpa
07-25 14:04:02.118  2480  2480 I audio_config: get_audio_configs: get ear_pa_name succ, ear_pa_name = earpa
07-25 14:04:02.118  2480  2480 V audio_config: get value success, value:true
07-25 14:04:02.118  2480  2480 I audio_config: get_audio_configs: get vqm function enable succ, vqm function enable = 1
07-25 14:04:02.118  2480  2480 E audio_config: open dts file failed!
07-25 14:04:02.118  2480  2480 W audio_config: get_audio_configs: get bwe function enable fail, set bwe function enable = 0 as default
07-25 14:04:02.118  2480  2480 E audio_config: open dts file failed!
07-25 14:04:02.118  2480  2480 W audio_config: get_audio_configs: get multi_mic function enable fail, set multi_mic  enable = 0 as default
07-25 14:04:02.118  2480  2480 E audio_config: open dts file failed!
07-25 14:04:02.118  2480  2480 E audio_config: get_audio_configs: get speaker_id_high name fail, set speaker_id_high name = none as default
07-25 14:04:02.118  2480  2480 E audio_config: open dts file failed!
07-25 14:04:02.118  2480  2480 E audio_config: get_audio_configs: get speaker_id_low name fail, set speaker_id_low name = none as default
07-25 14:04:02.119  2480  2480 I audio_config: get_ce_normal_para: ce_normal_para = normal
07-25 14:04:02.119  2480  2480 E         : rmt_oeminfo_read, connection fail
07-25 14:04:02.119  2480  2480 I audio_config: get_extra_para: vendor_country_info = 
07-25 14:04:02.119  2480  2480 E audio_config: get_extra_para: oeminfo is none
07-25 14:04:02.119  2480  2480 I audio_hw_primary: adev_open: paths_xml is /etc/audio/hissc/mixer_paths_ALICEPA.xml
07-25 14:04:02.120  2492  2492 E Minikin : addFont failed to create font /system/fonts/NanumGothic.ttf
07-25 14:04:02.120  2492  2492 E Minikin : addFont failed to create font /system/fonts/DroidSansFallback.ttf
07-25 14:04:02.120  2492  2492 E Minikin : addFont failed to create font /system/fonts/MTLmr3m.ttf
07-25 14:04:02.143  2480  2480 E audio_route: Control 'RCV VIR_SWITCH RCV_EN' already exists in path 'dup-media-fm-earpiece'
07-25 14:04:02.144  2480  2480 E audio_route: Control 'HISSC_SMT_HSL_MUTE' already exists in path 'dup-media-fm-headset'
07-25 14:04:02.144  2480  2480 E audio_route: Control 'HISSC_SMT_HSL_MUTE' already exists in path 'dup-media-fm-headphone'
07-25 14:04:02.144  2480  2480 E audio_route: Control 'SMT_SIF_EN MIXER SIF_CLASSD_EN' already exists in path 'dup-media-fm-speaker-earpiece'
07-25 14:04:02.144  2480  2480 E audio_route: Control 'HISSC_SMT_HSL_MUTE' already exists in path 'dup-media-fm-speaker-headset'
07-25 14:04:02.144  2480  2480 E audio_route: Control 'SMT_SIF_EN MIXER SIF_CLASSD_EN' already exists in path 'dup-media-fm-speaker-headphone'
07-25 14:04:02.145  2480  2480 E audio_route: Control 'SMT_MAINPGA_SEL MUX' already exists in path 'mmi_audioloop_hsmic_speaker'
07-25 14:04:02.146  2480  2480 I audio_route: route change HISSC_SMT_LINEPGAL_MUTE value[0] 0
07-25 14:04:02.146  2480  2480 I audio_route: route change HISSC_SMT_LINEPGAL_SEL value[0] 2
07-25 14:04:02.146  2480  2480 I audio_route: route change HISSC_SMT_LINEPGAR_MUTE value[0] 0
07-25 14:04:02.146  2480  2480 I audio_route: route change HISSC_SMT_LINEPGAR_SEL value[0] 2
07-25 14:04:02.146  2480  2480 I audio_route: route change HISSC_SMT_AUXPGA_MUTE value[0] 0
07-25 14:04:02.146  2480  2480 I audio_route: route change HISSC_SMT_AUXPGA_GAIN value[0] 2
07-25 14:04:02.146  2480  2480 I audio_route: route change HISSC_SMT_AUXPGA_BOOST value[0] 1
07-25 14:04:02.146  2480  2480 I audio_route: route change HISSC_SMT_MAINPGA_MUTE value[0] 0
07-25 14:04:02.146  2480  2480 I audio_route: route change HISSC_SMT_MAINPGA_GAIN value[0] 2
07-25 14:04:02.146  2480  2480 I audio_route: route change HISSC_SMT_MAINPGA_BOOST value[0] 1
07-25 14:04:02.146  2480  2480 I audio_route: route change HISSC_SMT_HSL_MIN_GAIN value[0] 0
07-25 14:04:02.146  2480  2480 I audio_route: route change HISSC_SMT_HSL_GAIN value[0] 12
07-25 14:04:02.146  2480  2480 I audio_route: route change HISSC_SMT_HSL_MUTE value[0] 0
07-25 14:04:02.146  2480  2480 I audio_route: route change HISSC_SMT_HSR_MIN_GAIN value[0] 0
07-25 14:04:02.146  2480  2480 I audio_route: route change HISSC_SMT_HSR_GAIN value[0] 12
07-25 14:04:02.146  2480  2480 I audio_route: route change HISSC_SMT_HSR_MUTE value[0] 0
07-25 14:04:02.146  2480  2480 I audio_route: route change HISSC_SMT_EAR_CM_CTRL value[0] 0
07-25 14:04:02.146  2480  2480 I audio_route: route change HISSC_SMT_EAR_GAIN value[0] 12
07-25 14:04:02.146  2480  2480 I audio_route: route change HISSC_SMT_EAR_MUTE value[0] 0
07-25 14:04:02.146  2480  2480 I audio_route: route change HISSC_SMT_CR_MIXF_LINEINR value[0] 0
07-25 14:04:02.146  2480  2480 I audio_route: route change HISSC_SMT_CR_MIXF_LINEINL value[0] 0
07-25 14:04:02.146  2480  2480 I audio_route: route change HISSC_PMU_CODEC_CLASSD_MUTE value[0] 0
07-25 14:04:02.147  2480  2480 I audio_hw_primary: adev_open: pop_seq_xml is /etc/audio/hissc/pop_seq_ALICEPA.xml
07-25 14:04:02.147  2480  2480 I audio_pop: UP
07-25 14:04:02.148  2480  2480 I audio_pop: down
07-25 14:04:02.148  2480  2480 I audio_pop: mute
07-25 14:04:02.148  2480  2480 I audio_pop: 0:up name match mixer state:SMT_MIXOUT_EAR_PU MIXER DACL
07-25 14:04:02.148  2480  2480 I audio_pop: 1:up name match mixer state:SMT_MIXOUT_EAR_PU MIXER DACR
07-25 14:04:02.148  2480  2480 I audio_pop: 2:up name match mixer state:CLASSD VIR_SWITCH CLASSD_EN
07-25 14:04:02.148  2480  2480 I audio_pop: 3:up name match mixer state:SMT_SIF_EN MIXER SIF_HSLR_EN
07-25 14:04:02.148  2480  2480 I audio_pop: 4:up name match mixer state:HS_DAC_SEL_VIR SWITCH DAC
07-25 14:04:02.148  2480  2480 I audio_pop: 5:up name match mixer state:SMT_MIXOUT_HSLR_PD MIXER DACLR
07-25 14:04:02.148  2480  2480 I audio_pop: 6:up name match mixer state:HS_LINEIN_SEL_VIR SWITCH LINEIN
07-25 14:04:02.148  2480  2480 I audio_pop: 7:up name match mixer state:SMT_MIXOUT_HSLR_PD MIXER LINEINLR
07-25 14:04:02.148  2480  2480 I audio_pop: 0:down match mixer state:SMT_MIXOUT_HSLR_PD MIXER DACLR
07-25 14:04:02.148  2480  2480 I audio_pop: 1:down match mixer state:HS_DAC_SEL_VIR SWITCH DAC
07-25 14:04:02.148  2480  2480 I audio_pop: 2:down match mixer state:SMT_SIF_EN MIXER SIF_HSLR_EN
07-25 14:04:02.148  2480  2480 I audio_pop: 3:down match mixer state:SMT_MIXOUT_HSLR_PD MIXER LINEINLR
07-25 14:04:02.148  2480  2480 I audio_pop: 4:down match mixer state:HS_LINEIN_SEL_VIR SWITCH LINEIN
07-25 14:04:02.148  2480  2480 I audio_pop: 5:down match mixer state:CLASSD VIR_SWITCH CLASSD_EN
07-25 14:04:02.148  2480  2480 I audio_pop: 6:down match mixer state:SMT_MIXOUT_EAR_PU MIXER DACR
07-25 14:04:02.148  2480  2480 I audio_pop: 7:down match mixer state:SMT_MIXOUT_EAR_PU MIXER DACL
07-25 14:04:02.148  2480  2480 I audio_hw_primary: adev_open: volumes_xml is /etc/audio/hissc/mixer_volumes_ALICEPA_normal.xml
07-25 14:04:02.189  2480  2480 I mediaserver: type=1400 audit(0.0:100): avc: denied { read write } for ppid=1 ppid_comm="init" name="hifi_misc" dev="tmpfs" ino=1274 scontext=u:r:mediaserver:s0 tcontext=u:object_r:device:s0 tclass=chr_file permissive=1
07-25 14:04:02.189  2480  2480 I mediaserver: type=1400 audit(0.0:101): avc: denied { open } for ppid=1 ppid_comm="init" path="/dev/hifi_misc" dev="tmpfs" ino=1274 scontext=u:r:mediaserver:s0 tcontext=u:object_r:device:s0 tclass=chr_file permissive=1
07-25 14:04:02.198  2480  2480 I audio_route: route change HISSC_SMT_LINEPGAL_MUTE value[0] 1
07-25 14:04:02.198  2480  2480 I audio_route: route change HISSC_SMT_LINEPGAR_MUTE value[0] 1
07-25 14:04:02.198  2480  2480 V audio_hw_primary: open output stream devices:0x0; output type: 1
07-25 14:04:02.198  2480  2480 V audio_hw_primary: open output stream devices:0x0; output type: 2
07-25 14:04:02.198  2480  2480 V audio_hw_primary: open output stream devices:0x0; output type: 3
07-25 14:04:02.198  2480  2480 V audio_hw_primary: open output stream devices:0x0; output type: 4
07-25 14:04:02.198  2480  2480 D cust_interface: cust_open:
07-25 14:04:02.198  2480  2480 D default_custom: default_custom_open:
07-25 14:04:02.201  2480  2480 V balong_audio_ril: OpenClient_RILD(0, (null))
07-25 14:04:02.201  2480  2480 V balong_audio_ril: RegisterUnsolicitedHandler(0xf6886480, 11017, 0xf48dee55)
07-25 14:04:02.201  2480  2480 D dsp_interface: dsp_open:product_name = ALICEPA
07-25 14:04:02.201  2480  2480 I dsp_soc : soc_dsp_open: product_name = ALICEPA, dsp_name = hi62x0
07-25 14:04:02.201  2480  2480 I dsp_soc_ctl: dsp_soc_ctl_open++
07-25 14:04:02.201  2480  2480 I dsp_soc_ctl: open /dev/hifi_misc.
07-25 14:04:02.201  2480  2480 I dsp_soc_ctl: dsp_soc_ctl_open--
07-25 14:04:02.201  2480  2480 I dsp_common: dsp_common_open: product_name = ALICEPA, dsp_name = hissc
07-25 14:04:02.201  2480  2480 D dsp_interface: dsp_init:
07-25 14:04:02.201  2480  2480 V dsp_soc_para_ctl: dsp_nv_init:begin
07-25 14:04:02.201  2480  2480 V dsp_soc_para_ctl: dsp_nv_init: dsp_nv_size: 206408, dsp_nv_param: 0xf4702000
07-25 14:04:02.202  2480  2480 E         : rmt_oeminfo_read, connection fail
07-25 14:04:02.202  2480  2480 I audio_config: get_extra_para: vendor_country_info = 
07-25 14:04:02.202  2480  2480 E audio_config: get_extra_para: oeminfo is none
07-25 14:04:02.202  2480  2480 I dsp_soc_para_ctl: get_algo_param_name: filename is /etc/audio/modem/modem_ALICEPA_normal.xml
07-25 14:04:02.202  2480  2480 I dsp_soc_para_ctl: get_algo_param_name: filename is /etc/audio/dts/dts_ALICEPA_normal.xml
07-25 14:04:02.202  2480  2480 I dsp_soc_para_ctl: get_algo_param_name: filename is /etc/audio/mbdrc/mbdrc_ALICEPA_normal.xml
07-25 14:04:02.202  2480  2480 I dsp_soc_para_ctl: get_algo_param_name: filename is /etc/audio/sws/sws_ALICEPA_normal.xml
07-25 14:04:02.209  2972  2972 I gnss_engine: type=1400 audit(0.0:102): avc: denied { module_request } for ppid=1 ppid_comm="init" kmod="personality-8" scontext=u:r:init:s0 tcontext=u:r:kernel:s0 tclass=system permissive=1
07-25 14:04:02.219  2480  2480 I mediaserver: type=1400 audit(0.0:103): avc: denied { ioctl } for ppid=1 ppid_comm="init" path="/dev/hifi_misc" dev="tmpfs" ino=1274 ioctlcmd=4175 scontext=u:r:mediaserver:s0 tcontext=u:object_r:device:s0 tclass=chr_file permissive=1
07-25 14:04:02.221  2973  2973 F libc    : page record for 0xf77a300c was not found (block_size=128)
07-25 14:04:02.221  2974  2974 F libc    : page record for 0xf77a300c was not found (block_size=128)
07-25 14:04:02.222  2972  2972 F libc    : page record for 0xf77a300c was not found (block_size=128)
07-25 14:04:02.223  2979  2979 F libc    : page record for 0xf77a300c was not found (block_size=128)
07-25 14:04:02.227  2575  2674 D BootAnimation: Use save memory method, maybe small fps in actual.
07-25 14:04:02.229  2480  2480 D dsp_soc_ctl: copy_algo_param_to_hifi, param addr = 0xf4702000(low) 0x0(high), result = 0
07-25 14:04:02.229  2480  2480 V dsp_soc_para_ctl: dsp_nv_init: copy to dsp DDR except flag, dsp_nv_size: 206408, dsp_nv_param: 0x0xf4702000, copy2dsp_result:0
07-25 14:04:02.230  2480  2480 D dsp_soc_ctl: copy_algo_param_to_hifi, param addr = 0xf4702000(low) 0x0(high), result = 0
07-25 14:04:02.230  2480  2480 V dsp_soc_para_ctl: dsp_nv_init: copy to dsp DDR, dsp_nv_size: 206408, dsp_nv_param: 0x0xf4702000, copy2dsp_result:0
07-25 14:04:02.230  2480  2480 V dsp_soc_para_ctl: dsp_nv_init:end
07-25 14:04:02.230  2480  2480 I dsp_common: dsp_common_init: initialize dsp module
07-25 14:04:02.230  2480  2480 V balong_audio_ril: OpenClient_RILD(0, (null))
07-25 14:04:02.230  2480  2480 V balong_audio_ril: RegisterUnsolicitedHandler(0xf46cf1e0, 11017, 0xf48dee55)
07-25 14:04:02.230  2480  2480 I spk_dev_interface: spk_dev_open: smartpa lib name is libtfa9895.so
07-25 14:04:02.233  2480  2480 E spk_dev_interface: Cannot get symbols smartpa_need_mute, use default
07-25 14:04:02.234  2480  2480 E spk_dev_interface: Cannot get symbols VirtualEar_PowerOff, use default
07-25 14:04:02.234  2480  2480 I spk_dev_interface: load_earpa: earpa lib name is libearpa.so
07-25 14:04:02.235  2480  2480 I TFA9895_SPK: SmartPA Get product name succ, product_name = ALICEPA
07-25 14:04:02.235  2480  2480 I TFA9895_SPK: get_speakerID:open /dev/speakerID failed, fd = -1
07-25 14:04:02.235  2480  2480 I TFA9895_SPK: SmartPA Get Cnt File succ, cnt_name = /system/etc/audio/nxp/Tfa9895_ALICEPA.cnt
07-25 14:04:02.235  2480  2480 I TFA9895_SPK: SmartPA Get Coef File succ, coef_name = /system/etc/audio/nxp/Tfa9895_ALICEPA_coefficient.config
07-25 14:04:02.235  2480  2480 D TFA9895_SPK: dev_sample_rate tfa9895_i2s_sence_array[sence].clk_path = media-speaker
07-25 14:04:02.235  2480  2480 I audio_route: route change HISSC_FS_STEREO_DLINK_L value[0] 4
07-25 14:04:02.235  2480  2480 I audio_route: route change HISSC_FS_STEREO_DLINK_R value[0] 4
07-25 14:04:02.235  2480  2480 I audio_route: route change HISSC_FS_DACLR value[0] 4
07-25 14:04:02.235  2480  2480 I audio_route: route change HISSC_FS_S1 value[0] 4
07-25 14:04:02.236  2480  2480 I audio_route: route change STEREO_DLINK_TEST_SEL MUX value 2
07-25 14:04:02.236  2480  2480 I audio_route: route change SIF_EN MIXER SIF_DACL_EN value[0] 1
07-25 14:04:02.236  2480  2480 I audio_route: route change SIF_EN MIXER SIF_DACR_EN value[0] 1
07-25 14:04:02.236  2480  2480 I audio_route: route change DACR_MIXER_EN MIXER DACR_MIXER_IN2_MUTE value[0] 1
07-25 14:04:02.241  2480  2480 I audio_route: route change DACL_MIXER_EN MIXER DACL_MIXER_IN2_MUTE value[0] 1
07-25 14:04:02.242  2480  2480 I audio_route: route change S1_IF_TX_ENA MIXER DAC_LR value[0] 1
07-25 14:04:02.330  2480  2480 I tfa98xx : tfa98xxCalibrationEx:LINE: 411 device 0 Calibration has been done before 7.35 ohm
07-25 14:04:02.330  2480  2480 I tfa98xx : DSP already calibrated.
07-25 14:04:02.330  2480  2480 I tfa98xx :  Calibration skipped, previous results loaded from MTP.
07-25 14:04:02.460  2480  2480 I tfa98xx : device 0 Calibration value is 					7.35 ohm
07-25 14:04:02.494  2480  2480 I audio_route: route change HISSC_FS_STEREO_DLINK_L value[0] 0
07-25 14:04:02.495  2480  2480 I audio_route: route change HISSC_FS_STEREO_DLINK_R value[0] 0
07-25 14:04:02.495  2480  2480 I audio_route: route change HISSC_FS_DACLR value[0] 0
07-25 14:04:02.495  2480  2480 I audio_route: route change HISSC_FS_S1 value[0] 0
07-25 14:04:02.495  2480  2480 I audio_route: route change STEREO_DLINK_TEST_SEL MUX value 0
07-25 14:04:02.495  2480  2480 I audio_route: route change SIF_EN MIXER SIF_DACL_EN value[0] 0
07-25 14:04:02.495  2480  2480 I audio_route: route change SIF_EN MIXER SIF_DACR_EN value[0] 0
07-25 14:04:02.495  2480  2480 I audio_route: route change DACR_MIXER_EN MIXER DACR_MIXER_IN2_MUTE value[0] 0
07-25 14:04:02.496  2480  2480 I audio_route: route change DACL_MIXER_EN MIXER DACL_MIXER_IN2_MUTE value[0] 0
07-25 14:04:02.496  2480  2480 I audio_route: route change S1_IF_TX_ENA MIXER DAC_LR value[0] 0
07-25 14:04:02.497  2480  2480 E spk_dev_interface: get auxiliary_spk lib name error
07-25 14:04:02.497  2480  2480 E spk_dev_interface: load_hs_pa:get hs_pa lib name error, use default
07-25 14:04:02.497  2480  2480 W spk_dev_interface: load_hs_pa:Unknown device name, use default
07-25 14:04:02.497  2480  2480 I audio_hw_primary: not support multi mic
07-25 14:04:02.497  2480  2480 I AudioFlinger: loadHwModule() Loaded primary audio interface from Manta audio HW HAL (audio) handle 1
07-25 14:04:02.497  2480  2480 I AudioFlinger: openOutput(), module 1 Device 2, SamplingRate 48000, Format 0x000001, Channels 3, flags 2
07-25 14:04:02.497  2480  2480 V audio_hw_primary: open output stream devices:0x2; output type: 0
07-25 14:04:02.497  2480  2480 I AudioFlinger: AudioStreamOut::open(), mHalFormatIsLinearPcm = 1
07-25 14:04:02.497  2480  2480 I AudioFlinger: HAL output buffer size 960 frames, normal sink buffer size 960 frames
07-25 14:04:02.514  2480  2480 W EffectsFactory: loadLibrary() failed to open /system/vendor/lib/soundfx/libswdap.so
07-25 14:04:02.514  2480  2480 W EffectsFactory: loadLibrary() failed to open /system/vendor/lib/soundfx/libhwdap.so
07-25 14:04:02.515  2480  2480 W EffectsFactory: loadEffect() could not get library proxy
07-25 14:04:02.515  2480  2480 I BufferProvider: found effect "Multichannel Downmix To Stereo" from The Android Open Source Project
07-25 14:04:02.515  2480  2480 I AudioFlinger: Using module 1 has the primary audio interface
07-25 14:04:02.515  2480  2480 V audio_hw_primary: adev_set_mode++
07-25 14:04:02.515  2480  2480 V audio_hw_primary: set mode from 0 to 0
07-25 14:04:02.515  2480  2480 V audio_hw_primary: adev_set_mode--
07-25 14:04:02.515  2480  2984 I AudioFlinger: AudioFlinger's thread 0xf45c0000 ready to run
07-25 14:04:02.515  2480  2984 I audio_hw_primary: do_out_standby standby: 1, out_device: 0
07-25 14:04:02.515  2480  2984 V audio_hw_primary: out_set_parameters kvpairs: routing=2
07-25 14:04:02.515  2480  2984 I audio_hw_primary: check_device_change return 1
07-25 14:04:02.516  2480  2984 D dsp_interface: dsp_set_device: call_m0_standby = 1, device = 2
07-25 14:04:02.516  2480  2984 D dsp_soc : set device [2] [succeed]
07-25 14:04:02.516  2480  2984 E AudioFlinger: no wake lock to update!
07-25 14:04:02.516  2480  2969 V audio_hw_primary: set voice volume while in mode: 0
07-25 14:04:02.518  2480  2480 V audio_hw_primary: open input stream devices:0x80000004
07-25 14:04:02.518  2480  2985 I AudioFlinger: AudioFlinger's thread 0xf4400000 ready to run
07-25 14:04:02.518  2480  2480 D dsp_interface: dsp_set_source:source = 0
07-25 14:04:02.518  2480  2480 D dsp_soc : set source 0 succeed
07-25 14:04:02.518  2480  2480 I dsp_common: dsp_common_set_source:source = 0
07-25 14:04:02.518  2480  2480 I audio_hw_primary: do_in_standby standby: 1, in_device: 0
07-25 14:04:02.521  2480  2480 I bt_a2dp_hw: adev_open:  adev_open in A2dp_hw module
07-25 14:04:02.521  2480  2480 I AudioFlinger: loadHwModule() Loaded a2dp audio interface from A2DP Audio HW HAL (audio) handle 5
07-25 14:04:02.525  2480  2480 I AudioFlinger: loadHwModule() Loaded usb audio interface from USB audio HW HAL (audio) handle 6
07-25 14:04:02.527  2480  2480 I r_submix: adev_open(name=audio_hw_if)
07-25 14:04:02.527  2480  2480 I r_submix: adev_init_check()
07-25 14:04:02.527  2480  2480 I AudioFlinger: loadHwModule() Loaded r_submix audio interface from Wifi Display audio HAL (audio) handle 7
07-25 14:04:02.527  2480  2480 D r_submix: adev_open_input_stream(addr=0)
07-25 14:04:02.527  2480  2480 D r_submix: submix_audio_device_create_pipe_l(addr=0, idx=9)
07-25 14:04:02.527  2480  2480 D r_submix:   now using address 0 for route 9
07-25 14:04:02.528  2480  2480 E MonoPipe: Failed to fetch local time frequency when constructing a MonoPipe (res = -32).  getNextWriteTimestamp calls will be non-functional
07-25 14:04:02.528  2480  2986 I AudioFlinger: AudioFlinger's thread 0xf4400000 ready to run
07-25 14:04:02.528  2480  2480 D r_submix: adev_close_input_stream()
07-25 14:04:02.528  2480  2480 D r_submix: submix_audio_device_release_pipe_l(idx=9) addr=0
07-25 14:04:02.528  2480  2480 D r_submix: submix_audio_device_destroy_pipe_l(): pipe destroyed
07-25 14:04:02.531  2480  2480 I sound_trigger_hw_default: stdev_get_properties
07-25 14:04:02.531  2480  2480 I SoundTriggerHwService: loaded default module Sound Trigger stub HAL, handle 1
07-25 14:04:02.532  2480  2480 I RadioService: RadioService
07-25 14:04:02.532  2480  2480 I RadioService: onFirstRef
07-25 14:04:02.532  2480  2480 E RadioService: couldn't load radio module radio.primary (No such file or directory)
07-25 14:04:02.642  2492  2492 V DngCreator_JNI: DngCreator_nativeClassInit:
07-25 14:04:02.820  2491  2491 I art     : Thread[1,tid=2491,Native,Thread*=0x7fb4a81af0,peer=0x12c2d100,"main"] recursive attempt to load library "/system/lib64/libmedia_jni.so"
07-25 14:04:02.820  2491  2491 D MtpDeviceJNI: register_android_mtp_MtpDevice
07-25 14:04:02.825  2491  2491 I art     : Thread[1,tid=2491,Native,Thread*=0x7fb4a81af0,peer=0x12c2d100,"main"] recursive attempt to load library "/system/lib64/libmedia_jni.so"
07-25 14:04:02.825  2491  2491 I art     : Thread[1,tid=2491,Native,Thread*=0x7fb4a81af0,peer=0x12c2d100,"main"] recursive attempt to load library "/system/lib64/libmedia_jni.so"
07-25 14:04:03.177  2491  2491 E EmojiFactory_jni: Failed to load libemoji.so: dlopen failed: library "libemoji.so" not found
07-25 14:04:03.425  2492  2492 I art     : Thread[1,tid=2492,Native,Thread*=0xf5083d30,peer=0x12c35100,"main"] recursive attempt to load library "/system/lib/libmedia_jni.so"
07-25 14:04:03.425  2492  2492 D MtpDeviceJNI: register_android_mtp_MtpDevice
07-25 14:04:03.426  2492  2492 I art     : Thread[1,tid=2492,Native,Thread*=0xf5083d30,peer=0x12c35100,"main"] recursive attempt to load library "/system/lib/libmedia_jni.so"
07-25 14:04:03.426  2492  2492 I art     : Thread[1,tid=2492,Native,Thread*=0xf5083d30,peer=0x12c35100,"main"] recursive attempt to load library "/system/lib/libmedia_jni.so"
07-25 14:04:03.596  2491  2491 W System  : ClassLoader referenced unknown path: /system/framework/tcmclient.jar
07-25 14:04:03.751  2492  2492 E EmojiFactory_jni: Failed to load libemoji.so: dlopen failed: library "libemoji.so" not found
07-25 14:04:04.088  2492  2492 W System  : ClassLoader referenced unknown path: /system/framework/tcmclient.jar
07-25 14:04:04.111  2491  2491 I System  : Loaded time zone names for "" in 254ms (253ms in ICU)
07-25 14:04:04.301  2491  2491 I System  : Loaded time zone names for "en_US" in 190ms (156ms in ICU)
07-25 14:04:04.380  2491  2491 I Zygote  : ...preloaded 3831 classes in 4049ms.
07-25 14:04:04.381  2491  2491 I art     : VMRuntime.preloadDexCaches starting
07-25 14:04:04.705  2492  2492 I System  : Loaded time zone names for "" in 275ms (249ms in ICU)
07-25 14:04:04.902  2492  2492 I System  : Loaded time zone names for "en_US" in 197ms (176ms in ICU)
07-25 14:04:05.032  2492  2492 I Zygote  : ...preloaded 3831 classes in 3501ms.
07-25 14:04:05.032  2492  2492 I art     : VMRuntime.preloadDexCaches starting
07-25 14:04:05.100  2491  2491 I art     : VMRuntime.preloadDexCaches strings total=250821 before=44910 after=44910
07-25 14:04:05.100  2491  2491 I art     : VMRuntime.preloadDexCaches types total=20609 before=7084 after=7117
07-25 14:04:05.100  2491  2491 I art     : VMRuntime.preloadDexCaches fields total=101028 before=36155 after=36374
07-25 14:04:05.100  2491  2491 I art     : VMRuntime.preloadDexCaches methods total=173388 before=71628 after=72153
07-25 14:04:05.101  2491  2491 I art     : VMRuntime.preloadDexCaches finished
