07-27 23:45:41.042  5138  5410 W MediaProvider: Missing volume for /system/media/audio/ringtones/DreamTheme.ogg; assuming invalid
07-27 23:45:41.046  5138  5410 W MediaProvider: Missing volume for /system/media/audio/ringtones/Eastern_Sky.ogg; assuming invalid
07-27 23:45:41.049  5138  5410 W MediaProvider: Missing volume for /system/media/audio/ringtones/Enter_the_Nexus.ogg; assuming invalid
07-27 23:45:41.053  5138  5410 W MediaProvider: Missing volume for /system/media/audio/ringtones/Eridani.ogg; assuming invalid
07-27 23:45:41.057  5138  5410 W MediaProvider: Missing volume for /system/media/audio/ringtones/EtherShake.ogg; assuming invalid
07-27 23:45:41.060  5138  5410 W MediaProvider: Missing volume for /system/media/audio/ringtones/FreeFlight.ogg; assuming invalid
07-27 23:45:41.064  5138  5410 W MediaProvider: Missing volume for /system/media/audio/ringtones/FriendlyGhost.ogg; assuming invalid
07-27 23:45:41.067  5138  5410 W MediaProvider: Missing volume for /system/media/audio/ringtones/Funk_Yall.ogg; assuming invalid
07-27 23:45:41.071  5138  5410 W MediaProvider: Missing volume for /system/media/audio/ringtones/GameOverGuitar.ogg; assuming invalid
07-27 23:45:41.075  5138  5410 W MediaProvider: Missing volume for /system/media/audio/ringtones/Gimme_Mo_Town.ogg; assuming invalid
07-27 23:45:41.079  5138  5410 W MediaProvider: Missing volume for /system/media/audio/ringtones/Girtab.ogg; assuming invalid
07-27 23:45:41.083  5138  5410 W MediaProvider: Missing volume for /system/media/audio/ringtones/Glacial_Groove.ogg; assuming invalid
07-27 23:45:41.087  5138  5410 W MediaProvider: Missing volume for /system/media/audio/ringtones/Growl.ogg; assuming invalid
07-27 23:45:41.090  5138  5410 W MediaProvider: Missing volume for /system/media/audio/ringtones/HalfwayHome.ogg; assuming invalid
07-27 23:45:41.094  5138  5410 W MediaProvider: Missing volume for /system/media/audio/ringtones/Hydra.ogg; assuming invalid
07-27 23:45:41.098  5138  5410 W MediaProvider: Missing volume for /system/media/audio/ringtones/InsertCoin.ogg; assuming invalid
07-27 23:45:41.102  5138  5410 W MediaProvider: Missing volume for /system/media/audio/ringtones/Kuma.ogg; assuming invalid
07-27 23:45:41.106  5138  5410 W MediaProvider: Missing volume for /system/media/audio/ringtones/LoopyLounge.ogg; assuming invalid
07-27 23:45:41.109  5138  5410 W MediaProvider: Missing volume for /system/media/audio/ringtones/LoveFlute.ogg; assuming invalid
07-27 23:45:41.113  5138  5410 W MediaProvider: Missing volume for /system/media/audio/ringtones/Lyra.ogg; assuming invalid
07-27 23:45:41.117  5138  5410 W MediaProvider: Missing volume for /system/media/audio/ringtones/Machina.ogg; assuming invalid
07-27 23:45:41.121  5138  5410 W MediaProvider: Missing volume for /system/media/audio/ringtones/MidEvilJaunt.ogg; assuming invalid
07-27 23:45:41.124  5138  5410 W MediaProvider: Missing volume for /system/media/audio/ringtones/MildlyAlarming.ogg; assuming invalid
07-27 23:45:41.129  5138  5410 W MediaProvider: Missing volume for /system/media/audio/ringtones/Nairobi.ogg; assuming invalid
07-27 23:45:41.132  5138  5410 W MediaProvider: Missing volume for /system/media/audio/ringtones/Nassau.ogg; assuming invalid
07-27 23:45:41.136  5138  5410 W MediaProvider: Missing volume for /system/media/audio/ringtones/NewPlayer.ogg; assuming invalid
07-27 23:45:41.139  5138  5410 W MediaProvider: Missing volume for /system/media/audio/ringtones/No_Limits.ogg; assuming invalid
07-27 23:45:41.143  5138  5410 W MediaProvider: Missing volume for /system/media/audio/ringtones/Noises1.ogg; assuming invalid
07-27 23:45:41.147  5138  5410 W MediaProvider: Missing volume for /system/media/audio/ringtones/Noises2.ogg; assuming invalid
07-27 23:45:41.150  5138  5410 W MediaProvider: Missing volume for /system/media/audio/ringtones/Noises3.ogg; assuming invalid
07-27 23:45:41.154  5138  5410 W MediaProvider: Missing volume for /system/media/audio/ringtones/OrganDub.ogg; assuming invalid
07-27 23:45:41.159  5138  5410 W MediaProvider: Missing volume for /system/media/audio/ringtones/Orion.ogg; assuming invalid
07-27 23:45:41.165  5138  5410 W MediaProvider: Missing volume for /system/media/audio/ringtones/PERSEUS.ogg; assuming invalid
07-27 23:45:41.168  5138  5410 W MediaProvider: Missing volume for /system/media/audio/ringtones/Paradise_Island.ogg; assuming invalid
07-27 23:45:41.172  5138  5410 W MediaProvider: Missing volume for /system/media/audio/ringtones/Pegasus.ogg; assuming invalid
07-27 23:45:41.188  5138  5410 W MediaProvider: Missing volume for /system/media/audio/ringtones/Perseus.ogg; assuming invalid
07-27 23:45:41.191  5138  5410 W MediaProvider: Missing volume for /system/media/audio/ringtones/Playa.ogg; assuming invalid
07-27 23:45:41.195  5138  5410 W MediaProvider: Missing volume for /system/media/audio/ringtones/Pyxis.ogg; assuming invalid
07-27 23:45:41.198  2480  3018 E MetadataRetrieverClient: failed to extract an album art
07-27 23:45:41.199  5138  5410 W MediaProvider: Missing volume for /system/media/audio/ringtones/Rasalas.ogg; assuming invalid
07-27 23:45:41.202  5138  5410 W MediaProvider: Missing volume for /system/media/audio/ringtones/Revelation.ogg; assuming invalid
07-27 23:45:41.206  5138  5410 W MediaProvider: Missing volume for /system/media/audio/ringtones/Rigel.ogg; assuming invalid
07-27 23:45:41.210  5138  5410 W MediaProvider: Missing volume for /system/media/audio/ringtones/Ring_Classic_02.ogg; assuming invalid
07-27 23:45:41.213  5138  5410 W MediaProvider: Missing volume for /system/media/audio/ringtones/Ring_Digital_02.ogg; assuming invalid
07-27 23:45:41.217  5138  5410 W MediaProvider: Missing volume for /system/media/audio/ringtones/Ring_Synth_02.ogg; assuming invalid
07-27 23:45:41.221  5138  5410 W MediaProvider: Missing volume for /system/media/audio/ringtones/Ring_Synth_04.ogg; assuming invalid
07-27 23:45:41.224  5138  5410 W MediaProvider: Missing volume for /system/media/audio/ringtones/Road_Trip.ogg; assuming invalid
07-27 23:45:41.227  5138  5410 W MediaProvider: Missing volume for /system/media/audio/ringtones/RomancingTheTone.ogg; assuming invalid
07-27 23:45:41.231  5138  5410 W MediaProvider: Missing volume for /system/media/audio/ringtones/Safari.ogg; assuming invalid
07-27 23:45:41.234  5138  5410 W MediaProvider: Missing volume for /system/media/audio/ringtones/Savannah.ogg; assuming invalid
07-27 23:45:41.238  5138  5410 W MediaProvider: Missing volume for /system/media/audio/ringtones/Scarabaeus.ogg; assuming invalid
07-27 23:45:41.242  5138  5410 W MediaProvider: Missing volume for /system/media/audio/ringtones/Sceptrum.ogg; assuming invalid
07-27 23:45:41.245  5138  5410 W MediaProvider: Missing volume for /system/media/audio/ringtones/Seville.ogg; assuming invalid
07-27 23:45:41.248  5138  5410 W MediaProvider: Missing volume for /system/media/audio/ringtones/Shes_All_That.ogg; assuming invalid
07-27 23:45:41.251  5138  5410 W MediaProvider: Missing volume for /system/media/audio/ringtones/SilkyWay.ogg; assuming invalid
07-27 23:45:41.255  5138  5410 W MediaProvider: Missing volume for /system/media/audio/ringtones/SitarVsSitar.ogg; assuming invalid
07-27 23:45:41.259  5138  5410 W MediaProvider: Missing volume for /system/media/audio/ringtones/Solarium.ogg; assuming invalid
07-27 23:45:41.262  5138  5410 W MediaProvider: Missing volume for /system/media/audio/ringtones/SpringyJalopy.ogg; assuming invalid
07-27 23:45:41.265  5138  5410 W MediaProvider: Missing volume for /system/media/audio/ringtones/Steppin_Out.ogg; assuming invalid
07-27 23:45:41.268  5138  5410 W MediaProvider: Missing volume for /system/media/audio/ringtones/Terminated.ogg; assuming invalid
07-27 23:45:41.273  5138  5410 W MediaProvider: Missing volume for /system/media/audio/ringtones/Testudo.ogg; assuming invalid
07-27 23:45:41.277  5138  5410 W MediaProvider: Missing volume for /system/media/audio/ringtones/Themos.ogg; assuming invalid
07-27 23:45:41.281  5138  5410 W MediaProvider: Missing volume for /system/media/audio/ringtones/Third_Eye.ogg; assuming invalid
07-27 23:45:41.284  5138  5410 W MediaProvider: Missing volume for /system/media/audio/ringtones/Thunderfoot.ogg; assuming invalid
07-27 23:45:41.287  5138  5410 W MediaProvider: Missing volume for /system/media/audio/ringtones/TwirlAway.ogg; assuming invalid
07-27 23:45:41.290  5138  5410 W MediaProvider: Missing volume for /system/media/audio/ringtones/URSAMINOR.ogg; assuming invalid
07-27 23:45:41.294  5138  5410 W MediaProvider: Missing volume for /system/media/audio/ringtones/UrsaMinor.ogg; assuming invalid
07-27 23:45:41.297  5138  5410 W MediaProvider: Missing volume for /system/media/audio/ringtones/VeryAlarmed.ogg; assuming invalid
07-27 23:45:41.301  5138  5410 W MediaProvider: Missing volume for /system/media/audio/ringtones/Vespa.ogg; assuming invalid
07-27 23:45:41.304  5138  5410 W MediaProvider: Missing volume for /system/media/audio/ringtones/World.ogg; assuming invalid
07-27 23:45:41.309  5138  5410 W MediaProvider: Missing volume for /system/media/audio/ringtones/Zeta.ogg; assuming invalid
07-27 23:45:41.312  5138  5410 W MediaProvider: Missing volume for /system/media/audio/ringtones/hydra.ogg; assuming invalid
07-27 23:45:41.319  5138  5410 W MediaProvider: Missing volume for /system/media/audio/ui/Dock.ogg; assuming invalid
07-27 23:45:41.323  5138  5410 W MediaProvider: Missing volume for /system/media/audio/ui/Effect_Tick.ogg; assuming invalid
07-27 23:45:41.328  5138  5410 W MediaProvider: Missing volume for /system/media/audio/ui/KeypressDelete.ogg; assuming invalid
07-27 23:45:41.333  5138  5410 W MediaProvider: Missing volume for /system/media/audio/ui/KeypressInvalid.ogg; assuming invalid
07-27 23:45:41.338  5138  5410 W MediaProvider: Missing volume for /system/media/audio/ui/KeypressReturn.ogg; assuming invalid
07-27 23:45:41.342  5138  5410 W MediaProvider: Missing volume for /system/media/audio/ui/KeypressSpacebar.ogg; assuming invalid
07-27 23:45:41.345  2480  3018 E MetadataRetrieverClient: failed to extract an album art
07-27 23:45:41.346  5138  5410 W MediaProvider: Missing volume for /system/media/audio/ui/KeypressStandard.ogg; assuming invalid
07-27 23:45:41.350  5138  5410 W MediaProvider: Missing volume for /system/media/audio/ui/Lock.ogg; assuming invalid
07-27 23:45:41.354  5138  5410 W MediaProvider: Missing volume for /system/media/audio/ui/LowBattery.ogg; assuming invalid
07-27 23:45:41.358  5138  5410 W MediaProvider: Missing volume for /system/media/audio/ui/Trusted.ogg; assuming invalid
07-27 23:45:41.362  5138  5410 W MediaProvider: Missing volume for /system/media/audio/ui/Undock.ogg; assuming invalid
07-27 23:45:41.365  5138  5410 W MediaProvider: Missing volume for /system/media/audio/ui/Unlock.ogg; assuming invalid
07-27 23:45:41.370  5138  5410 W MediaProvider: Missing volume for /system/media/audio/ui/VideoRecord.ogg; assuming invalid
07-27 23:45:41.373  5138  5410 W MediaProvider: Missing volume for /system/media/audio/ui/VideoStop.ogg; assuming invalid
07-27 23:45:41.377  5138  5410 W MediaProvider: Missing volume for /system/media/audio/ui/WirelessChargingStarted.ogg; assuming invalid
07-27 23:45:41.380  5138  5410 W MediaProvider: Missing volume for /system/media/audio/ui/camera_click.ogg; assuming invalid
07-27 23:45:41.384  5138  5410 W MediaProvider: Missing volume for /system/media/audio/ui/camera_focus.ogg; assuming invalid
07-27 23:45:41.495  5138  5410 V MediaScanner: pruneDeadThumbnailFiles... android.database.sqlite.SQLiteCursor@5d8dbcd
07-27 23:45:41.496  5138  5410 V MediaScanner: /pruneDeadThumbnailFiles... android.database.sqlite.SQLiteCursor@5d8dbcd
07-27 23:45:43.196  2480  3015 I audio_hw_primary: do_out_standby standby: 0, out_device: 2
07-27 23:45:43.227  2480  3015 I audio_hw_primary: select_devices++ mode[0]
07-27 23:45:43.227  2480  3015 I audio_hw_primary: output_device_id is 0, output_route is null;input_source_id is 0, input_route is null.
07-27 23:45:43.227  2480  3015 V audio_hw_primary: original selected output route none input route none
07-27 23:45:43.227  2480  3015 V audio_hw_primary: custom selected input route none
07-27 23:45:43.228  2480  3015 V audio_hw_primary: custom selected output route none
07-27 23:45:43.228  2480  3015 V audio_hw_primary: select_devices() devices 0 input src 0 output route none input route none
07-27 23:45:43.228  2480  3015 V audio_hw_primary: forced_out 0 out_device 0 
07-27 23:45:43.272  2480  3015 I TFA9895_SPK: tfa9895 spk power off!
07-27 23:45:43.272  2480  3015 D earpice_pa: open /dev/ear_pa.
07-27 23:45:43.272  2480  3015 D earpice_pa: close /dev/ear_pa.
07-27 23:45:43.272  2480  3015 I dsp_common: dsp_common_control_algo:set device = 0
07-27 23:45:43.273  2480  3015 I audio_route: route change HISSC_STEREO_DLINK_L_PGA_INTEGER_CONFIG value[0] 0
07-27 23:45:43.273  2480  3015 I audio_route: route change HISSC_STEREO_DLINK_L_PGA_FRAC_CONFIG value[0] 0
07-27 23:45:43.273  2480  3015 I audio_route: route change HISSC_STEREO_DLINK_R_PGA_INTEGER_CONFIG value[0] 0
07-27 23:45:43.274  2480  3015 I audio_route: route change HISSC_STEREO_DLINK_R_PGA_FRAC_CONFIG value[0] 0
07-27 23:45:43.274  2480  3015 I audio_route: route change HISSC_DACL_AGC_BYPASS value[0] 0
07-27 23:45:43.274  2480  3015 I audio_route: route change HISSC_DACL_AGC_USR_GDB_INTEGER value[0] 0
07-27 23:45:43.274  2480  3015 I audio_route: route change HISSC_DACR_AGC_BYPASS value[0] 0
07-27 23:45:43.274  2480  3015 I audio_route: route change HISSC_DACR_AGC_USR_GDB_INTEGER value[0] 0
07-27 23:45:43.275  2480  3015 I audio_route: route change HISSC_FS_STEREO_DLINK_L value[0] 0
07-27 23:45:43.275  2480  3015 I audio_route: route change HISSC_FS_STEREO_DLINK_R value[0] 0
07-27 23:45:43.276  2480  3015 I audio_route: route change HISSC_FS_DACLR value[0] 0
07-27 23:45:43.276  2480  3015 I audio_route: route change HISSC_FS_S1 value[0] 0
07-27 23:45:43.276  2480  3015 I audio_route: route change STEREO_DLINK_TEST_SEL MUX value 0
07-27 23:45:43.277  2480  3015 I audio_route: route change SIF_EN MIXER SIF_DACL_EN value[0] 0
07-27 23:45:43.278  2480  3015 I audio_route: route change SIF_EN MIXER SIF_DACR_EN value[0] 0
07-27 23:45:43.279  2480  3015 I audio_route: route change DACR_MIXER_EN MIXER DACR_MIXER_IN2_MUTE value[0] 0
07-27 23:45:43.280  2480  3015 I audio_route: route change DACL_MIXER_EN MIXER DACL_MIXER_IN2_MUTE value[0] 0
07-27 23:45:43.281  2480  3015 I audio_route: route change S1_IF_TX_ENA MIXER DAC_LR value[0] 0
07-27 23:45:43.282  2480  3015 I dsp_common: dsp_common_control_algo:set device = 0
07-27 23:45:43.282  2480  3015 I audio_hw_primary: select_devices--
07-27 23:45:44.607  2485  2485 E Thermal-daemon: [ap] temp_new :44  temp_old :45
07-27 23:45:44.607  2485  2485 E         : logPower_print not support
07-27 23:45:44.607  2485  2485 E Thermal-daemon: Report temperature: [ap] temp :44  report_threshold:1
07-27 23:45:45.598  5539  5539 E Lss     : Unable to open info file /data/gnss/pgps/cell_info.dat
07-27 23:45:45.598  5539  5539 W Lss     : Unable to open file /data/gnss/pgps/data_provider00 for reading
07-27 23:45:45.604  5539  5539 E Lss     : Unable to open file /data/gnss/pgps/gnss_response.dat
07-27 23:45:45.604  5539  5539 W Lss     : Response does not contain status bytes. Len is only : 0
07-27 23:45:45.605  5539  5539 E Lss     : Empty response
07-27 23:45:45.608  5539  5539 W Lss     : Unable to open file /data/gnss/pgps/adgt_data00 for reading
07-27 23:45:45.608  5539  5539 W Lss     : Unable to open file /data/gnss/pgps/adgt_data01 for reading
07-27 23:45:45.608  5539  5539 W Lss     : Unable to open file /data/gnss/pgps/adgt_data02 for reading
07-27 23:45:45.610  5539  5539 W Lss     : Unable to open file /data/gnss/pgps/ephem00 for reading
07-27 23:45:45.610  5539  5539 W Lss     : Unable to open file /data/gnss/pgps/ephem01 for reading
07-27 23:45:45.610  5539  5539 W Lss     : Unable to open file /data/gnss/pgps/ephem02 for reading
07-27 23:45:45.610  5539  5539 W Lss     : Unable to open file /data/gnss/pgps/ephem03 for reading
07-27 23:45:45.610  5539  5539 W Lss     : Unable to open file /data/gnss/pgps/ephem04 for reading
07-27 23:45:45.610  5539  5539 W Lss     : Unable to open file /data/gnss/pgps/ephem05 for reading
07-27 23:45:45.610  5539  5539 W Lss     : Unable to open file /data/gnss/pgps/ephem06 for reading
07-27 23:45:45.610  5539  5539 W Lss     : Unable to open file /data/gnss/pgps/ephem07 for reading
07-27 23:45:45.610  5539  5539 W Lss     : Unable to open file /data/gnss/pgps/ephem08 for reading
07-27 23:45:45.610  5539  5539 W Lss     : Unable to open file /data/gnss/pgps/ephem09 for reading
07-27 23:45:45.610  5539  5539 W Lss     : Unable to open file /data/gnss/pgps/ephem10 for reading
07-27 23:45:45.610  5539  5539 W Lss     : Unable to open file /data/gnss/pgps/ephem11 for reading
07-27 23:45:45.610  5539  5539 W Lss     : Unable to open file /data/gnss/pgps/ephem12 for reading
07-27 23:45:45.610  5539  5539 W Lss     : Unable to open file /data/gnss/pgps/ephem13 for reading
07-27 23:45:45.610  5539  5539 W Lss     : Unable to open file /data/gnss/pgps/ephem14 for reading
07-27 23:45:45.610  5539  5539 W Lss     : Unable to open file /data/gnss/pgps/ephem15 for reading
07-27 23:45:45.611  5539  5539 W Lss     : Unable to open file /data/gnss/pgps/ephem16 for reading
07-27 23:45:45.611  5539  5539 W Lss     : Unable to open file /data/gnss/pgps/ephem17 for reading
07-27 23:45:45.611  5539  5539 W Lss     : Unable to open file /data/gnss/pgps/ephem18 for reading
07-27 23:45:45.611  5539  5539 W Lss     : Unable to open file /data/gnss/pgps/ephem19 for reading
07-27 23:45:45.611  5539  5539 W Lss     : Unable to open file /data/gnss/pgps/ephem20 for reading
07-27 23:45:45.611  5539  5539 W Lss     : Unable to open file /data/gnss/pgps/ephem21 for reading
07-27 23:45:45.611  5539  5539 W Lss     : Unable to open file /data/gnss/pgps/ephem22 for reading
07-27 23:45:45.611  5539  5539 W Lss     : Unable to open file /data/gnss/pgps/ephem23 for reading
07-27 23:45:45.611  5539  5539 W Lss     : Unable to open file /data/gnss/pgps/ephem24 for reading
07-27 23:45:45.611  5539  5539 W Lss     : Unable to open file /data/gnss/pgps/ephem25 for reading
07-27 23:45:45.611  5539  5539 W Lss     : Unable to open file /data/gnss/pgps/ephem26 for reading
07-27 23:45:45.611  5539  5539 W Lss     : Unable to open file /data/gnss/pgps/ephem27 for reading
07-27 23:45:45.611  5539  5539 W Lss     : Unable to open file /data/gnss/pgps/ephem28 for reading
07-27 23:45:45.611  5539  5539 W Lss     : Unable to open file /data/gnss/pgps/ephem29 for reading
07-27 23:45:45.611  5539  5539 W Lss     : Unable to open file /data/gnss/pgps/ephem30 for reading
07-27 23:45:45.611  5539  5539 W Lss     : Unable to open file /data/gnss/pgps/ephem31 for reading
07-27 23:45:45.612  5539  5539 E Lss     : Unable to open info file /data/gnss/pgps/cell_info.dat
07-27 23:45:45.612  5539  5539 W Lss     : No navigation model sequences available
07-27 23:45:45.612  5539  5539 W Lss     : No almanac model sequences available
07-27 23:45:45.612  5539  5539 W Lss     : No Glonass almanacs available
07-27 23:45:45.612  5539  5539 W Lss     : No Beidou almanacs available
07-27 23:45:47.759  3014  3014 I mediaserver: type=1400 audit(0.0:163): avc: denied { read } for ppid=1 ppid_comm="init" scontext=u:r:mediaserver:s0 tcontext=u:r:mediaserver:s0 tclass=netlink_kobject_uevent_socket permissive=1
07-27 23:45:49.373  3032  3079 I ActivityManager: Waited long enough for: ServiceRecord{81904c9 u0 com.android.calendar/.alerts.InitAlarmsService}
07-27 23:45:49.607  2485  2485 E Thermal-daemon: [charger_ic] temp_new :43  temp_old :44
07-27 23:45:49.607  2485  2485 E         : logPower_print not support
07-27 23:45:49.608  2485  2485 E Thermal-daemon: Report temperature: [charger_ic] temp :43  report_threshold:1
07-27 23:45:49.608  2485  2485 E Thermal-daemon: [ap] temp_new :43  temp_old :44
07-27 23:45:49.608  2485  2485 E         : logPower_print not support
07-27 23:45:49.608  2485  2485 E Thermal-daemon: Report temperature: [ap] temp :43  report_threshold:1
07-27 23:45:54.608  2485  2485 E Thermal-daemon: [charger_ic] temp_new :42  temp_old :43
07-27 23:45:54.609  2485  2485 E         : logPower_print not support
07-27 23:45:54.609  2485  2485 E Thermal-daemon: Report temperature: [charger_ic] temp :42  report_threshold:1
07-27 23:45:54.609  2485  2485 E Thermal-daemon: [ap] temp_new :42  temp_old :43
07-27 23:45:54.609  2485  2485 E         : logPower_print not support
07-27 23:45:54.609  2485  2485 E Thermal-daemon: Report temperature: [ap] temp :42  report_threshold:1
07-27 23:45:57.189  4662  4752 I vol.Events: writeEvent level_changed STREAM_MUSIC 10
07-27 23:45:59.609  2485  2485 E Thermal-daemon: [ap] temp_new :41  temp_old :42
07-27 23:45:59.610  2485  2485 E         : logPower_print not support
07-27 23:45:59.610  2485  2485 E Thermal-daemon: Report temperature: [ap] temp :41  report_threshold:1
07-27 23:46:00.012  3032  3032 I ActivityManager: Killing 5003:com.android.settings:CryptKeeper/1000 (adj 15): empty #17
07-27 23:46:00.084  3032  3032 I ActivityManager: Killing 5026:com.android.externalstorage/u0a17 (adj 15): empty #18
07-27 23:46:00.185  3032  3078 W art     : Long monitor contention event with owner method=void com.android.server.am.ActivityManagerService.trimApplications() from ActivityManagerService.java:19805 waiters=1 for 177ms
07-27 23:46:00.190  3032  3076 D ActivityManager: cleanUpApplicationRecord -- 5003
07-27 23:46:00.193  3032  4628 D ActivityManager: cleanUpApplicationRecord -- 5026
07-27 23:46:00.225  3032  4997 I ActivityManager: Killing 5056:com.android.provision/u0a51 (adj 15): empty #17
07-27 23:46:00.278  3032  4628 D ActivityManager: cleanUpApplicationRecord -- 5056
07-27 23:46:04.383  5356  5445 D InitAlarmsService: Clearing and rescheduling alarms.
07-27 23:46:04.610  2485  2485 E Thermal-daemon: [charger_ic] temp_new :41  temp_old :42
07-27 23:46:04.610  2485  2485 E         : logPower_print not support
07-27 23:46:04.610  2485  2485 E Thermal-daemon: Report temperature: [charger_ic] temp :41  report_threshold:1
07-27 23:46:09.610  2485  2485 E Thermal-daemon: [ap] temp_new :40  temp_old :41
07-27 23:46:09.610  2485  2485 E         : logPower_print not support
07-27 23:46:09.610  2485  2485 E Thermal-daemon: Report temperature: [ap] temp :40  report_threshold:1
07-27 23:46:14.611  2485  2485 E Thermal-daemon: [charger_ic] temp_new :40  temp_old :41
07-27 23:46:14.611  2485  2485 E         : logPower_print not support
07-27 23:46:14.611  2485  2485 E Thermal-daemon: Report temperature: [charger_ic] temp :40  report_threshold:1
07-27 23:46:24.612  2485  2485 E Thermal-daemon: [ap] temp_new :39  temp_old :40
07-27 23:46:24.612  2485  2485 E         : logPower_print not support
07-27 23:46:24.612  2485  2485 E Thermal-daemon: Report temperature: [ap] temp :39  report_threshold:1
07-27 23:46:27.337  3032  3032 I ActivityManager: Killing 5254:com.slim.settings/1000 (adj 15): empty #17
07-27 23:46:27.447  3032  4568 D ActivityManager: cleanUpApplicationRecord -- 5254
07-27 23:46:33.139  3032  4550 D         : file:device/hisi/common/liblights/lights.c, func:set_light_backlight, brightness=6
07-27 23:46:33.155  3032  4550 D         : file:device/hisi/common/liblights/lights.c, func:set_light_backlight, brightness=2
07-27 23:46:33.171  3032  4550 D         : file:device/hisi/common/liblights/lights.c, func:set_light_backlight, brightness=1
07-27 23:46:40.120  3032  3086 I PowerManagerService: Going to sleep due to screen timeout (uid 1000)...
07-27 23:46:40.126  3032  3086 I PowerManagerService: Sleeping (uid 1000)...
07-27 23:46:40.139  3086  3086 I PowerManagerSer: type=1400 audit(0.0:164): avc: denied { read write } for ppid=2487 ppid_comm="main" name="mali" dev="tmpfs" ino=222 scontext=u:r:system_server:s0 tcontext=u:object_r:device:s0 tclass=chr_file permissive=1
07-27 23:46:40.139  3086  3086 I PowerManagerSer: type=1400 audit(0.0:165): avc: denied { open } for ppid=2487 ppid_comm="main" path="/dev/mali" dev="tmpfs" ino=222 scontext=u:r:system_server:s0 tcontext=u:object_r:device:s0 tclass=chr_file permissive=1
07-27 23:46:40.139  3086  3086 I PowerManagerSer: type=1400 audit(0.0:166): avc: denied { getattr } for ppid=2487 ppid_comm="main" path="/dev/mali" dev="tmpfs" ino=222 scontext=u:r:system_server:s0 tcontext=u:object_r:device:s0 tclass=chr_file permissive=1
07-27 23:46:40.139  3086  3086 I PowerManagerSer: type=1400 audit(0.0:167): avc: denied { ioctl } for ppid=2487 ppid_comm="main" path="/dev/mali" dev="tmpfs" ino=222 ioctlcmd=8203 scontext=u:r:system_server:s0 tcontext=u:object_r:device:s0 tclass=chr_file permissive=1
07-27 23:46:40.163  2445  2542 I [Gralloc]: alloc w[720] h[1280] format[1] usage[3842]
07-27 23:46:40.164  2445  2542 I [Gralloc]: alloc succ handle[0x7fb72e0540] stride[720]
07-27 23:46:40.167  2445  2542 D PermissionCache: checking android.permission.READ_FRAME_BUFFER for uid=1000 => granted (342 us)
07-27 23:46:40.171  2445  2542 I [Gralloc]: alloc w[720] h[1280] format[1] usage[819]
07-27 23:46:40.173  2445  2542 I [Gralloc]: alloc succ handle[0x7fb718b760] stride[720]
07-27 23:46:40.169  2445  2445 I surfaceflinger: type=1400 audit(0.0:168): avc: denied { read write } for ppid=1 ppid_comm="init" path="/dev/mali" dev="tmpfs" ino=222 scontext=u:r:surfaceflinger:s0 tcontext=u:object_r:device:s0 tclass=chr_file permissive=1
07-27 23:46:40.204  2445  2540 I [Gralloc]: alloc w[720] h[1280] format[1] usage[3842]
07-27 23:46:40.206  2445  2540 I [Gralloc]: alloc succ handle[0x7fb72e0380] stride[720]
07-27 23:46:40.228  2445  2806 I [Gralloc]: alloc w[720] h[1280] format[1] usage[3842]
07-27 23:46:40.231  2445  2806 I [Gralloc]: alloc succ handle[0x7fb72e0a80] stride[720]
07-27 23:46:40.303  2445  3855 I [Gralloc]: alloc w[720] h[1280] format[1] usage[3842]
07-27 23:46:40.305  2445  3855 I [Gralloc]: alloc succ handle[0x7fb718b760] stride[720]
07-27 23:46:40.592  3032  4550 D         : file:device/hisi/common/liblights/lights.c, func:set_light_backlight, brightness=0
07-27 23:46:40.595  3032  3086 D Sensors : sensors_poll_context_t->activate(handle: 0, enabled: 0)
07-27 23:46:40.596  3032  3086 D Sensors : AccelerometerSensor:virtual int AccelerometerSensor::enable(int32_t, int): fd (188 ),en (0),flags(0), mEnabled(1),input_sys_path (/sys/class/sensors/acc_sensor/enable)
07-27 23:46:40.597  3032  3086 V KeyguardServiceDelegate: onScreenTurnedOff()
07-27 23:46:40.610  3032  3086 E libEGL  : call to OpenGL ES API with no current context (logged once per thread)
07-27 23:46:40.611  3032  3086 D Sensors : sensors_poll_context_t->activate(handle: 3, enabled: 0)
07-27 23:46:40.611  3032  3086 D Sensors : virtual int LightSensor::enable(int32_t, int): fd (100 ),flags(0), mEnabled(1),input_sys_path (/sys/class/sensors/als_sensor/enable)
07-27 23:46:40.613  3032  3084 I DisplayManagerService: Display device changed state: "Built-in Screen", OFF
07-27 23:46:40.619  2445  2445 D SurfaceFlinger: Set power mode=0, type=0 flinger=0x7fb7783c00
07-27 23:46:40.627  3032  4532 D WifiConfigStore: Retrieve network priorities after PNO.
07-27 23:46:40.628  3032  4532 E WifiStateMachine:  Fail to set up pno, want false now false
07-27 23:46:40.628  2480  5214 V audio_hw_primary: adev set parameters kvpairs: screen_state=on
07-27 23:46:40.628  2480  5214 V default_custom: default custom set parameters kvpairs: screen_state=on
07-27 23:46:40.628  2480  5214 V audio_hw_primary: audio_custom_set_parameters excute succseed.
07-27 23:46:40.628  2480  5214 E bt_a2dp_hw: adev_set_parameters: ERROR: set param called even when stream out is null
07-27 23:46:40.635  4957  5553 D NfcService: Discovery configuration equal, not updating.
07-27 23:46:40.638  3032  4532 D WifiConfigStore: Retrieve network priorities after PNO.
07-27 23:46:40.638  2480  4780 V audio_hw_primary: adev set parameters kvpairs: screen_state=off
07-27 23:46:40.638  2480  4780 V default_custom: default custom set parameters kvpairs: screen_state=off
07-27 23:46:40.639  2480  4780 V audio_hw_primary: audio_custom_set_parameters excute succseed.
07-27 23:46:40.639  3032  4532 E WifiStateMachine:  Fail to set up pno, want false now false
07-27 23:46:40.639  2480  4780 E bt_a2dp_hw: adev_set_parameters: ERROR: set param called even when stream out is null
07-27 23:46:40.645  4957  5555 D BrcmNfcJni: nfcManager_disableDiscovery: enter;
07-27 23:46:40.645  4957  5555 D BrcmNfcJni: pn544InteropAbortNow
07-27 23:46:40.645  4957  5555 D BrcmNfcJni: startRfDiscovery: is start=0
07-27 23:46:40.645  4957  5555 I BrcmNfcNfa: NFA_StopRfDiscovery ()
07-27 23:46:40.645  4957  5115 I BrcmNfcNfa: NFA got event 0x010F
07-27 23:46:40.645  4957  5115 I BrcmNfcNfa: nfa_dm_evt_hdlr event: NFA_DM_API_STOP_RF_DISCOVERY_EVT (0x0f)
07-27 23:46:40.645  4957  5115 I BrcmNfcNfa: nfa_dm_act_stop_rf_discovery ()
07-27 23:46:40.645  4957  5115 I BrcmNfcNfa: nfa_dm_rf_deactivate () deactivate_type:0x0
07-27 23:46:40.645  4957  5115 I BrcmNfcNfa: nfa_dm_disc_sm_execute (): state: DISCOVERY (1), event: DEACTIVATE_CMD(6) disc_flags: 0x2
07-27 23:46:40.645  4957  5115 I BrcmNfcNfa: NFC_Deactivate 4 (IDLE) deactivate_type:0
07-27 23:46:40.645  4957  5115 D NfcAdaptation: NfcAdaptation::HalWrite
07-27 23:46:40.645  4957  5115 D NxpExtns: const CNfcParam* CNfcConfig::find(const char*) const found MIFARE_READER_ENABLE=(0x1)
07-27 23:46:40.646  4957  5158 D NxpTml  : PN54X - Write requested.....
07-27 23:46:40.646  4957  5158 D NxpTml  : PN54X - Invoking I2C Write.....
07-27 23:46:40.666  4957  5158 D NxpNciX : len =   4 > 21060100
07-27 23:46:40.666  4957  5158 D NxpTml  : PN54X - I2C Write successful.....
07-27 23:46:40.666  4957  5158 D NxpTml  : PN54X - Posting Fresh Write message.....
07-27 23:46:40.666  4957  5158 D NxpTml  : PN54X - Tml Writer Thread Running................
07-27 23:46:40.666  4957  5160 D NxpHal  : write successful status = 0x0
07-27 23:46:40.666  4957  5157 D NxpTml  : PN54X - I2C Read successful.....
07-27 23:46:40.666  4957  5115 I BrcmNfcNfa: nfa_dm_disc_sm_execute (): new state: DISCOVERY (1), disc_flags: 0x22
07-27 23:46:40.666  4957  5157 D NxpNciR : len =   4 > 41060100
07-27 23:46:40.666  4957  5115 I BrcmNfcNfa: nfa_sys_ptim_stop_timer b31fcdd8
07-27 23:46:40.666  4957  5157 D NxpTml  : PN54X - Posting read message.....
07-27 23:46:40.666  4957  5115 I BrcmNfcNfa: ptim timer stop
07-27 23:46:40.666  4957  5115 I BrcmNfcNfa: Stopped presence check timer (if started)
07-27 23:46:40.666  4957  5160 D NxpHal  : read successful status = 0x0
07-27 23:46:40.667  4957  5160 D NfcAdaptation: NfcAdaptation::HalDeviceContextDataCallback: len=4
07-27 23:46:40.667  4957  5115 I BrcmNfcNfa: NFC received rsp gid:1
07-27 23:46:40.667  4957  5157 D NxpTml  : PN54X - Read requested.....
07-27 23:46:40.667  4957  5157 D NxpTml  : PN54X - Invoking I2C Read.....
07-27 23:46:40.667  4957  5115 I BrcmNfcNfa: p2p priority is running under bail out mode ONLY.
07-27 23:46:40.667  4957  5115 I BrcmNfcNfa: nfc_set_state 4 (IDLE)->4 (IDLE)
07-27 23:46:40.667  4957  5115 I BrcmNfcNfa: nfa_dm_disc_data_cback ()
07-27 23:46:40.667  4957  5115 I BrcmNfcNfa: nfa_dm_disc_discovery_cback (): event:0x4005
07-27 23:46:40.667  4957  5115 I BrcmNfcNfa: nfa_dm_disc_sm_execute (): state: DISCOVERY (1), event: DEACTIVATE_RSP(7) disc_flags: 0x22
07-27 23:46:40.667  4957  5115 I BrcmNfcNfa: nfa_dm_disc_new_state (): old_state: DISCOVERY (1), new_state: IDLE (0) disc_flags: 0x2
07-27 23:46:40.667  4957  5115 D BrcmNfcJni: nfaConnectionCallback: event= 31
07-27 23:46:40.667  4957  5115 D BrcmNfcJni: nfaConnectionCallback: NFA_RF_DISCOVERY_STOPPED_EVT: status = 0
07-27 23:46:40.667  4957  5115 I BrcmNfcNfa: nfa_dm_start_rf_discover ()
07-27 23:46:40.667  4957  5555 D BrcmNfcJni: stopPolling_rfDiscoveryDisabled: disable polling
07-27 23:46:40.667  4957  5115 I BrcmNfcNfa: nfa_dm_disc_sm_execute (): new state: IDLE (0), disc_flags: 0x0
07-27 23:46:40.667  4957  5555 I BrcmNfcNfa: NFA_DisablePolling ()
07-27 23:46:40.667  4957  5115 I BrcmNfcNfa: NFA got event 0x0107
07-27 23:46:40.667  4957  5115 I BrcmNfcNfa: nfa_dm_evt_hdlr event: NFA_DM_API_DISABLE_POLLING_EVT (0x07)
07-27 23:46:40.667  4957  5115 I BrcmNfcNfa: nfa_dm_act_disable_polling ()
07-27 23:46:40.667  4957  5115 I BrcmNfcNfa: nfa_dm_deactivate_polling ()
07-27 23:46:40.667  4957  5115 I BrcmNfcNfa: nfa_dm_delete_rf_discover () handle=0x1
07-27 23:46:40.667  4957  5115 D BrcmNfcJni: nfaConnectionCallback: event= 1
07-27 23:46:40.667  4957  5115 D BrcmNfcJni: nfaConnectionCallback: NFA_POLL_DISABLED_EVT: status = 0
07-27 23:46:40.667  4957  5555 D BrcmNfcJni: PeerToPeer::enableP2pListening: enter isEnable: 0  mIsP2pListening: 1
07-27 23:46:40.667  4957  5555 I BrcmNfcNfa: NFA_P2pSetListenTech (): tech_mask:0x0
07-27 23:46:40.667  4957  5115 I BrcmNfcNfa: NFA got event 0x010D
07-27 23:46:40.667  4957  5115 I BrcmNfcNfa: nfa_dm_evt_hdlr event: NFA_DM_API_SET_P2P_LISTEN_TECH_EVT (0x0d)
07-27 23:46:40.667  4957  5115 I BrcmNfcNfa: nfa_dm_set_p2p_listen_tech ()  tech_mask = 0
07-27 23:46:40.667  4957  5115 I BrcmNfcNfa: nfa_p2p_update_listen_tech ()  tech_mask = 0x0
07-27 23:46:40.667  4957  5115 I BrcmNfcNfa: nfa_dm_delete_rf_discover () handle=0x2
07-27 23:46:40.667  4957  5115 I BrcmNfcNfa: nfa_p2p_enable_listening () sys_id = 3, update_wks = 0
07-27 23:46:40.667  4957  5115 D BrcmNfcJni: nfaConnectionCallback: event= 33
07-27 23:46:40.667  4957  5115 D BrcmNfcJni: nfaConnectionCallback: NFA_SET_P2P_LISTEN_TECH_EVT
07-27 23:46:40.667  4957  5555 D BrcmNfcJni: PeerToPeer::enableP2pListening: exit; mIsP2pListening: 0
07-27 23:46:40.667  4957  5555 D BrcmNfcJni: PowerSwitch::setModeOff(deactivated=0x1) : mCurrActivity=0x0
07-27 23:46:40.667  4957  5555 D BrcmNfcJni: PowerSwitch::setLevel: level=PS-LOW-POWER (2)
07-27 23:46:40.667  4957  5555 D BrcmNfcJni: PowerSwitch::setLevel: actual power level=PS-FULL
07-27 23:46:40.667  4957  5555 D BrcmNfcJni: nfcManager_disableDiscovery: exit
07-27 23:46:42.125  3032  3086 W PowerManagerService: Sandman unresponsive, releasing suspend blocker
07-27 23:46:43.900  3032  3828 I PowerManagerService: Waking up from sleep (uid 1000)...
07-27 23:46:43.903  3032  3032 V KeyguardServiceDelegate: onStartedWakingUp()
07-27 23:46:43.906  3032  3086 I DisplayPowerController: Blocking screen on until initial contents have been drawn.
07-27 23:46:43.918  3032  3086 V KeyguardServiceDelegate: onScreenTurnedOn(showListener = com.android.server.policy.PhoneWindowManager$2@6df1e87)
07-27 23:46:43.920  3032  4532 D WifiConfigStore: Retrieve network priorities after PNO.
07-27 23:46:43.920  3032  4532 E WifiStateMachine:  Fail to set up pno, want false now false
07-27 23:46:43.921  2480  3018 V audio_hw_primary: adev set parameters kvpairs: screen_state=on
07-27 23:46:43.921  2480  3018 V default_custom: default custom set parameters kvpairs: screen_state=on
07-27 23:46:43.921  2480  3018 V audio_hw_primary: audio_custom_set_parameters excute succseed.
07-27 23:46:43.921  2480  3018 E bt_a2dp_hw: adev_set_parameters: ERROR: set param called even when stream out is null
07-27 23:46:43.922  3032  3086 D Sensors : sensors_poll_context_t->activate(handle: 3, enabled: 1)
07-27 23:46:43.922  3032  3086 D Sensors : virtual int LightSensor::enable(int32_t, int): fd (114 ),flags(1), mEnabled(0),input_sys_path (/sys/class/sensors/als_sensor/enable)
07-27 23:46:43.923  3032  3086 D Sensors : sensors_poll_context_t->setDelay(handle: 3, ns: 250000000)
07-27 23:46:43.923  3032  3086 D Sensors : LightSensor: setDelay,fd (114 ),input_sys_path (/sys/class/sensors/als_sensor/set_delay)
07-27 23:46:43.923  3032  3086 D Sensors : sensors_poll_context_t->setDelay(handle: 3, ns: 250000000)
07-27 23:46:43.923  3032  3086 D Sensors : LightSensor: setDelay,fd (114 ),input_sys_path (/sys/class/sensors/als_sensor/set_delay)
07-27 23:46:43.924  3032  4938 V KeyguardServiceDelegate: **** SHOWN CALLED ****
07-27 23:46:43.924  2445  2445 D SurfaceFlinger: Set power mode=2, type=0 flinger=0x7fb7783c00
07-27 23:46:43.925  3032  3084 I DisplayManagerService: Display device changed state: "Built-in Screen", ON
07-27 23:46:43.932  4957  5557 D BrcmNfcJni: nfcManager_enableDiscovery: enter; tech_mask = ef
07-27 23:46:43.932  4957  5557 D BrcmNfcJni: PowerSwitch::setLevel: level=PS-FULL (1)
07-27 23:46:43.932  4957  5557 D BrcmNfcJni: stopPolling_rfDiscoveryDisabled: disable polling
07-27 23:46:43.932  4957  5557 I BrcmNfcNfa: NFA_DisablePolling ()
07-27 23:46:43.932  4957  5115 I BrcmNfcNfa: NFA got event 0x0107
07-27 23:46:43.932  4957  5115 I BrcmNfcNfa: nfa_dm_evt_hdlr event: NFA_DM_API_DISABLE_POLLING_EVT (0x07)
07-27 23:46:43.932  4957  5115 I BrcmNfcNfa: nfa_dm_act_disable_polling ()
07-27 23:46:43.932  4957  5115 D BrcmNfcJni: nfaConnectionCallback: event= 1
07-27 23:46:43.932  4957  5115 D BrcmNfcJni: nfaConnectionCallback: NFA_POLL_DISABLED_EVT: status = 3
07-27 23:46:43.932  4957  5557 D BrcmNfcJni: startPolling_rfDiscoveryDisabled: enable polling
07-27 23:46:43.932  4957  5557 I BrcmNfcNfa: NFA_EnablePolling () 0xEF
07-27 23:46:43.932  4957  5557 D BrcmNfcJni: startPolling_rfDiscoveryDisabled: wait for enable event
07-27 23:46:43.932  4957  5115 I BrcmNfcNfa: NFA got event 0x0106
07-27 23:46:43.932  4957  5115 I BrcmNfcNfa: nfa_dm_evt_hdlr event: NFA_DM_API_ENABLE_POLLING_EVT (0x06)
07-27 23:46:43.932  4957  5115 I BrcmNfcNfa: nfa_dm_act_enable_polling ()
07-27 23:46:43.932  4957  5115 I BrcmNfcNfa: nfa_dm_start_polling ()
07-27 23:46:43.932  4957  5115 I BrcmNfcNfa: nfa_dm_add_rf_discover () disc_mask=0x3d7f
07-27 23:46:43.932  4957  5115 D BrcmNfcJni: nfaConnectionCallback: event= 0
07-27 23:46:43.932  4957  5115 D BrcmNfcJni: nfaConnectionCallback: NFA_POLL_ENABLED_EVT: status = 0
07-27 23:46:43.932  4957  5557 D BrcmNfcJni: nfcManager_enableDiscovery: Enable p2pListening
07-27 23:46:43.932  4957  5557 D BrcmNfcJni: PeerToPeer::enableP2pListening: enter isEnable: 1  mIsP2pListening: 0
07-27 23:46:43.932  4957  5557 I BrcmNfcNfa: NFA_P2pSetListenTech (): tech_mask:0xC4
07-27 23:46:43.932  4957  5115 I BrcmNfcNfa: NFA got event 0x010D
07-27 23:46:43.932  4957  5115 I BrcmNfcNfa: nfa_dm_evt_hdlr event: NFA_DM_API_SET_P2P_LISTEN_TECH_EVT (0x0d)
07-27 23:46:43.932  4957  5115 I BrcmNfcNfa: nfa_dm_set_p2p_listen_tech ()  tech_mask = 196
07-27 23:46:43.932  4957  5115 I BrcmNfcNfa: nfa_p2p_update_listen_tech ()  tech_mask = 0xc4
07-27 23:46:43.932  4957  5115 I BrcmNfcNfa: nfa_p2p_enable_listening () sys_id = 3, update_wks = 0
07-27 23:46:43.932  4957  5115 I BrcmNfcNfa: nfa_dm_add_rf_discover () disc_mask=0xc400000
07-27 23:46:43.932  4957  5115 D BrcmNfcJni: nfaConnectionCallback: event= 33
07-27 23:46:43.932  4957  5115 D BrcmNfcJni: nfaConnectionCallback: NFA_SET_P2P_LISTEN_TECH_EVT
07-27 23:46:43.932  4957  5557 D BrcmNfcJni: PeerToPeer::enableP2pListening: exit; mIsP2pListening: 1
07-27 23:46:43.932  4957  5557 I BrcmNfcNfa: NFA_ResumeP2p ()
07-27 23:46:43.933  4957  5115 I BrcmNfcNfa: NFA got event 0x010B
07-27 23:46:43.933  4957  5557 I BrcmNfcNfa: NFA got event 0x010B
07-27 23:46:43.933  4957  5557 I BrcmNfcNfa: nfa_dm_evt_hdlr ev
07-27 23:46:43.933  4957  5115 I BrcmNfcNfa: nfa_dm_evt_hdlr ev
07-27 23:46:43.933  4957  5115 I BrcmNfcNfa: nfa_dm_act_resume_p2p ()
07-27 23:46:43.933  4957  5115 D BrcmNfcJni: nfaConnectionCallback: event= 39
07-27 23:46:43.933  4957  5115 E BrcmNfcJni: nfaConnectionCallback: unknown event ????
07-27 23:46:43.933  4957  5115 I BrcmNfcNfa: NFA got event 0x0204
07-27 23:46:43.933  4957  5115 I BrcmNfcNfa: nfa_ee_evt_hdlr (): Event API_SET_TECH_CFG(0x204), State: INIT_DONE(1)
07-27 23:46:43.933  4957  5115 D BrcmNfcJni: RoutingManager::nfaEeCallback: NFA_EE_SET_TECH_CFG_EVT; status=0x0
07-27 23:46:43.933  4957  5557 I BrcmNfcNfa: NFA_EeSetDefaultProtoRouting(): handle:<0x0>protocol_mask:<0x8>/<0x0>/<0x0>
07-27 23:46:43.933  4957  5557 I BrcmNfcNfa: nfa_ee_find_ecb ()
07-27 23:46:43.933  4957  5115 I BrcmNfcNfa: NFA got event 0x0205
07-27 23:46:43.933  4957  5115 I BrcmNfcNfa: nfa_ee_evt_hdlr (): Event API_SET_PROTO_CFG(0x205), State: INIT_DONE(1)
07-27 23:46:43.933  4957  5115 D BrcmNfcJni: RoutingManager::nfaEeCallback: NFA_EE_SET_PROTO_CFG_EVT; status=0x0
07-27 23:46:43.933  4957  5557 D BrcmNfcJni: RoutingManager::commitRouting
07-27 23:46:43.933  4957  5557 I BrcmNfcNfa: NFA_EeUpdateNow()
07-27 23:46:43.933  4957  5115 I BrcmNfcNfa: NFA got event 0x0209
07-27 23:46:43.933  4957  5115 I BrcmNfcNfa: nfa_ee_evt_hdlr (): Event API_UPDATE_NOW(0x209), State: INIT_DONE(1)
07-27 23:46:43.933  4957  5115 I BrcmNfcNfa: nfa_sys_ptim_stop_timer b31fc328
07-27 23:46:43.933  4957  5115 I BrcmNfcNfa: ptim timer stop
07-27 23:46:43.933  4957  5115 I BrcmNfcNfa: nfa_ee_rout_timeout()
07-27 23:46:43.933  4957  5115 I BrcmNfcNfa: nfa_ee_need_recfg() ee_cfged: 0x90 ee_cfg_sts: 0x10
07-27 23:46:43.933  4957  5115 I BrcmNfcNfa: 0: ecb_flags  : 0x00, mask: 0x10
07-27 23:46:43.933  4957  5115 I BrcmNfcNfa: 1: ecb_flags  : 0x00, mask: 0x01
07-27 23:46:43.933  4957  5115 I BrcmNfcNfa: 2: ecb_flags  : 0x00, mask: 0x02
07-27 23:46:43.933  4957  5115 I BrcmNfcNfa: nfa_ee_report_update_evt ee_wait_evt:0x10 wait_rsp:0
07-27 23:46:43.933  4957  5115 D BrcmNfcJni: RoutingManager::nfaEeCallback: NFA_EE_UPDATED_EVT
07-27 23:46:43.933  4957  5557 D BrcmNfcJni: startRfDiscovery: is start=1
07-27 23:46:43.933  4957  5557 I BrcmNfcNfa: NFA_StartRfDiscovery ()
07-27 23:46:43.933  4957  5115 I BrcmNfcNfa: NFA got event 0x010E
07-27 23:46:43.933  4957  5115 I BrcmNfcNfa: nfa_dm_evt_hdlr event: NFA_DM_API_START_RF_DISCOVERY_EVT (0x0e)
07-27 23:46:43.933  4957  5115 I BrcmNfcNfa: nfa_dm_act_start_rf_discovery ()
07-27 23:46:43.933  4957  5115 I BrcmNfcNfa: nfa_dm_start_rf_discover ()
07-27 23:46:43.933  4957  5115 I BrcmNfcNfa: nfa_ee_get_tech_route(): 1
07-27 23:46:43.933  4957  5115 I BrcmNfcNfa: 0x0, 0x0, 0x0, 0x0
07-27 23:46:43.933  4957  5115 I BrcmNfcNfa: nfa_dm_cb.disc_cb.entry[0].selected_disc_mask = 0x40000
07-27 23:46:43.933  4957  5115 I BrcmNfcNfa: nfa_dm_cb.disc_cb.entry[1].selected_disc_mask = 0x3d7f
07-27 23:46:43.933  4957  5115 I BrcmNfcNfa: nfa_dm_cb.disc_cb.entry[2].selected_disc_mask = 0xc400000
07-27 23:46:43.933  4957  5115 I BrcmNfcNfa: nfa_p2p_set_config ()
07-27 23:46:43.933  4957  5115 I BrcmNfcNfa: LLCP_GetDiscoveryConfig ()
07-27 23:46:43.933  4957  5115 I BrcmNfcNfa: nfa_dm_check_set_config ()
07-27 23:46:43.933  4957  5115 I BrcmNfcNfa: nfa_dm_check_set_config ()
07-27 23:46:43.933  4957  5115 I BrcmNfcNfa: dm_disc_mask = 0xc443d7f
07-27 23:46:43.933  4957  5115 I BrcmNfcNfa: nfa_dm_set_rf_listen_mode_config () tech_proto_mask = 0x0C443D7F
07-27 23:46:43.933  4957  5115 I BrcmNfcNfa: nfa_dm_check_set_config ()
07-27 23:46:43.933  4957  5115 I BrcmNfcNfa: nfa_dm_set_total_duration ()
07-27 23:46:43.933  4957  5115 I BrcmNfcNfa: nfa_dm_check_set_config ()
07-27 23:46:43.933  4957  5115 I BrcmNfcNfa: NFC_DiscoveryStart
07-27 23:46:43.933  4957  5115 D NfcAdaptation: NfcAdaptation::HalPrediscover
07-27 23:46:43.933  4957  5115 D NfcAdaptation: NfcAdaptation::HalWrite
07-27 23:46:43.933  4957  5115 D NxpExtns: const CNfcParam* CNfcConfig::find(const char*) const found MIFARE_READER_ENABLE=(0x1)
07-27 23:46:43.933  4957  5115 D NxpHal  : > Polling Loop Started
07-27 23:46:43.933  4957  5115 D NxpHal  : phNxpNciHal_discovery_cmd_ext
07-27 23:46:43.933  4957  5158 D NxpTml  : PN54X - Write requested.....
07-27 23:46:43.933  4957  5158 D NxpTml  : PN54X - Invoking I2C Write.....
07-27 23:46:43.946  4957  5158 D NxpNciX : len =  26 > 2103170B00010101020103010501800182018301850106017701
07-27 23:46:43.946  4957  5158 D NxpTml  : PN54X - I2C Write successful.....
07-27 23:46:43.946  4957  5158 D NxpTml  : PN54X - Posting Fresh Write message.....
07-27 23:46:43.946  4957  5158 D NxpTml  : PN54X - Tml Writer Thread Running................
07-27 23:46:43.946  4957  5160 D NxpHal  : write successful status = 0x0
07-27 23:46:43.946  4957  5115 I BrcmNfcNfa: NFC_DiscoveryStart status: 0xe3
07-27 23:46:43.947  4957  5157 D NxpTml  : PN54X - I2C Read successful.....
07-27 23:46:43.947  4957  5157 D NxpNciR : len =   4 > 41030100
07-27 23:46:43.947  4957  5157 D NxpTml  : PN54X - Posting read message.....
07-27 23:46:43.947  4957  5160 D NxpHal  : read successful status = 0x0
07-27 23:46:43.947  4957  5160 D NfcAdaptation: NfcAdaptation::HalDeviceContextDataCallback: len=4
07-27 23:46:43.947  4957  5157 D NxpTml  : PN54X - Read requested.....
07-27 23:46:43.947  4957  5115 I BrcmNfcNfa: NFC received rsp gid:1
07-27 23:46:43.947  4957  5157 D NxpTml  : PN54X - Invoking I2C Read.....
07-27 23:46:43.947  4957  5115 I BrcmNfcNfa: p2p priority is running under bail out mode ONLY.
07-27 23:46:43.947  4957  5115 I BrcmNfcNfa: nfa_dm_disc_discovery_cback (): event:0x4000
07-27 23:46:43.947  4957  5115 I BrcmNfcNfa: nfa_dm_disc_sm_execute (): state: IDLE (0), event: DISCOVER_RSP(1) disc_flags: 0x31
07-27 23:46:43.947  4957  5115 I BrcmNfcNfa: nfa_dm_disc_new_state (): old_state: IDLE (0), new_state: DISCOVERY (1) disc_flags: 0x11
07-27 23:46:43.947  4957  5115 I BrcmNfcNfa: nfa_dm_poll_disc_cback (): event:0x00
07-27 23:46:43.947  4957  5115 I BrcmNfcNfa: nfa_p2p_discovery_cback (): event:0x00
07-27 23:46:43.947  4957  5115 D BrcmNfcJni: nfaConnectionCallback: event= 30
07-27 23:46:43.947  4957  5115 D BrcmNfcJni: nfaConnectionCallback: NFA_RF_DISCOVERY_STARTED_EVT: status = 0
07-27 23:46:43.948  4957  5115 I BrcmNfcNfa: nfa_dm_disc_sm_execute (): new state: DISCOVERY (1), disc_flags: 0x1
07-27 23:46:43.948  4957  5557 D BrcmNfcJni: PowerSwitch::setModeOn(activated=0x1) : mCurrActivity=0x1
07-27 23:46:43.948  4957  5557 D BrcmNfcJni: nfcManager_enableDiscovery: exit
07-27 23:46:43.969  3032  3080 D Sensors : sensors_poll_context_t->activate(handle: 0, enabled: 1)
07-27 23:46:43.969  3032  3080 D Sensors : AccelerometerSensor:virtual int AccelerometerSensor::enable(int32_t, int): fd (120 ),en (1),flags(1), mEnabled(0),input_sys_path (/sys/class/sensors/acc_sensor/enable)
07-27 23:46:43.985  3032  3080 D Sensors : sensors_poll_context_t->setDelay(handle: 0, ns: 66667000)
07-27 23:46:43.985  3032  3080 D Sensors : AccelerometerSensor:set delay,input_sysfs_path (/sys/class/sensors/acc_sensor/set_delay)
07-27 23:46:43.985  3032  3080 D Sensors : AccelerometerSensor:virtual int AccelerometerSensor::setDelay(int32_t, int64_t): fd (120 ),input_sys_path (/sys/class/sensors/acc_sensor/set_delay)
07-27 23:46:43.992  3032  3080 D Sensors : sensors_poll_context_t->setDelay(handle: 0, ns: 66667000)
07-27 23:46:43.992  3032  3080 D Sensors : AccelerometerSensor:set delay,input_sysfs_path (/sys/class/sensors/acc_sensor/set_delay)
07-27 23:46:43.992  3032  3080 D Sensors : AccelerometerSensor:virtual int AccelerometerSensor::setDelay(int32_t, int64_t): fd (120 ),input_sys_path (/sys/class/sensors/acc_sensor/set_delay)
07-27 23:46:43.998  3032  3086 I DisplayPowerController: Unblocked screen on after 91 ms
07-27 23:46:43.999  3032  3086 V KeyguardServiceDelegate: onScreenTurnedOn()
07-27 23:46:43.999  3032  4550 D         : file:device/hisi/common/liblights/lights.c, func:set_light_backlight, brightness=10
07-27 23:46:44.439  3032  4550 D         : file:device/hisi/common/liblights/lights.c, func:set_light_backlight, brightness=11
07-27 23:46:44.615  2485  2485 E Thermal-daemon: [charger_ic] temp_new :39  temp_old :40
07-27 23:46:44.615  2485  2485 E         : logPower_print not support
07-27 23:46:44.615  2485  2485 E Thermal-daemon: Report temperature: [charger_ic] temp :39  report_threshold:1
07-27 23:46:50.641  5562  5562 E Lss     : Unable to open info file /data/gnss/pgps/cell_info.dat
07-27 23:46:50.642  5562  5562 W Lss     : Unable to open file /data/gnss/pgps/data_provider00 for reading
07-27 23:46:50.651  5562  5562 E Lss     : Unable to open file /data/gnss/pgps/gnss_response.dat
07-27 23:46:50.651  5562  5562 W Lss     : Response does not contain status bytes. Len is only : 0
07-27 23:46:50.652  5562  5562 E Lss     : Empty response
07-27 23:46:50.657  5562  5562 W Lss     : Unable to open file /data/gnss/pgps/adgt_data00 for reading
07-27 23:46:50.657  5562  5562 W Lss     : Unable to open file /data/gnss/pgps/adgt_data01 for reading
07-27 23:46:50.657  5562  5562 W Lss     : Unable to open file /data/gnss/pgps/adgt_data02 for reading
07-27 23:46:50.659  5562  5562 W Lss     : Unable to open file /data/gnss/pgps/ephem00 for reading
07-27 23:46:50.659  5562  5562 W Lss     : Unable to open file /data/gnss/pgps/ephem01 for reading
07-27 23:46:50.659  5562  5562 W Lss     : Unable to open file /data/gnss/pgps/ephem02 for reading
07-27 23:46:50.659  5562  5562 W Lss     : Unable to open file /data/gnss/pgps/ephem03 for reading
07-27 23:46:50.659  5562  5562 W Lss     : Unable to open file /data/gnss/pgps/ephem04 for reading
07-27 23:46:50.659  5562  5562 W Lss     : Unable to open file /data/gnss/pgps/ephem05 for reading
07-27 23:46:50.659  5562  5562 W Lss     : Unable to open file /data/gnss/pgps/ephem06 for reading
07-27 23:46:50.659  5562  5562 W Lss     : Unable to open file /data/gnss/pgps/ephem07 for reading
07-27 23:46:50.659  5562  5562 W Lss     : Unable to open file /data/gnss/pgps/ephem08 for reading
07-27 23:46:50.659  5562  5562 W Lss     : Unable to open file /data/gnss/pgps/ephem09 for reading
07-27 23:46:50.659  5562  5562 W Lss     : Unable to open file /data/gnss/pgps/ephem10 for reading
07-27 23:46:50.659  5562  5562 W Lss     : Unable to open file /data/gnss/pgps/ephem11 for reading
07-27 23:46:50.659  5562  5562 W Lss     : Unable to open file /data/gnss/pgps/ephem12 for reading
07-27 23:46:50.659  5562  5562 W Lss     : Unable to open file /data/gnss/pgps/ephem13 for reading
07-27 23:46:50.659  5562  5562 W Lss     : Unable to open file /data/gnss/pgps/ephem14 for reading
07-27 23:46:50.659  5562  5562 W Lss     : Unable to open file /data/gnss/pgps/ephem15 for reading
