07-25 14:06:02.633  4380  4380 V BluetoothAdapterState: isBleTurningOn()=true
07-25 14:06:02.633  4380  4380 V BluetoothAdapterState: isBleTurningOff()=false
07-25 14:06:02.633  4380  4393 D BluetoothAdapterState: Current state: PENDING_COMMAND, message: 4
07-25 14:06:02.634  4380  4393 I bt_bluedroid: bt_bluedroid
07-25 14:06:02.634  4380  4394 D bt_stack_manager: event_start_up_stack is bringing up the stack.
07-25 14:06:02.635  4380  4394 I bt_snoop: Time GMT offset 7200
07-25 14:06:02.635  4380  4394 I bt_hci  : start_up
07-25 14:06:02.640  4380  4394 I bt_vendor: alloc value 0xf4095665
07-25 14:06:02.640  4380  4394 I bt_vendor: init
07-25 14:06:02.640  4380  4394 I bt_vnd_conf: Attempt to load conf from /etc/bluetooth/bt_vendor.conf
07-25 14:06:02.640  4380  4394 E bt_upio : init_rfkill : open(/sys/class/rfkill/rfkill1/type) failed: No such file or directory (2)
07-25 14:06:02.640  4380  4394 E bt_upio : init_rfkill : open(/sys/class/rfkill/rfkill1/type) failed: No such file or directory (2)
07-25 14:06:02.640  4380  4394 D bt_hci  : start_up starting async portion
07-25 14:06:02.641  4380  4401 I bt_hci  : event_finish_startup
07-25 14:06:02.641  4380  4401 I bt_hci_h4: hal_open
07-25 14:06:02.641  4380  4401 I bt_userial_vendor: userial vendor open: opening /dev/ttyAMA1
07-25 14:06:02.641  4380  4401 E bt_userial_vendor: userial vendor open: unable to open /dev/ttyAMA1
07-25 14:06:02.641  4380  4401 E bt_hci_h4: hal_open opened the wrong number of ports: got 0, expected 1.
07-25 14:06:02.641  4380  4401 E bt_hci_h4: In transmit_data, error writing to the uart serial port: Bad file descriptor
07-25 14:06:06.221  4403  4403 F libc    : page record for 0xf77a300c was not found (block_size=128)
07-25 14:06:06.223  4404  4404 F libc    : page record for 0xf77a300c was not found (block_size=128)
07-25 14:06:06.224  4407  4407 F libc    : page record for 0xf77a300c was not found (block_size=128)
07-25 14:06:06.226  4402  4402 F libc    : page record for 0xf77a300c was not found (block_size=128)
07-25 14:06:10.652  4380  4396 D bt_osi_alarm: reschedule_root_alarm alarm expiration too close for posix timers, switching to guns
07-25 14:06:10.652  4380  4396 E bt_hci  : startup_timer_expired
07-25 14:06:10.653  4380  4394 E bt_core_module: module_start_up failed to start up "hci_module"
07-25 14:06:10.656  4380  4414 I bt_btu  : btu_task pending for preload complete event
07-25 14:06:10.656  4380  4414 I bt_btu_task: Bluetooth chip preload is complete
07-25 14:06:10.656  4380  4414 I bt_btu  : btu_task received preload complete event
07-25 14:06:10.657  4380  4414 W bt_l2cap: L2CAP - L2CA_Register() called for PSM: 0x0001
07-25 14:06:10.658  4380  4414 W bt_l2cap: L2CAP - L2CA_Register() called for PSM: 0x001f
07-25 14:06:10.658  4380  4414 W bt_l2cap: L2CAP - L2CA_Register() called for PSM: 0x0003
07-25 14:06:10.665  4380  4396 E bt_hci  : command_timed_out hci layer timeout waiting for response to a command. opcode: 0xc03
07-25 14:06:10.665  4380  4396 E bt_hci  : command_timed_out restarting the bluetooth process.
07-25 14:06:10.665  4380  4396 I bt_hci  : ssr_cleanup
07-25 14:06:10.665  4380  4396 I bt_hci_h4: hal_close
07-25 14:06:10.670  4380  4414 I         : BTE_InitTraceLevels -- TRC_HCI : Level 2
07-25 14:06:10.670  4380  4414 I         : BTE_InitTraceLevels -- TRC_L2CAP : Level 2
07-25 14:06:10.670  4380  4414 I         : BTE_InitTraceLevels -- TRC_RFCOMM : Level 2
07-25 14:06:10.670  4380  4414 I         : BTE_InitTraceLevels -- TRC_AVCT : Level 4
07-25 14:06:10.670  4380  4414 I         : BTE_InitTraceLevels -- TRC_AVDT : Level 3
07-25 14:06:10.670  4380  4414 I         : BTE_InitTraceLevels -- TRC_AVRC : Level 6
07-25 14:06:10.670  4380  4414 I         : BTE_InitTraceLevels -- TRC_A2D : Level 6
07-25 14:06:10.670  4380  4414 I         : BTE_InitTraceLevels -- TRC_BNEP : Level 2
07-25 14:06:10.670  4380  4414 I         : BTE_InitTraceLevels -- TRC_BTM : Level 4
07-25 14:06:10.670  4380  4414 I         : BTE_InitTraceLevels -- TRC_HID_HOST : Level 2
07-25 14:06:10.670  4380  4414 I         : BTE_InitTraceLevels -- TRC_GAP : Level 2
07-25 14:06:10.670  4380  4414 I         : BTE_InitTraceLevels -- TRC_PAN : Level 2
07-25 14:06:10.670  4380  4414 I         : BTE_InitTraceLevels -- TRC_SDP : Level 6
07-25 14:06:10.671  4380  4414 I         : BTE_InitTraceLevels -- TRC_GATT : Level 6
07-25 14:06:10.671  4380  4414 I         : BTE_InitTraceLevels -- TRC_SMP : Level 6
07-25 14:06:10.671  4380  4414 I         : BTE_InitTraceLevels -- TRC_HID_DEV : Level 2
07-25 14:06:10.671  4380  4414 I         : BTE_InitTraceLevels -- TRC_LATENCY_AUDIO : Level 2
07-25 14:06:10.671  4380  4414 I         : BTE_InitTraceLevels -- TRC_BTAPP : Level 3
07-25 14:06:10.671  4380  4414 I         : BTE_InitTraceLevels -- TRC_BTIF : Level 4
07-25 14:06:10.686  4380  4396 E bt_hci  : hci_cmd_timeout: SOC Status is reset
07-25 14:06:10.686  4380  4396 E bt_hci  :  
07-25 14:06:10.778  3003  3003 D BluetoothManagerService: BluetoothServiceConnection, disconnected: com.android.bluetooth.btservice.AdapterService
07-25 14:06:10.779  3003  3021 D BluetoothManagerService: Message: 41
07-25 14:06:10.779  3003  3021 E BluetoothManagerService: MESSAGE_BLUETOOTH_SERVICE_DISCONNECTED: 1
07-25 14:06:10.779  3003  3021 D BluetoothManagerService: Calling onBluetoothServiceDown callbacks
07-25 14:06:10.779  3003  3021 D BluetoothManagerService: Broadcasting onBluetoothServiceDown() to 4 receivers.
07-25 14:06:10.780  3603  3617 D BluetoothAdapter: onBluetoothServiceDown: android.bluetooth.IBluetooth$Stub$Proxy@a34c70d
07-25 14:06:10.780  3603  3617 D BluetoothAdapter: onBluetoothServiceDown: Sending callbacks to 0 clients
07-25 14:06:10.781  3603  3617 D BluetoothAdapter: onBluetoothServiceDown: Finished sending callbacks to registered clients
07-25 14:06:10.781  3003  3021 D BluetoothManagerService: Broadcasted onBluetoothServiceDown() to android.bluetooth.IBluetoothManagerCallback$Stub$Proxy@130bde6
07-25 14:06:10.782  3391  3699 D BluetoothAdapter: onBluetoothServiceDown: android.bluetooth.IBluetooth$Stub$Proxy@bf8f918
07-25 14:06:10.783  3391  3699 D BluetoothAdapter: onBluetoothServiceDown: Sending callbacks to 0 clients
07-25 14:06:10.783  3391  3699 D BluetoothAdapter: onBluetoothServiceDown: Finished sending callbacks to registered clients
07-25 14:06:10.783  3003  3774 I ActivityManager: Process com.android.bluetooth (pid 4380) has died
07-25 14:06:10.783  3003  3774 D ActivityManager: cleanUpApplicationRecord -- 4380
07-25 14:06:10.783  3003  3021 D BluetoothManagerService: Broadcasted onBluetoothServiceDown() to android.bluetooth.IBluetoothManagerCallback$Stub$Proxy@7ad07ca
07-25 14:06:10.783  3003  3021 D BluetoothAdapter: onBluetoothServiceDown: android.bluetooth.IBluetooth$Stub$Proxy@897a14c
07-25 14:06:10.783  3003  3021 D BluetoothAdapter: onBluetoothServiceDown: Sending callbacks to 0 clients
07-25 14:06:10.783  3003  3021 D BluetoothAdapter: onBluetoothServiceDown: Finished sending callbacks to registered clients
07-25 14:06:10.784  3003  3021 D BluetoothManagerService: Broadcasted onBluetoothServiceDown() to android.bluetooth.BluetoothAdapter$1@dc64129
07-25 14:06:10.784  3003  3774 W ActivityManager: Scheduling restart of crashed service com.android.bluetooth/.gatt.GattService in 1000ms
07-25 14:06:10.784  3003  3774 W ActivityManager: Scheduling restart of crashed service com.android.bluetooth/.btservice.AdapterService in 1000ms
07-25 14:06:10.784  3126  3551 D BluetoothAdapter: onBluetoothServiceDown: android.bluetooth.IBluetooth$Stub$Proxy@9fe8e36
07-25 14:06:10.784  3126  3551 D BluetoothAdapter: onBluetoothServiceDown: Sending callbacks to 0 clients
07-25 14:06:10.784  3126  3551 D BluetoothAdapter: onBluetoothServiceDown: Finished sending callbacks to registered clients
07-25 14:06:10.785  3003  3021 D BluetoothManagerService: Broadcasted onBluetoothServiceDown() to android.bluetooth.IBluetoothManagerCallback$Stub$Proxy@2055c01
07-25 14:06:10.980  3003  3021 D BluetoothManagerService: Message: 42
07-25 14:06:10.980  3003  3021 D BluetoothManagerService: MESSAGE_RESTART_BLUETOOTH_SERVICE: Restart IBluetooth service
07-25 14:06:11.015  3003  3021 I ActivityManager: Start proc 4416:com.android.bluetooth/1002 for service com.android.bluetooth/.btservice.AdapterService
07-25 14:06:11.074  4416  4416 D AdapterServiceConfig: addA2dpProfile: isA2dpSinkEnabled = falseisHfpClientEnabled false serviceName HeadsetService
07-25 14:06:11.074  4416  4416 D AdapterServiceConfig: Adding HeadsetService
07-25 14:06:11.074  4416  4416 D AdapterServiceConfig: addA2dpProfile: isA2dpSinkEnabled = falseisHfpClientEnabled false serviceName A2dpService
07-25 14:06:11.074  4416  4416 D AdapterServiceConfig: Adding A2dpService
07-25 14:06:11.074  4416  4416 D AdapterServiceConfig: addA2dpProfile: isA2dpSinkEnabled = falseisHfpClientEnabled false serviceName HidService
07-25 14:06:11.074  4416  4416 D AdapterServiceConfig: Adding HidService
07-25 14:06:11.075  4416  4416 D AdapterServiceConfig: addA2dpProfile: isA2dpSinkEnabled = falseisHfpClientEnabled false serviceName HealthService
07-25 14:06:11.075  4416  4416 D AdapterServiceConfig: Adding HealthService
07-25 14:06:11.075  4416  4416 D AdapterServiceConfig: addA2dpProfile: isA2dpSinkEnabled = falseisHfpClientEnabled false serviceName PanService
07-25 14:06:11.075  4416  4416 D AdapterServiceConfig: Adding PanService
07-25 14:06:11.075  4416  4416 D AdapterServiceConfig: addA2dpProfile: isA2dpSinkEnabled = falseisHfpClientEnabled false serviceName GattService
07-25 14:06:11.075  4416  4416 D AdapterServiceConfig: Adding GattService
07-25 14:06:11.075  4416  4416 D AdapterServiceConfig: addA2dpProfile: isA2dpSinkEnabled = falseisHfpClientEnabled false serviceName BluetoothMapService
07-25 14:06:11.076  4416  4416 D AdapterServiceConfig: Adding BluetoothMapService
07-25 14:06:11.076  4416  4416 D AdapterServiceConfig: Could not find profile bit mask
07-25 14:06:11.076  4416  4416 D AdapterServiceConfig: addA2dpProfile: isA2dpSinkEnabled = falseisHfpClientEnabled false serviceName HidDevService
07-25 14:06:11.076  4416  4416 D AdapterServiceConfig: Adding HidDevService
07-25 14:06:11.090  3003  3021 D BluetoothManagerService: Message: 20
07-25 14:06:11.090  3003  3021 D BluetoothManagerService: Added callback: android.bluetooth.IBluetoothManagerCallback$Stub$Proxy@6c9029b:true
07-25 14:06:11.091  4416  4416 D BluetoothAdapterState: make() - Creating AdapterState
07-25 14:06:11.093  4416  4416 I bt_bluedroid: init
07-25 14:06:11.093  4416  4429 I BluetoothAdapterState: Entering OffState
07-25 14:06:11.095  4416  4430 I bt_bte_conf: bte_load_ble_conf attempt to load ble stack conf from /etc/bluetooth/ble_stack.conf
07-25 14:06:11.095  4416  4430 E bt_osi_config: config_new unable to open file '/etc/bluetooth/ble_stack.conf': No such file or directory
07-25 14:06:11.095  4416  4430 I bt_bte_conf: bte_load_ble_conf file >/etc/bluetooth/ble_stack.conf< not found
07-25 14:06:11.095  4416  4430 I bt_stack_config: init attempt to load stack conf from /etc/bluetooth/bt_stack.conf
07-25 14:06:11.096  4416  4416 I bt_bluedroid: get_profile_interface socket
07-25 14:06:11.098  4416  4433 D BluetoothAdapterProperties: Address is:32:15:00:E7:69:A8
07-25 14:06:11.098  4416  4416 I bt_bluedroid: get_profile_interface sdp
07-25 14:06:11.099  4416  4433 D BluetoothAdapterProperties: Name is: Huawei P8L
07-25 14:06:11.099  3003  3003 D BluetoothManagerService: Bluetooth Adapter name changed to Huawei P8L
07-25 14:06:11.100  3003  3003 D BluetoothManagerService: Stored Bluetooth name: Huawei P8L
07-25 14:06:11.102  3003  3003 D BluetoothManagerService: BluetoothServiceConnection: com.android.bluetooth.btservice.AdapterService
07-25 14:06:11.102  3003  3021 D BluetoothManagerService: Message: 40
07-25 14:06:11.102  3003  3021 D BluetoothManagerService: MESSAGE_BLUETOOTH_SERVICE_CONNECTED: 1
07-25 14:06:11.103  4416  4427 I bt_bluedroid: config_hci_snoop_log
07-25 14:06:11.105  3003  3021 D BluetoothManagerService: Calling onBluetoothServiceUp callbacks
07-25 14:06:11.105  3003  3021 D BluetoothManagerService: Broadcasting onBluetoothServiceUp() to 5 receivers.
07-25 14:06:11.105  3003  3021 D BluetoothManagerService: Broadcasted onBluetoothServiceUp() to android.bluetooth.IBluetoothManagerCallback$Stub$Proxy@130bde6
07-25 14:06:11.106  3003  3021 D BluetoothManagerService: Broadcasted onBluetoothServiceUp() to android.bluetooth.IBluetoothManagerCallback$Stub$Proxy@7ad07ca
07-25 14:06:11.106  3003  3021 D BluetoothManagerService: Broadcasted onBluetoothServiceUp() to android.bluetooth.IBluetoothManagerCallback$Stub$Proxy@6c9029b
07-25 14:06:11.106  3003  3021 D BluetoothManagerService: Broadcasted onBluetoothServiceUp() to android.bluetooth.BluetoothAdapter$1@dc64129
07-25 14:06:11.106  3003  3021 D BluetoothManagerService: Broadcasted onBluetoothServiceUp() to android.bluetooth.IBluetoothManagerCallback$Stub$Proxy@2055c01
07-25 14:06:11.107  4416  4429 D BluetoothAdapterState: Current state: OFF, message: 0
07-25 14:06:11.108  4416  4429 D BluetoothAdapterProperties: Setting state to 14
07-25 14:06:11.108  4416  4429 I BluetoothAdapterState: Bluetooth adapter state changed: 10-> 14
07-25 14:06:11.108  3003  3021 D BluetoothManagerService: Message: 60
07-25 14:06:11.108  3003  3021 D BluetoothManagerService: MESSAGE_BLUETOOTH_STATE_CHANGE: prevState = 10, newState=14
07-25 14:06:11.108  3003  3021 D BluetoothManagerService: BLE State Change Intent: 10 -> 14
07-25 14:06:11.109  4416  4429 D BluetoothBondStateMachine: make
07-25 14:06:11.111  4416  4434 I BluetoothBondStateMachine: StableState(): Entering Off State
07-25 14:06:11.114  4416  4429 I BluetoothAdapterState: Entering PendingCommandState
07-25 14:06:11.115  4416  4416 D BtGatt.GattService: classInitNative called
07-25 14:06:11.115  4416  4416 I BtGatt.JNI: classInitNative(L912): classInitNative: Success!
07-25 14:06:11.118  4416  4416 D BtGatt.DebugUtils: handleDebugAction() action=null
07-25 14:06:11.118  4416  4416 D BluetoothAdapterService: getAdapterService() - returning com.android.bluetooth.btservice.AdapterService@e7fb58e
07-25 14:06:11.119  4416  4416 D BtGatt.GattService: Received start request. Starting profile...
07-25 14:06:11.119  4416  4416 D BluetoothAdapterService: getAdapterService() - returning com.android.bluetooth.btservice.AdapterService@e7fb58e
07-25 14:06:11.119  4416  4416 D BtGatt.GattService: start()
07-25 14:06:11.119  4416  4416 I bt_bluedroid: get_profile_interface gatt
07-25 14:06:11.120  4416  4416 D BluetoothAdapterService: getAdapterService() - returning com.android.bluetooth.btservice.AdapterService@e7fb58e
07-25 14:06:11.120  4416  4416 D BtGatt.AdvertiseManager: advertise manager created
07-25 14:06:11.125  4416  4416 D BtGatt.GattService:  profile started successfully
07-25 14:06:11.125  4416  4416 W BluetoothAdapterService: onProfileServiceStateChange() serviceName=com.android.bluetooth.gatt.GattService, state=12, doUpdate=true
07-25 14:06:11.125  4416  4416 V BluetoothAdapterState: isTurningOff()=false
07-25 14:06:11.125  4416  4416 V BluetoothAdapterState: isTurningOn()=false
07-25 14:06:11.125  4416  4416 V BluetoothAdapterState: isBleTurningOn()=true
07-25 14:06:11.125  4416  4416 V BluetoothAdapterState: isBleTurningOff()=false
07-25 14:06:11.126  4416  4429 D BluetoothAdapterState: Current state: PENDING_COMMAND, message: 4
07-25 14:06:11.127  4416  4429 I bt_bluedroid: bt_bluedroid
07-25 14:06:11.127  4416  4430 D bt_stack_manager: event_start_up_stack is bringing up the stack.
07-25 14:06:11.127  4416  4430 I bt_snoop: Time GMT offset 7200
07-25 14:06:11.127  4416  4430 I bt_hci  : start_up
07-25 14:06:11.133  4416  4430 I bt_vendor: alloc value 0xf4095665
07-25 14:06:11.133  4416  4430 I bt_vendor: init
07-25 14:06:11.133  4416  4430 I bt_vnd_conf: Attempt to load conf from /etc/bluetooth/bt_vendor.conf
07-25 14:06:11.133  4416  4430 E bt_upio : init_rfkill : open(/sys/class/rfkill/rfkill1/type) failed: No such file or directory (2)
07-25 14:06:11.133  4416  4430 E bt_upio : init_rfkill : open(/sys/class/rfkill/rfkill1/type) failed: No such file or directory (2)
07-25 14:06:11.133  4416  4430 D bt_hci  : start_up starting async portion
07-25 14:06:11.133  4416  4437 I bt_hci  : event_finish_startup
07-25 14:06:11.133  4416  4437 I bt_hci_h4: hal_open
07-25 14:06:11.133  4416  4437 I bt_userial_vendor: userial vendor open: opening /dev/ttyAMA1
07-25 14:06:11.133  4416  4437 E bt_userial_vendor: userial vendor open: unable to open /dev/ttyAMA1
07-25 14:06:11.133  4416  4437 E bt_hci_h4: hal_open opened the wrong number of ports: got 0, expected 1.
07-25 14:06:11.133  4416  4437 E bt_hci_h4: In transmit_data, error writing to the uart serial port: Bad file descriptor
07-25 14:06:11.709  4442  4442 F libc    : page record for 0xf77a300c was not found (block_size=128)
07-25 14:06:11.712  4439  4439 F libc    : page record for 0xf77a300c was not found (block_size=128)
07-25 14:06:11.713  4438  4438 F libc    : page record for 0xf77a300c was not found (block_size=128)
07-25 14:06:11.716  4445  4445 F libc    : page record for 0xf77a300c was not found (block_size=128)
07-25 14:06:16.742  4454  4454 F libc    : page record for 0xf77a300c was not found (block_size=128)
07-25 14:06:16.742  4451  4451 F libc    : page record for 0xf77a300c was not found (block_size=128)
07-25 14:06:16.744  4450  4450 F libc    : page record for 0xf77a300c was not found (block_size=128)
07-25 14:06:16.748  4457  4457 F libc    : page record for 0xf77a300c was not found (block_size=128)
07-25 14:06:19.141  4416  4432 D bt_osi_alarm: reschedule_root_alarm alarm expiration too close for posix timers, switching to guns
07-25 14:06:19.142  4416  4432 E bt_hci  : startup_timer_expired
07-25 14:06:19.142  4416  4430 E bt_core_module: module_start_up failed to start up "hci_module"
07-25 14:06:19.145  4416  4462 I bt_btu  : btu_task pending for preload complete event
07-25 14:06:19.145  4416  4462 I bt_btu_task: Bluetooth chip preload is complete
07-25 14:06:19.145  4416  4462 I bt_btu  : btu_task received preload complete event
07-25 14:06:19.146  4416  4462 W bt_l2cap: L2CAP - L2CA_Register() called for PSM: 0x0001
07-25 14:06:19.146  4416  4462 W bt_l2cap: L2CAP - L2CA_Register() called for PSM: 0x001f
07-25 14:06:19.147  4416  4462 W bt_l2cap: L2CAP - L2CA_Register() called for PSM: 0x0003
07-25 14:06:19.149  4416  4432 E bt_hci  : command_timed_out hci layer timeout waiting for response to a command. opcode: 0xc03
07-25 14:06:19.149  4416  4432 E bt_hci  : command_timed_out restarting the bluetooth process.
07-25 14:06:19.149  4416  4432 I bt_hci  : ssr_cleanup
07-25 14:06:19.149  4416  4432 I bt_hci_h4: hal_close
07-25 14:06:19.153  4416  4462 I         : BTE_InitTraceLevels -- TRC_HCI : Level 2
07-25 14:06:19.154  4416  4462 I         : BTE_InitTraceLevels -- TRC_L2CAP : Level 2
07-25 14:06:19.154  4416  4462 I         : BTE_InitTraceLevels -- TRC_RFCOMM : Level 2
07-25 14:06:19.154  4416  4462 I         : BTE_InitTraceLevels -- TRC_AVCT : Level 4
07-25 14:06:19.154  4416  4462 I         : BTE_InitTraceLevels -- TRC_AVDT : Level 3
07-25 14:06:19.154  4416  4462 I         : BTE_InitTraceLevels -- TRC_AVRC : Level 6
07-25 14:06:19.154  4416  4462 I         : BTE_InitTraceLevels -- TRC_A2D : Level 6
07-25 14:06:19.154  4416  4462 I         : BTE_InitTraceLevels -- TRC_BNEP : Level 2
07-25 14:06:19.154  4416  4462 I         : BTE_InitTraceLevels -- TRC_BTM : Level 4
07-25 14:06:19.154  4416  4462 I         : BTE_InitTraceLevels -- TRC_HID_HOST : Level 2
07-25 14:06:19.154  4416  4462 I         : BTE_InitTraceLevels -- TRC_GAP : Level 2
07-25 14:06:19.154  4416  4462 I         : BTE_InitTraceLevels -- TRC_PAN : Level 2
07-25 14:06:19.154  4416  4462 I         : BTE_InitTraceLevels -- TRC_SDP : Level 6
07-25 14:06:19.154  4416  4462 I         : BTE_InitTraceLevels -- TRC_GATT : Level 6
07-25 14:06:19.154  4416  4462 I         : BTE_InitTraceLevels -- TRC_SMP : Level 6
07-25 14:06:19.154  4416  4462 I         : BTE_InitTraceLevels -- TRC_HID_DEV : Level 2
07-25 14:06:19.154  4416  4462 I         : BTE_InitTraceLevels -- TRC_LATENCY_AUDIO : Level 2
07-25 14:06:19.154  4416  4462 I         : BTE_InitTraceLevels -- TRC_BTAPP : Level 3
07-25 14:06:19.154  4416  4462 I         : BTE_InitTraceLevels -- TRC_BTIF : Level 4
07-25 14:06:19.171  4416  4432 E bt_hci  : hci_cmd_timeout: SOC Status is reset
07-25 14:06:19.171  4416  4432 E bt_hci  :  
07-25 14:06:19.223  3003  3780 I ActivityManager: Process com.android.bluetooth (pid 4416) has died
07-25 14:06:19.223  3003  3780 D ActivityManager: cleanUpApplicationRecord -- 4416
07-25 14:06:19.223  3003  3780 W ActivityManager: Scheduling restart of crashed service com.android.bluetooth/.gatt.GattService in 1000ms
07-25 14:06:19.224  3003  3780 W ActivityManager: Scheduling restart of crashed service com.android.bluetooth/.btservice.AdapterService in 1000ms
07-25 14:06:19.226  3003  3003 D BluetoothManagerService: BluetoothServiceConnection, disconnected: com.android.bluetooth.btservice.AdapterService
07-25 14:06:19.226  3003  3021 D BluetoothManagerService: Message: 41
07-25 14:06:19.226  3003  3021 E BluetoothManagerService: MESSAGE_BLUETOOTH_SERVICE_DISCONNECTED: 1
07-25 14:06:19.226  3003  3021 D BluetoothManagerService: Calling onBluetoothServiceDown callbacks
07-25 14:06:19.226  3003  3021 D BluetoothManagerService: Broadcasting onBluetoothServiceDown() to 4 receivers.
07-25 14:06:19.226  3603  3615 D BluetoothAdapter: onBluetoothServiceDown: android.bluetooth.IBluetooth$Stub$Proxy@e2ce6c2
07-25 14:06:19.226  3603  3615 D BluetoothAdapter: onBluetoothServiceDown: Sending callbacks to 0 clients
07-25 14:06:19.226  3603  3615 D BluetoothAdapter: onBluetoothServiceDown: Finished sending callbacks to registered clients
07-25 14:06:19.226  3003  3021 D BluetoothManagerService: Broadcasted onBluetoothServiceDown() to android.bluetooth.IBluetoothManagerCallback$Stub$Proxy@130bde6
07-25 14:06:19.227  3391  3697 D BluetoothAdapter: onBluetoothServiceDown: android.bluetooth.IBluetooth$Stub$Proxy@5778f71
07-25 14:06:19.227  3391  3697 D BluetoothAdapter: onBluetoothServiceDown: Sending callbacks to 0 clients
07-25 14:06:19.227  3391  3697 D BluetoothAdapter: onBluetoothServiceDown: Finished sending callbacks to registered clients
07-25 14:06:19.227  3003  3021 D BluetoothManagerService: Broadcasted onBluetoothServiceDown() to android.bluetooth.IBluetoothManagerCallback$Stub$Proxy@7ad07ca
07-25 14:06:19.227  3003  3021 D BluetoothAdapter: onBluetoothServiceDown: android.bluetooth.IBluetooth$Stub$Proxy@b1b2a13
07-25 14:06:19.227  3003  3021 D BluetoothAdapter: onBluetoothServiceDown: Sending callbacks to 0 clients
07-25 14:06:19.227  3003  3021 D BluetoothAdapter: onBluetoothServiceDown: Finished sending callbacks to registered clients
07-25 14:06:19.227  3003  3021 D BluetoothManagerService: Broadcasted onBluetoothServiceDown() to android.bluetooth.BluetoothAdapter$1@dc64129
07-25 14:06:19.227  3126  3157 D BluetoothAdapter: onBluetoothServiceDown: android.bluetooth.IBluetooth$Stub$Proxy@47b3137
07-25 14:06:19.227  3126  3157 D BluetoothAdapter: onBluetoothServiceDown: Sending callbacks to 0 clients
07-25 14:06:19.227  3126  3157 D BluetoothAdapter: onBluetoothServiceDown: Finished sending callbacks to registered clients
07-25 14:06:19.227  3003  3021 D BluetoothManagerService: Broadcasted onBluetoothServiceDown() to android.bluetooth.IBluetoothManagerCallback$Stub$Proxy@2055c01
07-25 14:06:19.426  3003  3021 D BluetoothManagerService: Message: 42
07-25 14:06:19.426  3003  3021 D BluetoothManagerService: MESSAGE_RESTART_BLUETOOTH_SERVICE: Restart IBluetooth service
07-25 14:06:19.456  3003  3021 I ActivityManager: Start proc 4464:com.android.bluetooth/1002 for service com.android.bluetooth/.btservice.AdapterService
07-25 14:06:19.517  4464  4464 D AdapterServiceConfig: addA2dpProfile: isA2dpSinkEnabled = falseisHfpClientEnabled false serviceName HeadsetService
07-25 14:06:19.517  4464  4464 D AdapterServiceConfig: Adding HeadsetService
07-25 14:06:19.518  4464  4464 D AdapterServiceConfig: addA2dpProfile: isA2dpSinkEnabled = falseisHfpClientEnabled false serviceName A2dpService
07-25 14:06:19.518  4464  4464 D AdapterServiceConfig: Adding A2dpService
07-25 14:06:19.518  4464  4464 D AdapterServiceConfig: addA2dpProfile: isA2dpSinkEnabled = falseisHfpClientEnabled false serviceName HidService
07-25 14:06:19.518  4464  4464 D AdapterServiceConfig: Adding HidService
07-25 14:06:19.518  4464  4464 D AdapterServiceConfig: addA2dpProfile: isA2dpSinkEnabled = falseisHfpClientEnabled false serviceName HealthService
07-25 14:06:19.518  4464  4464 D AdapterServiceConfig: Adding HealthService
07-25 14:06:19.518  4464  4464 D AdapterServiceConfig: addA2dpProfile: isA2dpSinkEnabled = falseisHfpClientEnabled false serviceName PanService
07-25 14:06:19.518  4464  4464 D AdapterServiceConfig: Adding PanService
07-25 14:06:19.518  4464  4464 D AdapterServiceConfig: addA2dpProfile: isA2dpSinkEnabled = falseisHfpClientEnabled false serviceName GattService
07-25 14:06:19.519  4464  4464 D AdapterServiceConfig: Adding GattService
07-25 14:06:19.519  4464  4464 D AdapterServiceConfig: addA2dpProfile: isA2dpSinkEnabled = falseisHfpClientEnabled false serviceName BluetoothMapService
07-25 14:06:19.519  4464  4464 D AdapterServiceConfig: Adding BluetoothMapService
07-25 14:06:19.519  4464  4464 D AdapterServiceConfig: Could not find profile bit mask
07-25 14:06:19.519  4464  4464 D AdapterServiceConfig: addA2dpProfile: isA2dpSinkEnabled = falseisHfpClientEnabled false serviceName HidDevService
07-25 14:06:19.519  4464  4464 D AdapterServiceConfig: Adding HidDevService
07-25 14:06:19.533  3003  3021 D BluetoothManagerService: Message: 20
07-25 14:06:19.533  3003  3021 D BluetoothManagerService: Added callback: android.bluetooth.IBluetoothManagerCallback$Stub$Proxy@f65db4e:true
07-25 14:06:19.534  4464  4464 D BluetoothAdapterState: make() - Creating AdapterState
07-25 14:06:19.537  4464  4464 I bt_bluedroid: init
07-25 14:06:19.537  4464  4477 I BluetoothAdapterState: Entering OffState
07-25 14:06:19.538  4464  4478 I bt_bte_conf: bte_load_ble_conf attempt to load ble stack conf from /etc/bluetooth/ble_stack.conf
07-25 14:06:19.538  4464  4478 E bt_osi_config: config_new unable to open file '/etc/bluetooth/ble_stack.conf': No such file or directory
07-25 14:06:19.538  4464  4478 I bt_bte_conf: bte_load_ble_conf file >/etc/bluetooth/ble_stack.conf< not found
07-25 14:06:19.538  4464  4478 I bt_stack_config: init attempt to load stack conf from /etc/bluetooth/bt_stack.conf
07-25 14:06:19.539  4464  4464 I bt_bluedroid: get_profile_interface socket
07-25 14:06:19.541  4464  4464 I bt_bluedroid: get_profile_interface sdp
07-25 14:06:19.541  4464  4481 D BluetoothAdapterProperties: Address is:32:15:00:E7:69:A8
07-25 14:06:19.542  4464  4481 D BluetoothAdapterProperties: Name is: Huawei P8L
07-25 14:06:19.543  3003  3003 D BluetoothManagerService: Bluetooth Adapter name changed to Huawei P8L
07-25 14:06:19.543  3003  3003 D BluetoothManagerService: Stored Bluetooth name: Huawei P8L
07-25 14:06:19.546  3003  3003 D BluetoothManagerService: BluetoothServiceConnection: com.android.bluetooth.btservice.AdapterService
07-25 14:06:19.546  3003  3021 D BluetoothManagerService: Message: 40
07-25 14:06:19.546  3003  3021 D BluetoothManagerService: MESSAGE_BLUETOOTH_SERVICE_CONNECTED: 1
07-25 14:06:19.547  4464  4476 I bt_bluedroid: config_hci_snoop_log
07-25 14:06:19.548  3003  3021 D BluetoothManagerService: Calling onBluetoothServiceUp callbacks
07-25 14:06:19.548  3003  3021 D BluetoothManagerService: Broadcasting onBluetoothServiceUp() to 5 receivers.
07-25 14:06:19.548  3003  3021 D BluetoothManagerService: Broadcasted onBluetoothServiceUp() to android.bluetooth.IBluetoothManagerCallback$Stub$Proxy@130bde6
07-25 14:06:19.549  3003  3021 D BluetoothManagerService: Broadcasted onBluetoothServiceUp() to android.bluetooth.IBluetoothManagerCallback$Stub$Proxy@7ad07ca
07-25 14:06:19.549  3003  3021 D BluetoothManagerService: Broadcasted onBluetoothServiceUp() to android.bluetooth.BluetoothAdapter$1@dc64129
07-25 14:06:19.549  3003  3021 D BluetoothManagerService: Broadcasted onBluetoothServiceUp() to android.bluetooth.IBluetoothManagerCallback$Stub$Proxy@2055c01
07-25 14:06:19.550  3003  3021 D BluetoothManagerService: Broadcasted onBluetoothServiceUp() to android.bluetooth.IBluetoothManagerCallback$Stub$Proxy@f65db4e
07-25 14:06:19.551  4464  4477 D BluetoothAdapterState: Current state: OFF, message: 0
07-25 14:06:19.551  4464  4477 D BluetoothAdapterProperties: Setting state to 14
07-25 14:06:19.551  4464  4477 I BluetoothAdapterState: Bluetooth adapter state changed: 10-> 14
07-25 14:06:19.551  3003  3021 D BluetoothManagerService: Message: 60
07-25 14:06:19.551  3003  3021 D BluetoothManagerService: MESSAGE_BLUETOOTH_STATE_CHANGE: prevState = 10, newState=14
07-25 14:06:19.551  3003  3021 D BluetoothManagerService: BLE State Change Intent: 10 -> 14
07-25 14:06:19.553  4464  4477 D BluetoothBondStateMachine: make
07-25 14:06:19.554  4464  4482 I BluetoothBondStateMachine: StableState(): Entering Off State
07-25 14:06:19.557  4464  4477 I BluetoothAdapterState: Entering PendingCommandState
07-25 14:06:19.558  4464  4464 D BtGatt.GattService: classInitNative called
07-25 14:06:19.559  4464  4464 I BtGatt.JNI: classInitNative(L912): classInitNative: Success!
07-25 14:06:19.562  4464  4464 D BtGatt.DebugUtils: handleDebugAction() action=null
07-25 14:06:19.562  4464  4464 D BluetoothAdapterService: getAdapterService() - returning com.android.bluetooth.btservice.AdapterService@e7fb58e
07-25 14:06:19.563  4464  4464 D BtGatt.GattService: Received start request. Starting profile...
07-25 14:06:19.563  4464  4464 D BluetoothAdapterService: getAdapterService() - returning com.android.bluetooth.btservice.AdapterService@e7fb58e
07-25 14:06:19.563  4464  4464 D BtGatt.GattService: start()
07-25 14:06:19.563  4464  4464 I bt_bluedroid: get_profile_interface gatt
07-25 14:06:19.564  4464  4464 D BluetoothAdapterService: getAdapterService() - returning com.android.bluetooth.btservice.AdapterService@e7fb58e
07-25 14:06:19.564  4464  4464 D BtGatt.AdvertiseManager: advertise manager created
07-25 14:06:19.569  4464  4464 D BtGatt.GattService:  profile started successfully
07-25 14:06:19.569  4464  4464 W BluetoothAdapterService: onProfileServiceStateChange() serviceName=com.android.bluetooth.gatt.GattService, state=12, doUpdate=true
07-25 14:06:19.569  4464  4464 V BluetoothAdapterState: isTurningOff()=false
07-25 14:06:19.569  4464  4464 V BluetoothAdapterState: isTurningOn()=false
07-25 14:06:19.569  4464  4464 V BluetoothAdapterState: isBleTurningOn()=true
07-25 14:06:19.569  4464  4464 V BluetoothAdapterState: isBleTurningOff()=false
07-25 14:06:19.570  4464  4477 D BluetoothAdapterState: Current state: PENDING_COMMAND, message: 4
07-25 14:06:19.571  4464  4477 I bt_bluedroid: bt_bluedroid
07-25 14:06:19.571  4464  4478 D bt_stack_manager: event_start_up_stack is bringing up the stack.
07-25 14:06:19.572  4464  4478 I bt_snoop: Time GMT offset 7200
07-25 14:06:19.572  4464  4478 I bt_hci  : start_up
07-25 14:06:19.578  4464  4478 I bt_vendor: alloc value 0xf4095665
07-25 14:06:19.578  4464  4478 I bt_vendor: init
07-25 14:06:19.578  4464  4478 I bt_vnd_conf: Attempt to load conf from /etc/bluetooth/bt_vendor.conf
07-25 14:06:19.578  4464  4478 E bt_upio : init_rfkill : open(/sys/class/rfkill/rfkill1/type) failed: No such file or directory (2)
07-25 14:06:19.578  4464  4478 E bt_upio : init_rfkill : open(/sys/class/rfkill/rfkill1/type) failed: No such file or directory (2)
07-25 14:06:19.578  4464  4478 D bt_hci  : start_up starting async portion
07-25 14:06:19.578  4464  4485 I bt_hci  : event_finish_startup
07-25 14:06:19.578  4464  4485 I bt_hci_h4: hal_open
07-25 14:06:19.578  4464  4485 I bt_userial_vendor: userial vendor open: opening /dev/ttyAMA1
07-25 14:06:19.579  4464  4485 E bt_userial_vendor: userial vendor open: unable to open /dev/ttyAMA1
07-25 14:06:19.579  4464  4485 E bt_hci_h4: hal_open opened the wrong number of ports: got 0, expected 1.
07-25 14:06:19.579  4464  4485 E bt_hci_h4: In transmit_data, error writing to the uart serial port: Bad file descriptor
07-25 14:06:21.194  4487  4487 F libc    : page record for 0xf77a300c was not found (block_size=128)
07-25 14:06:21.197  4486  4486 F libc    : page record for 0xf77a300c was not found (block_size=128)
07-25 14:06:21.200  4493  4493 F libc    : page record for 0xf77a300c was not found (block_size=128)
07-25 14:06:21.204  4490  4490 F libc    : page record for 0xf77a300c was not found (block_size=128)
07-25 14:06:22.673  3003  3050 I PowerManagerService: Waking up from sleep (uid 1000)...
07-25 14:06:22.675  3003  3003 V KeyguardServiceDelegate: onStartedWakingUp()
07-25 14:06:22.679  3003  3024 I DisplayPowerController: Blocking screen on until initial contents have been drawn.
07-25 14:06:22.679  3003  3024 V KeyguardServiceDelegate: onScreenTurnedOn(showListener = com.android.server.policy.PhoneWindowManager$2@79e0626)
07-25 14:06:22.682  3003  3022 I DisplayManagerService: Display device changed state: "Built-in Screen", ON
07-25 14:06:22.682  2473  2473 D SurfaceFlinger: Set power mode=2, type=0 flinger=0x7fb7783c00
07-25 14:06:22.671  2756  2756 I oam_app : type=1400 audit(0.0:171): avc: denied { read } for ppid=1 ppid_comm="init" scontext=u:r:init:s0 tcontext=u:r:init:s0 tclass=netlink_socket permissive=1
07-25 14:06:22.693  3003  3324 V KeyguardServiceDelegate: **** SHOWN CALLED ****
07-25 14:06:22.695  2480  2480 V audio_hw_primary: adev set parameters kvpairs: screen_state=on
07-25 14:06:22.695  3003  3058 D WifiConfigStore: Retrieve network priorities after PNO.
07-25 14:06:22.695  2480  2480 V default_custom: default custom set parameters kvpairs: screen_state=on
07-25 14:06:22.695  2480  2480 V audio_hw_primary: audio_custom_set_parameters excute succseed.
07-25 14:06:22.695  2480  2480 E bt_a2dp_hw: adev_set_parameters: ERROR: set param called even when stream out is null
07-25 14:06:22.695  3112  3112 D wpa_supplicant: wlan0: Control interface command 'SET pno 0'
07-25 14:06:22.695  3112  3112 D wpa_supplicant: CTRL_IFACE SET 'pno'='0'
07-25 14:06:22.695  3112  3112 D wpa_supplicant: CTRL-DEBUG: global_ctrl_sock-sendto: sock=11 sndbuf=212992 outq=0 send_len=3
07-25 14:06:22.696  3003  3058 E native  : do suspend false
07-25 14:06:22.696  3112  3112 D wpa_supplicant: wlan0: Control interface command 'DRIVER SETSUSPENDMODE 0'
07-25 14:06:22.697  3112  3112 D wpa_supplicant: CTRL-DEBUG: global_ctrl_sock-sendto: sock=11 sndbuf=212992 outq=0 send_len=5
07-25 14:06:22.681  3932  3932 I RenderThread: type=1400 audit(0.0:172): avc: denied { ioctl } for ppid=2491 ppid_comm="main" path="/dev/mali" dev="tmpfs" ino=1186 ioctlcmd=830a scontext=u:r:system_app:s0 tcontext=u:object_r:device:s0 tclass=chr_file permissive=1
07-25 14:06:22.703  3003  3058 D WifiConfigStore: No blacklist allowed without epno enabled
07-25 14:06:22.710  2473  3047 I [Gralloc]: alloc w[720] h[1280] format[1] usage[3842]
07-25 14:06:22.712  2473  3047 I [Gralloc]: alloc succ handle[0x7fb72a02a0] stride[720]
07-25 14:06:22.750  3003  3018 D Sensors : sensors_poll_context_t->activate(handle: 0, enabled: 1)
07-25 14:06:22.750  3003  3018 D Sensors : AccelerometerSensor:virtual int AccelerometerSensor::enable(int32_t, int): fd (178 ),en (1),flags(1), mEnabled(0),input_sys_path (/sys/class/sensors/acc_sensor/enable)
07-25 14:06:22.765  3003  3018 D Sensors : sensors_poll_context_t->setDelay(handle: 0, ns: 66667000)
07-25 14:06:22.765  3003  3018 D Sensors : AccelerometerSensor:set delay,input_sysfs_path (/sys/class/sensors/acc_sensor/set_delay)
07-25 14:06:22.766  3003  3018 D Sensors : AccelerometerSensor:virtual int AccelerometerSensor::setDelay(int32_t, int64_t): fd (178 ),input_sys_path (/sys/class/sensors/acc_sensor/set_delay)
07-25 14:06:22.771  3003  3018 D Sensors : sensors_poll_context_t->setDelay(handle: 0, ns: 66667000)
07-25 14:06:22.771  3003  3018 D Sensors : AccelerometerSensor:set delay,input_sysfs_path (/sys/class/sensors/acc_sensor/set_delay)
07-25 14:06:22.771  3003  3018 D Sensors : AccelerometerSensor:virtual int AccelerometerSensor::setDelay(int32_t, int64_t): fd (178 ),input_sys_path (/sys/class/sensors/acc_sensor/set_delay)
07-25 14:06:22.778  3003  3024 I DisplayPowerController: Unblocked screen on after 99 ms
07-25 14:06:22.778  3003  3024 V KeyguardServiceDelegate: onScreenTurnedOn()
07-25 14:06:22.778  3003  3088 D         : file:device/hisi/common/liblights/lights.c, func:set_light_backlight, brightness=26
07-25 14:06:22.794  3003  3088 D         : file:device/hisi/common/liblights/lights.c, func:set_light_backlight, brightness=30
07-25 14:06:22.811  3003  3088 D         : file:device/hisi/common/liblights/lights.c, func:set_light_backlight, brightness=35
07-25 14:06:22.828  3003  3088 D         : file:device/hisi/common/liblights/lights.c, func:set_light_backlight, brightness=39
07-25 14:06:22.844  3003  3088 D         : file:device/hisi/common/liblights/lights.c, func:set_light_backlight, brightness=43
07-25 14:06:22.862  3003  3088 D         : file:device/hisi/common/liblights/lights.c, func:set_light_backlight, brightness=48
07-25 14:06:22.878  3003  3088 D         : file:device/hisi/common/liblights/lights.c, func:set_light_backlight, brightness=52
07-25 14:06:22.895  3003  3088 D         : file:device/hisi/common/liblights/lights.c, func:set_light_backlight, brightness=57
07-25 14:06:22.912  3003  3088 D         : file:device/hisi/common/liblights/lights.c, func:set_light_backlight, brightness=61
07-25 14:06:22.928  3003  3088 D         : file:device/hisi/common/liblights/lights.c, func:set_light_backlight, brightness=66
07-25 14:06:22.944  3003  3088 D         : file:device/hisi/common/liblights/lights.c, func:set_light_backlight, brightness=70
07-25 14:06:22.963  3003  3088 D         : file:device/hisi/common/liblights/lights.c, func:set_light_backlight, brightness=75
07-25 14:06:22.979  3003  3088 D         : file:device/hisi/common/liblights/lights.c, func:set_light_backlight, brightness=79
07-25 14:06:22.999  3003  3088 D         : file:device/hisi/common/liblights/lights.c, func:set_light_backlight, brightness=83
07-25 14:06:23.014  3003  3088 D         : file:device/hisi/common/liblights/lights.c, func:set_light_backlight, brightness=88
07-25 14:06:23.030  3003  3088 D         : file:device/hisi/common/liblights/lights.c, func:set_light_backlight, brightness=92
07-25 14:06:23.046  3003  3088 D         : file:device/hisi/common/liblights/lights.c, func:set_light_backlight, brightness=97
07-25 14:06:23.064  3003  3088 D         : file:device/hisi/common/liblights/lights.c, func:set_light_backlight, brightness=101
07-25 14:06:23.080  3003  3088 D         : file:device/hisi/common/liblights/lights.c, func:set_light_backlight, brightness=102
07-25 14:06:23.197  3003  3058 D WifiConfigStore: Retrieve network priorities after PNO.
07-25 14:06:23.198  3112  3112 D wpa_supplicant: wlan0: Control interface command 'SET pno 0'
07-25 14:06:23.199  3112  3112 D wpa_supplicant: CTRL_IFACE SET 'pno'='0'
07-25 14:06:23.199  3112  3112 D wpa_supplicant: CTRL-DEBUG: global_ctrl_sock-sendto: sock=11 sndbuf=212992 outq=0 send_len=3
07-25 14:06:23.201  3112  3112 D wpa_supplicant: wlan0: Control interface command 'SCAN TYPE=ONLY'
07-25 14:06:23.201  3112  3112 D wpa_supplicant: wlan0: Setting scan request: 0.000000 sec
07-25 14:06:23.201  3112  3112 D wpa_supplicant: CTRL-DEBUG: global_ctrl_sock-sendto: sock=11 sndbuf=212992 outq=0 send_len=3
07-25 14:06:23.202  3112  3112 D wpa_supplicant: wlan0: Starting AP scan for wildcard SSID
07-25 14:06:23.202  3112  3112 D wpa_supplicant: WPS: Building WPS IE for Probe Request
07-25 14:06:23.202  3112  3112 D wpa_supplicant: WPS:  * Version (hardcoded 0x10)
07-25 14:06:23.202  3112  3112 D wpa_supplicant: WPS:  * Request Type
07-25 14:06:23.202  3112  3112 D wpa_supplicant: WPS:  * Config Methods (4388)
07-25 14:06:23.202  3112  3112 D wpa_supplicant: WPS:  * UUID-E
07-25 14:06:23.202  3112  3112 D wpa_supplicant: WPS:  * Primary Device Type
07-25 14:06:23.202  3112  3112 D wpa_supplicant: WPS:  * RF Bands (1)
07-25 14:06:23.202  3112  3112 D wpa_supplicant: WPS:  * Association State
07-25 14:06:23.202  3112  3112 D wpa_supplicant: WPS:  * Configuration Error (0)
07-25 14:06:23.202  3112  3112 D wpa_supplicant: WPS:  * Device Password ID (0)
07-25 14:06:23.203  3112  3112 D wpa_supplicant: WPS:  * Manufacturer
07-25 14:06:23.203  3112  3112 D wpa_supplicant: WPS:  * Model Name
07-25 14:06:23.203  3112  3112 D wpa_supplicant: WPS:  * Model Number
07-25 14:06:23.203  3112  3112 D wpa_supplicant: WPS:  * Device Name
07-25 14:06:23.203  3112  3112 D wpa_supplicant: WPS:  * Version2 (0x20)
07-25 14:06:23.203  3112  3112 D wpa_supplicant: P2P: * P2P IE header
07-25 14:06:23.203  3112  3112 D wpa_supplicant: P2P: * Capability dev=25 group=00
07-25 14:06:23.203  3112  3112 D wpa_supplicant: P2P: * Listen Channel: Regulatory Class 81 Channel 11
07-25 14:06:23.203  3112  3112 D wpa_supplicant: wlan0: Add radio work 'scan'@0x7fb7892300
07-25 14:06:23.203  3112  3112 D wpa_supplicant: wlan0: First radio work item in the queue - schedule start immediately
07-25 14:06:23.204  3112  3112 D wpa_supplicant: wlan0: Starting radio work 'scan'@0x7fb7892300 after 0.000274 second wait
07-25 14:06:23.204  3112  3112 D wpa_supplicant: wlan0: nl80211: scan request
07-25 14:06:23.204  3112  3112 D wpa_supplicant: nl80211: Scan SSID - hexdump(len=0): [NULL]
07-25 14:06:23.204  3112  3112 D wpa_supplicant: nl80211: Scan extra IEs - hexdump(len=160): 7f 04 00 00 0a 02 dd 85 00 50 f2 04 10 4a 00 01 10 10 3a 00 01 00 10 08 00 02 43 88 10 47 00 10 ...
07-25 14:06:23.205  3112  3112 D wpa_supplicant: Scan requested (ret=0) - scan timeout 30 seconds
07-25 14:06:23.205  3112  3112 D wpa_supplicant: nl80211: Event message available
07-25 14:06:23.205  3112  3112 D wpa_supplicant: nl80211: Drv Event 33 (NL80211_CMD_TRIGGER_SCAN) received for wlan0
07-25 14:06:23.206  3112  3112 D wpa_supplicant: wlan0: nl80211: Scan trigger
07-25 14:06:23.206  3112  3112 D wpa_supplicant: wlan0: Event SCAN_STARTED (47) received
07-25 14:06:23.206  3112  3112 D wpa_supplicant: wlan0: Own scan request started a scan in 0.000788 seconds
07-25 14:06:23.206  3112  3112 D wpa_supplicant: CTRL-DEBUG: ctrl_sock-sendmsg: sock=11 sndbuf=212992 outq=0 send_len=24
07-25 14:06:23.207  3112  3112 D wpa_supplicant: CTRL_IFACE monitor sent successfully to /data/misc/wifi/sockets/wpa_ctrl_3003-2\x00
07-25 14:06:23.619  3126  3126 D PhoneStatusBar: disable: < expand ICONS alerts SYSTEM_INFO back HOME RECENT clock SEARCH quick_settings >
07-25 14:06:23.634  2480  2984 V audio_hw_primary: out_set_parameters kvpairs: routing=2
07-25 14:06:23.634  2480  2984 I audio_hw_primary: check_device_change return 1
07-25 14:06:23.635  2480  2984 D dsp_interface: dsp_set_device: call_m0_standby = 1, device = 2
07-25 14:06:23.637  3126  3126 D PhoneStatusBar: disable: < expand icons* alerts system_info* back HOME RECENT clock SEARCH quick_settings >
07-25 14:06:23.642  3603  3603 D LocalBluetoothManager: setting foreground activity to non-null context
07-25 14:06:23.645  2480  2984 I audio_hw_primary: start_output_stream++: out_type = 0, out_device = 0
07-25 14:06:23.646  2480  2984 V audio_hw_primary: pcm_open(PCM_CARD) succeed. pcm_device: 0
07-25 14:06:23.646  2480  2984 I audio_hw_primary: select_devices++ mode[0]
07-25 14:06:23.646  2480  2984 I audio_hw_primary: output_device_id is 2, output_route is media-speaker;input_source_id is 0, input_route is null.
07-25 14:06:23.646  2480  2984 V audio_hw_primary: original selected output route media-speaker input route none
07-25 14:06:23.646  2480  2984 V audio_hw_primary: custom selected input route none
07-25 14:06:23.646  2480  2984 V audio_hw_primary: custom selected output route media-speaker
07-25 14:06:23.646  2480  2984 V audio_hw_primary: select_devices() devices 0x2 input src 0 output route media-speaker input route none
07-25 14:06:23.646  2480  2984 V audio_hw_primary: forced_out 0 out_device 0x2 
07-25 14:06:23.647  2480  2984 D earpice_pa: open /dev/ear_pa.
07-25 14:06:23.647  2480  2984 D earpice_pa: close /dev/ear_pa.
07-25 14:06:23.647  2480  2984 I dsp_common: dsp_common_control_algo:set device = 2
07-25 14:06:23.647  2480  2984 I audio_route: route change HISSC_STEREO_DLINK_L_PGA_INTEGER_CONFIG value[0] 255
07-25 14:06:23.647  2480  2984 I audio_route: route change HISSC_STEREO_DLINK_L_PGA_FRAC_CONFIG value[0] 1
07-25 14:06:23.647  2480  2984 I audio_route: route change HISSC_STEREO_DLINK_R_PGA_INTEGER_CONFIG value[0] 255
07-25 14:06:23.647  2480  2984 I audio_route: route change HISSC_STEREO_DLINK_R_PGA_FRAC_CONFIG value[0] 1
07-25 14:06:23.647  2480  2984 I audio_route: route change HISSC_DACL_AGC_BYPASS value[0] 1
07-25 14:06:23.647  2480  2984 I audio_route: route change HISSC_DACL_AGC_USR_GDB_INTEGER value[0] 253
07-25 14:06:23.647  2480  2984 I audio_route: route change HISSC_DACR_AGC_BYPASS value[0] 1
07-25 14:06:23.647  2480  2984 I audio_route: route change HISSC_DACR_AGC_USR_GDB_INTEGER value[0] 253
07-25 14:06:23.648  2480  2984 I audio_route: route change HISSC_FS_STEREO_DLINK_L value[0] 4
07-25 14:06:23.648  2480  2984 I audio_route: route change HISSC_FS_STEREO_DLINK_R value[0] 4
07-25 14:06:23.648  2480  2984 I audio_route: route change HISSC_FS_DACLR value[0] 4
07-25 14:06:23.648  2480  2984 I audio_route: route change HISSC_FS_S1 value[0] 4
07-25 14:06:23.648  2480  2984 I audio_route: route change STEREO_DLINK_TEST_SEL MUX value 2
07-25 14:06:23.648  2480  2984 I audio_route: route change SIF_EN MIXER SIF_DACL_EN value[0] 1
07-25 14:06:23.649  2480  2984 I audio_route: route change SIF_EN MIXER SIF_DACR_EN value[0] 1
07-25 14:06:23.650  2480  2984 I audio_route: route change DACR_MIXER_EN MIXER DACR_MIXER_IN2_MUTE value[0] 1
07-25 14:06:23.656  2480  2984 I audio_route: route change DACL_MIXER_EN MIXER DACL_MIXER_IN2_MUTE value[0] 1
07-25 14:06:23.656  2480  2984 I audio_route: route change S1_IF_TX_ENA MIXER DAC_LR value[0] 1
07-25 14:06:23.665  3603  4499 D Index   : Deleting data for locale 'en_US' took 3 millis
07-25 14:06:23.651  3932  3932 I RenderThread: type=1400 audit(0.0:173): avc: denied { read write } for ppid=2491 ppid_comm="main" path="/dev/mali" dev="tmpfs" ino=1186 scontext=u:r:system_app:s0 tcontext=u:object_r:device:s0 tclass=chr_file permissive=1
07-25 14:06:23.670  2480  2984 I dsp_common: dsp_common_control_algo:set device = 2
07-25 14:06:23.671  2480  2984 D TFA9895_SPK: tfa9895 dev_power_on scene = 0
07-25 14:06:23.671  2480  2984 I TFA9895_SPK: tfa9895 power on scene = 0, lastScene= 0
07-25 14:06:23.671  3603  4499 D Index   : Indexing locale 'en_US' took 6 millis
07-25 14:06:23.672  3126  3126 D PhoneStatusBar: disable: < expand icons alerts system_info back home* recent* clock search* quick_settings >
07-25 14:06:23.681  3003  3774 W InputMethodManagerService: Window already focused, ignoring focus gain of: com.android.internal.view.IInputMethodClient$Stub$Proxy@b670e44 attribute=android.view.inputmethod.EditorInfo@dd1fb2d, token = android.os.BinderProxy@cd3a188
07-25 14:06:23.714  2473  2527 I [Gralloc]: alloc w[720] h[84] format[1] usage[3842]
07-25 14:06:23.715  2473  2527 I [Gralloc]: alloc succ handle[0x7fb72c5020] stride[720]
07-25 14:06:23.716  2473  3047 I [Gralloc]: alloc w[720] h[84] format[1] usage[3842]
07-25 14:06:23.716  2473  3047 I [Gralloc]: alloc succ handle[0x7fb72a0540] stride[720]
07-25 14:06:23.716  2473  3047 I [Gralloc]: alloc w[720] h[84] format[1] usage[3842]
07-25 14:06:23.716  2473  3047 I [Gralloc]: alloc succ handle[0x7fb72a0620] stride[720]
07-25 14:06:23.717  2473  3047 I [Gralloc]: alloc w[720] h[84] format[1] usage[3842]
07-25 14:06:23.717  2473  3047 I [Gralloc]: alloc succ handle[0x7fb72a0700] stride[720]
07-25 14:06:23.752  2480  2984 I TFA9895_SPK: tfa9895 spk power on!
07-25 14:06:23.753  2480  2984 I audio_hw_primary: select_devices--
07-25 14:06:23.753  2480  2984 I audio_hw_primary: start_output_stream--
07-25 14:06:23.876  2473  2524 I [Gralloc]: alloc w[720] h[42] format[1] usage[3842]
07-25 14:06:23.876  2473  2524 I [Gralloc]: alloc succ handle[0x7fb72c4760] stride[720]
07-25 14:06:23.887  2473  3048 I [Gralloc]: alloc w[720] h[42] format[1] usage[3842]
07-25 14:06:23.888  2473  3048 I [Gralloc]: alloc succ handle[0x7fb72a0380] stride[720]
07-25 14:06:23.927  3112  3112 D wpa_supplicant: nl80211: Event message available
07-25 14:06:23.927  3112  3112 D wpa_supplicant: nl80211: Drv Event 34 (NL80211_CMD_NEW_SCAN_RESULTS) received for wlan0
07-25 14:06:23.927  3112  3112 D wpa_supplicant: wlan0: nl80211: New scan results available
07-25 14:06:23.927  3112  3112 D wpa_supplicant: nl80211: Scan probed for SSID ''
07-25 14:06:23.927  3112  3112 D wpa_supplicant: nl80211: Scan included frequencies: 2412 2417 2422 2427 2432 2437 2442 2447 2452 2457 2462 2467 2472
07-25 14:06:23.927  3112  3112 D wpa_supplicant: wlan0: Event SCAN_RESULTS (3) received
07-25 14:06:23.927  3112  3112 D wpa_supplicant: wlan0: Scan completed in 0.721252 seconds
07-25 14:06:23.927  3112  3112 D wpa_supplicant: nl80211: Received scan results (1 BSSes)
07-25 14:06:23.928  3112  3112 D wpa_supplicant: Sorted scan results
07-25 14:06:23.928  3112  3112 D wpa_supplicant: f4:f2:6d:e5:72:21 freq=2467 qual=0 noise=-89~ level=-47 snr=42* flags=0xb age=0 est=135000
07-25 14:06:23.928  3112  3112 D wpa_supplicant: IEs - hexdump(len=303): 00 17 48 61 6b 79 38 36 20 41 6e 20 58 44 41 2d 44 65 76 65 6c 6f 70 65 72 01 08 82 84 8b 96 24 ...
07-25 14:06:23.928  3112  3112 D wpa_supplicant: Beacon IEs - hexdump(len=303): 00 17 48 61 6b 79 38 36 20 41 6e 20 58 44 41 2d 44 65 76 65 6c 6f 70 65 72 01 08 82 84 8b 96 24 ...
