07-25 14:04:42.968  3003  3324 W BroadcastQueue: Permission Denial: receiving Intent { act=android.intent.action.BOOT_COMPLETED flg=0x8000010 (has extras) } to org.cyanogenmod.snap/com.android.camera.DisableCameraReceiver requires android.permission.RECEIVE_BOOT_COMPLETED due to sender null (uid 1000)
07-25 14:04:42.991  3684  3684 D AlertReceiver: onReceive: a=android.intent.action.BOOT_COMPLETED Intent { act=android.intent.action.BOOT_COMPLETED flg=0x8000010 cmp=com.android.calendar/.alerts.AlertReceiver (has extras) }
07-25 14:04:42.997  3706  3706 V AlarmClock: AlarmInitReceiver android.intent.action.BOOT_COMPLETED
07-25 14:04:43.006  3706  3746 V AlarmClock: AlarmInitReceiver - Reset timers and clear stopwatch data
07-25 14:04:43.013  3706  3746 V AlarmClock: AlarmInitReceiver finished
07-25 14:04:43.015  3852  3852 W System  : ClassLoader referenced unknown path: /system/app/Exchange2/lib/arm64
07-25 14:04:43.030  3684  3868 D AlertService: 0 Action = android.intent.action.BOOT_COMPLETED
07-25 14:04:43.035  3003  3800 I ActivityManager: Start proc 3872:com.android.email/u0a39 for broadcast com.android.email/.service.EmailBroadcastReceiver
07-25 14:04:43.038  3684  3868 D AlertService: Scheduling next alarm with AlarmScheduler. sEventReminderReceived: null
07-25 14:04:43.054  3684  3868 D AlarmScheduler: No events found starting within 1 week.
07-25 14:04:43.092  3872  3872 W System  : ClassLoader referenced unknown path: /system/app/Email/lib/arm64
07-25 14:04:43.114  3432  3463 I ContactDirectoryManager: deleted 0 stale rows which don't have any relevant directory
07-25 14:04:43.131  3887  3887 I android.bg: type=1400 audit(0.0:145): avc: denied { write } for ppid=2491 ppid_comm="main" name=".gps.interface.pipe.to_gpsd" dev="mmcblk0p40" ino=122163 scontext=u:r:system_server:s0 tcontext=u:object_r:gps_data_file:s0 tclass=fifo_file permissive=1
07-25 14:04:43.131  3887  3887 I android.bg: type=1400 audit(0.0:146): avc: denied { open } for ppid=2491 ppid_comm="main" path="/data/gps/.gps.interface.pipe.to_gpsd" dev="mmcblk0p40" ino=122163 scontext=u:r:system_server:s0 tcontext=u:object_r:gps_data_file:s0 tclass=fifo_file permissive=1
07-25 14:04:43.142  3003  3016 D libgps  : configuration_update: Waiting for IPC connection - timeout
07-25 14:04:43.142  3003  3016 E libgps  : LIBGPS: Cannot communicate (write) with a GPSD
07-25 14:04:43.143  3003  3016 E libgps  : IPC Communication Error 1, ../../../../tmp/14477502_250069/proprietary/deliverables/android/gps_interface/gpsi_client/GpsiClient.cpp:2213 configuration_update
07-25 14:04:43.143  3003  3016 D GpsLocationProvider: final config = #Tue Jul 25 14:04:42 GMT+02:00 2017
07-25 14:04:43.143  3003  3016 D GpsLocationProvider: XTRA_SERVER_2=http\://gllto2.glpals.com/7day/v3/latest/lto2.dat
07-25 14:04:43.143  3003  3016 D GpsLocationProvider: SUPL_VER=0x20000
07-25 14:04:43.143  3003  3016 D GpsLocationProvider: SUPL_HOST=supl.google.com
07-25 14:04:43.143  3003  3016 D GpsLocationProvider: NTP_SERVER=pool.ntp.org
07-25 14:04:43.143  3003  3016 D GpsLocationProvider: XTRA_SERVER_1=http\://gllto1.glpals.com/7day/v3/latest/lto2.dat
07-25 14:04:43.143  3003  3016 D GpsLocationProvider: SUPL_PORT=7275
07-25 14:04:43.143  3003  3016 D GpsLocationProvider: SUPL_MODE=1
07-25 14:04:43.146  3003  3016 D libgps  : proxy_gps_init: called.
07-25 14:04:43.147  3003  3016 D libgps  : proxy_gps_xtra_init: called.
07-25 14:04:43.147  3003  3016 D libgps  : proxy_agps_set_server: called, type = 1, hostname = supl.google.com, port = 7275.
07-25 14:04:43.147  3003  3016 D libgps  : agps_set_server: Waiting for IPC connection...
07-25 14:04:43.164  3432  3463 I ContactDirectoryManager: Discovered 0 contact directories in 716ms
07-25 14:04:43.176  2480  2988 I FFmpegExtractor: android-source:0xf68a1440
07-25 14:04:43.178  2473  3047 I [Gralloc]: alloc w[720] h[1280] format[1] usage[3842]
07-25 14:04:43.180  2473  3047 I [Gralloc]: alloc succ handle[0x7fb72a0a80] stride[720]
07-25 14:04:43.188  3126  3126 D PhoneStatusBar: disable: < expand ICONS alerts SYSTEM_INFO back HOME RECENT clock SEARCH quick_settings >
07-25 14:04:43.206  3126  3126 W AudioTrack: AUDIO_OUTPUT_FLAG_FAST denied by client; transfer 4, track 44100 Hz, output 48000 Hz
07-25 14:04:43.211  2984  2984 I AudioOut_2: type=1400 audit(0.0:147): avc: denied { read write } for ppid=1 ppid_comm="init" name="ear_pa" dev="tmpfs" ino=1287 scontext=u:r:mediaserver:s0 tcontext=u:object_r:device:s0 tclass=chr_file permissive=1
07-25 14:04:43.211  2984  2984 I AudioOut_2: type=1400 audit(0.0:148): avc: denied { open } for ppid=1 ppid_comm="init" path="/dev/ear_pa" dev="tmpfs" ino=1287 scontext=u:r:mediaserver:s0 tcontext=u:object_r:device:s0 tclass=chr_file permissive=1
07-25 14:04:43.211  2984  2984 I AudioOut_2: type=1400 audit(0.0:149): avc: denied { ioctl } for ppid=1 ppid_comm="init" path="/dev/ear_pa" dev="tmpfs" ino=1287 ioctlcmd=4181 scontext=u:r:mediaserver:s0 tcontext=u:object_r:device:s0 tclass=chr_file permissive=1
07-25 14:04:43.217  2480  2984 V audio_hw_primary: out_set_parameters kvpairs: routing=2
07-25 14:04:43.217  2480  2984 I audio_hw_primary: check_device_change return 1
07-25 14:04:43.217  2480  2984 D dsp_interface: dsp_set_device: call_m0_standby = 1, device = 2
07-25 14:04:43.221  3126  3126 D PhoneStatusBar: disable: < expand icons* alerts system_info* back HOME RECENT clock SEARCH quick_settings >
07-25 14:04:43.228  2480  2984 I audio_hw_primary: start_output_stream++: out_type = 0, out_device = 0
07-25 14:04:43.229  2480  2984 V audio_hw_primary: pcm_open(PCM_CARD) succeed. pcm_device: 0
07-25 14:04:43.229  2480  2984 I audio_hw_primary: select_devices++ mode[0]
07-25 14:04:43.229  2480  2984 I audio_hw_primary: output_device_id is 2, output_route is media-speaker;input_source_id is 0, input_route is null.
07-25 14:04:43.229  2480  2984 V audio_hw_primary: original selected output route media-speaker input route none
07-25 14:04:43.229  2480  2984 V audio_hw_primary: custom selected input route none
07-25 14:04:43.229  2480  2984 V audio_hw_primary: custom selected output route media-speaker
07-25 14:04:43.229  2480  2984 V audio_hw_primary: select_devices() devices 0x2 input src 0 output route media-speaker input route none
07-25 14:04:43.229  2480  2984 V audio_hw_primary: forced_out 0 out_device 0x2 
07-25 14:04:43.229  2480  2984 D earpice_pa: open /dev/ear_pa.
07-25 14:04:43.229  2480  2984 D earpice_pa: close /dev/ear_pa.
07-25 14:04:43.229  2480  2984 I dsp_common: dsp_common_control_algo:set device = 2
07-25 14:04:43.229  2480  2984 I audio_route: route change HISSC_STEREO_DLINK_L_PGA_INTEGER_CONFIG value[0] 255
07-25 14:04:43.229  2480  2984 I audio_route: route change HISSC_STEREO_DLINK_L_PGA_FRAC_CONFIG value[0] 1
07-25 14:04:43.229  2480  2984 I audio_route: route change HISSC_STEREO_DLINK_R_PGA_INTEGER_CONFIG value[0] 255
07-25 14:04:43.229  2480  2984 I audio_route: route change HISSC_STEREO_DLINK_R_PGA_FRAC_CONFIG value[0] 1
07-25 14:04:43.229  2480  2984 I audio_route: route change HISSC_DACL_AGC_BYPASS value[0] 1
07-25 14:04:43.230  2480  2984 I audio_route: route change HISSC_DACL_AGC_USR_GDB_INTEGER value[0] 253
07-25 14:04:43.230  2480  2984 I audio_route: route change HISSC_DACR_AGC_BYPASS value[0] 1
07-25 14:04:43.230  2480  2984 I audio_route: route change HISSC_DACR_AGC_USR_GDB_INTEGER value[0] 253
07-25 14:04:43.230  2480  2984 I audio_route: route change HISSC_FS_STEREO_DLINK_L value[0] 4
07-25 14:04:43.230  2480  2984 I audio_route: route change HISSC_FS_STEREO_DLINK_R value[0] 4
07-25 14:04:43.230  2480  2984 I audio_route: route change HISSC_FS_DACLR value[0] 4
07-25 14:04:43.230  2480  2984 I audio_route: route change HISSC_FS_S1 value[0] 4
07-25 14:04:43.230  2480  2984 I audio_route: route change STEREO_DLINK_TEST_SEL MUX value 2
07-25 14:04:43.230  2480  2984 I audio_route: route change SIF_EN MIXER SIF_DACL_EN value[0] 1
07-25 14:04:43.231  2480  2984 I audio_route: route change SIF_EN MIXER SIF_DACR_EN value[0] 1
07-25 14:04:43.231  2480  2984 I audio_route: route change DACR_MIXER_EN MIXER DACR_MIXER_IN2_MUTE value[0] 1
07-25 14:04:43.236  2480  2984 I audio_route: route change DACL_MIXER_EN MIXER DACL_MIXER_IN2_MUTE value[0] 1
07-25 14:04:43.237  2480  2984 I audio_route: route change S1_IF_TX_ENA MIXER DAC_LR value[0] 1
07-25 14:04:43.251  2480  2984 I dsp_common: dsp_common_control_algo:set device = 2
07-25 14:04:43.251  2480  2984 D TFA9895_SPK: tfa9895 dev_power_on scene = 0
07-25 14:04:43.251  2480  2984 I TFA9895_SPK: tfa9895 power on scene = 0, lastScene= 4
07-25 14:04:43.253  3126  3126 D PhoneStatusBar: disable: < expand icons alerts system_info back home* recent* clock search* quick_settings >
07-25 14:04:43.253  2480  2988 D FFmpegExtractor: suppoted codec(h264) by official Stagefright
07-25 14:04:43.254  2480  2988 D FFmpegExtractor: suppoted codec(aac) by official Stagefright
07-25 14:04:43.254  2480  2988 D FFmpegExtractor: ffmpeg detected media content as 'video/mp4' with confidence 0.08
07-25 14:04:43.268  2473  2524 I [Gralloc]: alloc w[720] h[84] format[1] usage[3842]
07-25 14:04:43.268  2473  2524 I [Gralloc]: alloc succ handle[0x7fb72a09a0] stride[720]
07-25 14:04:43.269  2473  2527 I [Gralloc]: alloc w[720] h[84] format[1] usage[3842]
07-25 14:04:43.269  2473  2527 I [Gralloc]: alloc succ handle[0x7fb72c45a0] stride[720]
07-25 14:04:43.269  2473  2527 I [Gralloc]: alloc w[720] h[84] format[1] usage[3842]
07-25 14:04:43.269  2473  2527 I [Gralloc]: alloc succ handle[0x7fb72c4680] stride[720]
07-25 14:04:43.269  2473  2527 I [Gralloc]: alloc w[720] h[84] format[1] usage[3842]
07-25 14:04:43.270  2473  2527 I [Gralloc]: alloc succ handle[0x7fb72c4760] stride[720]
07-25 14:04:43.291  3872  3890 D ActivityThread: Loading provider com.android.email.provider;com.android.email.notifier: com.android.email.provider.EmailProvider
07-25 14:04:43.298  3872  3891 D ActivityThread: Loading provider com.android.email.provider;com.android.email.notifier: com.android.email.provider.EmailProvider
07-25 14:04:43.332  2480  2984 I TFA9895_SPK: tfa9895 spk power on!
07-25 14:04:43.332  2480  2984 I audio_hw_primary: select_devices--
07-25 14:04:43.332  2480  2984 I audio_hw_primary: start_output_stream--
07-25 14:04:43.345  3872  3872 D EmailBroadcastReceiver: Received android.intent.action.BOOT_COMPLETED
07-25 14:04:43.353  3363  3363 I SystemBroadcastReceiver: Boot has been completed
07-25 14:04:43.353  3363  3363 I SystemBroadcastReceiver: toggleAppIcon() : FLAG_SYSTEM = true
07-25 14:04:43.372  3384  3384 D HISI_LOG: BootUpReceiver onReceive called, but quit now
07-25 14:04:43.392  3720  3720 I CalendarProvider2: Sending notification intent: Intent { act=android.intent.action.PROVIDER_CHANGED dat=content://com.android.calendar flg=0x20000000 }
07-25 14:04:43.392  3720  3720 W ContentResolver: Failed to get type for: content://com.android.calendar (Unknown URL content://com.android.calendar)
07-25 14:04:43.395  3684  3684 D AlertReceiver: onReceive: a=android.intent.action.PROVIDER_CHANGED Intent { act=android.intent.action.PROVIDER_CHANGED dat=content://com.android.calendar flg=0x20000010 cmp=com.android.calendar/.alerts.AlertReceiver }
07-25 14:04:43.405  3684  3903 D AlertService: 0 Action = android.intent.action.PROVIDER_CHANGED
07-25 14:04:43.458  2480  2480 I FFmpegExtractor: android-source:0xf68a1210
07-25 14:04:43.473  2480  2480 D FFmpegExtractor: suppoted codec(h264) by official Stagefright
07-25 14:04:43.473  2480  2480 D FFmpegExtractor: suppoted codec(aac) by official Stagefright
07-25 14:04:43.473  2480  2480 D FFmpegExtractor: ffmpeg detected media content as 'video/mp4' with confidence 0.08
07-25 14:04:43.479  3872  3891 W art     : Long monitor contention event with owner method=void android.database.sqlite.SQLiteConnection.detachCancellationSignal(android.os.CancellationSignal) from SQLiteConnection.java:954 waiters=1 for 105ms
07-25 14:04:43.487  3852  3852 I Exchange: EasService.onCreate
07-25 14:04:43.495  3003  3774 W ActivityManager: Unable to start service Intent { cmp=com.android.email/.service.AttachmentService } U=0: not found
07-25 14:04:43.505  3852  3908 I Exchange: RestartPingTask
07-25 14:04:43.507  3003  3757 W ActivityManager: Unable to start service Intent { cmp=com.android.email/.service.AttachmentService } U=0: not found
07-25 14:04:43.523  3003  3416 W ActivityManager: Unable to start service Intent { cmp=com.android.email/.service.AttachmentService } U=0: not found
07-25 14:04:43.523  3872  3907 I Email   : Observing account changes for notifications
07-25 14:04:43.533  3852  3852 I Exchange: RestartPingsTask did not start any pings.
07-25 14:04:43.533  3852  3852 I Exchange: PSS stopIfIdle
07-25 14:04:43.533  3852  3852 I Exchange: PSS has no active accounts; stopping service.
07-25 14:04:43.536  2473  3047 I [Gralloc]: alloc w[720] h[42] format[1] usage[3842]
07-25 14:04:43.536  2473  3047 I [Gralloc]: alloc succ handle[0x7fb72a0b60] stride[720]
07-25 14:04:43.541  2473  3048 I [Gralloc]: alloc w[720] h[42] format[1] usage[3842]
07-25 14:04:43.541  2473  3048 I [Gralloc]: alloc succ handle[0x7fb72a0a80] stride[720]
07-25 14:04:43.545  3852  3852 I Exchange: onDestroy
07-25 14:04:43.551  3852  3852 I Exchange: EasService.onCreate
07-25 14:04:43.556  3852  3912 I Exchange: RestartPingTask
07-25 14:04:43.569  3872  3901 W art     : Long monitor contention event with owner method=boolean android.os.BinderProxy.transactNative(int, android.os.Parcel, android.os.Parcel, int) from Binder.java:4294967294 waiters=2 for 199ms
07-25 14:04:43.569  3852  3852 I Exchange: RestartPingsTask did not start any pings.
07-25 14:04:43.569  3852  3852 I Exchange: PSS stopIfIdle
07-25 14:04:43.569  3852  3852 I Exchange: PSS has no active accounts; stopping service.
07-25 14:04:43.570  3852  3852 I Exchange: onDestroy
07-25 14:04:43.577  3852  3852 I Exchange: EasService.onCreate
07-25 14:04:43.581  3872  3872 E ActivityThread: Service com.android.email.service.EmailBroadcastProcessorService has leaked ServiceConnection com.android.emailcommon.service.ServiceProxy$ProxyConnection@247f322 that was originally bound here
07-25 14:04:43.581  3872  3872 E ActivityThread: android.app.ServiceConnectionLeaked: Service com.android.email.service.EmailBroadcastProcessorService has leaked ServiceConnection com.android.emailcommon.service.ServiceProxy$ProxyConnection@247f322 that was originally bound here
07-25 14:04:43.581  3872  3872 E ActivityThread: 	at android.app.LoadedApk$ServiceDispatcher.<init>(LoadedApk.java:1092)
07-25 14:04:43.581  3872  3872 E ActivityThread: 	at android.app.LoadedApk.getServiceDispatcher(LoadedApk.java:986)
07-25 14:04:43.581  3872  3872 E ActivityThread: 	at android.app.ContextImpl.bindServiceCommon(ContextImpl.java:1303)
07-25 14:04:43.581  3872  3872 E ActivityThread: 	at android.app.ContextImpl.bindService(ContextImpl.java:1286)
07-25 14:04:43.581  3872  3872 E ActivityThread: 	at android.content.ContextWrapper.bindService(ContextWrapper.java:604)
07-25 14:04:43.581  3872  3872 E ActivityThread: 	at com.android.emailcommon.service.ServiceProxy.setTask(ServiceProxy.java:181)
07-25 14:04:43.581  3872  3872 E ActivityThread: 	at com.android.emailcommon.service.ServiceProxy.test(ServiceProxy.java:224)
07-25 14:04:43.581  3872  3872 E ActivityThread: 	at com.android.email.service.EmailServiceUtils.isServiceAvailable(EmailServiceUtils.java:160)
07-25 14:04:43.581  3872  3872 E ActivityThread: 	at com.android.email.provider.AccountReconciler.reconcileAccountsInternal(AccountReconciler.java:171)
07-25 14:04:43.581  3872  3872 E ActivityThread: 	at com.android.email.provider.AccountReconciler.reconcileAccounts(AccountReconciler.java:115)
07-25 14:04:43.581  3872  3872 E ActivityThread: 	at com.android.email.service.EmailBroadcastProcessorService.reconcileAndStartServices(EmailBroadcastProcessorService.java:305)
07-25 14:04:43.581  3872  3872 E ActivityThread: 	at com.android.email.service.EmailBroadcastProcessorService.onBootCompleted(EmailBroadcastProcessorService.java:295)
07-25 14:04:43.581  3872  3872 E ActivityThread: 	at com.android.email.service.EmailBroadcastProcessorService.onHandleIntent(EmailBroadcastProcessorService.java:130)
07-25 14:04:43.581  3872  3872 E ActivityThread: 	at android.app.IntentService$ServiceHandler.handleMessage(IntentService.java:66)
07-25 14:04:43.581  3872  3872 E ActivityThread: 	at android.os.Handler.dispatchMessage(Handler.java:102)
07-25 14:04:43.581  3872  3872 E ActivityThread: 	at android.os.Looper.loop(Looper.java:148)
07-25 14:04:43.581  3872  3872 E ActivityThread: 	at android.os.HandlerThread.run(HandlerThread.java:61)
07-25 14:04:43.584  3852  3913 I Exchange: RestartPingTask
07-25 14:04:43.594  3852  3852 I Exchange: RestartPingsTask did not start any pings.
07-25 14:04:43.594  3852  3852 I Exchange: PSS stopIfIdle
07-25 14:04:43.594  3852  3852 I Exchange: PSS has no active accounts; stopping service.
07-25 14:04:43.595  3852  3852 I Exchange: onDestroy
07-25 14:04:43.631  3515  3515 I RenderThread: type=1400 audit(0.0:150): avc: denied { ioctl } for ppid=2491 ppid_comm="main" path="/dev/mali" dev="tmpfs" ino=1186 ioctlcmd=830a scontext=u:r:untrusted_app:s0:c512,c768 tcontext=u:object_r:device:s0 tclass=chr_file permissive=1
07-25 14:04:43.902  3099  3590 W MediaScanner: Error opening directory '/oem/media/', skipping: No such file or directory.
07-25 14:04:44.119  3003  3757 I ActivityManager: START u0 {act=android.intent.action.MAIN cat=[android.intent.category.LAUNCHER] flg=0x10200000 cmp=com.android.settings/.Settings bnds=[360,793][536,1002] (has extras)} from uid 10023 on display 0
07-25 14:04:44.125  2480  2984 V audio_hw_primary: out_set_parameters kvpairs: routing=2
07-25 14:04:44.125  2480  2984 I audio_hw_primary: select_devices++ mode[0]
07-25 14:04:44.125  2480  2984 V audio_hw_primary: select_devices() devices is not changed.
07-25 14:04:44.125  2480  2984 I audio_hw_primary: select_devices--
07-25 14:04:44.125  2480  2984 I audio_hw_primary: check_device_change return 1
07-25 14:04:44.125  2480  2984 D dsp_interface: dsp_set_device: call_m0_standby = 1, device = 2
07-25 14:04:44.131  3515  3515 I RenderThread: type=1400 audit(0.0:151): avc: denied { read write } for ppid=2491 ppid_comm="main" path="/dev/mali" dev="tmpfs" ino=1186 scontext=u:r:untrusted_app:s0:c512,c768 tcontext=u:object_r:device:s0 tclass=chr_file permissive=1
07-25 14:04:44.151  3003  3016 D libgps  : agps_set_server: Waiting for IPC connection - timeout
07-25 14:04:44.151  3003  3016 E libgps  : LIBGPS: Cannot communicate (write) with a GPSD
07-25 14:04:44.151  3003  3016 E libgps  : IPC Communication Error, ../../../../tmp/14477502_250069/proprietary/deliverables/android/gps_interface/gpsi_client/GpsiClient.cpp:1584 agps_set_server
07-25 14:04:44.161  2473  2473 I surfaceflinger: type=1400 audit(0.0:152): avc: denied { ioctl } for ppid=1 ppid_comm="init" path="/dev/mali" dev="tmpfs" ino=1186 ioctlcmd=8208 scontext=u:r:surfaceflinger:s0 tcontext=u:object_r:device:s0 tclass=chr_file permissive=1
07-25 14:04:44.165  2480  2984 D AudioFlinger: mixer(0xf45c0000) throttle end: throttle time(85)
07-25 14:04:44.168  2473  2524 I [Gralloc]: alloc w[720] h[1280] format[1] usage[2355]
07-25 14:04:44.172  2473  2524 I [Gralloc]: alloc succ handle[0x7fb72a0380] stride[720]
07-25 14:04:44.180  2473  2527 I [Gralloc]: alloc w[720] h[1280] format[1] usage[2355]
07-25 14:04:44.180  3003  3016 I ActivityManager: Start proc 3917:com.android.printspooler/u0a49 for service com.android.printspooler/.model.PrintSpoolerService
07-25 14:04:44.184  2473  2527 I [Gralloc]: alloc succ handle[0x7fb72c4840] stride[720]
07-25 14:04:44.234  3917  3917 I PrintSpoolerService: No existing print spooler state.
07-25 14:04:44.239  3003  3003 I FusedLocation: engine started (com.android.location.fused)
07-25 14:04:44.319  3603  3931 I IndexDatabaseHelper: Using schema version: 115
07-25 14:04:44.321  3603  3931 I IndexDatabaseHelper: Index is fine
07-25 14:04:44.324  3603  3931 D Index   : Locale 'en_US' is already indexed
07-25 14:04:44.343  3603  3932 D OpenGLRenderer: Use EGL_SWAP_BEHAVIOR_PRESERVED: false
07-25 14:04:44.359  3603  3603 E NFC     : could not retrieve NFC service
07-25 14:04:44.497  3603  3603 D DashboardSummary: rebuildUI took: 145 ms
07-25 14:04:44.511  3932  3932 I RenderThread: type=1400 audit(0.0:153): avc: denied { read write } for ppid=2491 ppid_comm="main" name="mali" dev="tmpfs" ino=1186 scontext=u:r:system_app:s0 tcontext=u:object_r:device:s0 tclass=chr_file permissive=1
07-25 14:04:44.511  3932  3932 I RenderThread: type=1400 audit(0.0:154): avc: denied { open } for ppid=2491 ppid_comm="main" path="/dev/mali" dev="tmpfs" ino=1186 scontext=u:r:system_app:s0 tcontext=u:object_r:device:s0 tclass=chr_file permissive=1
07-25 14:04:44.511  3932  3932 I RenderThread: type=1400 audit(0.0:155): avc: denied { getattr } for ppid=2491 ppid_comm="main" path="/dev/mali" dev="tmpfs" ino=1186 scontext=u:r:system_app:s0 tcontext=u:object_r:device:s0 tclass=chr_file permissive=1
07-25 14:04:44.511  3932  3932 I RenderThread: type=1400 audit(0.0:156): avc: denied { ioctl } for ppid=2491 ppid_comm="main" path="/dev/mali" dev="tmpfs" ino=1186 ioctlcmd=8203 scontext=u:r:system_app:s0 tcontext=u:object_r:device:s0 tclass=chr_file permissive=1
07-25 14:04:44.527  3603  3932 I OpenGLRenderer: Initialized EGL, version 1.4
07-25 14:04:44.531  2473  3048 I [Gralloc]: alloc w[720] h[1280] format[1] usage[3842]
07-25 14:04:44.534  2473  3048 I [Gralloc]: alloc succ handle[0x7fb72a07e0] stride[720]
07-25 14:04:44.536  2473  2527 I [Gralloc]: alloc w[720] h[1280] format[1] usage[3842]
07-25 14:04:44.537  2473  2527 I [Gralloc]: alloc succ handle[0x7fb72c3a40] stride[720]
07-25 14:04:44.537  2473  2527 I [Gralloc]: alloc w[720] h[1280] format[1] usage[3842]
07-25 14:04:44.539  2473  2527 I [Gralloc]: alloc succ handle[0x7fb72c4140] stride[720]
07-25 14:04:44.539  2473  2527 I [Gralloc]: alloc w[720] h[1280] format[1] usage[3842]
07-25 14:04:44.541  2473  2527 I [Gralloc]: alloc succ handle[0x7fb72c43e0] stride[720]
07-25 14:04:44.651  3003  3016 D GpsLocationProvider: received SIM related action: 
07-25 14:04:44.652  3003  3016 D GpsLocationProvider: SIM MCC/MNC is available: 22201
07-25 14:04:44.652  3003  3016 D GpsLocationProvider: Reset GPS properties, previous size = 7
07-25 14:04:44.652  3003  3016 D GpsLocationProvider: GpsParamsResource: SUPL_HOST=supl.google.com
07-25 14:04:44.652  3003  3016 D GpsLocationProvider: GpsParamsResource: SUPL_PORT=7275
07-25 14:04:44.652  3003  3016 D GpsLocationProvider: GpsParamsResource: NTP_SERVER=north-america.pool.ntp.org
07-25 14:04:44.652  3003  3016 D GpsLocationProvider: GpsParamsResource: SUPL_VER=0x20000
07-25 14:04:44.652  3003  3016 D GpsLocationProvider: GpsParamsResource: SUPL_MODE=1
07-25 14:04:44.653  3003  3016 D GpsLocationProvider: GPS properties reloaded, size = 7
07-25 14:04:44.653  3003  3016 D libgps  : proxy_agps_set_server: called, type = 1, hostname = supl.google.com, port = 7275.
07-25 14:04:44.653  3003  3016 D libgps  : agps_set_server: Waiting for IPC connection...
07-25 14:04:44.658  3003  3022 I ActivityManager: Displayed com.android.settings/.Settings: +515ms
07-25 14:04:45.283  3003  3780 I ActivityManager: START u0 {act=android.intent.action.MAIN cmp=com.android.settings/.SubSettings$BluetoothSubSettings (has extras)} from uid 1000 on display 0
07-25 14:04:45.285  2480  2984 V audio_hw_primary: out_set_parameters kvpairs: routing=2
07-25 14:04:45.285  2480  2984 I audio_hw_primary: select_devices++ mode[0]
07-25 14:04:45.285  2480  2984 V audio_hw_primary: select_devices() devices is not changed.
07-25 14:04:45.285  2480  2984 I audio_hw_primary: select_devices--
07-25 14:04:45.285  2480  2984 I audio_hw_primary: check_device_change return 1
07-25 14:04:45.285  2480  2984 D dsp_interface: dsp_set_device: call_m0_standby = 1, device = 2
07-25 14:04:45.325  2480  2984 D AudioFlinger: mixer(0xf45c0000) throttle end: throttle time(2)
07-25 14:04:45.333  3603  3603 D SubSettings: Launching fragment com.android.settings.bluetooth.BluetoothSettings
07-25 14:04:45.340  3003  3021 D BluetoothManagerService: Message: 20
07-25 14:04:45.340  3003  3021 D BluetoothManagerService: Added callback: android.bluetooth.IBluetoothManagerCallback$Stub$Proxy@130bde6:true
07-25 14:04:45.346  3003  3021 D BluetoothManagerService: Message: 30
07-25 14:04:45.353  3003  3021 D BluetoothManagerService: Message: 30
07-25 14:04:45.357  3603  3603 D LocalBluetoothProfileManager: Adding local MAP profile
07-25 14:04:45.359  3603  3603 D BluetoothMap: Create BluetoothMap proxy object
07-25 14:04:45.359  3003  3021 D BluetoothManagerService: Message: 30
07-25 14:04:45.364  3003  3021 D BluetoothManagerService: Message: 30
07-25 14:04:45.369  3603  3603 D LocalBluetoothProfileManager: LocalBluetoothProfileManager construction complete
07-25 14:04:45.401  3603  3603 D LocalBluetoothManager: setting foreground activity to non-null context
07-25 14:04:45.446  2473  2524 I [Gralloc]: alloc w[720] h[1280] format[1] usage[3842]
07-25 14:04:45.449  2473  2524 I [Gralloc]: alloc succ handle[0x7fb72a0460] stride[720]
07-25 14:04:45.450  2473  3048 I [Gralloc]: alloc w[720] h[1280] format[1] usage[3842]
07-25 14:04:45.452  2473  3048 I [Gralloc]: alloc succ handle[0x7fb72c3ea0] stride[720]
07-25 14:04:45.452  2473  3048 I [Gralloc]: alloc w[720] h[1280] format[1] usage[3842]
07-25 14:04:45.454  2473  3048 I [Gralloc]: alloc succ handle[0x7fb72a0c40] stride[720]
07-25 14:04:45.454  2473  3048 I [Gralloc]: alloc w[720] h[1280] format[1] usage[3842]
07-25 14:04:45.456  2473  3048 I [Gralloc]: alloc succ handle[0x7fb72c4060] stride[720]
07-25 14:04:45.469  3603  3945 D Index   : Deleting data for locale 'en_US' took 8 millis
07-25 14:04:45.476  3603  3945 D Index   : Indexing locale 'en_US' took 7 millis
07-25 14:04:45.490  3003  3022 I ActivityManager: Displayed com.android.settings/.SubSettings$BluetoothSubSettings: +198ms
07-25 14:04:45.526  3603  3932 D OpenGLRenderer: endAllStagingAnimators on 0x7fae79e800 (RippleDrawable) with handle 0x7f9de35700
07-25 14:04:45.656  3003  3016 D libgps  : agps_set_server: Waiting for IPC connection - timeout
07-25 14:04:45.657  3003  3016 E libgps  : LIBGPS: Cannot communicate (write) with a GPSD
07-25 14:04:45.657  3003  3016 E libgps  : IPC Communication Error, ../../../../tmp/14477502_250069/proprietary/deliverables/android/gps_interface/gpsi_client/GpsiClient.cpp:1584 agps_set_server
07-25 14:04:45.657  3003  3016 D GpsLocationProvider: GPS configuration:
07-25 14:04:45.657  3003  3016 D GpsLocationProvider:  #Tue Jul 25 14:04:45 GMT+02:00 2017
07-25 14:04:45.657  3003  3016 D GpsLocationProvider: XTRA_SERVER_2=http\://gllto2.glpals.com/7day/v3/latest/lto2.dat
07-25 14:04:45.657  3003  3016 D GpsLocationProvider: SUPL_VER=0x20000
07-25 14:04:45.657  3003  3016 D GpsLocationProvider: SUPL_HOST=supl.google.com
07-25 14:04:45.657  3003  3016 D GpsLocationProvider: NTP_SERVER=pool.ntp.org
07-25 14:04:45.657  3003  3016 D GpsLocationProvider: XTRA_SERVER_1=http\://gllto1.glpals.com/7day/v3/latest/lto2.dat
07-25 14:04:45.657  3003  3016 D GpsLocationProvider: SUPL_PORT=7275
07-25 14:04:45.657  3003  3016 D GpsLocationProvider: SUPL_MODE=1
07-25 14:04:45.657  3003  3016 I libgps  : proxy_gps_configuration_update: config_data(#Tue Jul 25 14:04:45 GMT+02:00 2017
07-25 14:04:45.657  3003  3016 I libgps  : XTRA_SERVER_2=http\://gllto2.glpals.com/7day/v3/latest/lto2.dat
07-25 14:04:45.657  3003  3016 I libgps  : SUPL_VER=0x20000
07-25 14:04:45.657  3003  3016 I libgps  : SUPL_HOST=supl.google.com
07-25 14:04:45.657  3003  3016 I libgps  : NTP_SERVER=pool.ntp.org
07-25 14:04:45.657  3003  3016 I libgps  : XTRA_SERVER_1=http\://gllto1.glpals.com/7day/v3/latest/lto2.dat
07-25 14:04:45.657  3003  3016 I libgps  : SUPL_PORT=7275
07-25 14:04:45.657  3003  3016 I libgps  : SUPL_MODE=1
07-25 14:04:45.657  3003  3016 I libgps  : ) length(258)
07-25 14:04:45.657  3003  3016 D libgps  : configuration_update: Waiting for IPC connection...
07-25 14:04:45.670  3003  3072 D ConnectivityService: handlePromptUnvalidated 100
07-25 14:04:46.022  3003  3757 D BluetoothManagerService: enable():  mBluetooth =null mBinding = false
07-25 14:04:46.022  3003  3757 D BluetoothManagerService: enable returning
07-25 14:04:46.022  3003  3021 D BluetoothManagerService: Message: 1
07-25 14:04:46.022  3003  3021 D BluetoothManagerService: MESSAGE_ENABLE: mBluetooth = null
07-25 14:04:46.025  2480  2984 V audio_hw_primary: out_set_parameters kvpairs: routing=2
07-25 14:04:46.025  2480  2984 I audio_hw_primary: select_devices++ mode[0]
07-25 14:04:46.025  2480  2984 V audio_hw_primary: select_devices() devices is not changed.
07-25 14:04:46.025  2480  2984 I audio_hw_primary: select_devices--
07-25 14:04:46.025  2480  2984 I audio_hw_primary: check_device_change return 1
07-25 14:04:46.025  2480  2984 D dsp_interface: dsp_set_device: call_m0_standby = 1, device = 2
07-25 14:04:46.034  3003  3021 I ActivityManager: Start proc 3946:com.android.bluetooth/1002 for service com.android.bluetooth/.btservice.AdapterService
07-25 14:04:46.066  2480  2984 D AudioFlinger: mixer(0xf45c0000) throttle end: throttle time(1)
07-25 14:04:46.142  3684  3692 W CursorWrapperInner: Cursor finalized without prior close()
07-25 14:04:46.188  3946  3946 D AdapterServiceConfig: addA2dpProfile: isA2dpSinkEnabled = falseisHfpClientEnabled false serviceName HeadsetService
07-25 14:04:46.188  3946  3946 D AdapterServiceConfig: Adding HeadsetService
07-25 14:04:46.188  3946  3946 D AdapterServiceConfig: addA2dpProfile: isA2dpSinkEnabled = falseisHfpClientEnabled false serviceName A2dpService
07-25 14:04:46.188  3946  3946 D AdapterServiceConfig: Adding A2dpService
07-25 14:04:46.189  3946  3946 D AdapterServiceConfig: addA2dpProfile: isA2dpSinkEnabled = falseisHfpClientEnabled false serviceName HidService
07-25 14:04:46.189  3946  3946 D AdapterServiceConfig: Adding HidService
07-25 14:04:46.189  3946  3946 D AdapterServiceConfig: addA2dpProfile: isA2dpSinkEnabled = falseisHfpClientEnabled false serviceName HealthService
07-25 14:04:46.189  3946  3946 D AdapterServiceConfig: Adding HealthService
07-25 14:04:46.189  3946  3946 D AdapterServiceConfig: addA2dpProfile: isA2dpSinkEnabled = falseisHfpClientEnabled false serviceName PanService
07-25 14:04:46.189  3946  3946 D AdapterServiceConfig: Adding PanService
07-25 14:04:46.189  3946  3946 D AdapterServiceConfig: addA2dpProfile: isA2dpSinkEnabled = falseisHfpClientEnabled false serviceName GattService
07-25 14:04:46.189  3946  3946 D AdapterServiceConfig: Adding GattService
07-25 14:04:46.190  3946  3946 D AdapterServiceConfig: addA2dpProfile: isA2dpSinkEnabled = falseisHfpClientEnabled false serviceName BluetoothMapService
07-25 14:04:46.190  3946  3946 D AdapterServiceConfig: Adding BluetoothMapService
07-25 14:04:46.190  3946  3946 D AdapterServiceConfig: Could not find profile bit mask
07-25 14:04:46.190  3946  3946 D AdapterServiceConfig: addA2dpProfile: isA2dpSinkEnabled = falseisHfpClientEnabled false serviceName HidDevService
07-25 14:04:46.190  3946  3946 D AdapterServiceConfig: Adding HidDevService
07-25 14:04:46.226  3003  3021 D BluetoothManagerService: Message: 20
07-25 14:04:46.226  3003  3021 D BluetoothManagerService: Added callback: android.bluetooth.IBluetoothManagerCallback$Stub$Proxy@a902fcc:true
07-25 14:04:46.227  3946  3946 D BluetoothAdapterState: make() - Creating AdapterState
07-25 14:04:46.231  3946  3946 I bt_bluedroid: init
07-25 14:04:46.231  3946  3959 I BluetoothAdapterState: Entering OffState
07-25 14:04:46.237  3946  3960 I bt_bte_conf: bte_load_ble_conf attempt to load ble stack conf from /etc/bluetooth/ble_stack.conf
07-25 14:04:46.238  3946  3960 E bt_osi_config: config_new unable to open file '/etc/bluetooth/ble_stack.conf': No such file or directory
07-25 14:04:46.238  3946  3960 I bt_bte_conf: bte_load_ble_conf file >/etc/bluetooth/ble_stack.conf< not found
07-25 14:04:46.238  3946  3960 I bt_stack_config: init attempt to load stack conf from /etc/bluetooth/bt_stack.conf
07-25 14:04:46.239  3946  3946 I bt_bluedroid: get_profile_interface socket
07-25 14:04:46.241  3946  3963 D BluetoothAdapterProperties: Address is:32:15:00:E7:69:A8
07-25 14:04:46.242  3946  3963 D BluetoothAdapterProperties: Name is: Huawei P8L
07-25 14:04:46.242  3003  3003 D BluetoothManagerService: Bluetooth Adapter name changed to Huawei P8L
07-25 14:04:46.242  3003  3003 D BluetoothManagerService: Stored Bluetooth name: Huawei P8L
07-25 14:04:46.248  3946  3946 I bt_bluedroid: get_profile_interface sdp
07-25 14:04:46.252  3003  3003 D BluetoothManagerService: BluetoothServiceConnection: com.android.bluetooth.btservice.AdapterService
07-25 14:04:46.252  3003  3021 D BluetoothManagerService: Message: 40
07-25 14:04:46.252  3003  3021 D BluetoothManagerService: MESSAGE_BLUETOOTH_SERVICE_CONNECTED: 1
07-25 14:04:46.253  3946  3958 I bt_bluedroid: config_hci_snoop_log
07-25 14:04:46.255  3003  3021 D BluetoothManagerService: Calling onBluetoothServiceUp callbacks
07-25 14:04:46.255  3003  3021 D BluetoothManagerService: Broadcasting onBluetoothServiceUp() to 5 receivers.
07-25 14:04:46.255  3003  3021 D BluetoothManagerService: Broadcasted onBluetoothServiceUp() to android.bluetooth.IBluetoothManagerCallback$Stub$Proxy@130bde6
07-25 14:04:46.256  3003  3021 D BluetoothManagerService: Broadcasted onBluetoothServiceUp() to android.bluetooth.IBluetoothManagerCallback$Stub$Proxy@a902fcc
07-25 14:04:46.256  3003  3021 D BluetoothManagerService: Broadcasted onBluetoothServiceUp() to android.bluetooth.IBluetoothManagerCallback$Stub$Proxy@7ad07ca
07-25 14:04:46.256  3003  3021 D BluetoothManagerService: Broadcasted onBluetoothServiceUp() to android.bluetooth.BluetoothAdapter$1@dc64129
07-25 14:04:46.257  3003  3021 D BluetoothManagerService: Broadcasted onBluetoothServiceUp() to android.bluetooth.IBluetoothManagerCallback$Stub$Proxy@2055c01
07-25 14:04:46.257  3946  3959 D BluetoothAdapterState: Current state: OFF, message: 0
07-25 14:04:46.257  3946  3959 D BluetoothAdapterProperties: Setting state to 14
07-25 14:04:46.258  3946  3959 I BluetoothAdapterState: Bluetooth adapter state changed: 10-> 14
07-25 14:04:46.258  3003  3021 D BluetoothManagerService: Message: 60
07-25 14:04:46.258  3003  3021 D BluetoothManagerService: MESSAGE_BLUETOOTH_STATE_CHANGE: prevState = 10, newState=14
07-25 14:04:46.258  3003  3021 D BluetoothManagerService: BLE State Change Intent: 10 -> 14
07-25 14:04:46.259  3946  3959 D BluetoothBondStateMachine: make
07-25 14:04:46.261  3946  3964 I BluetoothBondStateMachine: StableState(): Entering Off State
07-25 14:04:46.265  3946  3959 I BluetoothAdapterState: Entering PendingCommandState
07-25 14:04:46.266  3946  3946 D BtGatt.GattService: classInitNative called
07-25 14:04:46.267  3946  3946 I BtGatt.JNI: classInitNative(L912): classInitNative: Success!
07-25 14:04:46.275  3946  3946 D BtGatt.DebugUtils: handleDebugAction() action=null
07-25 14:04:46.275  3946  3946 D BluetoothAdapterService: getAdapterService() - returning com.android.bluetooth.btservice.AdapterService@e7fb58e
07-25 14:04:46.277  3946  3946 D BtGatt.GattService: Received start request. Starting profile...
07-25 14:04:46.277  3946  3946 D BluetoothAdapterService: getAdapterService() - returning com.android.bluetooth.btservice.AdapterService@e7fb58e
07-25 14:04:46.278  3946  3946 D BtGatt.GattService: start()
07-25 14:04:46.278  3946  3946 I bt_bluedroid: get_profile_interface gatt
07-25 14:04:46.279  3946  3946 D BluetoothAdapterService: getAdapterService() - returning com.android.bluetooth.btservice.AdapterService@e7fb58e
07-25 14:04:46.280  3946  3946 D BtGatt.AdvertiseManager: advertise manager created
07-25 14:04:46.290  3946  3946 D BtGatt.GattService:  profile started successfully
07-25 14:04:46.291  3946  3946 W BluetoothAdapterService: onProfileServiceStateChange() serviceName=com.android.bluetooth.gatt.GattService, state=12, doUpdate=true
07-25 14:04:46.291  3946  3946 V BluetoothAdapterState: isTurningOff()=false
07-25 14:04:46.291  3946  3946 V BluetoothAdapterState: isTurningOn()=false
07-25 14:04:46.291  3946  3946 V BluetoothAdapterState: isBleTurningOn()=true
07-25 14:04:46.291  3946  3946 V BluetoothAdapterState: isBleTurningOff()=false
07-25 14:04:46.291  3946  3959 D BluetoothAdapterState: Current state: PENDING_COMMAND, message: 4
07-25 14:04:46.293  3946  3959 I bt_bluedroid: bt_bluedroid
07-25 14:04:46.293  3946  3960 D bt_stack_manager: event_start_up_stack is bringing up the stack.
07-25 14:04:46.293  3946  3960 I bt_snoop: Time GMT offset 7200
07-25 14:04:46.294  3946  3960 I bt_hci  : start_up
07-25 14:04:46.304  3946  3960 I bt_vendor: alloc value 0xf4095665
07-25 14:04:46.304  3946  3960 I bt_vendor: init
07-25 14:04:46.304  3946  3960 I bt_vnd_conf: Attempt to load conf from /etc/bluetooth/bt_vendor.conf
07-25 14:04:46.306  3946  3960 E bt_upio : init_rfkill : open(/sys/class/rfkill/rfkill1/type) failed: No such file or directory (2)
07-25 14:04:46.306  3946  3960 E bt_upio : init_rfkill : open(/sys/class/rfkill/rfkill1/type) failed: No such file or directory (2)
07-25 14:04:46.306  3946  3960 D bt_hci  : start_up starting async portion
07-25 14:04:46.306  3946  3967 I bt_hci  : event_finish_startup
07-25 14:04:46.306  3946  3967 I bt_hci_h4: hal_open
07-25 14:04:46.306  3946  3967 I bt_userial_vendor: userial vendor open: opening /dev/ttyAMA1
07-25 14:04:46.306  3946  3967 E bt_userial_vendor: userial vendor open: unable to open /dev/ttyAMA1
07-25 14:04:46.306  3946  3967 E bt_hci_h4: hal_open opened the wrong number of ports: got 0, expected 1.
07-25 14:04:46.306  3946  3967 E bt_hci_h4: In transmit_data, error writing to the uart serial port: Bad file descriptor
07-25 14:04:46.451  3968  3968 I gnss_engine: type=1400 audit(0.0:157): avc: denied { module_request } for ppid=1 ppid_comm="init" kmod="personality-8" scontext=u:r:init:s0 tcontext=u:r:kernel:s0 tclass=system permissive=1
07-25 14:04:46.469  3971  3971 F libc    : page record for 0xf77a300c was not found (block_size=128)
07-25 14:04:46.470  3969  3969 F libc    : page record for 0xf77a300c was not found (block_size=128)
07-25 14:04:46.471  3968  3968 F libc    : page record for 0xf77a300c was not found (block_size=128)
07-25 14:04:46.474  3973  3973 F libc    : page record for 0xf77a300c was not found (block_size=128)
07-25 14:04:46.660  3003  3016 D libgps  : configuration_update: Waiting for IPC connection - timeout
07-25 14:04:46.660  3003  3016 E libgps  : LIBGPS: Cannot communicate (write) with a GPSD
07-25 14:04:46.660  3003  3016 E libgps  : IPC Communication Error 1, ../../../../tmp/14477502_250069/proprietary/deliverables/android/gps_interface/gpsi_client/GpsiClient.cpp:2213 configuration_update
07-25 14:04:46.661  3003  3016 D GpsLocationProvider: final config = #Tue Jul 25 14:04:45 GMT+02:00 2017
07-25 14:04:46.661  3003  3016 D GpsLocationProvider: XTRA_SERVER_2=http\://gllto2.glpals.com/7day/v3/latest/lto2.dat
07-25 14:04:46.661  3003  3016 D GpsLocationProvider: SUPL_VER=0x20000
07-25 14:04:46.661  3003  3016 D GpsLocationProvider: SUPL_HOST=supl.google.com
07-25 14:04:46.661  3003  3016 D GpsLocationProvider: NTP_SERVER=pool.ntp.org
07-25 14:04:46.661  3003  3016 D GpsLocationProvider: XTRA_SERVER_1=http\://gllto1.glpals.com/7day/v3/latest/lto2.dat
07-25 14:04:46.661  3003  3016 D GpsLocationProvider: SUPL_PORT=7275
07-25 14:04:46.661  3003  3016 D GpsLocationProvider: SUPL_MODE=1
07-25 14:04:46.661  3003  3016 D GpsLocationProvider: received SIM related action: 
07-25 14:04:46.664  3003  3016 D GpsLocationProvider: SIM MCC/MNC is available: 22201
07-25 14:04:46.664  3003  3016 D GpsLocationProvider: Reset GPS properties, previous size = 7
07-25 14:04:46.664  3003  3016 D GpsLocationProvider: GpsParamsResource: SUPL_HOST=supl.google.com
07-25 14:04:46.664  3003  3016 D GpsLocationProvider: GpsParamsResource: SUPL_PORT=7275
07-25 14:04:46.664  3003  3016 D GpsLocationProvider: GpsParamsResource: NTP_SERVER=north-america.pool.ntp.org
07-25 14:04:46.664  3003  3016 D GpsLocationProvider: GpsParamsResource: SUPL_VER=0x20000
07-25 14:04:46.664  3003  3016 D GpsLocationProvider: GpsParamsResource: SUPL_MODE=1
07-25 14:04:46.664  3003  3016 D GpsLocationProvider: GPS properties reloaded, size = 7
07-25 14:04:46.664  3003  3016 D libgps  : proxy_agps_set_server: called, type = 1, hostname = supl.google.com, port = 7275.
07-25 14:04:46.664  3003  3016 D libgps  : agps_set_server: Waiting for IPC connection...
07-25 14:04:47.668  3003  3016 D libgps  : agps_set_server: Waiting for IPC connection - timeout
07-25 14:04:47.668  3003  3016 E libgps  : LIBGPS: Cannot communicate (write) with a GPSD
07-25 14:04:47.668  3003  3016 E libgps  : IPC Communication Error, ../../../../tmp/14477502_250069/proprietary/deliverables/android/gps_interface/gpsi_client/GpsiClient.cpp:1584 agps_set_server
07-25 14:04:47.669  3003  3016 D GpsLocationProvider: GPS configuration:
07-25 14:04:47.669  3003  3016 D GpsLocationProvider:  #Tue Jul 25 14:04:47 GMT+02:00 2017
07-25 14:04:47.669  3003  3016 D GpsLocationProvider: XTRA_SERVER_2=http\://gllto2.glpals.com/7day/v3/latest/lto2.dat
07-25 14:04:47.669  3003  3016 D GpsLocationProvider: SUPL_VER=0x20000
07-25 14:04:47.669  3003  3016 D GpsLocationProvider: SUPL_HOST=supl.google.com
07-25 14:04:47.669  3003  3016 D GpsLocationProvider: NTP_SERVER=pool.ntp.org
07-25 14:04:47.669  3003  3016 D GpsLocationProvider: XTRA_SERVER_1=http\://gllto1.glpals.com/7day/v3/latest/lto2.dat
07-25 14:04:47.669  3003  3016 D GpsLocationProvider: SUPL_PORT=7275
07-25 14:04:47.669  3003  3016 D GpsLocationProvider: SUPL_MODE=1
07-25 14:04:47.669  3003  3016 I libgps  : proxy_gps_configuration_update: config_data(#Tue Jul 25 14:04:47 GMT+02:00 2017
07-25 14:04:47.669  3003  3016 I libgps  : XTRA_SERVER_2=http\://gllto2.glpals.com/7day/v3/latest/lto2.dat
07-25 14:04:47.669  3003  3016 I libgps  : SUPL_VER=0x20000
07-25 14:04:47.669  3003  3016 I libgps  : SUPL_HOST=supl.google.com
07-25 14:04:47.669  3003  3016 I libgps  : NTP_SERVER=pool.ntp.org
07-25 14:04:47.669  3003  3016 I libgps  : XTRA_SERVER_1=http\://gllto1.glpals.com/7day/v3/latest/lto2.dat
07-25 14:04:47.669  3003  3016 I libgps  : SUPL_PORT=7275
07-25 14:04:47.669  3003  3016 I libgps  : SUPL_MODE=1
07-25 14:04:47.669  3003  3016 I libgps  : ) length(258)
07-25 14:04:47.669  3003  3016 D libgps  : configuration_update: Waiting for IPC connection...
07-25 14:04:47.921  2971  2971 I mediaserver: type=1400 audit(0.0:158): avc: denied { read } for ppid=1 ppid_comm="init" scontext=u:r:mediaserver:s0 tcontext=u:r:mediaserver:s0 tclass=netlink_kobject_uevent_socket permissive=1
07-25 14:04:47.931  2476  2949 E NetlinkEvent: NetlinkEvent::FindParam(): Parameter 'UID' not found
07-25 14:04:48.407  3684  3903 I GlobalDismissManager: no sender configured
07-25 14:04:48.409  3684  3903 D AlertService: Beginning updateAlertNotification
07-25 14:04:48.444  3684  3903 D AlertService: No fired or scheduled alerts
07-25 14:04:48.457  3684  3903 D AlertService: Scheduling next alarm with AlarmScheduler. sEventReminderReceived: null
07-25 14:04:48.472  3684  3903 D AlarmScheduler: No events found starting within 1 week.
07-25 14:04:48.674  3003  3016 D libgps  : configuration_update: Waiting for IPC connection - timeout
07-25 14:04:48.675  3003  3016 E libgps  : LIBGPS: Cannot communicate (write) with a GPSD
07-25 14:04:48.675  3003  3016 E libgps  : IPC Communication Error 1, ../../../../tmp/14477502_250069/proprietary/deliverables/android/gps_interface/gpsi_client/GpsiClient.cpp:2213 configuration_update
07-25 14:04:48.675  3003  3016 D GpsLocationProvider: final config = #Tue Jul 25 14:04:47 GMT+02:00 2017
07-25 14:04:48.675  3003  3016 D GpsLocationProvider: XTRA_SERVER_2=http\://gllto2.glpals.com/7day/v3/latest/lto2.dat
07-25 14:04:48.675  3003  3016 D GpsLocationProvider: SUPL_VER=0x20000
07-25 14:04:48.675  3003  3016 D GpsLocationProvider: SUPL_HOST=supl.google.com
07-25 14:04:48.675  3003  3016 D GpsLocationProvider: NTP_SERVER=pool.ntp.org
07-25 14:04:48.675  3003  3016 D GpsLocationProvider: XTRA_SERVER_1=http\://gllto1.glpals.com/7day/v3/latest/lto2.dat
07-25 14:04:48.675  3003  3016 D GpsLocationProvider: SUPL_PORT=7275
07-25 14:04:48.675  3003  3016 D GpsLocationProvider: SUPL_MODE=1
07-25 14:04:48.686  3391  3502 D PhoneInterfaceManager: [PhoneIntfMgr] getDataEnabled: subId=1 phoneId=0
07-25 14:04:48.687  3391  3502 D PhoneInterfaceManager: [PhoneIntfMgr] getDataEnabled: subId=1 retVal=true
07-25 14:04:48.688  3003  3016 D TelephonyManager: getDataEnabled: retVal=true
07-25 14:04:48.711  3003  3016 I libgps  : proxy_agps_ril_update_network_state: connected(1), type(0:TYPE_MOBILE), roaming(0)
07-25 14:04:48.711  3003  3016 D libgps  : agps_ril_update_network_state: Waiting for IPC connection...
07-25 14:04:49.105  2480  2984 I audio_hw_primary: do_out_standby standby: 0, out_device: 2
07-25 14:04:49.111  2984  2984 I AudioOut_2: type=1400 audit(0.0:159): avc: denied { ioctl } for ppid=1 ppid_comm="init" path="/dev/tfa9895" dev="tmpfs" ino=1277 ioctlcmd=703 scontext=u:r:mediaserver:s0 tcontext=u:object_r:device:s0 tclass=chr_file permissive=1
07-25 14:04:49.123  2480  2984 I audio_hw_primary: select_devices++ mode[0]
07-25 14:04:49.123  2480  2984 I audio_hw_primary: output_device_id is 0, output_route is null;input_source_id is 0, input_route is null.
07-25 14:04:49.123  2480  2984 V audio_hw_primary: original selected output route none input route none
07-25 14:04:49.123  2480  2984 V audio_hw_primary: custom selected input route none
07-25 14:04:49.123  2480  2984 V audio_hw_primary: custom selected output route none
07-25 14:04:49.123  2480  2984 V audio_hw_primary: select_devices() devices 0 input src 0 output route none input route none
07-25 14:04:49.123  2480  2984 V audio_hw_primary: forced_out 0 out_device 0 
07-25 14:04:49.161  2984  2984 I AudioOut_2: type=1400 audit(0.0:160): avc: denied { read write } for ppid=1 ppid_comm="init" name="ear_pa" dev="tmpfs" ino=1287 scontext=u:r:mediaserver:s0 tcontext=u:object_r:device:s0 tclass=chr_file permissive=1
07-25 14:04:49.161  2984  2984 I AudioOut_2: type=1400 audit(0.0:161): avc: denied { open } for ppid=1 ppid_comm="init" path="/dev/ear_pa" dev="tmpfs" ino=1287 scontext=u:r:mediaserver:s0 tcontext=u:object_r:device:s0 tclass=chr_file permissive=1
07-25 14:04:49.171  2480  2984 I TFA9895_SPK: tfa9895 spk power off!
07-25 14:04:49.172  2480  2984 D earpice_pa: open /dev/ear_pa.
07-25 14:04:49.172  2480  2984 D earpice_pa: close /dev/ear_pa.
07-25 14:04:49.173  2480  2984 I dsp_common: dsp_common_control_algo:set device = 0
07-25 14:04:49.173  2480  2984 I audio_route: route change HISSC_STEREO_DLINK_L_PGA_INTEGER_CONFIG value[0] 0
07-25 14:04:49.173  2480  2984 I audio_route: route change HISSC_STEREO_DLINK_L_PGA_FRAC_CONFIG value[0] 0
07-25 14:04:49.173  2480  2984 I audio_route: route change HISSC_STEREO_DLINK_R_PGA_INTEGER_CONFIG value[0] 0
07-25 14:04:49.174  2480  2984 I audio_route: route change HISSC_STEREO_DLINK_R_PGA_FRAC_CONFIG value[0] 0
07-25 14:04:49.174  2480  2984 I audio_route: route change HISSC_DACL_AGC_BYPASS value[0] 0
07-25 14:04:49.174  2480  2984 I audio_route: route change HISSC_DACL_AGC_USR_GDB_INTEGER value[0] 0
07-25 14:04:49.174  2480  2984 I audio_route: route change HISSC_DACR_AGC_BYPASS value[0] 0
07-25 14:04:49.174  2480  2984 I audio_route: route change HISSC_DACR_AGC_USR_GDB_INTEGER value[0] 0
07-25 14:04:49.175  2480  2984 I audio_route: route change HISSC_FS_STEREO_DLINK_L value[0] 0
07-25 14:04:49.175  2480  2984 I audio_route: route change HISSC_FS_STEREO_DLINK_R value[0] 0
07-25 14:04:49.175  2480  2984 I audio_route: route change HISSC_FS_DACLR value[0] 0
07-25 14:04:49.176  2480  2984 I audio_route: route change HISSC_FS_S1 value[0] 0
07-25 14:04:49.176  2480  2984 I audio_route: route change STEREO_DLINK_TEST_SEL MUX value 0
07-25 14:04:49.176  2480  2984 I audio_route: route change SIF_EN MIXER SIF_DACL_EN value[0] 0
07-25 14:04:49.178  2480  2984 I audio_route: route change SIF_EN MIXER SIF_DACR_EN value[0] 0
07-25 14:04:49.179  2480  2984 I audio_route: route change DACR_MIXER_EN MIXER DACR_MIXER_IN2_MUTE value[0] 0
07-25 14:04:49.180  2480  2984 I audio_route: route change DACL_MIXER_EN MIXER DACL_MIXER_IN2_MUTE value[0] 0
07-25 14:04:49.183  2480  2984 I audio_route: route change S1_IF_TX_ENA MIXER DAC_LR value[0] 0
07-25 14:04:49.185  2480  2984 I dsp_common: dsp_common_control_algo:set device = 0
07-25 14:04:49.185  2480  2984 I audio_hw_primary: select_devices--
07-25 14:04:49.716  3003  3016 D libgps  : agps_ril_update_network_state: Waiting for IPC connection - timeout
07-25 14:04:49.717  3003  3016 E libgps  : LIBGPS: Cannot communicate (write) with a GPSD
07-25 14:04:49.717  3003  3016 E libgps  : IPC Communication Error, ../../../../tmp/14477502_250069/proprietary/deliverables/android/gps_interface/gpsi_client/GpsiClient.cpp:1708 agps_ril_update_network_state
07-25 14:04:49.717  3003  3016 D libgps  : agps_ril_update_network_availability: Waiting for IPC connection...
07-25 14:04:50.726  3003  3016 D libgps  : agps_ril_update_network_availability: Waiting for IPC connection - timeout
07-25 14:04:50.727  3003  3016 E libgps  : LIBGPS: Cannot communicate (write) with a GPSD
07-25 14:04:50.727  3003  3016 E libgps  : IPC Communication Error, ../../../../tmp/14477502_250069/proprietary/deliverables/android/gps_interface/gpsi_client/GpsiClient.cpp:1727 agps_ril_update_network_availability
07-25 14:04:50.727  3003  3016 I libgps  : proxy_agps_ril_update_network_availability: available(1), apn(ibox.tim.it)
07-25 14:04:50.787  3003  3983 D GpsLocationProvider: NTP server returned: 1500984278631 (Tue Jul 25 14:04:38 GMT+02:00 2017) reference: 47683 certainty: 25 system time offset: -12156
