07-25 14:04:05.301  2491  2491 I Zygote  : Preloading resources...
07-25 14:04:05.759  2492  2492 I art     : VMRuntime.preloadDexCaches strings total=250821 before=44910 after=44910
07-25 14:04:05.759  2492  2492 I art     : VMRuntime.preloadDexCaches types total=20609 before=7084 after=7117
07-25 14:04:05.772  2492  2492 I art     : VMRuntime.preloadDexCaches fields total=101028 before=36155 after=36374
07-25 14:04:05.774  2492  2492 I art     : VMRuntime.preloadDexCaches methods total=173388 before=71628 after=72153
07-25 14:04:05.774  2492  2492 I art     : VMRuntime.preloadDexCaches finished
07-25 14:04:05.879  2492  2492 I Zygote  : Preloading resources...
07-25 14:04:07.079  2496  2794 E logserver: Can not open file:/data/dontpanic/apanic_srecorder, err:2,No such file or directory
07-25 14:04:07.079  2496  2794 I logserver: mem_header.magic_num = 00000000 data_length = 3134959019
07-25 14:04:07.079  2496  2794 I logserver: @@@header's magic num is: 0x0, it should be 0x20122102, original CRC32: 0x0, current one: 0x4c878d5f
07-25 14:04:07.079  2496  2794 I logserver: srecorder_dump_log_to_file failed!
07-25 14:04:07.085  2491  2491 W Resources: Preloaded color resource #0x10600ce (android:color/material_grey_800) that varies with configuration!!
07-25 14:04:07.085  2491  2491 W Resources: Preloaded drawable resource #0x10802d9 (android:drawable/floating_popup_background_dark) that varies with configuration!!
07-25 14:04:07.111  2491  2491 W Resources: Preloaded drawable resource #0x10802f0 (android:drawable/ic_ab_back_material_dark) that varies with configuration!!
07-25 14:04:07.112  2491  2491 W Resources: Preloaded color resource #0x1060073 (android:color/secondary_text_material_light) that varies with configuration!!
07-25 14:04:07.112  2491  2491 W Resources: Preloaded drawable resource #0x10802f1 (android:drawable/ic_ab_back_material_light) that varies with configuration!!
07-25 14:04:07.232  2992  2992 F libc    : page record for 0xf77a300c was not found (block_size=128)
07-25 14:04:07.232  2996  2996 F libc    : page record for 0xf77a300c was not found (block_size=128)
07-25 14:04:07.234  2991  2991 F libc    : page record for 0xf77a300c was not found (block_size=128)
07-25 14:04:07.234  2993  2993 F libc    : page record for 0xf77a300c was not found (block_size=128)
07-25 14:04:07.544  2491  2491 I Zygote  : ...preloaded 342 resources in 2243ms.
07-25 14:04:07.597  2491  2491 I Zygote  : ...preloaded 41 resources in 53ms.
07-25 14:04:07.599  2491  2491 D libEGL  : loaded /system/lib64/egl/libGLES_mali.so
07-25 14:04:07.752  2492  2492 W Resources: Preloaded color resource #0x10600ce (android:color/material_grey_800) that varies with configuration!!
07-25 14:04:07.752  2492  2492 W Resources: Preloaded drawable resource #0x10802d9 (android:drawable/floating_popup_background_dark) that varies with configuration!!
07-25 14:04:07.767  2492  2492 W Resources: Preloaded drawable resource #0x10802f0 (android:drawable/ic_ab_back_material_dark) that varies with configuration!!
07-25 14:04:07.768  2492  2492 W Resources: Preloaded color resource #0x1060073 (android:color/secondary_text_material_light) that varies with configuration!!
07-25 14:04:07.768  2492  2492 W Resources: Preloaded drawable resource #0x10802f1 (android:drawable/ic_ab_back_material_light) that varies with configuration!!
07-25 14:04:07.815  2491  2491 I Zygote  : Preloading shared libraries...
07-25 14:04:07.916  2491  2491 D Zygote  : end preload
07-25 14:04:07.916  2491  2491 I art     : Starting a blocking GC Explicit
07-25 14:04:08.008  2491  2491 I art     : Explicit concurrent mark sweep GC freed 3244(166KB) AllocSpace objects, 0(0B) LOS objects, 39% free, 6MB/10MB, paused 169us total 68.672ms
07-25 14:04:08.024  2491  2491 I art     : Starting a blocking GC Explicit
07-25 14:04:08.116  2491  2491 I art     : Explicit concurrent mark sweep GC freed 564(23KB) AllocSpace objects, 0(0B) LOS objects, 39% free, 6MB/10MB, paused 158us total 76.778ms
07-25 14:04:08.116  2491  2961 I art     : Starting a blocking GC HeapTrim
07-25 14:04:08.130  2491  2491 I art     : Starting a blocking GC Background
07-25 14:04:08.201  2492  2492 I Zygote  : ...preloaded 342 resources in 2322ms.
07-25 14:04:08.233  2492  2492 I Zygote  : ...preloaded 41 resources in 32ms.
07-25 14:04:08.289  2492  2492 D libEGL  : loaded /system/lib/egl/libGLES_mali.so
07-25 14:04:08.460  2491  2491 I Zygote  : System server process 3003 has been created
07-25 14:04:08.461  2491  2491 I Zygote  : Accepting command socket connections
07-25 14:04:08.532  2492  2492 I Zygote  : Preloading shared libraries...
07-25 14:04:08.610  2492  2492 D Zygote  : end preload
07-25 14:04:08.610  2492  2492 I art     : Waiting for a blocking GC Explicit
07-25 14:04:08.657  2492  2492 I art     : WaitForGcToComplete blocked for 46.880ms for cause Explicit
07-25 14:04:08.657  2492  2492 I art     : Starting a blocking GC Explicit
07-25 14:04:08.676  2492  2492 I art     : Explicit concurrent mark sweep GC freed 614(25KB) AllocSpace objects, 0(0B) LOS objects, 39% free, 6MB/10MB, paused 263us total 17.769ms
07-25 14:04:08.681  2492  2492 I art     : Starting a blocking GC Explicit
07-25 14:04:08.726  2492  2492 I art     : Explicit concurrent mark sweep GC freed 14(416B) AllocSpace objects, 0(0B) LOS objects, 39% free, 6MB/10MB, paused 257us total 21.458ms
07-25 14:04:08.726  2492  2492 I Zygote  : Accepting command socket connections
07-25 14:04:08.738  3003  3003 I Zygote  : Process: zygote socket opened, supported ABIS: armeabi-v7a,armeabi
07-25 14:04:08.738  3003  3003 I InstallerConnection: connecting...
07-25 14:04:08.739  2481  2481 I installd: new connection
07-25 14:04:08.779  3003  3003 I InstallerConnection: disconnecting...
07-25 14:04:08.779  2481  2481 E installd: eof
07-25 14:04:08.779  2481  2481 E installd: failed to read size
07-25 14:04:08.779  2481  2481 I installd: closing connection
07-25 14:04:08.873  3003  3003 I SystemServer: Entered the Android system server!
07-25 14:04:08.990  3003  3003 I SystemServiceManager: Starting com.android.server.pm.Installer
07-25 14:04:09.006  3003  3003 I Installer: Waiting for installd to be ready.
07-25 14:04:09.006  3003  3003 I InstallerConnection: connecting...
07-25 14:04:09.006  2481  2481 I installd: new connection
07-25 14:04:09.007  3003  3003 I SystemServiceManager: Starting com.android.server.am.ActivityManagerService$Lifecycle
07-25 14:04:09.058  3003  3003 I XXXXXX  : choosing minFree values for 64 Bit
07-25 14:04:09.058  3003  3003 I XXXXXX  : choosing minFree values for 64 Bit
07-25 14:04:09.058  3003  3003 I XXXXXX  : choosing minFree values for 64 Bit
07-25 14:04:09.058  3003  3003 I XXXXXX  : choosing minFree values for 64 Bit
07-25 14:04:09.058  3003  3003 I XXXXXX  : choosing minFree values for 64 Bit
07-25 14:04:09.058  3003  3003 I XXXXXX  : choosing minFree values for 64 Bit
07-25 14:04:09.105  3003  3003 I ActivityManager: Memory class: 192
07-25 14:04:09.163  3003  3003 D BatteryStatsImpl: Reading daily items from /data/system/batterystats-daily.xml
07-25 14:04:09.349  2473  2473 I surfaceflinger: type=1400 audit(0.0:104): avc: denied { ioctl } for ppid=1 ppid_comm="init" path="/dev/mali" dev="tmpfs" ino=1186 ioctlcmd=8208 scontext=u:r:surfaceflinger:s0 tcontext=u:object_r:device:s0 tclass=chr_file permissive=1
07-25 14:04:09.420  3003  3003 I IntentFirewall: Read new rules (A:0 B:0 S:0)
07-25 14:04:09.474  3003  3003 D AppOps  : AppOpsService published
07-25 14:04:09.475  3003  3003 I SystemServiceManager: Starting com.android.server.power.PowerManagerService
07-25 14:04:09.519  3003  3003 W libsuspend: Error writing 'on' to /sys/power/state: Invalid argument
07-25 14:04:09.519  3003  3003 I libsuspend: Selected wakeup count
07-25 14:04:09.537  3003  3003 I SystemServiceManager: Starting com.android.server.lights.LightsService
07-25 14:04:09.545  3003  3003 I SystemServiceManager: Starting com.android.server.display.DisplayManagerService
07-25 14:04:09.566  2473  2524 E SurfaceFlinger: getDefaultDisplay: id=2 is not a valid default display id
07-25 14:04:09.569  3003  3022 I DisplayManagerService: Display device added: DisplayDeviceInfo{"Built-in Screen": uniqueId="local:0", 720 x 1280, modeId 1, defaultModeId 1, supportedModes [{id=1, width=720, height=1280, fps=60.000004}], colorTransformId 1, defaultColorTransformId 1, supportedColorTransforms [{id=1, colorTransform=0}], density 280, 294.96774 x 295.56363 dpi, appVsyncOff 0, presDeadline 17666666, touch INTERNAL, rotation 0, type BUILT_IN, state UNKNOWN, FLAG_DEFAULT_DISPLAY, FLAG_ROTATES_WITH_CONTENT, FLAG_SECURE, FLAG_SUPPORTS_PROTECTED_BUFFERS}
07-25 14:04:09.570  2473  2473 D SurfaceFlinger: Set power mode=2, type=0 flinger=0x7fb7783c00
07-25 14:04:09.570  2473  2473 D SurfaceFlinger: Screen type=0 is already mode=2
07-25 14:04:09.571  3003  3003 I SystemServiceManager: Starting phase 100
07-25 14:04:09.571  3003  3022 D         : file:device/hisi/common/liblights/lights.c, func:set_light_backlight, brightness=102
07-25 14:04:09.572  3003  3022 I DisplayManagerService: Display device changed state: "Built-in Screen", ON
07-25 14:04:09.573  3003  3003 I SystemServer: Package Manager
07-25 14:04:09.645  3003  3003 W SystemConfig: No directory /system/etc/sysconfig, skipping
07-25 14:04:09.828  3003  3003 D SELinuxMMAC: Using policy file /system/etc/security/mac_permissions.xml
07-25 14:04:10.285  3003  3003 E art     : DexFile_getDexOptNeeded file '/system/framework/org.apache.http.legacy.jar' does not exist
07-25 14:04:10.285  3003  3003 W PackageManager: Library not found: /system/framework/org.apache.http.legacy.jar
07-25 14:04:10.285  3003  3003 E art     : DexFile_getDexOptNeeded file '/system/framework/com.android.nfc_extras.jar' does not exist
07-25 14:04:10.286  3003  3003 W PackageManager: Library not found: /system/framework/com.android.nfc_extras.jar
07-25 14:04:10.315  3003  3003 E art     : DexFile_getDexOptNeeded file '/system/framework/org.apache.http.legacy.jar' does not exist
07-25 14:04:10.315  3003  3003 W PackageManager: Library not found: /system/framework/org.apache.http.legacy.jar
07-25 14:04:10.315  3003  3003 E art     : DexFile_getDexOptNeeded file '/system/framework/com.android.nfc_extras.jar' does not exist
07-25 14:04:10.315  3003  3003 W PackageManager: Library not found: /system/framework/com.android.nfc_extras.jar
07-25 14:04:10.315  3003  3013 I art     : Background sticky concurrent mark sweep GC freed 21083(2MB) AllocSpace objects, 46(984KB) LOS objects, 29% free, 7MB/10MB, paused 4.929ms total 116.019ms
07-25 14:04:10.542  3003  3003 D PackageManager: No files in app dir /vendor/overlay
07-25 14:04:10.577  3003  3003 E NativeLibraryHelper: Failed to load assets verifier: 0
07-25 14:04:10.594  3003  3003 E NativeLibraryHelper: Failed to load assets verifier: 0
07-25 14:04:10.600  3003  3003 E NativeLibraryHelper: Failed to load assets verifier: 0
07-25 14:04:10.616  3003  3003 E NativeLibraryHelper: Failed to load assets verifier: 0
07-25 14:04:10.635  3003  3003 E NativeLibraryHelper: Failed to load assets verifier: 0
07-25 14:04:10.659  3003  3003 E NativeLibraryHelper: Failed to load assets verifier: 0
07-25 14:04:10.678  3003  3003 E NativeLibraryHelper: Failed to load assets verifier: 0
07-25 14:04:10.698  3003  3003 E NativeLibraryHelper: Failed to load assets verifier: 0
07-25 14:04:10.838  3003  3003 E NativeLibraryHelper: Failed to load assets verifier: 0
07-25 14:04:10.840  3003  3003 W PackageManager: Permission android.permission.PREVENT_POWER_KEY from package android in an unknown group android.permission-group.HARDWARE_CONTROLS
07-25 14:04:10.866  3003  3003 E NativeLibraryHelper: Failed to load assets verifier: 0
07-25 14:04:10.910  3003  3003 E NativeLibraryHelper: Failed to load assets verifier: 0
07-25 14:04:10.950  3003  3003 E NativeLibraryHelper: Failed to load assets verifier: 0
07-25 14:04:10.981  3003  3003 E NativeLibraryHelper: Failed to load assets verifier: 0
07-25 14:04:11.026  3003  3003 E NativeLibraryHelper: Failed to load assets verifier: 0
07-25 14:04:11.051  3003  3003 E NativeLibraryHelper: Failed to load assets verifier: 0
07-25 14:04:11.097  3003  3003 E NativeLibraryHelper: Failed to load assets verifier: 0
07-25 14:04:11.173  3003  3003 W PackageParser: No actions in intent filter at /system/priv-app/Contacts/Contacts.apk Binary XML file line #388
07-25 14:04:11.200  3003  3003 E NativeLibraryHelper: Failed to load assets verifier: 0
07-25 14:04:11.250  3003  3003 E NativeLibraryHelper: Failed to load assets verifier: 0
07-25 14:04:11.294  3003  3003 E NativeLibraryHelper: Failed to load assets verifier: 0
07-25 14:04:11.360  3003  3003 W PackageParser: No actions in intent filter at /system/priv-app/Dialer/Dialer.apk Binary XML file line #175
07-25 14:04:11.375  3003  3003 E NativeLibraryHelper: Failed to load assets verifier: 0
07-25 14:04:11.430  3003  3003 E NativeLibraryHelper: Failed to load assets verifier: 0
07-25 14:04:11.450  3003  3003 W PackageManager: Permission android.permission.DOWNLOAD_WITHOUT_NOTIFICATION from package com.android.providers.downloads in an unknown group android.permission-group.NETWORK
07-25 14:04:11.461  3003  3003 E NativeLibraryHelper: Failed to load assets verifier: 0
07-25 14:04:11.483  3003  3003 E NativeLibraryHelper: Failed to load assets verifier: 0
07-25 14:04:11.534  3003  3003 E NativeLibraryHelper: Failed to load assets verifier: 0
07-25 14:04:11.582  3003  3003 E NativeLibraryHelper: Failed to load assets verifier: 0
07-25 14:04:11.627  3003  3003 E NativeLibraryHelper: Failed to load assets verifier: 0
07-25 14:04:11.667  3003  3003 E NativeLibraryHelper: Failed to load assets verifier: 0
07-25 14:04:11.693  3003  3003 E NativeLibraryHelper: Failed to load assets verifier: 0
07-25 14:04:11.754  3003  3003 E NativeLibraryHelper: Failed to load assets verifier: 0
07-25 14:04:11.799  3003  3003 E NativeLibraryHelper: Failed to load assets verifier: 0
07-25 14:04:11.888  3030  3030 F libc    : page record for 0xf77a300c was not found (block_size=128)
07-25 14:04:11.888  3029  3029 F libc    : page record for 0xf77a300c was not found (block_size=128)
07-25 14:04:11.890  3033  3033 F libc    : page record for 0xf77a300c was not found (block_size=128)
07-25 14:04:11.890  3028  3028 F libc    : page record for 0xf77a300c was not found (block_size=128)
07-25 14:04:11.909  3003  3003 W PackageParser: Ignoring duplicate uses-permissions/uses-permissions-sdk-m: android.permission.USE_CREDENTIALS in package: com.android.settings at: Binary XML file line #55
07-25 14:04:11.909  3003  3003 W PackageParser: Ignoring duplicate uses-permissions/uses-permissions-sdk-m: android.permission.READ_SYNC_SETTINGS in package: com.android.settings at: Binary XML file line #60
07-25 14:04:11.909  3003  3003 W PackageParser: Ignoring duplicate uses-permissions/uses-permissions-sdk-m: android.permission.WRITE_SYNC_SETTINGS in package: com.android.settings at: Binary XML file line #61
07-25 14:04:12.061  3003  3003 E NativeLibraryHelper: Failed to load assets verifier: 0
07-25 14:04:12.105  3003  3003 E NativeLibraryHelper: Failed to load assets verifier: 0
07-25 14:04:12.130  3003  3003 E NativeLibraryHelper: Failed to load assets verifier: 0
07-25 14:04:12.151  3003  3003 W PackageParser: Ignoring duplicate uses-permissions/uses-permissions-sdk-m: android.permission.INSTALL_GRANT_RUNTIME_PERMISSIONS in package: com.android.shell at: Binary XML file line #101
07-25 14:04:12.167  3003  3003 E NativeLibraryHelper: Failed to load assets verifier: 0
07-25 14:04:12.226  3003  3003 W PackageParser: Ignoring duplicate uses-permissions/uses-permissions-sdk-m: com.slim.slimlauncher.permission.WRITE_SETTINGS in package: com.slim.slimlauncher at: Binary XML file line #63
07-25 14:04:12.231  3003  3003 E NativeLibraryHelper: Failed to load assets verifier: 0
07-25 14:04:12.278  3003  3003 E NativeLibraryHelper: Failed to load assets verifier: 0
07-25 14:04:12.352  3003  3003 E NativeLibraryHelper: Failed to load assets verifier: 0
07-25 14:04:12.385  3003  3003 E NativeLibraryHelper: Failed to load assets verifier: 0
07-25 14:04:12.460  3003  3003 W PackageParser: Ignoring duplicate uses-permissions/uses-permissions-sdk-m: android.permission.CONFIGURE_WIFI_DISPLAY in package: com.android.systemui at: Binary XML file line #115
07-25 14:04:12.497  3003  3003 E NativeLibraryHelper: Failed to load assets verifier: 0
07-25 14:04:12.592  3003  3003 E NativeLibraryHelper: Failed to load assets verifier: 0
07-25 14:04:12.645  3003  3003 E NativeLibraryHelper: Failed to load assets verifier: 0
07-25 14:04:12.695  3003  3003 E NativeLibraryHelper: Failed to load assets verifier: 0
07-25 14:04:12.749  3003  3003 E NativeLibraryHelper: Failed to load assets verifier: 0
07-25 14:04:12.790  3003  3003 E NativeLibraryHelper: Failed to load assets verifier: 0
07-25 14:04:12.816  3003  3003 E NativeLibraryHelper: Failed to load assets verifier: 0
07-25 14:04:12.861  3003  3003 W PackageParser: No actions in intent filter at /system/app/Bluetooth/Bluetooth.apk Binary XML file line #233
07-25 14:04:12.880  3003  3003 E NativeLibraryHelper: Failed to load assets verifier: 0
07-25 14:04:12.924  3003  3003 E NativeLibraryHelper: Failed to load assets verifier: 0
07-25 14:04:12.999  3003  3003 E NativeLibraryHelper: Failed to load assets verifier: 0
07-25 14:04:13.082  3003  3003 E NativeLibraryHelper: Failed to load assets verifier: 0
07-25 14:04:13.152  3003  3003 E NativeLibraryHelper: Failed to load assets verifier: 0
07-25 14:04:13.199  3003  3003 E NativeLibraryHelper: Failed to load assets verifier: 0
07-25 14:04:13.230  3003  3003 E NativeLibraryHelper: Failed to load assets verifier: 0
07-25 14:04:13.314  3003  3003 E NativeLibraryHelper: Failed to load assets verifier: 0
07-25 14:04:13.356  3003  3003 E NativeLibraryHelper: Failed to load assets verifier: 0
07-25 14:04:13.404  3003  3003 E NativeLibraryHelper: Failed to load assets verifier: 0
07-25 14:04:13.452  3003  3003 E NativeLibraryHelper: Failed to load assets verifier: 0
07-25 14:04:13.513  3003  3003 W PackageParser: Ignoring duplicate uses-permissions/uses-permissions-sdk-m: android.permission.WRITE_CONTACTS in package: com.android.email at: Binary XML file line #40
07-25 14:04:13.531  3003  3003 E NativeLibraryHelper: Failed to load assets verifier: 0
07-25 14:04:13.592  3003  3003 E NativeLibraryHelper: Failed to load assets verifier: 0
07-25 14:04:13.641  3003  3003 E NativeLibraryHelper: Failed to load assets verifier: 0
07-25 14:04:13.711  3003  3003 W PackageParser: Unknown element under <application>: permission at /system/app/Gallery2/Gallery2.apk Binary XML file line #275
07-25 14:04:13.711  3003  3003 W PackageParser: Unknown element under <application>: permission at /system/app/Gallery2/Gallery2.apk Binary XML file line #278
07-25 14:04:13.735  3003  3003 E NativeLibraryHelper: Failed to load assets verifier: 0
07-25 14:04:13.777  3003  3003 E NativeLibraryHelper: Failed to load assets verifier: 0
07-25 14:04:13.810  3003  3003 E NativeLibraryHelper: Failed to load assets verifier: 0
07-25 14:04:13.920  3003  3003 E NativeLibraryHelper: Failed to load assets verifier: 0
07-25 14:04:13.973  3003  3003 E NativeLibraryHelper: Failed to load assets verifier: 0
07-25 14:04:13.995  3003  3003 E NativeLibraryHelper: Failed to load assets verifier: 0
07-25 14:04:14.040  3003  3003 E NativeLibraryHelper: Failed to load assets verifier: 0
07-25 14:04:14.067  3003  3003 E NativeLibraryHelper: Failed to load assets verifier: 0
07-25 14:04:14.112  3003  3003 E NativeLibraryHelper: Failed to load assets verifier: 0
07-25 14:04:14.162  3003  3003 E NativeLibraryHelper: Failed to load assets verifier: 0
07-25 14:04:14.194  3003  3003 E NativeLibraryHelper: Failed to load assets verifier: 0
07-25 14:04:14.246  3003  3003 E NativeLibraryHelper: Failed to load assets verifier: 0
07-25 14:04:14.284  3003  3003 E NativeLibraryHelper: Failed to load assets verifier: 0
07-25 14:04:14.328  3003  3003 E NativeLibraryHelper: Failed to load assets verifier: 0
07-25 14:04:14.343  3003  3013 I art     : Background partial concurrent mark sweep GC freed 31380(1846KB) AllocSpace objects, 2(40KB) LOS objects, 33% free, 8MB/13MB, paused 15.813ms total 235.305ms
07-25 14:04:14.369  3003  3003 E NativeLibraryHelper: Failed to load assets verifier: 0
07-25 14:04:14.394  3003  3003 E NativeLibraryHelper: Failed to load assets verifier: 0
07-25 14:04:14.493  3003  3003 E NativeLibraryHelper: Failed to load assets verifier: 0
07-25 14:04:14.531  3003  3003 E NativeLibraryHelper: Failed to load assets verifier: 0
07-25 14:04:14.562  3003  3003 E NativeLibraryHelper: Failed to load assets verifier: 0
07-25 14:04:14.601  3003  3003 E NativeLibraryHelper: Failed to load assets verifier: 0
07-25 14:04:14.601  3003  3003 E NativeLibraryHelper: Failed to load assets verifier: 0
07-25 14:04:14.624  3003  3003 D PackageManager: No files in app dir /system/vendor/app
07-25 14:04:14.624  3003  3003 D PackageManager: No files in app dir /oem/app
07-25 14:04:14.650  3003  3003 W PackageParser: Unknown element under <manifest>: meta-data at /data/app/com.footej.camera-1/base.apk Binary XML file line #31
07-25 14:04:14.660  3003  3003 I SELinux : SELinux: Loaded file_contexts contexts from /file_contexts.
07-25 14:04:14.661  3003  3003 E NativeLibraryHelper: Failed to load assets verifier: 0
07-25 14:04:14.691  3003  3003 D PackageManager: No files in app dir /data/app-private
07-25 14:04:14.691  3003  3003 W PackageManager: Package com.android.gallery3d desires unavailable shared library com.google.android.media.effects; ignoring!
07-25 14:04:14.691  3003  3003 W PackageManager: Package com.android.gallery3d desires unavailable shared library com.google.android.media.effects; ignoring!
07-25 14:04:14.694  3003  3003 I PackageManager: Adjusting ABI for : com.android.settings to arm64-v8a
07-25 14:04:14.700  3003  3003 I PackageManager: Adjusting ABI for : com.android.location.fused to arm64-v8a
07-25 14:04:14.702  3003  3003 I PackageManager: Adjusting ABI for : com.android.keychain to arm64-v8a
07-25 14:04:14.704  3003  3003 I PackageManager: Adjusting ABI for : com.slim.settings to arm64-v8a
07-25 14:04:14.707  3003  3003 I PackageManager: Adjusting ABI for : com.android.inputdevices to arm64-v8a
07-25 14:04:14.711  3003  3003 I PackageManager: Adjusting ABI for : com.android.server.telecom to arm64-v8a
07-25 14:04:14.711  3003  3003 I PackageManager: Adjusting ABI for : com.android.providers.settings to arm64-v8a
07-25 14:04:14.711  3003  3003 I PackageManager: Adjusting ABI for : org.slim.providers.settings to arm64-v8a
07-25 14:04:14.715  3003  3003 I PackageManager: Adjusting ABI for : org.slim.framework to arm64-v8a
07-25 14:04:14.716  2481  2481 E installd: invalid apk path '/system/framework/org.slim.framework-res.apk' (bad prefix)
07-25 14:04:14.716  3003  3003 I PackageManager: Adjusting ABI for : com.android.supl to arm64-v8a
07-25 14:04:14.718  3003  3003 I PackageManager: Time to scan packages: 4.482 seconds
07-25 14:04:14.720  3003  3003 W PackageManager: Not granting permission android.permission.INTERACT_ACROSS_USERS_FULL to package org.cyanogenmod.snap (protectionLevel=258 flags=0x3858bc45)
07-25 14:04:14.720  3003  3003 W PackageManager: Not granting permission android.permission.SET_ORIENTATION to package org.cyanogenmod.snap (protectionLevel=2 flags=0x3858bc45)
07-25 14:04:14.720  3003  3003 W PackageManager: Unknown permission com.google.android.googleapps.permission.GOOGLE_AUTH in package com.android.providers.calendar
07-25 14:04:14.720  3003  3003 W PackageManager: Unknown permission com.google.android.googleapps.permission.GOOGLE_AUTH.cl in package com.android.providers.calendar
07-25 14:04:14.721  3003  3003 W PackageManager: Not granting permission android.permission.ACCESS_DOWNLOAD_MANAGER to package com.android.browser (protectionLevel=18 flags=0x3809be45)
07-25 14:04:14.721  3003  3003 W PackageManager: Not granting permission android.permission.SEND_DOWNLOAD_COMPLETED_INTENTS to package com.android.browser (protectionLevel=2 flags=0x3809be45)
07-25 14:04:14.721  3003  3003 W PackageManager: Unknown permission com.android.launcher.permission.READ_SETTINGS in package com.slim.slimlauncher
07-25 14:04:14.721  3003  3003 W PackageManager: Not granting permission android.permission.BIND_WALLPAPER to package com.android.camera2 (protectionLevel=18 flags=0x3058bc45)
07-25 14:04:14.721  3003  3003 W PackageManager: Unknown permission com.google.android.googleapps.permission.GOOGLE_AUTH.mail in package com.android.calendar
07-25 14:04:14.721  3003  3003 W PackageManager: Unknown permission android.permission.ACCESS_COARSE_UPDATES in package com.android.supl
07-25 14:04:14.721  3003  3003 W PackageManager: Unknown permission com.android.launcher.permission.READ_SETTINGS in package com.android.onetimeinitializer
07-25 14:04:14.721  3003  3003 W PackageManager: Unknown permission com.android.launcher.permission.WRITE_SETTINGS in package com.android.onetimeinitializer
07-25 14:04:14.722  3003  3003 W PackageManager: Not granting permission android.permission.WRITE_APN_SETTINGS to package com.android.gallery3d (protectionLevel=18 flags=0x3858bc45)
07-25 14:04:14.722  3003  3003 W PackageManager: Not granting permission android.permission.WRITE_MEDIA_STORAGE to package com.android.gallery3d (protectionLevel=18 flags=0x3858bc45)
07-25 14:04:14.722  3003  3003 W PackageManager: Not granting permission android.permission.INTERACT_ACROSS_USERS to package com.android.gallery3d (protectionLevel=50 flags=0x3858bc45)
07-25 14:04:14.722  3003  3003 W PackageManager: Not granting permission android.permission.DELETE_PACKAGES to package com.svox.pico (protectionLevel=18 flags=0x3808be45)
07-25 14:04:14.722  3003  3003 W PackageManager: Not granting permission android.permission.CAMERA to package com.footej.camera because it was previously installed without
07-25 14:04:14.722  3003  3003 W PackageManager: Not granting permission android.permission.RECORD_AUDIO to package com.footej.camera because it was previously installed without
07-25 14:04:14.722  3003  3003 W PackageManager: Not granting permission android.permission.READ_EXTERNAL_STORAGE to package com.footej.camera because it was previously installed without
07-25 14:04:14.722  3003  3003 W PackageManager: Not granting permission android.permission.WRITE_EXTERNAL_STORAGE to package com.footej.camera because it was previously installed without
07-25 14:04:14.722  3003  3003 W PackageManager: Not granting permission android.permission.ACCESS_COARSE_LOCATION to package com.footej.camera because it was previously installed without
07-25 14:04:14.722  3003  3003 W PackageManager: Not granting permission android.permission.ACCESS_FINE_LOCATION to package com.footej.camera because it was previously installed without
07-25 14:04:14.722  3003  3003 W PackageManager: Unknown permission com.android.vending.BILLING in package com.footej.camera
07-25 14:04:14.722  3003  3003 W PackageManager: Unknown permission com.google.android.c2dm.permission.RECEIVE in package com.footej.camera
07-25 14:04:14.722  3003  3003 W PackageManager: Not granting permission android.permission.SET_ANIMATION_SCALE to package com.android.spare_parts (protectionLevel=50 flags=0x3808be45)
07-25 14:04:14.722  3003  3003 W PackageManager: Not granting permission android.permission.CHANGE_CONFIGURATION to package com.android.spare_parts (protectionLevel=50 flags=0x3808be45)
07-25 14:04:14.722  3003  3003 W PackageManager: Unknown permission com.google.android.googleapps.permission.GOOGLE_AUTH in package com.android.settings
07-25 14:04:14.722  3003  3003 W PackageManager: Unknown permission com.android.launcher.permission.READ_SETTINGS in package com.android.settings
07-25 14:04:14.722  3003  3003 W PackageManager: Unknown permission com.android.launcher.permission.WRITE_SETTINGS in package com.android.settings
07-25 14:04:14.724  3003  3003 W PackageManager: Unknown permission com.google.android.gallery3d.permission.GALLERY_PROVIDER in package com.android.bluetooth
07-25 14:04:14.724  3003  3003 W PackageManager: Unknown permission com.google.android.googleapps.permission.ACCESS_GOOGLE_PASSWORD in package com.android.development
07-25 14:04:14.724  3003  3003 W PackageManager: Unknown permission com.google.android.googleapps.permission.GOOGLE_AUTH in package com.android.development
07-25 14:04:14.724  3003  3003 W PackageManager: Unknown permission com.google.android.googleapps.permission.GOOGLE_AUTH.ALL_SERVICES in package com.android.development
07-25 14:04:14.724  3003  3003 W PackageManager: Unknown permission com.google.android.googleapps.permission.GOOGLE_AUTH.YouTubeUser in package com.android.development
07-25 14:04:14.909  3003  3003 I art     : Starting a blocking GC Explicit
07-25 14:04:15.011  3003  3003 I art     : Explicit concurrent mark sweep GC freed 19586(1273KB) AllocSpace objects, 2(40KB) LOS objects, 33% free, 8MB/12MB, paused 431us total 91.147ms
07-25 14:04:15.016  3003  3003 I SystemServer: User Service
07-25 14:04:15.059  2470  2470 I lowmemorykiller: ActivityManager connected
07-25 14:04:15.066  3003  3003 I SystemServiceManager: Starting com.android.server.BatteryService
07-25 14:04:15.075  3003  3014 D         : set_light_battery colorRGB=FF00FF00, onMS=0, offMS=0 
07-25 14:04:15.094  3003  3003 I SystemServiceManager: Starting com.android.server.usage.UsageStatsService
07-25 14:04:15.103  3003  3041 I         : System server: starting sensor init.
07-25 14:04:15.103  3003  3041 D SensorService: nuSensorService starting...
07-25 14:04:15.113  3003  3003 I SystemServiceManager: Starting com.android.server.webkit.WebViewUpdateService
07-25 14:04:15.117  3003  3041 E Sensors : checking file /system/etc/permissions/android.hardware.sensor.gyroscope.xml
07-25 14:04:15.117  3003  3041 E Sensors : check ok
07-25 14:04:15.117  3003  3041 E         : ph_check no
07-25 14:04:15.117  3003  3041 D Sensors : Support virtual Gyroscope.
07-25 14:04:15.117  3003  3041 D Sensors : Entry function SensorBase::openInput inputName=/sys/class/sensors/als_sensor/
07-25 14:04:15.117  3003  3041 D Sensors : sensor InputPath /sys/class/sensors/als_sensor/event_path
07-25 14:04:15.117  3003  3041 D Sensors : openinput ok /sys/class/sensors/als_sensor/ input device /dev/input/event2 fd=47
07-25 14:04:15.117  3003  3041 D Sensors : LightSensor::LightSensor():set event clock id 
07-25 14:04:15.117  3003  3041 D Sensors : static int SensorBase::set_sensor_event_clockid(int, int): SensorBase: set EVIOCSCLOCKID = 7 success
07-25 14:04:15.118  3003  3041 D Sensors : Entry function SensorBase::openInput inputName=/sys/class/sensors/ps_sensor/
07-25 14:04:15.118  3003  3041 D Sensors : sensor InputPath /sys/class/sensors/ps_sensor/event_path
07-25 14:04:15.118  3003  3041 D Sensors : openinput ok /sys/class/sensors/ps_sensor/ input device /dev/input/event3 fd=51
07-25 14:04:15.118  3003  3041 D Sensors : ProximitySensor::ProximitySensor():set event clock id 
07-25 14:04:15.118  3003  3041 D Sensors : static int SensorBase::set_sensor_event_clockid(int, int): SensorBase: set EVIOCSCLOCKID = 7 success
07-25 14:04:15.118  3003  3041 D Sensors : Entry function SensorBase::openInput inputName=/sys/class/sensors/acc_sensor/
07-25 14:04:15.118  3003  3041 D Sensors : sensor InputPath /sys/class/sensors/acc_sensor/event_path
07-25 14:04:15.118  3003  3041 D Sensors : openinput ok /sys/class/sensors/acc_sensor/ input device /dev/input/event4 fd=52
07-25 14:04:15.118  3003  3041 D Sensors : AccelerometerSensor::AccelerometerSensor():set event clock id 
07-25 14:04:15.118  3003  3041 D Sensors : static int SensorBase::set_sensor_event_clockid(int, int): SensorBase: set EVIOCSCLOCKID = 7 success
07-25 14:04:15.118  3003  3041 D Sensors : AccelerometerSensor::AccelerometerSensor(): Acc fd (/sys/class/sensors/acc_sensor/)
07-25 14:04:15.119  3003  3041 D Sensors : Entry function SensorBase::openInput inputName=/sys/class/sensors/mag_sensor/
07-25 14:04:15.119  3003  3041 D Sensors : sensor InputPath /sys/class/sensors/mag_sensor/event_path
07-25 14:04:15.119  3003  3041 D Sensors : openinput ok /sys/class/sensors/mag_sensor/ input device /dev/input/event5 fd=53
07-25 14:04:15.119  3003  3041 E Sensors : MagSensor sensor open PDC path=/sys/class/sensors/mag_sensor/pdc,fail.
07-25 14:04:15.133  3003  3003 I SystemServer: Reading configuration...
07-25 14:04:15.133  3003  3003 I SystemServer: Scheduling Policy
07-25 14:04:15.136  3003  3003 I SystemServiceManager: Starting com.android.server.telecom.TelecomLoaderService
07-25 14:04:15.137  3003  3041 E AKMD2   : AKM Test pdc full path = /system/vendor/etc/pdc.txt
07-25 14:04:15.137  3003  3041 D Sensors : MagSensor::MagSensor(bool, AccelerometerSensor*):set event clock id 
07-25 14:04:15.137  3003  3041 D Sensors : static int SensorBase::set_sensor_event_clockid(int, int): SensorBase: set EVIOCSCLOCKID = 7 success
07-25 14:04:15.137  3003  3041 D Sensors : AKM_Virtual_SensorList size=4
07-25 14:04:15.137  3003  3041 D Sensors : Entry function SensorBase::openInput inputName=/sys/class/sensors/hall_sensor/
07-25 14:04:15.137  3003  3041 D Sensors : sensor InputPath /sys/class/sensors/hall_sensor/event_path
07-25 14:04:15.137  3003  3041 E Sensors : sensor open /sys/class/sensors/hall_sensor/event_path error, ret=-1
07-25 14:04:15.137  3003  3041 E Sensors : sensor /sys/class/sensors/hall_sensor/ getInputPath error, ret=-1
07-25 14:04:15.137  3003  3041 E Sensors : HallSensor::HallSensor(): HALL fd (/sys/class/sensors/hall_sensor/)
07-25 14:04:15.137  3003  3041 D Sensors : sensors_poll_context_t->activate(handle: 3, enabled: 0)
07-25 14:04:15.137  3003  3041 D Sensors : LightSensor::flags(0), mEnabled(0)
07-25 14:04:15.137  3003  3041 D Sensors : sensors_poll_context_t->activate(handle: 4, enabled: 0)
07-25 14:04:15.137  3003  3041 D Sensors : ProximitySensor::flags(0), mEnabled(0)
07-25 14:04:15.138  3003  3041 D Sensors : sensors_poll_context_t->activate(handle: 0, enabled: 0)
07-25 14:04:15.138  3003  3041 D Sensors : AccelerometerSensor:Aready open or close,flags(0),mEnabled(0)
07-25 14:04:15.138  3003  3041 D Sensors : sensors_poll_context_t->activate(handle: 1, enabled: 0)
07-25 14:04:15.138  3003  3041 D Sensors : enable, line:213, pg_enabled_flag = 1, id = 1
07-25 14:04:15.138  3003  3041 D Sensors : AccelerometerSensor:Aready open or close,flags(0),mEnabled(0)
07-25 14:04:15.138  3003  3041 D Sensors : sensors_poll_context_t->activate(handle: 2, enabled: 0)
07-25 14:04:15.138  3003  3041 D Sensors : enable, line:213, pg_enabled_flag = 1, id = 4
07-25 14:04:15.138  3003  3041 D Sensors : AccelerometerSensor:Aready open or close,flags(0),mEnabled(0)
07-25 14:04:15.138  3003  3041 D Sensors : sensors_poll_context_t->activate(handle: 5, enabled: 0)
07-25 14:04:15.138  3003  3041 D Sensors : enable, line:213, pg_enabled_flag = 1, id = 3
07-25 14:04:15.138  3003  3041 D Sensors : AccelerometerSensor:Aready open or close,flags(0),mEnabled(0)
07-25 14:04:15.138  3003  3041 D Sensors : sensors_poll_context_t->activate(handle: 6, enabled: 0)
07-25 14:04:15.138  3003  3041 D Sensors : enable, line:213, pg_enabled_flag = 1, id = 5
07-25 14:04:15.138  3003  3041 D Sensors : AccelerometerSensor:Aready open or close,flags(0),mEnabled(0)
07-25 14:04:15.138  3003  3041 D Sensors : sensors_poll_context_t->activate(handle: 7, enabled: 0)
07-25 14:04:15.138  3003  3041 D Sensors : enable, line:213, pg_enabled_flag = 1, id = 6
07-25 14:04:15.138  3003  3041 D Sensors : AccelerometerSensor:Aready open or close,flags(0),mEnabled(0)
07-25 14:04:15.138  3003  3041 D Sensors : sensors_poll_context_t->activate(handle: 8, enabled: 0)
07-25 14:04:15.138  3003  3041 D Sensors : enable, line:213, pg_enabled_flag = 1, id = 7
07-25 14:04:15.138  3003  3041 D Sensors : AccelerometerSensor:Aready open or close,flags(0),mEnabled(0)
07-25 14:04:15.139  3003  3003 I SystemServer: Telephony Registry
07-25 14:04:15.144  3003  3041 I         : System server: sensor init done.
07-25 14:04:15.155  3003  3003 I SystemServer: Entropy Mixer
07-25 14:04:15.159  3003  3043 D SensorService: nuSensorService thread starting...
07-25 14:04:15.161  3003  3003 I EntropyMixer: Writing entropy...
07-25 14:04:15.162  3003  3042 D SensorService: new thread SensorEventAckReceiver
07-25 14:04:15.208  3003  3003 I SystemServer: Camera Service
07-25 14:04:15.208  3003  3003 I SystemServiceManager: Starting com.android.server.camera.CameraService
07-25 14:04:15.231  3003  3003 I SystemServer: Account Manager
07-25 14:04:15.245  3003  3003 I SystemServer: Content Manager
07-25 14:04:15.262  3003  3003 I SystemServer: System Content Providers
07-25 14:04:15.268  3003  3003 W System  : ClassLoader referenced unknown path: /system/priv-app/SlimSettingsProvider/lib/arm64
07-25 14:04:15.331  3003  3003 W System  : ClassLoader referenced unknown path: /system/priv-app/SettingsProvider/lib/arm64
07-25 14:04:15.409  3003  3003 I SystemServer: Vibrator Service
07-25 14:04:15.425  3003  3003 I SystemServer: Consumer IR Service
07-25 14:04:15.425  3003  3003 E ConsumerIrService: Can't open consumer IR HW Module, error: -2
07-25 14:04:15.430  3003  3003 I SystemServiceManager: Starting com.android.server.AlarmManagerService
07-25 14:04:15.432  3003  3003 D AlarmManagerService: Kernel timezone updated to -120 minutes west of GMT
07-25 14:04:15.446  3003  3003 I SystemServer: Init Watchdog
07-25 14:04:15.447  3003  3003 I SystemServer: Input Manager
07-25 14:04:15.447  3003  3003 I InputManager: Initializing input manager, mUseDevInputEventForAudioJack=false
07-25 14:04:15.448  3003  3003 I SystemServer: Window Manager
07-25 14:04:15.474  3003  3022 I WindowManager: No existing display settings /data/system/display_settings.xml; starting empty
07-25 14:04:15.578  3003  3003 I InputManager: Starting input manager
07-25 14:04:15.586  3003  3003 I SystemServer: Bluetooth Service
07-25 14:04:15.587  3003  3003 I SystemServiceManager: Starting com.android.server.BluetoothService
07-25 14:04:15.589  3003  3003 D BluetoothManagerService: Loading stored name and address
07-25 14:04:15.589  3003  3003 D BluetoothManagerService: Stored bluetooth Name=Huawei P8L,Address=32:15:00:E7:69:A8
07-25 14:04:15.589  3003  3003 D BluetoothService: onStart: publishing BluetoothManagerService
07-25 14:04:15.598  3003  3003 I SystemServer: Input Method Service
07-25 14:04:15.654  3003  3050 D EventHub: No input device configuration file found for device 'hisi_on'.
07-25 14:04:15.664  3003  3050 W EventHub: Unable to disable kernel key repeat for /dev/input/event1: Function not implemented
07-25 14:04:15.664  3003  3050 I EventHub: New device: id=1, fd=76, path='/dev/input/event1', name='hisi_on', classes=0x1, configuration='', keyLayout='/system/usr/keylayout/Generic.kl', keyCharacterMap='/system/usr/keychars/Generic.kcm', builtinKeyboard=false, wakeMechanism=EPOLLWAKEUP, usingClockIoctl=true
07-25 14:04:15.664  3003  3050 D EventHub: No input device configuration file found for device 'compass_input'.
07-25 14:04:15.715  2473  2527 I [Gralloc]: alloc w[720] h[1280] format[1] usage[3842]
07-25 14:04:15.717  2473  2527 I [Gralloc]: alloc succ handle[0x7fb72c4060] stride[720]
07-25 14:04:15.722  3003  3003 I SystemServer: Accessibility Manager
07-25 14:04:15.736  3003  3050 E EventHub: could not get driver version for /dev/input/mice, Not a typewriter
07-25 14:04:15.753  3003  3003 I XXXXXX  : choosing minFree values for 64 Bit
07-25 14:04:15.753  3003  3003 I XXXXXX  : choosing minFree values for 64 Bit
07-25 14:04:15.753  3003  3003 I XXXXXX  : choosing minFree values for 64 Bit
07-25 14:04:15.753  3003  3003 I XXXXXX  : choosing minFree values for 64 Bit
07-25 14:04:15.753  3003  3003 I XXXXXX  : choosing minFree values for 64 Bit
07-25 14:04:15.753  3003  3003 I XXXXXX  : choosing minFree values for 64 Bit
07-25 14:04:15.758  3003  3003 I ActivityManager: Config changes=1df8 {1.0 ?mcc?mnc en_US ldltr sw411dp w411dp h683dp 280dpi nrml port ?uimode ?night -touch -keyb/v/h -nav/h s.2}
07-25 14:04:15.782  3003  3003 I ActivityManager: Config changes=400 {1.0 ?mcc?mnc en_US ldltr sw411dp w411dp h659dp 280dpi nrml port ?uimode ?night -touch -keyb/v/h -nav/h s.3}
07-25 14:04:15.787  3003  3003 I SystemServiceManager: Starting com.android.server.MountService$Lifecycle
07-25 14:04:15.806  3003  3050 D EventHub: No input device configuration file found for device 'cyttsp5_mt'.
07-25 14:04:15.809  2539  2539 I rild    : type=1400 audit(0.0:105): avc: denied { write } for ppid=1 ppid_comm="init" name="netd" dev="tmpfs" ino=8683 scontext=u:r:rild:s0 tcontext=u:object_r:netd_socket:s0 tclass=sock_file permissive=1
07-25 14:04:15.810  3003  3050 W EventHub: Unable to disable kernel key repeat for /dev/input/event6: Function not implemented
07-25 14:04:15.810  3003  3050 I EventHub: New device: id=3, fd=54, path='/dev/input/event6', name='cyttsp5_mt', classes=0x15, configuration='', keyLayout='/system/usr/keylayout/Generic.kl', keyCharacterMap='/system/usr/keychars/Generic.kcm', builtinKeyboard=false, wakeMechanism=EPOLLWAKEUP, usingClockIoctl=true
07-25 14:04:15.810  3003  3050 D EventHub: No input device configuration file found for device 'acc_input'.
07-25 14:04:15.817  2472  2539 D ril_rore: Connected to netd 23
07-25 14:04:15.838  3003  3003 I SystemServiceManager: Starting com.android.server.UiModeManagerService
07-25 14:04:15.840  3003  3003 I ActivityManager: Config changes=200 {1.0 ?mcc?mnc en_US ldltr sw411dp w411dp h659dp 280dpi nrml port -touch -keyb/v/h -nav/h s.4}
07-25 14:04:15.843  3003  3003 I SystemServer: LockSettingsService
07-25 14:04:15.857  3003  3003 I SystemServiceManager: Starting com.android.server.DeviceIdleController
07-25 14:04:15.864  3003  3003 I SystemServiceManager: Starting com.android.server.devicepolicy.DevicePolicyManagerService$Lifecycle
07-25 14:04:15.869  3003  3051 D MountService: Thinking about reset, mSystemReady=false, mDaemonConnected=true
07-25 14:04:15.870  3003  3051 D MountService: Thinking about reset, mSystemReady=false, mDaemonConnected=true
07-25 14:04:15.871  3003  3051 D CryptdConnector: SND -> {1 cryptfs getfield SystemLocale}
07-25 14:04:15.872  2387  2460 I Ext4Crypt: ext4 crypto complete called on /data
07-25 14:04:15.872  2387  2460 I Ext4Crypt: No master key, so not ext4enc
07-25 14:04:15.874  3003  3053 D CryptdConnector: RCV <- {200 1 -1}
07-25 14:04:15.875  3003  3051 W MountService: No primary storage mounted!
07-25 14:04:15.876  3003  3051 D VoldConnector: SND -> {1 asec list}
07-25 14:04:15.876  3003  3003 I SystemServer: Status Bar
07-25 14:04:15.877  3003  3052 D VoldConnector: RCV <- {200 1 asec operation succeeded}
07-25 14:04:15.877  3003  3051 I PackageManager: No secure containers found
07-25 14:04:15.878  3003  3051 W PackageManager: Not granting permission android.permission.INTERACT_ACROSS_USERS_FULL to package org.cyanogenmod.snap (protectionLevel=258 flags=0x3858bc45)
07-25 14:04:15.878  3003  3051 W PackageManager: Not granting permission android.permission.SET_ORIENTATION to package org.cyanogenmod.snap (protectionLevel=2 flags=0x3858bc45)
07-25 14:04:15.878  3003  3051 W PackageManager: Unknown permission com.google.android.googleapps.permission.GOOGLE_AUTH in package com.android.providers.calendar
07-25 14:04:15.878  3003  3051 W PackageManager: Unknown permission com.google.android.googleapps.permission.GOOGLE_AUTH.cl in package com.android.providers.calendar
07-25 14:04:15.878  3003  3051 W PackageManager: Not granting permission android.permission.ACCESS_DOWNLOAD_MANAGER to package com.android.browser (protectionLevel=18 flags=0x3809be45)
07-25 14:04:15.878  3003  3051 W PackageManager: Not granting permission android.permission.SEND_DOWNLOAD_COMPLETED_INTENTS to package com.android.browser (protectionLevel=2 flags=0x3809be45)
07-25 14:04:15.879  3003  3051 W PackageManager: Unknown permission com.android.launcher.permission.READ_SETTINGS in package com.slim.slimlauncher
07-25 14:04:15.879  3003  3051 W PackageManager: Not granting permission android.permission.BIND_WALLPAPER to package com.android.camera2 (protectionLevel=18 flags=0x3058bc45)
07-25 14:04:15.879  3003  3051 W PackageManager: Unknown permission com.google.android.googleapps.permission.GOOGLE_AUTH.mail in package com.android.calendar
07-25 14:04:15.879  3003  3051 W PackageManager: Unknown permission android.permission.ACCESS_COARSE_UPDATES in package com.android.supl
07-25 14:04:15.879  3003  3051 W PackageManager: Unknown permission com.android.launcher.permission.READ_SETTINGS in package com.android.onetimeinitializer
07-25 14:04:15.879  3003  3051 W PackageManager: Unknown permission com.android.launcher.permission.WRITE_SETTINGS in package com.android.onetimeinitializer
07-25 14:04:15.879  3003  3051 W PackageManager: Not granting permission android.permission.WRITE_APN_SETTINGS to package com.android.gallery3d (protectionLevel=18 flags=0x3858bc45)
07-25 14:04:15.879  3003  3051 W PackageManager: Not granting permission android.permission.WRITE_MEDIA_STORAGE to package com.android.gallery3d (protectionLevel=18 flags=0x3858bc45)
07-25 14:04:15.879  3003  3051 W PackageManager: Not granting permission android.permission.INTERACT_ACROSS_USERS to package com.android.gallery3d (protectionLevel=50 flags=0x3858bc45)
07-25 14:04:15.880  3003  3051 W PackageManager: Not granting permission android.permission.DELETE_PACKAGES to package com.svox.pico (protectionLevel=18 flags=0x3808be45)
07-25 14:04:15.880  3003  3051 W PackageManager: Not granting permission android.permission.CAMERA to package com.footej.camera because it was previously installed without
07-25 14:04:15.880  3003  3051 W PackageManager: Not granting permission android.permission.RECORD_AUDIO to package com.footej.camera because it was previously installed without
07-25 14:04:15.880  3003  3051 W PackageManager: Not granting permission android.permission.READ_EXTERNAL_STORAGE to package com.footej.camera because it was previously installed without
07-25 14:04:15.880  3003  3051 W PackageManager: Not granting permission android.permission.WRITE_EXTERNAL_STORAGE to package com.footej.camera because it was previously installed without
07-25 14:04:15.880  3003  3051 W PackageManager: Not granting permission android.permission.ACCESS_COARSE_LOCATION to package com.footej.camera because it was previously installed without
07-25 14:04:15.880  3003  3051 W PackageManager: Not granting permission android.permission.ACCESS_FINE_LOCATION to package com.footej.camera because it was previously installed without
07-25 14:04:15.880  3003  3051 W PackageManager: Unknown permission com.android.vending.BILLING in package com.footej.camera
07-25 14:04:15.880  3003  3051 W PackageManager: Unknown permission com.google.android.c2dm.permission.RECEIVE in package com.footej.camera
07-25 14:04:15.880  3003  3051 W PackageManager: Not granting permission android.permission.SET_ANIMATION_SCALE to package com.android.spare_parts (protectionLevel=50 flags=0x3808be45)
07-25 14:04:15.880  3003  3051 W PackageManager: Not granting permission android.permission.CHANGE_CONFIGURATION to package com.android.spare_parts (protectionLevel=50 flags=0x3808be45)
07-25 14:04:15.880  3003  3051 W PackageManager: Unknown permission com.google.android.googleapps.permission.GOOGLE_AUTH in package com.android.settings
07-25 14:04:15.880  3003  3051 W PackageManager: Unknown permission com.android.launcher.permission.READ_SETTINGS in package com.android.settings
07-25 14:04:15.880  3003  3051 W PackageManager: Unknown permission com.android.launcher.permission.WRITE_SETTINGS in package com.android.settings
07-25 14:04:15.881  3003  3051 W PackageManager: Unknown permission com.google.android.gallery3d.permission.GALLERY_PROVIDER in package com.android.bluetooth
07-25 14:04:15.882  3003  3051 W PackageManager: Unknown permission com.google.android.googleapps.permission.ACCESS_GOOGLE_PASSWORD in package com.android.development
07-25 14:04:15.882  3003  3051 W PackageManager: Unknown permission com.google.android.googleapps.permission.GOOGLE_AUTH in package com.android.development
07-25 14:04:15.882  3003  3051 W PackageManager: Unknown permission com.google.android.googleapps.permission.GOOGLE_AUTH.ALL_SERVICES in package com.android.development
07-25 14:04:15.882  3003  3051 W PackageManager: Unknown permission com.google.android.googleapps.permission.GOOGLE_AUTH.YouTubeUser in package com.android.development
07-25 14:04:15.896  3003  3050 D EventHub: No input device configuration file found for device 'ps_input'.
07-25 14:04:15.901  3003  3003 I SystemServer: Clipboard Service
07-25 14:04:15.907  3003  3003 I SystemServer: NetworkManagement Service
07-25 14:04:15.948  3003  3003 I SystemServer: Text Service Manager Service
07-25 14:04:16.026  3003  3050 D EventHub: No input device configuration file found for device 'als_input'.
07-25 14:04:16.096  3003  3050 D EventHub: No input device configuration file found for device 'hisi_gpio_key.87'.
07-25 14:04:16.100  3003  3050 W EventHub: Unable to disable kernel key repeat for /dev/input/event0: Function not implemented
07-25 14:04:16.100  3003  3050 I EventHub: New device: id=7, fd=83, path='/dev/input/event0', name='hisi_gpio_key.87', classes=0x1, configuration='', keyLayout='/system/usr/keylayout/Generic.kl', keyCharacterMap='/system/usr/keychars/Generic.kcm', builtinKeyboard=false, wakeMechanism=EPOLLWAKEUP, usingClockIoctl=true
07-25 14:04:16.100  3003  3050 D EventHub: No input device configuration file found for device 'HI6210_HISSC_CARD Headset Jack'.
07-25 14:04:16.110  3003  3050 W EventHub: Unable to disable kernel key repeat for /dev/input/event7: Function not implemented
07-25 14:04:16.111  3003  3051 W MountService: No primary storage defined yet; hacking together a stub
