--------- beginning of main
07-27 23:43:15.444  2387  2387 W auditd  : type=2000 audit(0.0:1): initialized
07-27 23:43:18.589  2387  2387 I auditd  : type=1403 audit(0.0:2): policy loaded auid=4294967295 ses=4294967295
07-27 23:43:19.049     1     1 I chatty  : uid=0(root) /init expire 1 line
07-27 23:43:19.049    40    40 I chatty  : uid=0(root) kdevtmpfs expire 7 lines
--------- beginning of system
07-27 23:43:19.421  2393  2393 I vold    : Vold 3.0 (the awakening) firing up
07-27 23:43:19.422  2393  2393 V vold    : Detected support for: exfat ext4 ntfs vfat
07-27 23:43:19.427  2396  2396 I chatty  : uid=1000(system) expire 1 line
07-27 23:43:19.439  2446  2446 I chatty  : uid=0(root) /init expire 1 line
07-27 23:43:19.439     1     1 I chatty  : uid=0(root) /init expire 2 lines
07-27 23:43:19.459  2446  2446 I chatty  : uid=0(root) /init expire 1 line
07-27 23:43:19.459  2447  2447 I chatty  : uid=0(root) /sbin/teecd expire 3 lines
07-27 23:43:19.467  2352  2352 I chatty  : uid=0(root) oeminfo_nvm_ser expire 2 lines
07-27 23:43:19.470  2447  2455 I chatty  : uid=0(root) /sbin/teecd expire 3 lines
07-27 23:43:19.472  2441  2441 I lowmemorykiller: Using in-kernel low memory killer interface
07-27 23:43:19.479  2484  2484 I init    : type=1400 audit(0.0:25): avc: denied { create } for ppid=1 ppid_comm="init" name="hwnff" scontext=u:r:init:s0 tcontext=u:object_r:socket_device:s0 tclass=sock_file permissive=1
07-27 23:43:19.479  2484  2484 I init    : type=1400 audit(0.0:26): avc: denied { setattr } for ppid=1 ppid_comm="init" name="hwnff" dev="tmpfs" ino=3366 scontext=u:r:init:s0 tcontext=u:object_r:socket_device:s0 tclass=sock_file permissive=1
07-27 23:43:19.489     1     1 I init    : type=1400 audit(0.0:27): avc: denied { write } for ppid=0 ppid_comm="swapper/0" name="/" dev="proc" ino=1 scontext=u:r:init:s0 tcontext=u:object_r:proc:s0 tclass=dir permissive=1
07-27 23:43:19.514  2478  2478 I DEBUG   : debuggerd: starting
07-27 23:43:19.514  2481  2481 I installd: installd firing up
07-27 23:43:19.519  2477  2477 I debuggerd: type=1400 audit(0.0:29): avc: denied { module_request } for ppid=1 ppid_comm="init" kmod="personality-8" scontext=u:r:debuggerd:s0 tcontext=u:r:kernel:s0 tclass=system permissive=1
07-27 23:43:19.519  2479  2479 I drmserver: type=1400 audit(0.0:30): avc: denied { module_request } for ppid=1 ppid_comm="init" kmod="personality-8" scontext=u:r:drmserver:s0 tcontext=u:r:kernel:s0 tclass=system permissive=1
07-27 23:43:19.519  2488  2488 I app_process32: type=1400 audit(0.0:28): avc: denied { module_request } for ppid=1 ppid_comm="init" kmod="personality-8" scontext=u:r:zygote:s0 tcontext=u:r:kernel:s0 tclass=system permissive=1
07-27 23:43:19.549  2484  2484 I hwnffserver: type=1400 audit(0.0:31): avc: denied { write } for ppid=1 ppid_comm="init" name="oeminfo_nvm" dev="tmpfs" ino=1178 scontext=u:r:init:s0 tcontext=u:object_r:socket_device:s0 tclass=sock_file permissive=1
07-27 23:43:19.567  2490  2490 I perfprofd: starting Android Wide Profiling daemon
07-27 23:43:19.567  2474  2474 I Netd    : Netd 1.0 starting
07-27 23:43:19.567  2482  2482 I keystore: Found keymaster0 module Keymaster OpenSSL HAL, version 2
07-27 23:43:19.567  2482  2482 I SoftKeymaster: system/keymaster/soft_keymaster_device.cpp, Line 122: Creating device
07-27 23:43:19.567  2482  2482 D SoftKeymaster: system/keymaster/soft_keymaster_device.cpp, Line 123: Device address: 0x7fb78a3000
07-27 23:43:19.567  2474  2474 I QtiConnectivityAdapter: Failed to open libconnctrl, some features may not be present.
07-27 23:43:19.568  2482  2482 I keystore: Keymaster0 module is software-only.  Using SoftKeymasterDevice instead.
07-27 23:43:19.568  2482  2482 I SoftKeymaster: system/keymaster/soft_keymaster_device.cpp, Line 122: Creating device
07-27 23:43:19.568  2474  2474 D TetherController: Setting IP forward enable = 0
07-27 23:43:19.568  2482  2482 D SoftKeymaster: system/keymaster/soft_keymaster_device.cpp, Line 123: Device address: 0x7fb78a3300
07-27 23:43:19.572  2474  2474 E         : Failed to open libdatactrl, some features may not be present.
07-27 23:43:19.579  2508  2508 I chmod   : type=1400 audit(0.0:32): avc: denied { getattr } for ppid=2491 ppid_comm="hisi_connectivi" path="/dev/hwfm" dev="tmpfs" ino=297 scontext=u:r:toolbox:s0 tcontext=u:object_r:device:s0 tclass=chr_file permissive=1
07-27 23:43:19.579  2508  2508 I chmod   : type=1400 audit(0.0:33): avc: denied { setattr } for ppid=2491 ppid_comm="hisi_connectivi" name="hwfm" dev="tmpfs" ino=297 scontext=u:r:toolbox:s0 tcontext=u:object_r:device:s0 tclass=chr_file permissive=1
07-27 23:43:19.579  2508  2508 I chmod   : type=1400 audit(0.0:34): avc: denied { fsetid } for ppid=2491 ppid_comm="hisi_connectivi" capability=4 scontext=u:r:toolbox:s0 tcontext=u:r:toolbox:s0 tclass=capability permissive=1
07-27 23:43:19.581  2489  2489 I chatty  : uid=1000(system) /system/bin/gatekeeperd expire 3 lines
07-27 23:43:19.586  2490  2490 E perfprofd: unable to open configuration file /data/data/com.google.android.gms/files/perfprofd.conf
07-27 23:43:19.586  2490  2490 I perfprofd: random seed set to 3753927238
07-27 23:43:19.586  2485  2485 I chatty  : uid=1000(system) /system/bin/thermal-daemon expire 13 lines
07-27 23:43:19.599  2513  2513 I chown   : type=1400 audit(0.0:35): avc: denied { chown } for ppid=2491 ppid_comm="hisi_connectivi" capability=0 scontext=u:r:toolbox:s0 tcontext=u:r:toolbox:s0 tclass=capability permissive=1
07-27 23:43:19.639  2525  2525 I rild    : type=1400 audit(0.0:36): avc: denied { read write } for ppid=1 ppid_comm="init" name="appvcom" dev="tmpfs" ino=405 scontext=u:r:rild:s0 tcontext=u:object_r:device:s0 tclass=chr_file permissive=1
07-27 23:43:19.639  2525  2525 I rild    : type=1400 audit(0.0:37): avc: denied { open } for ppid=1 ppid_comm="init" path="/dev/appvcom" dev="tmpfs" ino=405 scontext=u:r:rild:s0 tcontext=u:object_r:device:s0 tclass=chr_file permissive=1
07-27 23:43:19.649  2521  2521 I chmod   : type=1400 audit(0.0:38): avc: denied { setattr } for ppid=2491 ppid_comm="hisi_connectivi" name="gnss_lowpower_state" dev="sysfs" ino=21464 scontext=u:r:toolbox:s0 tcontext=u:object_r:sysfs:s0 tclass=file permissive=1
07-27 23:43:19.650  2516  2516 I slim    : Welcome to Android 6.0.1 / SlimRoms Slim-6.0.1.build.2.1-UNOFFICIAL-20170727-2135 
07-27 23:43:19.654  2443  2443 D ril_rore: run RomDaemon begin
07-27 23:43:19.654  2443  2443 D ril_rore: run RomDaemon end
07-27 23:43:19.655  2443  2524 D ril_rore: RomDaemon started
07-27 23:43:19.699  2492  2492 I logserver: type=1400 audit(0.0:39): avc: denied { write } for ppid=1 ppid_comm="init" name="property_service" dev="tmpfs" ino=1163 scontext=u:r:init:s0 tcontext=u:object_r:property_socket:s0 tclass=sock_file permissive=1
07-27 23:43:19.707  2492  2492 I logserver: main:into main.
07-27 23:43:19.707  2492  2492 I logserver: main: LogService is not beta version, delete property
07-27 23:43:19.716  2445  2445 I chatty  : uid=1000(system) /system/bin/surfaceflinger expire 30 lines
07-27 23:43:19.726  2477  2477 I DEBUG   : debuggerd: starting
07-27 23:43:19.729  2486  2486 I hwpged  : type=1400 audit(0.0:40): avc: denied { call } for ppid=1 ppid_comm="init" scontext=u:r:init:s0 tcontext=u:r:servicemanager:s0 tclass=binder permissive=1
07-27 23:43:19.729  2549  2549 I hwpged  : type=1400 audit(0.0:41): avc: denied { create } for ppid=1 ppid_comm="init" scontext=u:r:init:s0 tcontext=u:r:init:s0 tclass=netlink_socket permissive=1
07-27 23:43:19.729  2549  2549 I hwpged  : type=1400 audit(0.0:42): avc: denied { bind } for ppid=1 ppid_comm="init" scontext=u:r:init:s0 tcontext=u:r:init:s0 tclass=netlink_socket permissive=1
07-27 23:43:19.729  2549  2549 I hwpged  : type=1400 audit(0.0:43): avc: denied { write } for ppid=1 ppid_comm="init" scontext=u:r:init:s0 tcontext=u:r:init:s0 tclass=netlink_socket permissive=1
07-27 23:43:19.729  2549  2549 I hwpged  : type=1400 audit(0.0:44): avc: denied { read } for ppid=1 ppid_comm="init" scontext=u:r:init:s0 tcontext=u:r:init:s0 tclass=netlink_socket permissive=1
07-27 23:43:19.735  2486  2486 I Pged-Hwpged: Hwpged Start, bDebug: 0, version:3.1.10
07-27 23:43:19.739  2486  2486 I hwpged  : type=1400 audit(0.0:45): avc: denied { transfer } for ppid=1 ppid_comm="init" scontext=u:r:init:s0 tcontext=u:r:servicemanager:s0 tclass=binder permissive=1
07-27 23:43:19.739  2442  2442 I chatty  : uid=1000(system) /system/bin/servicemanager expire 5 lines
07-27 23:43:19.769  2557  2557 I mkdir   : type=1400 audit(0.0:50): avc: denied { write } for ppid=2491 ppid_comm="hisi_connectivi" name="/" dev="mmcblk0p40" ino=2 scontext=u:r:toolbox:s0 tcontext=u:object_r:system_data_file:s0 tclass=dir permissive=1
07-27 23:43:19.769  2557  2557 I mkdir   : type=1400 audit(0.0:51): avc: denied { add_name } for ppid=2491 ppid_comm="hisi_connectivi" name="gnss" scontext=u:r:toolbox:s0 tcontext=u:object_r:system_data_file:s0 tclass=dir permissive=1
07-27 23:43:19.769  2557  2557 I mkdir   : type=1400 audit(0.0:52): avc: denied { create } for ppid=2491 ppid_comm="hisi_connectivi" name="gnss" scontext=u:r:toolbox:s0 tcontext=u:object_r:system_data_file:s0 tclass=dir permissive=1
07-27 23:43:19.779  2566  2566 I logserver: type=1400 audit(0.0:57): avc: denied { execute_no_trans } for ppid=2492 ppid_comm="logserver" path="/system/bin/sh" dev="mmcblk0p38" ino=347 scontext=u:r:init:s0 tcontext=u:object_r:shell_exec:s0 tclass=file permissive=1
07-27 23:43:19.789  2448  2448 I run-parts: /data/misc/wifi/wpa_supplicant.conf: No such file or directory
07-27 23:43:19.792  2492  2492 I logserver: main:1762, system(rm /data/log/logserverConfig/auto_config.txt)
07-27 23:43:19.799  2567  2567 I chown   : type=1400 audit(0.0:58): avc: denied { setattr } for ppid=2491 ppid_comm="hisi_connectivi" name="gnss" dev="mmcblk0p40" ino=496785 scontext=u:r:toolbox:s0 tcontext=u:object_r:system_data_file:s0 tclass=dir permissive=1
07-27 23:43:19.802  2565  2565 I SELinuxLabel: data is unlabeled, fixing... 
07-27 23:43:19.818  2492  2492 I logserver: main:1763, system(rm /data/log/logserverConfig/manual_config.txt)
07-27 23:43:19.841  2448  2448 I run-parts: /system/priv-app/GoogleServicesFramework.apk: No such file or directory
07-27 23:43:19.841  2492  2492 I logserver: set_first_boot_flag = 1
07-27 23:43:19.841  2492  2492 I logserver: Hardware	: hi6210sft
07-27 23:43:19.841  2492  2492 I logserver: detect_acpu_info, ap=0
07-27 23:43:19.841  2492  2492 I logserver: check_online_modem-online modem is:3,balong
07-27 23:43:19.855  2492  2492 I logserver: prepare_work_env:1578, system(rm -r /data/log/logcache/* > /dev/null 2>&1)
07-27 23:43:19.882  2492  2492 I logserver: prepare_work_env:1583, system(insmod /system/bin/dbox/logexception/logexception.ko &)
07-27 23:43:19.883  2595  2595 I SELinuxLabel: /data relabel starting... 
07-27 23:43:19.902  2448  2448 I run-parts: SELinux: Loaded file_contexts contexts from /file_contexts.
07-27 23:43:19.902  2448  2448 I run-parts: SELinux: Skipping restorecon_recursive(/data)
07-27 23:43:19.916  2604  2604 I SELinuxLabel: /data relabel complete 
07-27 23:43:19.930  2607  2607 I SELinuxLabel: /cache relabel starting... 
07-27 23:43:19.949  2448  2448 I run-parts: SELinux: Loaded file_contexts contexts from /file_contexts.
07-27 23:43:19.949  2448  2448 I run-parts: SELinux: Skipping restorecon_recursive(/cache)
07-27 23:43:19.965  2613  2613 I SELinuxLabel: /cache relabel complete 
07-27 23:43:20.129  2352  2352 E OEMINFO_NVM_SERVER: pid 2446, opration nvm_read OK
07-27 23:43:20.129  2352  2352 D OEMINFO_NVM_SERVER: Accept connection from pid 2484 (******), uid: 0, gid: 0
07-27 23:43:20.130  2352  2352 D OEMINFO_NVM_SERVER: Receive: opr = 2, idx = 61, len = 128, name()
07-27 23:43:20.130  2352  2352 I OEMINFO_NVM_CORE: compat_oeminfo_read: version v3
07-27 23:43:20.131  2352  2352 I OEMINFO_NVM_CORE: find oeminfo device /dev/block/mmcblk0p8
07-27 23:43:20.165  2579  2640 D libEGL  : loaded /system/lib64/egl/libGLES_mali.so
07-27 23:43:20.208  2445  2540 I chatty  : uid=1000(system) Binder_1 expire 6 lines
07-27 23:43:20.272  2352  2352 I OEMINFO_NVM_CORE: find oeminfo item @ offset 0x7fb6559000
07-27 23:43:20.296  2352  2352 E OEMINFO_NVM_SERVER: pid 2484, opration oeminfo_read OK
07-27 23:43:20.296  2352  2352 D OEMINFO_NVM_SERVER: Accept connection from pid 2446 (******), uid: 0, gid: 0
07-27 23:43:20.296  2352  2352 D OEMINFO_NVM_SERVER: Receive: opr = 6, idx = 194, len = 12, name(MACBT)
07-27 23:43:20.297  2352  2352 E OEMINFO_NVM_SERVER: pid 2446, opration nvm_read OK
07-27 23:43:20.298  2446  2446 I mac_addr: read mac from nvm finished,bt status = 0, wifi status = 0
07-27 23:43:20.298  2446  2446 I mac_addr: wifi macaddr = 8C0D76CA392E
07-27 23:43:20.298  2446  2446 I mac_addr: macaddr[1] = 67
07-27 23:43:20.298  2446  2446 I mac_addr: bt macaddr = 8C0D76CA40FE
07-27 23:43:20.298  2446  2446 I mac_addr: macaddr_file_dir is /data/misc/wifi/macwifi
07-27 23:43:20.298  2446  2446 I mac_addr: macaddr_file_dir is /data/misc/bluedroid/macbt
07-27 23:43:20.299  2352  2352 D OEMINFO_NVM_SERVER: Accept connection from pid 2484 (******), uid: 0, gid: 0
07-27 23:43:20.300  2352  2352 D OEMINFO_NVM_SERVER: Receive: opr = 2, idx = 60, len = 128, name()
07-27 23:43:20.300  2352  2352 I OEMINFO_NVM_CORE: compat_oeminfo_read: version v3
07-27 23:43:20.301  2352  2352 I OEMINFO_NVM_CORE: find oeminfo device /dev/block/mmcblk0p8
07-27 23:43:20.305  2579  2640 E BootAnimation: couldn't find audio_conf.txt
07-27 23:43:20.443  2352  2352 I OEMINFO_NVM_CORE: find oeminfo item @ offset 0x7fb655d000
07-27 23:43:20.447  2480  2480 I chatty  : uid=1013(media) /system/bin/mediaserver expire 42 lines
07-27 23:43:20.456  2352  2352 E OEMINFO_NVM_SERVER: pid 2484, opration oeminfo_read OK
07-27 23:43:20.456  2484  2484 E HWNFF   : HWNFF Daemon fireup
07-27 23:43:20.475  2702  2702 I chatty  : uid=1000(system) hi110x_except_l expire 4 lines
07-27 23:43:20.509  2701  2701 I chatty  : uid=1000(system) /system/bin/hi110x_logd expire 1 line
07-27 23:43:20.514  2694  2694 I chatty  : uid=1000(system) /system/bin/oam_app expire 129 lines
07-27 23:43:20.516  2699  2699 I chatty  : uid=1000(system) /system/bin/supl20clientd expire 207 lines
07-27 23:43:20.538  2697  2697 I chatty  : uid=1000(system) /system/bin/agnsscontrol expire 2 lines
07-27 23:43:20.540  2726  2726 I chatty  : uid=1000(system) lss expire 2 lines
07-27 23:43:20.571  2696  2696 I chatty  : uid=1000(system) /system/bin/gnss_engine expire 254 lines
07-27 23:43:20.696  2696  2759 I chatty  : uid=1000(system) /system/bin/gnss_engine expire 12 lines
07-27 23:43:20.709  2764  2764 I chatty  : uid=1000(system) /system/bin/oam_app expire 1 line
07-27 23:43:20.715  2694  2764 I chatty  : uid=1000(system) /system/bin/oam_app expire 1 line
07-27 23:43:20.715  2694  2765 I chatty  : uid=1000(system) /system/bin/oam_app expire 1 line
07-27 23:43:20.759  2657  2657 I rfile_process_t: type=1400 audit(0.0:83): avc: denied { write } for ppid=2 ppid_comm="kthreadd" name="cp_log" dev="mmcblk0p40" ino=32580 scontext=u:r:kernel:s0 tcontext=u:object_r:system_data_file:s0 tclass=dir permissive=1
07-27 23:43:20.759  2657  2657 I rfile_process_t: type=1400 audit(0.0:84): avc: denied { add_name } for ppid=2 ppid_comm="kthreadd" name="Config.txt" scontext=u:r:kernel:s0 tcontext=u:object_r:system_data_file:s0 tclass=dir permissive=1
07-27 23:43:20.759  2657  2657 I rfile_process_t: type=1400 audit(0.0:85): avc: denied { create } for ppid=2 ppid_comm="kthreadd" name="Config.txt" scontext=u:r:kernel:s0 tcontext=u:object_r:system_data_file:s0 tclass=file permissive=1
07-27 23:43:20.759  2657  2657 I rfile_process_t: type=1400 audit(0.0:86): avc: denied { write } for ppid=2 ppid_comm="kthreadd" path="/data/hisi_logs/cp_log/Config.txt" dev="mmcblk0p40" ino=32585 scontext=u:r:kernel:s0 tcontext=u:object_r:system_data_file:s0 tclass=file permissive=1
07-27 23:43:20.769  2657  2657 I rfile_process_t: type=1400 audit(0.0:87): avc: denied { write } for ppid=2 ppid_comm="kthreadd" name="GU_NvTable.bin" dev="mmcblk0p11" ino=20 scontext=u:r:kernel:s0 tcontext=u:object_r:unlabeled:s0 tclass=file permissive=1
07-27 23:43:20.804  2480  2795 I chatty  : uid=1013(media) /system/bin/mediaserver expire 1 line
07-27 23:43:20.829  2657  2657 I rfile_process_t: type=1400 audit(0.0:88): avc: denied { read write } for ppid=2 ppid_comm="kthreadd" name="usimmlogctrl.bin" dev="mmcblk0p17" ino=16 scontext=u:r:kernel:s0 tcontext=u:object_r:unlabeled:s0 tclass=file permissive=1
07-27 23:43:20.887  2579  2640 D BootAnimation: Use save memory method, maybe small fps in actual.
07-27 23:43:20.893  2492  2492 E logserver: clean_init_socket, get socket(logserver) failed!
07-27 23:43:20.893  2492  2492 E logserver: clean_init_socket, get socket(logservice) failed!
07-27 23:43:20.898  2445  2542 I chatty  : uid=1000(system) Binder_2 expire 4 lines
07-27 23:43:20.899  2492  2492 I logserver: type=1400 audit(0.0:89): avc: denied { write } for ppid=1 ppid_comm="init" name="logserver" dev="mmcblk0p40" ino=521227 scontext=u:r:init:s0 tcontext=u:object_r:system_data_file:s0 tclass=fifo_file permissive=1
07-27 23:43:20.907  2492  2492 I logserver: main: no any modem config file.
07-27 23:43:20.907  2492  2492 I logserver: pre_init_memdump, only QCOM support memdump.
07-27 23:43:20.907  2492  2492 I logserver: util_init_fifo_by_name: /data/log/modemConfig directory not exists, create it.
07-27 23:43:20.908  2492  2492 I logserver: util_init_fifo_by_name, before change /data/log/logserverConfig/fifo/logserver owner
07-27 23:43:20.908  2492  2492 I logserver: Process 2492 opening FIFO for O_RDWR
07-27 23:43:20.908  2492  2492 I logserver: Process 2492 opened fifo(4)
07-27 23:43:20.908  2492  2492 I logserver: register_to_fdlist:register fd(4) to fdlist
07-27 23:43:20.908  2492  2492 I logserver: init_pipe_by_name: name = /data/log/logserverConfig/fifo/logserver OK!
07-27 23:43:20.908  2492  2492 I logserver: start_logcontrol success, thread tid=-145753808
07-27 23:43:20.908  2492  2492 I logserver: monitor_logcache_path=/data/log/logcache/-146798288/
07-27 23:43:20.908  2492  2492 I logserver: main: start exception thread.
07-27 23:43:20.909  2492  2492 I logserver: exp_start_exception_monitor success, thread tid=-147842768
07-27 23:43:20.909  2492  2492 I logserver: start_dump_srecorder success, thread tid=-150206160
07-27 23:43:20.909  2492  2492 I logserver: start_subsystem_ramdump, ramdump not enabled.
07-27 23:43:20.909  2492  2492 I logserver: init_fdset:add fd(4) to fdset
07-27 23:43:20.909  2492  2492 I logserver: main, get max fd=4
07-27 23:43:20.909  2492  2492 I logserver: main, set pri to user 
07-27 23:43:20.909  2492  2807 I logserver: init_notify_fifo, before change /data/log/logcontrol owner
07-27 23:43:20.909  2492  2807 I logserver: Process 2807 opening FIFO for O_RDWR
07-27 23:43:20.909  2492  2807 I logserver: Process 2807 opened fifo(5)
07-27 23:43:20.910  2492  2807 I logserver: Created socket '/dev/socket/logcontrol' with mode '660', user '1000', group '1000'
07-27 23:43:20.910  2492  2807 I logserver: create_logcontrol_socket, socket server 6 listening!
07-27 23:43:20.910  2492  2808 I logserver: create_watch_dirs, cd_array[/data/anr/] does not exist, create it.
07-27 23:43:20.911  2492  2810 I logserver: [adevcheck] [adevcheck_minotor 961][FS]ADEVCHECK Version:2.0.0 LastModify 2014.12.23
07-27 23:43:20.911  2492  2810 I logserver: [adevcheck] [adevcheck_minotor],pid=2492, thread tid=2810, ap_type=0, start running
07-27 23:43:20.911  2492  2810 I logserver: [adevcheck] [adevcheck_minotor 969][FS] pthread_exit 1, tid=2810, not support this AP
07-27 23:43:20.914  2492  2808 I logserver: create_watch_dirs, cd_array[/data/system/dropbox/] does not exist, create it.
07-27 23:43:20.914  2492  2808 I logserver: create_watch_dirs, wd_array[/data/log/dbox/srecorder/] does not exist, create it.
07-27 23:43:20.915  2492  2808 I logserver: create_watch_dirs, wd_array[/data/log/dbox/systemtap/] does not exist, create it.
07-27 23:43:20.915  2492  2808 I logserver: create_watch_dirs, wd_array[/data/ramdump/] does not exist, create it.
07-27 23:43:20.919  2808  2808 I logserver: type=1400 audit(0.0:90): avc: denied { read } for ppid=1 ppid_comm="init" name="primary" dev="tmpfs" ino=8547 scontext=u:r:init:s0 tcontext=u:object_r:storage_file:s0 tclass=lnk_file permissive=1
07-27 23:43:20.930  2492  2808 I logserver: create_watch_dirs, wd_array[/data/log/apr/] does not exist, create it.
07-27 23:43:20.931  2492  2808 I logserver: create_watch_dirs, is sdcard directory
07-27 23:43:20.931  2492  2808 I logserver: create_watch_dirs, is sdcard directory
07-27 23:43:20.931  2492  2808 I logserver: init_inotify_fd: init inotify fd successful
07-27 23:43:20.931  2492  2808 E logserver: add_watch_dir: error, can't add watch for /sdcard/mtklog/mdlog/
07-27 23:43:20.931  2492  2808 E logserver: add_watch_dir: error, can't add watch for /sdcard/mtklog/dualmdlog/
07-27 23:43:21.019  2640  2640 I BootAnimation: type=1400 audit(0.0:91): avc: denied { ioctl } for ppid=1 ppid_comm="init" path="/dev/mali" dev="tmpfs" ino=222 ioctlcmd=8300 scontext=u:r:bootanim:s0 tcontext=u:object_r:device:s0 tclass=chr_file permissive=1
07-27 23:43:21.019  2640  2640 I BootAnimation: type=1400 audit(0.0:92): avc: denied { read write } for ppid=1 ppid_comm="init" path="/dev/mali" dev="tmpfs" ino=222 scontext=u:r:bootanim:s0 tcontext=u:object_r:device:s0 tclass=chr_file permissive=1
07-27 23:43:21.026  2487  2487 D AndroidRuntime: >>>>>> START com.android.internal.os.ZygoteInit uid 0 <<<<<<
07-27 23:43:21.027  2487  2487 W JniInvocation: Falling back from libart to libart.so after dlopen error: dlopen failed: library "libart" not found
07-27 23:43:21.046  2488  2488 D AndroidRuntime: >>>>>> START com.android.internal.os.ZygoteInit uid 0 <<<<<<
07-27 23:43:21.046  2480  2480 I chatty  : uid=1013(media) /system/bin/mediaserver expire 11 lines
07-27 23:43:21.047  2488  2488 W JniInvocation: Falling back from libart to libart.so after dlopen error: dlopen failed: library "libart" not found
07-27 23:43:21.091  2480  2827 I chatty  : uid=1013(media) /system/bin/mediaserver expire 1 line
07-27 23:43:21.096  2480  2480 I chatty  : uid=1013(media) /system/bin/mediaserver expire 70 lines
07-27 23:43:21.111  2487  2487 D AndroidRuntime: CheckJNI is OFF
07-27 23:43:21.114  2488  2488 D AndroidRuntime: CheckJNI is OFF
07-27 23:43:21.132  2487  2487 I art     : option[0]=-Xzygote
07-27 23:43:21.132  2487  2487 I art     : option[1]=-Xstacktracefile:/data/anr/traces.txt
07-27 23:43:21.132  2487  2487 I art     : option[2]=exit
07-27 23:43:21.132  2487  2487 I art     : option[3]=vfprintf
07-27 23:43:21.132  2487  2487 I art     : option[4]=sensitiveThread
07-27 23:43:21.132  2487  2487 I art     : option[5]=-verbose:gc
07-27 23:43:21.132  2487  2487 I art     : option[6]=-Xms8m
07-27 23:43:21.132  2487  2487 I art     : option[7]=-Xmx512m
07-27 23:43:21.132  2487  2487 I art     : option[8]=-XX:HeapGrowthLimit=192m
07-27 23:43:21.132  2487  2487 I art     : option[9]=-XX:HeapMinFree=512k
07-27 23:43:21.132  2487  2487 I art     : option[10]=-XX:HeapMaxFree=8m
07-27 23:43:21.132  2487  2487 I art     : option[11]=-XX:HeapTargetUtilization=0.75
07-27 23:43:21.132  2487  2487 I art     : option[12]=-agentlib:jdwp=transport=dt_android_adb,suspend=n,server=y
07-27 23:43:21.132  2487  2487 I art     : option[13]=-Xlockprofthreshold:500
07-27 23:43:21.132  2487  2487 I art     : option[14]=-Ximage-compiler-option
07-27 23:43:21.133  2487  2487 I art     : option[15]=--runtime-arg
07-27 23:43:21.133  2487  2487 I art     : option[16]=-Ximage-compiler-option
07-27 23:43:21.133  2487  2487 I art     : option[17]=-Xms64m
07-27 23:43:21.133  2487  2487 I art     : option[18]=-Ximage-compiler-option
07-27 23:43:21.133  2487  2487 I art     : option[19]=--runtime-arg
07-27 23:43:21.133  2487  2487 I art     : option[20]=-Ximage-compiler-option
07-27 23:43:21.133  2487  2487 I art     : option[21]=-Xmx64m
07-27 23:43:21.133  2487  2487 I art     : option[22]=-Ximage-compiler-option
07-27 23:43:21.133  2487  2487 I art     : option[23]=--image-classes=/system/etc/preloaded-classes
07-27 23:43:21.133  2487  2487 I art     : option[24]=-Xcompiler-option
07-27 23:43:21.133  2487  2487 I art     : option[25]=--runtime-arg
07-27 23:43:21.133  2487  2487 I art     : option[26]=-Xcompiler-option
07-27 23:43:21.133  2487  2487 I art     : option[27]=-Xms64m
07-27 23:43:21.133  2487  2487 I art     : option[28]=-Xcompiler-option
07-27 23:43:21.133  2487  2487 I art     : option[29]=--runtime-arg
07-27 23:43:21.133  2487  2487 I art     : option[30]=-Xcompiler-option
07-27 23:43:21.133  2487  2487 I art     : option[31]=-Xmx512m
07-27 23:43:21.133  2487  2487 I art     : option[32]=-Ximage-compiler-option
07-27 23:43:21.133  2487  2487 I art     : option[33]=--instruction-set-variant=cortex-a53
07-27 23:43:21.133  2487  2487 I art     : option[34]=-Xcompiler-option
07-27 23:43:21.133  2487  2487 I art     : option[35]=--instruction-set-variant=cortex-a53
07-27 23:43:21.133  2487  2487 I art     : option[36]=-Ximage-compiler-option
07-27 23:43:21.133  2487  2487 I art     : option[37]=--instruction-set-features=default
07-27 23:43:21.133  2487  2487 I art     : option[38]=-Xcompiler-option
07-27 23:43:21.133  2487  2487 I art     : option[39]=--instruction-set-features=default
07-27 23:43:21.133  2487  2487 I art     : option[40]=-Duser.locale=en-US
07-27 23:43:21.133  2487  2487 I art     : option[41]=--cpu-abilist=arm64-v8a
07-27 23:43:21.133  2487  2487 I art     : option[42]=-Xfingerprint:Huawei/slim_alice/alice:6.0.1/MOB31T/a311c89bf2:userdebug/test-keys
07-27 23:43:21.138  2488  2488 I art     : option[0]=-Xzygote
07-27 23:43:21.138  2488  2488 I art     : option[1]=-Xstacktracefile:/data/anr/traces.txt
07-27 23:43:21.138  2488  2488 I art     : option[2]=exit
07-27 23:43:21.138  2488  2488 I art     : option[3]=vfprintf
07-27 23:43:21.138  2488  2488 I art     : option[4]=sensitiveThread
07-27 23:43:21.138  2488  2488 I art     : option[5]=-verbose:gc
07-27 23:43:21.138  2488  2488 I art     : option[6]=-Xms8m
07-27 23:43:21.138  2488  2488 I art     : option[7]=-Xmx512m
07-27 23:43:21.139  2488  2488 I art     : option[8]=-XX:HeapGrowthLimit=192m
07-27 23:43:21.139  2488  2488 I art     : option[9]=-XX:HeapMinFree=512k
07-27 23:43:21.139  2488  2488 I art     : option[10]=-XX:HeapMaxFree=8m
07-27 23:43:21.139  2488  2488 I art     : option[11]=-XX:HeapTargetUtilization=0.75
07-27 23:43:21.139  2488  2488 I art     : option[12]=-agentlib:jdwp=transport=dt_android_adb,suspend=n,server=y
07-27 23:43:21.139  2488  2488 I art     : option[13]=-Xlockprofthreshold:500
07-27 23:43:21.139  2488  2488 I art     : option[14]=-Ximage-compiler-option
07-27 23:43:21.139  2488  2488 I art     : option[15]=--runtime-arg
07-27 23:43:21.139  2488  2488 I art     : option[16]=-Ximage-compiler-option
07-27 23:43:21.139  2488  2488 I art     : option[17]=-Xms64m
07-27 23:43:21.139  2488  2488 I art     : option[18]=-Ximage-compiler-option
07-27 23:43:21.139  2488  2488 I art     : option[19]=--runtime-arg
07-27 23:43:21.139  2488  2488 I art     : option[20]=-Ximage-compiler-option
07-27 23:43:21.139  2488  2488 I art     : option[21]=-Xmx64m
07-27 23:43:21.139  2488  2488 I art     : option[22]=-Ximage-compiler-option
07-27 23:43:21.139  2488  2488 I art     : option[23]=--image-classes=/system/etc/preloaded-classes
07-27 23:43:21.139  2488  2488 I art     : option[24]=-Xcompiler-option
07-27 23:43:21.139  2488  2488 I art     : option[25]=--runtime-arg
07-27 23:43:21.139  2488  2488 I art     : option[26]=-Xcompiler-option
07-27 23:43:21.139  2488  2488 I art     : option[27]=-Xms64m
07-27 23:43:21.139  2488  2488 I art     : option[28]=-Xcompiler-option
07-27 23:43:21.139  2488  2488 I art     : option[29]=--runtime-arg
07-27 23:43:21.139  2488  2488 I art     : option[30]=-Xcompiler-option
07-27 23:43:21.139  2488  2488 I art     : option[31]=-Xmx512m
07-27 23:43:21.139  2488  2488 I art     : option[32]=-Ximage-compiler-option
07-27 23:43:21.139  2488  2488 I art     : option[33]=--instruction-set-variant=cortex-a53
07-27 23:43:21.139  2488  2488 I art     : option[34]=-Xcompiler-option
07-27 23:43:21.139  2488  2488 I art     : option[35]=--instruction-set-variant=cortex-a53
07-27 23:43:21.139  2488  2488 I art     : option[36]=-Ximage-compiler-option
07-27 23:43:21.139  2488  2488 I art     : option[37]=--instruction-set-features=default
07-27 23:43:21.139  2488  2488 I art     : option[38]=-Xcompiler-option
07-27 23:43:21.139  2488  2488 I art     : option[39]=--instruction-set-features=default
07-27 23:43:21.139  2488  2488 I art     : option[40]=-Duser.locale=en-US
07-27 23:43:21.139  2488  2488 I art     : option[41]=--cpu-abilist=armeabi-v7a,armeabi
07-27 23:43:21.139  2488  2488 I art     : option[42]=-Xfingerprint:Huawei/slim_alice/alice:6.0.1/MOB31T/a311c89bf2:userdebug/test-keys
07-27 23:43:21.175  2480  2827 I chatty  : uid=1013(media) /system/bin/mediaserver expire 1 line
07-27 23:43:21.177  2480  2480 I chatty  : uid=1013(media) /system/bin/mediaserver expire 12 lines
07-27 23:43:21.178  2480  2795 I chatty  : uid=1013(media) /system/bin/mediaserver expire 1 line
07-27 23:43:21.178  2487  2487 I art     : Pruning dalvik-cache since we are generating an image and will need to recompile
07-27 23:43:21.178  2488  2488 I art     : Pruning dalvik-cache since we are generating an image and will need to recompile
07-27 23:43:21.179  2487  2487 I art     : Using an offset of 0x41c000 from default art base address of 0x70000000
07-27 23:43:21.179  2488  2488 I art     : Using an offset of 0xffd55000 from default art base address of 0x70000000
07-27 23:43:21.179  2488  2488 I art     : GenerateImage: /system/bin/dex2oat --image=/data/dalvik-cache/arm/system@framework@boot.art --dex-file=/system/framework/core-libart.jar --dex-file=/system/framework/conscrypt.jar --dex-file=/system/framework/okhttp.jar --dex-file=/system/framework/core-junit.jar --dex-file=/system/framework/bouncycastle.jar --dex-file=/system/framework/ext.jar --dex-file=/system/framework/framework.jar --dex-file=/system/framework/telephony-common.jar --dex-file=/system/framework/voip-common.jar --dex-file=/system/framework/ims-common.jar --dex-file=/system/framework/apache-xml.jar --dex-file=/system/framework/org.apache.http.legacy.boot.jar --dex-file=/system/framework/org.slim.framework.jar --oat-file=/data/dalvik-cache/arm/system@framework@boot.oat --instruction-set=arm --instruction-set-features=smp,div,atomic_ldrd_strd --base=0x6fd55000 --runtime-arg -Xms64m --runtime-arg -Xmx64m --image-classes=/system/etc/preloaded-classes --instruction-set-variant=cortex-a53 --instruction-set-features=default
07-27 23:43:21.179  2487  2487 I art     : GenerateImage: /system/bin/dex2oat --image=/data/dalvik-cache/arm64/system@framework@boot.art --dex-file=/system/framework/core-libart.jar --dex-file=/system/framework/conscrypt.jar --dex-file=/system/framework/okhttp.jar --dex-file=/system/framework/core-junit.jar --dex-file=/system/framework/bouncycastle.jar --dex-file=/system/framework/ext.jar --dex-file=/system/framework/framework.jar --dex-file=/system/framework/telephony-common.jar --dex-file=/system/framework/voip-common.jar --dex-file=/system/framework/ims-common.jar --dex-file=/system/framework/apache-xml.jar --dex-file=/system/framework/org.apache.http.legacy.boot.jar --dex-file=/system/framework/org.slim.framework.jar --oat-file=/data/dalvik-cache/arm64/system@framework@boot.oat --instruction-set=arm64 --instruction-set-features=smp,a53 --base=0x7041c000 --runtime-arg -Xms64m --runtime-arg -Xmx64m --image-classes=/system/etc/preloaded-classes --instruction-set-variant=cortex-a53 --instruction-set-features=default
07-27 23:43:21.219  2480  2480 I chatty  : uid=1013(media) /system/bin/mediaserver expire 4 lines
07-27 23:43:21.221  2480  2841 I chatty  : uid=1013(media) /system/bin/mediaserver expire 1 line
07-27 23:43:21.263  2835  2835 I dex2oat : /system/bin/dex2oat --image=/data/dalvik-cache/arm/system@framework@boot.art --dex-file=/system/framework/core-libart.jar --dex-file=/system/framework/conscrypt.jar --dex-file=/system/framework/okhttp.jar --dex-file=/system/framework/core-junit.jar --dex-file=/system/framework/bouncycastle.jar --dex-file=/system/framework/ext.jar --dex-file=/system/framework/framework.jar --dex-file=/system/framework/telephony-common.jar --dex-file=/system/framework/voip-common.jar --dex-file=/system/framework/ims-common.jar --dex-file=/system/framework/apache-xml.jar --dex-file=/system/framework/org.apache.http.legacy.boot.jar --dex-file=/system/framework/org.slim.framework.jar --oat-file=/data/dalvik-cache/arm/system@framework@boot.oat --instruction-set=arm --instruction-set-features=smp,div,atomic_ldrd_strd --base=0x6fd55000 --runtime-arg -Xms64m --runtime-arg -Xmx64m --image-classes=/system/etc/preloaded-classes --instruction-set-variant=cortex-a53 --instruction-set-features=default
07-27 23:43:21.272  2835  2835 I dex2oat : setting boot class path to /system/framework/core-libart.jar:/system/framework/conscrypt.jar:/system/framework/okhttp.jar:/system/framework/core-junit.jar:/system/framework/bouncycastle.jar:/system/framework/ext.jar:/system/framework/framework.jar:/system/framework/telephony-common.jar:/system/framework/voip-common.jar:/system/framework/ims-common.jar:/system/framework/apache-xml.jar:/system/framework/org.apache.http.legacy.boot.jar:/system/framework/org.slim.framework.jar
07-27 23:43:21.278  2836  2836 I dex2oat : /system/bin/dex2oat --image=/data/dalvik-cache/arm64/system@framework@boot.art --dex-file=/system/framework/core-libart.jar --dex-file=/system/framework/conscrypt.jar --dex-file=/system/framework/okhttp.jar --dex-file=/system/framework/core-junit.jar --dex-file=/system/framework/bouncycastle.jar --dex-file=/system/framework/ext.jar --dex-file=/system/framework/framework.jar --dex-file=/system/framework/telephony-common.jar --dex-file=/system/framework/voip-common.jar --dex-file=/system/framework/ims-common.jar --dex-file=/system/framework/apache-xml.jar --dex-file=/system/framework/org.apache.http.legacy.boot.jar --dex-file=/system/framework/org.slim.framework.jar --oat-file=/data/dalvik-cache/arm64/system@framework@boot.oat --instruction-set=arm64 --instruction-set-features=smp,a53 --base=0x7041c000 --runtime-arg -Xms64m --runtime-arg -Xmx64m --image-classes=/system/etc/preloaded-classes --instruction-set-variant=cortex-a53 --instruction-set-features=default
07-27 23:43:21.280  2836  2836 I dex2oat : setting boot class path to /system/framework/core-libart.jar:/system/framework/conscrypt.jar:/system/framework/okhttp.jar:/system/framework/core-junit.jar:/system/framework/bouncycastle.jar:/system/framework/ext.jar:/system/framework/framework.jar:/system/framework/telephony-common.jar:/system/framework/voip-common.jar:/system/framework/ims-common.jar:/system/framework/apache-xml.jar:/system/framework/org.apache.http.legacy.boot.jar:/system/framework/org.slim.framework.jar
07-27 23:43:21.365  2480  2480 I chatty  : uid=1013(media) /system/bin/mediaserver expire 53 lines
07-27 23:43:21.382  2480  2480 I IppCore : [CAMERA_EVENT] onAlgoChanged() type = [0]
07-27 23:43:21.382  2480  2480 I IppCore : [CAMERA_EVENT] onAlgoChanged() type = [1]
07-27 23:43:21.382  2480  2480 D         : [mntnSetProcessMode] arg1:0 
07-27 23:43:21.383  2480  2480 I CameraPreviewCore: [CAMERA_EVENT] set camera preview display window[0xf6896bb0]
07-27 23:43:21.383  2480  2480 I CameraPreviewCore: [CAMERA_STATE] change state from [IDLE]->[READY]
07-27 23:43:21.391  2480  2854 I PostBufferThread: [CAMERA_HAL] thread [PostBufferThread] started [thread id = 2854]
07-27 23:43:21.413  2480  2480 W CameraCapZslMode: [CAMERA_PARAM] the hardware do not support ZSL
07-27 23:43:21.413  2480  2480 W CameraCapFlashMode: [CAMERA_PARAM] the hardware do not support flash
07-27 23:43:21.413  2480  2480 I CameraCapMeteringArea: [CAMERA_PARAM] set metering area to [(0,0,0,0,0)]
07-27 23:43:21.413  2480  2480 I CameraMagnifier: magnifier set step value from app: -1
07-27 23:43:21.413  2480  2480 I CameraCapZslMode: enter commitParameter()
07-27 23:43:21.414  2480  2480 I CameraProfessionalMode: virtual int android::CameraProfessionalMode::commitParameter(), non professional mode
07-27 23:43:21.414  2480  2480 I CameraHardwareCore: picture or preview size changed,mPictureChanged=1,mPreviewChanged=1
07-27 23:43:21.414  2480  2480 I CameraHardwareCore: [CAMERA_EVENT] stop Preview
07-27 23:43:21.414  2480  2480 I PostBufferThread: close camera, there are 0 frames in PostBufferThread!
07-27 23:43:21.414  2480  2480 I CameraPreviewCore: [CAMERA_EVENT] set camera preview display window[0x0]
07-27 23:43:21.414  2480  2480 I CameraPreviewCore: [CAMERA_STATE] change state from [READY]->[IDLE]
07-27 23:43:21.414  2480  2480 I CameraPreviewCore: [CAMERA_EVENT] release preview resource
07-27 23:43:21.414  2480  2480 I CameraFlashlight: Destroying camera 1
07-27 23:43:21.416  2480  2480 I CameraPreviewCore: [CAMERA_EVENT] CameraPreviewCore destructed
07-27 23:43:21.417  2480  2854 I PostBufferThread: [CAMERA_HAL] PostBufferThread exit of mExit is true 2
07-27 23:43:21.417  2480  2480 I SnapshotCore: [CAMERA_EVENT] thread [PostBufferThread] terminated
07-27 23:43:21.418  2480  2480 I PostBufferThread: [CAMERA_HAL] thread [PostBufferThread] destructed
07-27 23:43:21.418  2480  2480 I SnapshotCore: [CAMERA_EVENT] SnapshotCore destructed
07-27 23:43:21.418  2480  2480 I IppCore : [CAMERA_EVENT] IppCore destructed
07-27 23:43:21.418  2480  2480 I IppCore : enter clearAlgo() start
07-27 23:43:21.418  2480  2480 I IppCore : enter clearAlgo() end
07-27 23:43:21.418  2480  2480 I IppCore : enter clearAlgo() start
07-27 23:43:21.418  2480  2480 I IppCore : enter clearAlgo() end
07-27 23:43:21.418  2480  2480 V BShutterPreview: enter ~BShutterPreview()
07-27 23:43:21.418  2480  2480 I BShutterPreview: [CAMERA_EVENT] BShutterPreview destructed
07-27 23:43:21.418  2480  2480 I HwAlgorithmicInformation: [CAMERA_HAL] HwAlgorithmicInformation destruction
07-27 23:43:21.418  2480  2841 I CameraMsgQueue: stop msg queue thread now!
07-27 23:43:21.418  2480  2480 I CameraMsgQueue: [CAMERA_EVENT] thread [MsgQueueThread] destructed
07-27 23:43:21.425  2480  2480 I CameraHardwareCore: [CAMERA_EVENT] close camera device
07-27 23:43:21.425  2480  2480 I CameraHardwareCore: [CAMERA_EVENT] CameraHardwareCore destructed
07-27 23:43:21.426  2480  2480 I CameraHalInterface: Found a matching camera info for ID 0
07-27 23:43:21.426  2480  2480 I CameraHalInterface: Found a matching camera info for ID 1
07-27 23:43:21.426  2480  2480 I ServiceManager: Waiting for service media.camera.proxy...
07-27 23:43:22.181  2474  2474 V NatController: runCmd(/system/bin/iptables -w -F natctrl_FORWARD) res=0
07-27 23:43:22.194  2474  2474 V NatController: runCmd(/system/bin/iptables -w -A natctrl_FORWARD -j DROP) res=0
07-27 23:43:22.217  2474  2474 V NatController: runCmd(/system/bin/iptables -w -t nat -F natctrl_nat_POSTROUTING) res=0
07-27 23:43:22.239  2474  2474 V NatController: runCmd(/system/bin/iptables -w -F natctrl_tether_counters) res=1
07-27 23:43:22.274  2474  2474 V NatController: runCmd(/system/bin/iptables -w -X natctrl_tether_counters) res=1
07-27 23:43:22.298  2474  2474 V NatController: runCmd(/system/bin/iptables -w -N natctrl_tether_counters) res=0
07-27 23:43:22.299  2921  2921 I iptables: type=1400 audit(0.0:97): avc: denied { module_request } for ppid=2474 ppid_comm="netd" kmod="ipt_TCPMSS" scontext=u:r:netd:s0 tcontext=u:r:kernel:s0 tclass=system permissive=1
07-27 23:43:22.311  2474  2474 V NatController: runCmd(/system/bin/iptables -w -t mangle -A natctrl_mangle_FORWARD -p tcp --tcp-flags SYN SYN -j TCPMSS --clamp-mss-to-pmtu) res=1
07-27 23:43:22.427  2480  2480 I ServiceManager: Waiting for service media.camera.proxy...
07-27 23:43:23.070  2474  2474 E Netd    : cannot find interface dummy0
07-27 23:43:23.072  2474  2474 D MDnsDS  : MDnsSdListener::Hander starting up
07-27 23:43:23.072  2474  2991 D MDnsDS  : MDnsSdListener starting to monitor
07-27 23:43:23.072  2474  2991 D MDnsDS  : Going to poll with pollCount 1
07-27 23:43:23.427  2480  2480 I ServiceManager: Waiting for service media.camera.proxy...
07-27 23:43:24.321  2579  2640 D BootAnimation: Use save memory method, maybe small fps in actual.
07-27 23:43:24.428  2480  2480 I ServiceManager: Waiting for service media.camera.proxy...
07-27 23:43:25.428  2480  2480 I ServiceManager: Waiting for service media.camera.proxy...
07-27 23:43:26.429  2480  2480 I AudioPolicyService: AudioPolicyService CSTOR in new mode
07-27 23:43:26.434  2480  2480 I APM::ConfigParsingUtils: loadAudioPolicyConfig() loaded /system/etc/audio_policy.conf
07-27 23:43:26.457  2480  2480 I audio_hw_primary: adev_open:
07-27 23:43:26.457  2480  2480 V audio_config: get value success, value:ALICEPA
07-27 23:43:26.457  2480  2480 I audio_config: get_audio_configs: get product_name succ, product_name = ALICEPA
07-27 23:43:26.458  2480  2480 V audio_config: get value success, value:none
07-27 23:43:26.458  2480  2480 I audio_config: get_audio_configs: get cust_name succ, cust_name = none
07-27 23:43:26.458  2480  2480 V audio_config: get value success, value:tfa9895
07-27 23:43:26.458  2480  2480 I audio_config: get_audio_configs: get spk_pa_name succ, spk_pa_name = tfa9895
07-27 23:43:26.458  2480  2480 E audio_config: open dts file failed!
07-27 23:43:26.458  2480  2480 E audio_config: get_audio_configs: get spk_pa_num_pro fail, set spk_pa_num_pro = none as default
07-27 23:43:26.458  2480  2480 E audio_config: open dts file failed!
07-27 23:43:26.458  2480  2480 E audio_config: get_audio_configs: get auxiliary_spk_pa_name fail, set auxiliary_spk_pa_name = none as default
07-27 23:43:26.458  2480  2480 E audio_config: open dts file failed!
07-27 23:43:26.458  2480  2480 E audio_config: get_audio_configs: get auxiliary_spk_pa_num_pro fail, set auxiliary_spk_pa_num_pro = none as default
07-27 23:43:26.458  2480  2480 E audio_config: open dts file failed!
07-27 23:43:26.458  2480  2480 E audio_config: get_audio_configs: get hs_pa_name fail, set hs_pa_name = none as default
07-27 23:43:26.458  2480  2480 V audio_config: get value success, value:hi62x0
07-27 23:43:26.458  2480  2480 I audio_config: get_audio_configs: get soc_name succ, soc_name = hi62x0
07-27 23:43:26.458  2480  2480 V audio_config: get value success, value:hissc
07-27 23:43:26.458  2480  2480 I audio_config: get_audio_configs: get codec_name succ, codec_name = hissc
07-27 23:43:26.458  2480  2480 E audio_config: open dts file failed!
07-27 23:43:26.458  2480  2480 E audio_config: get_audio_configs: get mic_name fail, set mic_name = none as default
07-27 23:43:26.458  2480  2480 V audio_config: get value success, value:true
07-27 23:43:26.458  2480  2480 I audio_config: get_audio_configs: get modem_sio_master succ, modem_sio_master = 1
07-27 23:43:26.458  2480  2480 V audio_config: get value success, value:earpa
07-27 23:43:26.458  2480  2480 I audio_config: get_audio_configs: get ear_pa_name succ, ear_pa_name = earpa
07-27 23:43:26.459  2480  2480 V audio_config: get value success, value:true
07-27 23:43:26.459  2480  2480 I audio_config: get_audio_configs: get vqm function enable succ, vqm function enable = 1
07-27 23:43:26.459  2480  2480 E audio_config: open dts file failed!
07-27 23:43:26.459  2480  2480 W audio_config: get_audio_configs: get bwe function enable fail, set bwe function enable = 0 as default
07-27 23:43:26.459  2480  2480 E audio_config: open dts file failed!
07-27 23:43:26.459  2480  2480 W audio_config: get_audio_configs: get multi_mic function enable fail, set multi_mic  enable = 0 as default
07-27 23:43:26.459  2480  2480 E audio_config: open dts file failed!
07-27 23:43:26.459  2480  2480 E audio_config: get_audio_configs: get speaker_id_high name fail, set speaker_id_high name = none as default
07-27 23:43:26.459  2480  2480 E audio_config: open dts file failed!
07-27 23:43:26.459  2480  2480 E audio_config: get_audio_configs: get speaker_id_low name fail, set speaker_id_low name = none as default
07-27 23:43:26.459  2480  2480 I audio_config: get_ce_normal_para: ce_normal_para = normal
07-27 23:43:26.459  2480  2480 E         : rmt_oeminfo_read, connection fail
07-27 23:43:26.459  2480  2480 I audio_config: get_extra_para: vendor_country_info = 
07-27 23:43:26.459  2480  2480 E audio_config: get_extra_para: oeminfo is none
07-27 23:43:26.459  2480  2480 I audio_hw_primary: adev_open: paths_xml is /etc/audio/hissc/mixer_paths_ALICEPA.xml
07-27 23:43:26.469  3014  3014 I mediaserver: type=1400 audit(0.0:98): avc: denied { create } for ppid=1 ppid_comm="init" scontext=u:r:mediaserver:s0 tcontext=u:r:mediaserver:s0 tclass=netlink_kobject_uevent_socket permissive=1
07-27 23:43:26.469  3014  3014 I mediaserver: type=1400 audit(0.0:99): avc: denied { setopt } for ppid=1 ppid_comm="init" scontext=u:r:mediaserver:s0 tcontext=u:r:mediaserver:s0 tclass=netlink_kobject_uevent_socket permissive=1
07-27 23:43:26.469  3014  3014 I mediaserver: type=1400 audit(0.0:100): avc: denied { bind } for ppid=1 ppid_comm="init" scontext=u:r:mediaserver:s0 tcontext=u:r:mediaserver:s0 tclass=netlink_kobject_uevent_socket permissive=1
07-27 23:43:26.476  2480  3014 I audio_hw_primary: UEVENT  init sucess
07-27 23:43:26.545  2480  2480 E audio_route: Control 'RCV VIR_SWITCH RCV_EN' already exists in path 'dup-media-fm-earpiece'
07-27 23:43:26.546  2480  2480 E audio_route: Control 'HISSC_SMT_HSL_MUTE' already exists in path 'dup-media-fm-headset'
07-27 23:43:26.546  2480  2480 E audio_route: Control 'HISSC_SMT_HSL_MUTE' already exists in path 'dup-media-fm-headphone'
07-27 23:43:26.546  2480  2480 E audio_route: Control 'SMT_SIF_EN MIXER SIF_CLASSD_EN' already exists in path 'dup-media-fm-speaker-earpiece'
07-27 23:43:26.546  2480  2480 E audio_route: Control 'HISSC_SMT_HSL_MUTE' already exists in path 'dup-media-fm-speaker-headset'
07-27 23:43:26.546  2480  2480 E audio_route: Control 'SMT_SIF_EN MIXER SIF_CLASSD_EN' already exists in path 'dup-media-fm-speaker-headphone'
07-27 23:43:26.547  2480  2480 E audio_route: Control 'SMT_MAINPGA_SEL MUX' already exists in path 'mmi_audioloop_hsmic_speaker'
07-27 23:43:26.548  2480  2480 I audio_route: route change HISSC_SMT_LINEPGAL_MUTE value[0] 0
07-27 23:43:26.548  2480  2480 I audio_route: route change HISSC_SMT_LINEPGAL_SEL value[0] 2
07-27 23:43:26.548  2480  2480 I audio_route: route change HISSC_SMT_LINEPGAR_MUTE value[0] 0
07-27 23:43:26.548  2480  2480 I audio_route: route change HISSC_SMT_LINEPGAR_SEL value[0] 2
07-27 23:43:26.548  2480  2480 I audio_route: route change HISSC_SMT_AUXPGA_MUTE value[0] 0
07-27 23:43:26.548  2480  2480 I audio_route: route change HISSC_SMT_AUXPGA_GAIN value[0] 2
07-27 23:43:26.548  2480  2480 I audio_route: route change HISSC_SMT_AUXPGA_BOOST value[0] 1
07-27 23:43:26.548  2480  2480 I audio_route: route change HISSC_SMT_MAINPGA_MUTE value[0] 0
07-27 23:43:26.548  2480  2480 I audio_route: route change HISSC_SMT_MAINPGA_GAIN value[0] 2
07-27 23:43:26.548  2480  2480 I audio_route: route change HISSC_SMT_MAINPGA_BOOST value[0] 1
07-27 23:43:26.548  2480  2480 I audio_route: route change HISSC_SMT_HSL_MIN_GAIN value[0] 0
07-27 23:43:26.548  2480  2480 I audio_route: route change HISSC_SMT_HSL_GAIN value[0] 12
07-27 23:43:26.548  2480  2480 I audio_route: route change HISSC_SMT_HSL_MUTE value[0] 0
07-27 23:43:26.548  2480  2480 I audio_route: route change HISSC_SMT_HSR_MIN_GAIN value[0] 0
07-27 23:43:26.548  2480  2480 I audio_route: route change HISSC_SMT_HSR_GAIN value[0] 12
07-27 23:43:26.548  2480  2480 I audio_route: route change HISSC_SMT_HSR_MUTE value[0] 0
07-27 23:43:26.548  2480  2480 I audio_route: route change HISSC_SMT_EAR_CM_CTRL value[0] 0
07-27 23:43:26.548  2480  2480 I audio_route: route change HISSC_SMT_EAR_GAIN value[0] 12
07-27 23:43:26.548  2480  2480 I audio_route: route change HISSC_SMT_EAR_MUTE value[0] 0
07-27 23:43:26.548  2480  2480 I audio_route: route change HISSC_SMT_CR_MIXF_LINEINR value[0] 0
07-27 23:43:26.548  2480  2480 I audio_route: route change HISSC_SMT_CR_MIXF_LINEINL value[0] 0
07-27 23:43:26.548  2480  2480 I audio_route: route change HISSC_PMU_CODEC_CLASSD_MUTE value[0] 0
07-27 23:43:26.549  2480  2480 I audio_hw_primary: adev_open: pop_seq_xml is /etc/audio/hissc/pop_seq_ALICEPA.xml
07-27 23:43:26.573  2480  2480 I audio_pop: UP
07-27 23:43:26.573  2480  2480 I audio_pop: down
07-27 23:43:26.573  2480  2480 I audio_pop: mute
07-27 23:43:26.585  2480  2480 I audio_pop: 0:up name match mixer state:SMT_MIXOUT_EAR_PU MIXER DACL
07-27 23:43:26.585  2480  2480 I audio_pop: 1:up name match mixer state:SMT_MIXOUT_EAR_PU MIXER DACR
07-27 23:43:26.585  2480  2480 I audio_pop: 2:up name match mixer state:CLASSD VIR_SWITCH CLASSD_EN
07-27 23:43:26.585  2480  2480 I audio_pop: 3:up name match mixer state:SMT_SIF_EN MIXER SIF_HSLR_EN
07-27 23:43:26.585  2480  2480 I audio_pop: 4:up name match mixer state:HS_DAC_SEL_VIR SWITCH DAC
07-27 23:43:26.585  2480  2480 I audio_pop: 5:up name match mixer state:SMT_MIXOUT_HSLR_PD MIXER DACLR
07-27 23:43:26.585  2480  2480 I audio_pop: 6:up name match mixer state:HS_LINEIN_SEL_VIR SWITCH LINEIN
07-27 23:43:26.585  2480  2480 I audio_pop: 7:up name match mixer state:SMT_MIXOUT_HSLR_PD MIXER LINEINLR
07-27 23:43:26.585  2480  2480 I audio_pop: 0:down match mixer state:SMT_MIXOUT_HSLR_PD MIXER DACLR
07-27 23:43:26.585  2480  2480 I audio_pop: 1:down match mixer state:HS_DAC_SEL_VIR SWITCH DAC
07-27 23:43:26.585  2480  2480 I audio_pop: 2:down match mixer state:SMT_SIF_EN MIXER SIF_HSLR_EN
07-27 23:43:26.585  2480  2480 I audio_pop: 3:down match mixer state:SMT_MIXOUT_HSLR_PD MIXER LINEINLR
07-27 23:43:26.585  2480  2480 I audio_pop: 4:down match mixer state:HS_LINEIN_SEL_VIR SWITCH LINEIN
